Java HotSpot(TM) 64-Bit Server VM (25.144-b01) for windows-amd64 JRE (1.8.0_144-b01), built on Jul 21 2017 21:57:33 by "java_re" with MS VC++ 10.0 (VS2010)
Memory: 4k page, physical 16522052k(8691840k free), swap 24814304k(7875356k free)
CommandLine flags: -XX:-BytecodeVerificationLocal -XX:-BytecodeVerificationRemote -XX:InitialHeapSize=6442450944 -XX:+ManagementServer -XX:MaxHeapSize=6442450944 -XX:MaxNewSize=2147483648 -XX:MaxTenuringThreshold=6 -XX:NewSize=2147483648 -XX:OldPLABSize=16 -XX:+PrintGC -XX:+PrintGCApplicationConcurrentTime -XX:+PrintGCApplicationStoppedTime -XX:+PrintGCDateStamps -XX:+PrintGCDetails -XX:+PrintGCTimeStamps -XX:+PrintTenuringDistribution -XX:TieredStopAtLevel=1 -XX:+UseCompressedClassPointers -XX:+UseCompressedOops -XX:+UseConcMarkSweepGC -XX:-UseLargePagesIndividualAllocation -XX:+UseParNewGC 
2020-09-10T15:37:00.401+0800: 0.138: Total time for which application threads were stopped: 0.0004935 seconds, Stopping threads took: 0.0004364 seconds
2020-09-10T15:37:00.401+0800: 0.138: Application time: 0.0000790 seconds
2020-09-10T15:37:00.401+0800: 0.139: Total time for which application threads were stopped: 0.0000346 seconds, Stopping threads took: 0.0000117 seconds
2020-09-10T15:37:01.270+0800: 1.008: Application time: 0.8689992 seconds
2020-09-10T15:37:01.270+0800: 1.008: Total time for which application threads were stopped: 0.0001211 seconds, Stopping threads took: 0.0000359 seconds
2020-09-10T15:37:01.478+0800: 1.216: Application time: 0.2082261 seconds
2020-09-10T15:37:01.478+0800: 1.216: Total time for which application threads were stopped: 0.0000924 seconds, Stopping threads took: 0.0000169 seconds
2020-09-10T15:37:01.954+0800: 1.691: Application time: 0.4754959 seconds
2020-09-10T15:37:01.954+0800: 1.692: Total time for which application threads were stopped: 0.0001472 seconds, Stopping threads took: 0.0000305 seconds
2020-09-10T15:37:02.046+0800: 1.783: Application time: 0.0917323 seconds
2020-09-10T15:37:02.046+0800: 1.784: Total time for which application threads were stopped: 0.0001801 seconds, Stopping threads took: 0.0000674 seconds
2020-09-10T15:37:02.053+0800: 1.790: Application time: 0.0068511 seconds
2020-09-10T15:37:02.053+0800: 1.791: Total time for which application threads were stopped: 0.0001520 seconds, Stopping threads took: 0.0000278 seconds
2020-09-10T15:37:02.139+0800: 1.876: Application time: 0.0854237 seconds
2020-09-10T15:37:02.139+0800: 1.876: Total time for which application threads were stopped: 0.0002943 seconds, Stopping threads took: 0.0001587 seconds
2020-09-10T15:37:02.379+0800: 2.116: Application time: 0.2367340 seconds
2020-09-10T15:37:02.379+0800: 2.116: Total time for which application threads were stopped: 0.0002235 seconds, Stopping threads took: 0.0000262 seconds
2020-09-10T15:37:03.271+0800: 3.009: Application time: 0.8923277 seconds
2020-09-10T15:37:03.272+0800: 3.009: Total time for which application threads were stopped: 0.0004725 seconds, Stopping threads took: 0.0000236 seconds
2020-09-10T15:37:03.290+0800: 3.027: Application time: 0.0183273 seconds
2020-09-10T15:37:03.290+0800: 3.028: Total time for which application threads were stopped: 0.0002872 seconds, Stopping threads took: 0.0000361 seconds
2020-09-10T15:37:03.329+0800: 3.067: Application time: 0.0388696 seconds
2020-09-10T15:37:03.330+0800: 3.067: Total time for which application threads were stopped: 0.0002101 seconds, Stopping threads took: 0.0000156 seconds
2020-09-10T15:37:03.559+0800: 3.297: Application time: 0.2301870 seconds
2020-09-10T15:37:03.560+0800: 3.297: Total time for which application threads were stopped: 0.0003879 seconds, Stopping threads took: 0.0000502 seconds
2020-09-10T15:37:03.940+0800: 3.677: Application time: 0.3799309 seconds
2020-09-10T15:37:03.940+0800: 3.678: Total time for which application threads were stopped: 0.0003526 seconds, Stopping threads took: 0.0000188 seconds
2020-09-10T15:37:03.948+0800: 3.685: Application time: 0.0077396 seconds
2020-09-10T15:37:03.948+0800: 3.686: Total time for which application threads were stopped: 0.0001926 seconds, Stopping threads took: 0.0000164 seconds
2020-09-10T15:37:04.003+0800: 3.741: Application time: 0.0549313 seconds
2020-09-10T15:37:04.003+0800: 3.741: Total time for which application threads were stopped: 0.0001086 seconds, Stopping threads took: 0.0000160 seconds
2020-09-10T15:37:04.044+0800: 3.782: Application time: 0.0408757 seconds
2020-09-10T15:37:04.045+0800: 3.782: Total time for which application threads were stopped: 0.0001132 seconds, Stopping threads took: 0.0000165 seconds
2020-09-10T15:37:04.048+0800: 3.786: Application time: 0.0038871 seconds
2020-09-10T15:37:04.049+0800: 3.786: Total time for which application threads were stopped: 0.0002645 seconds, Stopping threads took: 0.0000149 seconds
2020-09-10T15:37:04.088+0800: 3.825: Application time: 0.0388087 seconds
2020-09-10T15:37:04.088+0800: 3.825: Total time for which application threads were stopped: 0.0000926 seconds, Stopping threads took: 0.0000159 seconds
2020-09-10T15:37:04.095+0800: 3.832: Application time: 0.0072643 seconds
2020-09-10T15:37:04.095+0800: 3.832: Total time for which application threads were stopped: 0.0002194 seconds, Stopping threads took: 0.0000172 seconds
2020-09-10T15:37:04.111+0800: 3.848: Application time: 0.0154993 seconds
2020-09-10T15:37:04.111+0800: 3.848: Total time for which application threads were stopped: 0.0000886 seconds, Stopping threads took: 0.0000184 seconds
2020-09-10T15:37:04.160+0800: 3.898: Application time: 0.0496510 seconds
2020-09-10T15:37:04.160+0800: 3.898: Total time for which application threads were stopped: 0.0000832 seconds, Stopping threads took: 0.0000146 seconds
2020-09-10T15:37:04.177+0800: 3.915: Application time: 0.0175805 seconds
2020-09-10T15:37:04.178+0800: 3.915: Total time for which application threads were stopped: 0.0002220 seconds, Stopping threads took: 0.0000147 seconds
2020-09-10T15:37:04.303+0800: 4.040: Application time: 0.1250246 seconds
2020-09-10T15:37:04.303+0800: 4.041: Total time for which application threads were stopped: 0.0000980 seconds, Stopping threads took: 0.0000165 seconds
2020-09-10T15:37:04.402+0800: 4.139: Application time: 0.0983605 seconds
2020-09-10T15:37:04.402+0800: 4.139: [GC (CMS Initial Mark) [1 CMS-initial-mark: 0K(4194304K)] 872470K(6081792K), 0.0338105 secs] [Times: user=0.09 sys=0.00, real=0.03 secs] 
2020-09-10T15:37:04.436+0800: 4.173: Total time for which application threads were stopped: 0.0340120 seconds, Stopping threads took: 0.0000211 seconds
2020-09-10T15:37:04.436+0800: 4.173: [CMS-concurrent-mark-start]
2020-09-10T15:37:04.437+0800: 4.174: [CMS-concurrent-mark: 0.001/0.001 secs] [Times: user=0.00 sys=0.00, real=0.00 secs] 
2020-09-10T15:37:04.437+0800: 4.174: [CMS-concurrent-preclean-start]
2020-09-10T15:37:04.441+0800: 4.179: [CMS-concurrent-preclean: 0.005/0.005 secs] [Times: user=0.03 sys=0.00, real=0.00 secs] 
2020-09-10T15:37:04.441+0800: 4.179: [CMS-concurrent-abortable-preclean-start]
2020-09-10T15:37:04.446+0800: 4.183: Application time: 0.0102608 seconds
2020-09-10T15:37:04.446+0800: 4.183: Total time for which application threads were stopped: 0.0000754 seconds, Stopping threads took: 0.0000155 seconds
2020-09-10T15:37:04.498+0800: 4.235: Application time: 0.0514706 seconds
2020-09-10T15:37:04.498+0800: 4.235: Total time for which application threads were stopped: 0.0000824 seconds, Stopping threads took: 0.0000160 seconds
2020-09-10T15:37:04.537+0800: 4.274: Application time: 0.0395133 seconds
2020-09-10T15:37:04.537+0800: 4.274: Total time for which application threads were stopped: 0.0000792 seconds, Stopping threads took: 0.0000168 seconds
2020-09-10T15:37:04.623+0800: 4.360: Application time: 0.0859117 seconds
2020-09-10T15:37:04.623+0800: 4.360: Total time for which application threads were stopped: 0.0000958 seconds, Stopping threads took: 0.0000179 seconds
2020-09-10T15:37:04.704+0800: 4.441: Application time: 0.0809742 seconds
2020-09-10T15:37:04.704+0800: 4.441: Total time for which application threads were stopped: 0.0000806 seconds, Stopping threads took: 0.0000140 seconds
2020-09-10T15:37:04.734+0800: 4.471: Application time: 0.0298168 seconds
2020-09-10T15:37:04.734+0800: 4.471: Total time for which application threads were stopped: 0.0000750 seconds, Stopping threads took: 0.0000155 seconds
2020-09-10T15:37:04.748+0800: 4.486: Application time: 0.0150051 seconds
2020-09-10T15:37:04.749+0800: 4.487: Total time for which application threads were stopped: 0.0001119 seconds, Stopping threads took: 0.0000296 seconds
2020-09-10T15:37:04.762+0800: 4.500: Application time: 0.0135327 seconds
2020-09-10T15:37:04.762+0800: 4.500: Total time for which application threads were stopped: 0.0002456 seconds, Stopping threads took: 0.0000182 seconds
2020-09-10T15:37:04.783+0800: 4.521: Application time: 0.0208610 seconds
2020-09-10T15:37:04.783+0800: 4.521: Total time for which application threads were stopped: 0.0001180 seconds, Stopping threads took: 0.0000309 seconds
2020-09-10T15:37:04.796+0800: 4.534: Application time: 0.0123736 seconds
2020-09-10T15:37:04.796+0800: 4.534: Total time for which application threads were stopped: 0.0000881 seconds, Stopping threads took: 0.0000151 seconds
2020-09-10T15:37:04.813+0800: 4.551: Application time: 0.0171226 seconds
2020-09-10T15:37:04.813+0800: 4.551: Total time for which application threads were stopped: 0.0002765 seconds, Stopping threads took: 0.0000247 seconds
2020-09-10T15:37:04.818+0800: 4.556: Application time: 0.0046943 seconds
2020-09-10T15:37:04.818+0800: 4.556: Total time for which application threads were stopped: 0.0002448 seconds, Stopping threads took: 0.0000194 seconds
2020-09-10T15:37:04.835+0800: 4.573: Application time: 0.0166651 seconds
2020-09-10T15:37:04.835+0800: 4.573: Total time for which application threads were stopped: 0.0000774 seconds, Stopping threads took: 0.0000156 seconds
2020-09-10T15:37:04.840+0800: 4.577: Application time: 0.0045287 seconds
2020-09-10T15:37:04.840+0800: 4.578: Total time for which application threads were stopped: 0.0002443 seconds, Stopping threads took: 0.0000273 seconds
2020-09-10T15:37:04.869+0800: 4.606: Application time: 0.0285742 seconds
2020-09-10T15:37:04.869+0800: 4.606: Total time for which application threads were stopped: 0.0002337 seconds, Stopping threads took: 0.0000165 seconds
2020-09-10T15:37:04.895+0800: 4.633: Application time: 0.0264373 seconds
2020-09-10T15:37:04.895+0800: 4.633: Total time for which application threads were stopped: 0.0000727 seconds, Stopping threads took: 0.0000153 seconds
2020-09-10T15:37:04.994+0800: 4.732: Application time: 0.0986218 seconds
2020-09-10T15:37:04.994+0800: 4.732: Total time for which application threads were stopped: 0.0001162 seconds, Stopping threads took: 0.0000155 seconds
2020-09-10T15:37:05.161+0800: 4.899: Application time: 0.1669569 seconds
2020-09-10T15:37:05.161+0800: 4.899: Total time for which application threads were stopped: 0.0002703 seconds, Stopping threads took: 0.0000151 seconds
2020-09-10T15:37:05.192+0800: 4.930: Application time: 0.0305848 seconds
2020-09-10T15:37:05.192+0800: 4.930: Total time for which application threads were stopped: 0.0003200 seconds, Stopping threads took: 0.0000221 seconds
2020-09-10T15:37:05.197+0800: 4.935: Application time: 0.0046776 seconds
2020-09-10T15:37:05.197+0800: 4.935: Total time for which application threads were stopped: 0.0001057 seconds, Stopping threads took: 0.0000233 seconds
2020-09-10T15:37:05.274+0800: 5.011: Application time: 0.0763080 seconds
2020-09-10T15:37:05.274+0800: 5.011: Total time for which application threads were stopped: 0.0001094 seconds, Stopping threads took: 0.0000167 seconds
2020-09-10T15:37:05.339+0800: 5.077: Application time: 0.0655382 seconds
2020-09-10T15:37:05.339+0800: 5.077: Total time for which application threads were stopped: 0.0000938 seconds, Stopping threads took: 0.0000155 seconds
2020-09-10T15:37:05.417+0800: 5.154: Application time: 0.0775071 seconds
2020-09-10T15:37:05.417+0800: 5.154: Total time for which application threads were stopped: 0.0001780 seconds, Stopping threads took: 0.0000364 seconds
2020-09-10T15:37:05.479+0800: 5.216: Application time: 0.0618417 seconds
2020-09-10T15:37:05.480+0800: 5.217: Total time for which application threads were stopped: 0.0003103 seconds, Stopping threads took: 0.0000159 seconds
2020-09-10T15:37:05.536+0800: 5.274: Application time: 0.0570509 seconds
2020-09-10T15:37:05.537+0800: 5.274: Total time for which application threads were stopped: 0.0005245 seconds, Stopping threads took: 0.0000164 seconds
2020-09-10T15:37:05.624+0800: 5.361: Application time: 0.0865360 seconds
2020-09-10T15:37:05.624+0800: 5.361: Total time for which application threads were stopped: 0.0003091 seconds, Stopping threads took: 0.0000155 seconds
2020-09-10T15:37:05.654+0800: 5.391: Application time: 0.0300275 seconds
2020-09-10T15:37:05.654+0800: 5.391: Total time for which application threads were stopped: 0.0000856 seconds, Stopping threads took: 0.0000170 seconds
2020-09-10T15:37:05.723+0800: 5.461: Application time: 0.0695412 seconds
2020-09-10T15:37:05.724+0800: 5.461: Total time for which application threads were stopped: 0.0003289 seconds, Stopping threads took: 0.0000172 seconds
2020-09-10T15:37:05.785+0800: 5.522: Application time: 0.0607413 seconds
2020-09-10T15:37:05.785+0800: 5.522: Total time for which application threads were stopped: 0.0003090 seconds, Stopping threads took: 0.0000172 seconds
2020-09-10T15:37:05.789+0800: 5.527: Application time: 0.0045208 seconds
2020-09-10T15:37:05.790+0800: 5.527: Total time for which application threads were stopped: 0.0003363 seconds, Stopping threads took: 0.0000172 seconds
2020-09-10T15:37:05.796+0800: 5.534: Application time: 0.0065665 seconds
2020-09-10T15:37:05.797+0800: 5.534: Total time for which application threads were stopped: 0.0001352 seconds, Stopping threads took: 0.0000309 seconds
2020-09-10T15:37:05.825+0800: 5.562: Application time: 0.0286762 seconds
2020-09-10T15:37:05.826+0800: 5.563: Total time for which application threads were stopped: 0.0003051 seconds, Stopping threads took: 0.0000144 seconds
2020-09-10T15:37:05.948+0800: 5.686: Application time: 0.1234727 seconds
2020-09-10T15:37:05.949+0800: 5.686: Total time for which application threads were stopped: 0.0000977 seconds, Stopping threads took: 0.0000153 seconds
2020-09-10T15:37:06.001+0800: 5.738: Application time: 0.0521605 seconds
2020-09-10T15:37:06.001+0800: 5.738: Total time for which application threads were stopped: 0.0001035 seconds, Stopping threads took: 0.0000177 seconds
2020-09-10T15:37:06.001+0800: 5.739: Application time: 0.0001402 seconds
2020-09-10T15:37:06.001+0800: 5.739: Total time for which application threads were stopped: 0.0003585 seconds, Stopping threads took: 0.0000101 seconds
2020-09-10T15:37:06.209+0800: 5.946: Application time: 0.2065614 seconds
2020-09-10T15:37:06.209+0800: 5.946: Total time for which application threads were stopped: 0.0002621 seconds, Stopping threads took: 0.0000225 seconds
2020-09-10T15:37:06.214+0800: 5.951: Application time: 0.0052560 seconds
2020-09-10T15:37:06.214+0800: 5.951: Total time for which application threads were stopped: 0.0000896 seconds, Stopping threads took: 0.0000169 seconds
2020-09-10T15:37:06.214+0800: 5.951: Application time: 0.0001067 seconds
2020-09-10T15:37:06.214+0800: 5.951: Total time for which application threads were stopped: 0.0000565 seconds, Stopping threads took: 0.0000065 seconds
2020-09-10T15:37:06.219+0800: 5.956: Application time: 0.0045855 seconds
2020-09-10T15:37:06.219+0800: 5.956: Total time for which application threads were stopped: 0.0000921 seconds, Stopping threads took: 0.0000191 seconds
2020-09-10T15:37:06.219+0800: 5.956: Application time: 0.0001056 seconds
2020-09-10T15:37:06.219+0800: 5.956: Total time for which application threads were stopped: 0.0000565 seconds, Stopping threads took: 0.0000065 seconds
2020-09-10T15:37:06.224+0800: 5.961: Application time: 0.0044827 seconds
2020-09-10T15:37:06.224+0800: 5.961: Total time for which application threads were stopped: 0.0000869 seconds, Stopping threads took: 0.0000161 seconds
2020-09-10T15:37:06.224+0800: 5.961: Application time: 0.0001422 seconds
2020-09-10T15:37:06.224+0800: 5.961: Total time for which application threads were stopped: 0.0000583 seconds, Stopping threads took: 0.0000064 seconds
2020-09-10T15:37:06.229+0800: 5.966: Application time: 0.0046571 seconds
2020-09-10T15:37:06.229+0800: 5.966: Total time for which application threads were stopped: 0.0000895 seconds, Stopping threads took: 0.0000185 seconds
2020-09-10T15:37:06.229+0800: 5.966: Application time: 0.0001691 seconds
2020-09-10T15:37:06.229+0800: 5.966: Total time for which application threads were stopped: 0.0000604 seconds, Stopping threads took: 0.0000075 seconds
2020-09-10T15:37:06.233+0800: 5.971: Application time: 0.0050417 seconds
2020-09-10T15:37:06.234+0800: 5.971: Total time for which application threads were stopped: 0.0001952 seconds, Stopping threads took: 0.0000536 seconds
2020-09-10T15:37:06.234+0800: 5.971: Application time: 0.0001881 seconds
2020-09-10T15:37:06.234+0800: 5.971: Total time for which application threads were stopped: 0.0000840 seconds, Stopping threads took: 0.0000097 seconds
2020-09-10T15:37:06.239+0800: 5.976: Application time: 0.0047627 seconds
2020-09-10T15:37:06.239+0800: 5.976: Total time for which application threads were stopped: 0.0001053 seconds, Stopping threads took: 0.0000308 seconds
2020-09-10T15:37:06.239+0800: 5.977: Application time: 0.0001887 seconds
2020-09-10T15:37:06.239+0800: 5.977: Total time for which application threads were stopped: 0.0000604 seconds, Stopping threads took: 0.0000063 seconds
2020-09-10T15:37:06.244+0800: 5.981: Application time: 0.0047253 seconds
2020-09-10T15:37:06.244+0800: 5.981: Total time for which application threads were stopped: 0.0001160 seconds, Stopping threads took: 0.0000330 seconds
2020-09-10T15:37:06.244+0800: 5.982: Application time: 0.0002423 seconds
2020-09-10T15:37:06.244+0800: 5.982: Total time for which application threads were stopped: 0.0000605 seconds, Stopping threads took: 0.0000069 seconds
2020-09-10T15:37:06.249+0800: 5.986: Application time: 0.0046041 seconds
2020-09-10T15:37:06.249+0800: 5.986: Total time for which application threads were stopped: 0.0000806 seconds, Stopping threads took: 0.0000149 seconds
2020-09-10T15:37:06.249+0800: 5.987: Application time: 0.0002235 seconds
2020-09-10T15:37:06.249+0800: 5.987: Total time for which application threads were stopped: 0.0000980 seconds, Stopping threads took: 0.0000074 seconds
2020-09-10T15:37:06.255+0800: 5.993: Application time: 0.0057999 seconds
2020-09-10T15:37:06.255+0800: 5.993: Total time for which application threads were stopped: 0.0000762 seconds, Stopping threads took: 0.0000157 seconds
2020-09-10T15:37:06.255+0800: 5.993: Application time: 0.0000360 seconds
2020-09-10T15:37:06.255+0800: 5.993: Total time for which application threads were stopped: 0.0000427 seconds, Stopping threads took: 0.0000069 seconds
2020-09-10T15:37:06.256+0800: 5.993: Application time: 0.0004984 seconds
2020-09-10T15:37:06.256+0800: 5.993: Total time for which application threads were stopped: 0.0000553 seconds, Stopping threads took: 0.0000092 seconds
2020-09-10T15:37:06.256+0800: 5.993: Application time: 0.0000276 seconds
2020-09-10T15:37:06.256+0800: 5.993: Total time for which application threads were stopped: 0.0000662 seconds, Stopping threads took: 0.0000048 seconds
2020-09-10T15:37:06.260+0800: 5.998: Application time: 0.0041901 seconds
2020-09-10T15:37:06.260+0800: 5.998: Total time for which application threads were stopped: 0.0000651 seconds, Stopping threads took: 0.0000108 seconds
2020-09-10T15:37:06.260+0800: 5.998: Application time: 0.0000335 seconds
2020-09-10T15:37:06.260+0800: 5.998: Total time for which application threads were stopped: 0.0000429 seconds, Stopping threads took: 0.0000064 seconds
2020-09-10T15:37:06.265+0800: 6.002: Application time: 0.0046434 seconds
2020-09-10T15:37:06.265+0800: 6.003: Total time for which application threads were stopped: 0.0000826 seconds, Stopping threads took: 0.0000178 seconds
2020-09-10T15:37:06.265+0800: 6.003: Application time: 0.0001713 seconds
2020-09-10T15:37:06.265+0800: 6.003: Total time for which application threads were stopped: 0.0000531 seconds, Stopping threads took: 0.0000059 seconds
2020-09-10T15:37:06.270+0800: 6.007: Application time: 0.0046111 seconds
2020-09-10T15:37:06.270+0800: 6.007: Total time for which application threads were stopped: 0.0000788 seconds, Stopping threads took: 0.0000164 seconds
2020-09-10T15:37:06.270+0800: 6.008: Application time: 0.0001634 seconds
2020-09-10T15:37:06.270+0800: 6.008: Total time for which application threads were stopped: 0.0000517 seconds, Stopping threads took: 0.0000064 seconds
2020-09-10T15:37:06.275+0800: 6.012: Application time: 0.0047504 seconds
2020-09-10T15:37:06.275+0800: 6.012: Total time for which application threads were stopped: 0.0000970 seconds, Stopping threads took: 0.0000196 seconds
2020-09-10T15:37:06.275+0800: 6.013: Application time: 0.0001343 seconds
2020-09-10T15:37:06.275+0800: 6.013: Total time for which application threads were stopped: 0.0000564 seconds, Stopping threads took: 0.0000068 seconds
2020-09-10T15:37:06.280+0800: 6.017: Application time: 0.0044696 seconds
2020-09-10T15:37:06.280+0800: 6.017: Total time for which application threads were stopped: 0.0000738 seconds, Stopping threads took: 0.0000131 seconds
2020-09-10T15:37:06.280+0800: 6.017: Application time: 0.0001499 seconds
2020-09-10T15:37:06.280+0800: 6.017: Total time for which application threads were stopped: 0.0000664 seconds, Stopping threads took: 0.0000077 seconds
2020-09-10T15:37:06.285+0800: 6.022: Application time: 0.0047865 seconds
2020-09-10T15:37:06.285+0800: 6.022: Total time for which application threads were stopped: 0.0001058 seconds, Stopping threads took: 0.0000322 seconds
2020-09-10T15:37:06.286+0800: 6.023: Application time: 0.0005015 seconds
2020-09-10T15:37:06.286+0800: 6.023: Total time for which application threads were stopped: 0.0001041 seconds, Stopping threads took: 0.0000274 seconds
2020-09-10T15:37:06.290+0800: 6.027: Application time: 0.0041674 seconds
2020-09-10T15:37:06.290+0800: 6.027: Total time for which application threads were stopped: 0.0000862 seconds, Stopping threads took: 0.0000269 seconds
2020-09-10T15:37:06.290+0800: 6.027: Application time: 0.0001715 seconds
2020-09-10T15:37:06.290+0800: 6.027: Total time for which application threads were stopped: 0.0000551 seconds, Stopping threads took: 0.0000065 seconds
2020-09-10T15:37:06.295+0800: 6.032: Application time: 0.0045914 seconds
2020-09-10T15:37:06.295+0800: 6.032: Total time for which application threads were stopped: 0.0000918 seconds, Stopping threads took: 0.0000284 seconds
2020-09-10T15:37:06.295+0800: 6.032: Application time: 0.0001712 seconds
2020-09-10T15:37:06.295+0800: 6.032: Total time for which application threads were stopped: 0.0000568 seconds, Stopping threads took: 0.0000067 seconds
2020-09-10T15:37:06.300+0800: 6.037: Application time: 0.0045210 seconds
2020-09-10T15:37:06.300+0800: 6.037: Total time for which application threads were stopped: 0.0002045 seconds, Stopping threads took: 0.0000225 seconds
2020-09-10T15:37:06.300+0800: 6.037: Application time: 0.0001548 seconds
2020-09-10T15:37:06.300+0800: 6.037: Total time for which application threads were stopped: 0.0000697 seconds, Stopping threads took: 0.0000101 seconds
2020-09-10T15:37:06.305+0800: 6.042: Application time: 0.0048083 seconds
2020-09-10T15:37:06.305+0800: 6.042: Total time for which application threads were stopped: 0.0000874 seconds, Stopping threads took: 0.0000163 seconds
2020-09-10T15:37:06.305+0800: 6.042: Application time: 0.0001378 seconds
2020-09-10T15:37:06.305+0800: 6.042: Total time for which application threads were stopped: 0.0000934 seconds, Stopping threads took: 0.0000073 seconds
2020-09-10T15:37:06.323+0800: 6.061: Application time: 0.0182253 seconds
2020-09-10T15:37:06.324+0800: 6.061: Total time for which application threads were stopped: 0.0001029 seconds, Stopping threads took: 0.0000172 seconds
2020-09-10T15:37:06.350+0800: 6.087: Application time: 0.0266683 seconds
2020-09-10T15:37:06.350+0800: 6.088: Total time for which application threads were stopped: 0.0000918 seconds, Stopping threads took: 0.0000177 seconds
2020-09-10T15:37:06.405+0800: 6.142: Application time: 0.0547069 seconds
2020-09-10T15:37:06.405+0800: 6.142: Total time for which application threads were stopped: 0.0001307 seconds, Stopping threads took: 0.0000410 seconds
2020-09-10T15:37:06.444+0800: 6.182: Application time: 0.0398771 seconds
2020-09-10T15:37:06.444+0800: 6.182: [GC (Allocation Failure) 2020-09-10T15:37:06.445+0800: 6.182: [ParNew
Desired survivor size 107347968 bytes, new threshold 6 (max 6)
- age   1:   38727896 bytes,   38727896 total
: 1677824K->37961K(1887488K), 0.0306593 secs] 1677824K->37961K(6081792K), 0.0307971 secs] [Times: user=0.14 sys=0.00, real=0.03 secs] 
2020-09-10T15:37:06.475+0800: 6.213: Total time for which application threads were stopped: 0.0309441 seconds, Stopping threads took: 0.0000172 seconds
2020-09-10T15:37:06.659+0800: 6.396: Application time: 0.1828103 seconds
2020-09-10T15:37:06.659+0800: 6.396: Total time for which application threads were stopped: 0.0001144 seconds, Stopping threads took: 0.0000198 seconds
2020-09-10T15:37:06.683+0800: 6.421: Application time: 0.0244947 seconds
2020-09-10T15:37:06.683+0800: 6.421: Total time for which application threads were stopped: 0.0000878 seconds, Stopping threads took: 0.0000187 seconds
2020-09-10T15:37:06.695+0800: 6.433: Application time: 0.0117958 seconds
2020-09-10T15:37:06.695+0800: 6.433: Total time for which application threads were stopped: 0.0001146 seconds, Stopping threads took: 0.0000472 seconds
2020-09-10T15:37:06.696+0800: 6.433: Application time: 0.0000764 seconds
2020-09-10T15:37:06.696+0800: 6.433: Total time for which application threads were stopped: 0.0001516 seconds, Stopping threads took: 0.0000477 seconds
2020-09-10T15:37:06.696+0800: 6.434: Application time: 0.0007016 seconds
2020-09-10T15:37:06.697+0800: 6.434: Total time for which application threads were stopped: 0.0001622 seconds, Stopping threads took: 0.0000480 seconds
2020-09-10T15:37:06.697+0800: 6.434: Application time: 0.0005066 seconds
2020-09-10T15:37:06.697+0800: 6.434: Total time for which application threads were stopped: 0.0001486 seconds, Stopping threads took: 0.0000787 seconds
2020-09-10T15:37:06.698+0800: 6.435: Application time: 0.0007547 seconds
2020-09-10T15:37:06.698+0800: 6.435: Total time for which application threads were stopped: 0.0001074 seconds, Stopping threads took: 0.0000289 seconds
2020-09-10T15:37:06.699+0800: 6.436: Application time: 0.0004975 seconds
2020-09-10T15:37:06.699+0800: 6.436: Total time for which application threads were stopped: 0.0000907 seconds, Stopping threads took: 0.0000175 seconds
2020-09-10T15:37:06.699+0800: 6.436: Application time: 0.0005621 seconds
2020-09-10T15:37:06.699+0800: 6.437: Total time for which application threads were stopped: 0.0000633 seconds, Stopping threads took: 0.0000126 seconds
2020-09-10T15:37:06.699+0800: 6.437: Application time: 0.0001097 seconds
2020-09-10T15:37:06.700+0800: 6.437: Total time for which application threads were stopped: 0.0000971 seconds, Stopping threads took: 0.0000251 seconds
2020-09-10T15:37:06.700+0800: 6.437: Application time: 0.0005342 seconds
2020-09-10T15:37:06.700+0800: 6.437: Total time for which application threads were stopped: 0.0001335 seconds, Stopping threads took: 0.0000319 seconds
2020-09-10T15:37:06.700+0800: 6.438: Application time: 0.0003133 seconds
2020-09-10T15:37:06.701+0800: 6.438: Total time for which application threads were stopped: 0.0001506 seconds, Stopping threads took: 0.0000368 seconds
2020-09-10T15:37:06.713+0800: 6.450: Application time: 0.0126240 seconds
2020-09-10T15:37:06.713+0800: 6.451: Total time for which application threads were stopped: 0.0001044 seconds, Stopping threads took: 0.0000316 seconds
2020-09-10T15:37:06.732+0800: 6.469: Application time: 0.0184406 seconds
2020-09-10T15:37:06.732+0800: 6.469: Total time for which application threads were stopped: 0.0001647 seconds, Stopping threads took: 0.0000341 seconds
2020-09-10T15:37:06.805+0800: 6.542: Application time: 0.0728145 seconds
2020-09-10T15:37:06.805+0800: 6.542: Total time for which application threads were stopped: 0.0000964 seconds, Stopping threads took: 0.0000189 seconds
2020-09-10T15:37:06.817+0800: 6.555: Application time: 0.0123865 seconds
2020-09-10T15:37:06.817+0800: 6.555: Total time for which application threads were stopped: 0.0001124 seconds, Stopping threads took: 0.0000276 seconds
2020-09-10T15:37:06.817+0800: 6.555: Application time: 0.0000436 seconds
2020-09-10T15:37:06.817+0800: 6.555: Total time for which application threads were stopped: 0.0002688 seconds, Stopping threads took: 0.0000160 seconds
2020-09-10T15:37:06.839+0800: 6.577: Application time: 0.0222141 seconds
2020-09-10T15:37:06.839+0800: 6.577: Total time for which application threads were stopped: 0.0000942 seconds, Stopping threads took: 0.0000178 seconds
2020-09-10T15:37:06.855+0800: 6.592: Application time: 0.0150333 seconds
2020-09-10T15:37:06.855+0800: 6.593: Total time for which application threads were stopped: 0.0003205 seconds, Stopping threads took: 0.0000178 seconds
2020-09-10T15:37:06.856+0800: 6.593: Application time: 0.0007982 seconds
2020-09-10T15:37:06.856+0800: 6.594: Total time for which application threads were stopped: 0.0000773 seconds, Stopping threads took: 0.0000110 seconds
2020-09-10T15:37:06.908+0800: 6.646: Application time: 0.0525679 seconds
2020-09-10T15:37:06.909+0800: 6.646: Total time for which application threads were stopped: 0.0001664 seconds, Stopping threads took: 0.0000341 seconds
2020-09-10T15:37:07.411+0800: 7.149: Application time: 0.5029511 seconds
2020-09-10T15:37:07.412+0800: 7.150: Total time for which application threads were stopped: 0.0002708 seconds, Stopping threads took: 0.0000377 seconds
2020-09-10T15:37:07.417+0800: 7.155: Application time: 0.0050697 seconds
2020-09-10T15:37:07.417+0800: 7.155: Total time for which application threads were stopped: 0.0001189 seconds, Stopping threads took: 0.0000344 seconds
2020-09-10T15:37:07.418+0800: 7.156: Application time: 0.0008462 seconds
2020-09-10T15:37:07.418+0800: 7.156: Total time for which application threads were stopped: 0.0000828 seconds, Stopping threads took: 0.0000210 seconds
2020-09-10T15:37:07.419+0800: 7.157: Application time: 0.0015754 seconds
2020-09-10T15:37:07.419+0800: 7.157: Total time for which application threads were stopped: 0.0000942 seconds, Stopping threads took: 0.0000247 seconds
2020-09-10T15:37:07.422+0800: 7.160: Application time: 0.0024620 seconds
2020-09-10T15:37:07.422+0800: 7.160: Total time for which application threads were stopped: 0.0001076 seconds, Stopping threads took: 0.0000196 seconds
2020-09-10T15:37:07.422+0800: 7.160: Application time: 0.0002610 seconds
2020-09-10T15:37:07.422+0800: 7.160: Total time for which application threads were stopped: 0.0000735 seconds, Stopping threads took: 0.0000087 seconds
2020-09-10T15:37:07.424+0800: 7.162: Application time: 0.0016027 seconds
2020-09-10T15:37:07.424+0800: 7.162: Total time for which application threads were stopped: 0.0001126 seconds, Stopping threads took: 0.0000282 seconds
2020-09-10T15:37:07.425+0800: 7.162: Application time: 0.0005092 seconds
2020-09-10T15:37:07.425+0800: 7.163: Total time for which application threads were stopped: 0.0001034 seconds, Stopping threads took: 0.0000266 seconds
2020-09-10T15:37:07.425+0800: 7.163: Application time: 0.0004097 seconds
2020-09-10T15:37:07.425+0800: 7.163: Total time for which application threads were stopped: 0.0000796 seconds, Stopping threads took: 0.0000095 seconds
2020-09-10T15:37:07.431+0800: 7.169: Application time: 0.0056141 seconds
2020-09-10T15:37:07.431+0800: 7.169: Total time for which application threads were stopped: 0.0003159 seconds, Stopping threads took: 0.0000289 seconds
2020-09-10T15:37:07.441+0800: 7.178: Application time: 0.0093346 seconds
2020-09-10T15:37:07.441+0800: 7.178: Total time for which application threads were stopped: 0.0001306 seconds, Stopping threads took: 0.0000528 seconds
2020-09-10T15:37:07.446+0800: 7.184: Application time: 0.0052430 seconds
2020-09-10T15:37:07.446+0800: 7.184: Total time for which application threads were stopped: 0.0001425 seconds, Stopping threads took: 0.0000644 seconds
2020-09-10T15:37:07.450+0800: 7.187: Application time: 0.0034477 seconds
2020-09-10T15:37:07.450+0800: 7.187: Total time for which application threads were stopped: 0.0001857 seconds, Stopping threads took: 0.0000546 seconds
2020-09-10T15:37:07.450+0800: 7.188: Application time: 0.0000318 seconds
2020-09-10T15:37:07.450+0800: 7.188: Total time for which application threads were stopped: 0.0001403 seconds, Stopping threads took: 0.0000250 seconds
2020-09-10T15:37:07.450+0800: 7.188: Application time: 0.0000578 seconds
2020-09-10T15:37:07.450+0800: 7.188: Total time for which application threads were stopped: 0.0001112 seconds, Stopping threads took: 0.0000280 seconds
2020-09-10T15:37:07.916+0800: 7.653: Application time: 0.4651663 seconds
2020-09-10T15:37:07.916+0800: 7.653: Total time for which application threads were stopped: 0.0002351 seconds, Stopping threads took: 0.0000302 seconds
2020-09-10T15:37:08.284+0800: 8.022: Application time: 0.3682789 seconds
2020-09-10T15:37:08.284+0800: 8.022: Total time for which application threads were stopped: 0.0001196 seconds, Stopping threads took: 0.0000254 seconds
2020-09-10T15:37:08.285+0800: 8.022: Application time: 0.0007107 seconds
2020-09-10T15:37:08.285+0800: 8.023: Total time for which application threads were stopped: 0.0000940 seconds, Stopping threads took: 0.0000124 seconds
2020-09-10T15:37:08.419+0800: 8.157: Application time: 0.1339717 seconds
2020-09-10T15:37:08.419+0800: 8.157: Total time for which application threads were stopped: 0.0001540 seconds, Stopping threads took: 0.0000295 seconds
2020-09-10T15:37:08.808+0800: 8.545: [CMS-concurrent-abortable-preclean: 1.570/4.366 secs] [Times: user=4.22 sys=0.58, real=4.37 secs] 
2020-09-10T15:37:08.808+0800: 8.545: Application time: 0.3881774 seconds
2020-09-10T15:37:08.808+0800: 8.545: [GC (CMS Final Remark) [YG occupancy: 1105353 K (1887488 K)]2020-09-10T15:37:08.808+0800: 8.545: [Rescan (parallel) , 0.0525314 secs]2020-09-10T15:37:08.861+0800: 8.598: [weak refs processing, 0.0002109 secs]2020-09-10T15:37:08.861+0800: 8.598: [class unloading, 0.0031248 secs]2020-09-10T15:37:08.864+0800: 8.601: [scrub symbol table, 0.0067218 secs]2020-09-10T15:37:08.871+0800: 8.608: [scrub string table, 0.0003972 secs][1 CMS-remark: 0K(4194304K)] 1105353K(6081792K), 0.0639887 secs] [Times: user=0.33 sys=0.02, real=0.06 secs] 
2020-09-10T15:37:08.872+0800: 8.609: Total time for which application threads were stopped: 0.0641950 seconds, Stopping threads took: 0.0000227 seconds
2020-09-10T15:37:08.872+0800: 8.609: [CMS-concurrent-sweep-start]
2020-09-10T15:37:08.872+0800: 8.609: [CMS-concurrent-sweep: 0.000/0.000 secs] [Times: user=0.00 sys=0.00, real=0.00 secs] 
2020-09-10T15:37:08.872+0800: 8.609: [CMS-concurrent-reset-start]
2020-09-10T15:37:08.889+0800: 8.626: [CMS-concurrent-reset: 0.017/0.017 secs] [Times: user=0.05 sys=0.00, real=0.02 secs] 
2020-09-10T15:37:08.925+0800: 8.663: Application time: 0.0535159 seconds
2020-09-10T15:37:08.925+0800: 8.663: Total time for which application threads were stopped: 0.0001971 seconds, Stopping threads took: 0.0000523 seconds
2020-09-10T15:37:09.141+0800: 8.879: Application time: 0.2158743 seconds
2020-09-10T15:37:09.141+0800: 8.879: Total time for which application threads were stopped: 0.0001722 seconds, Stopping threads took: 0.0000472 seconds
2020-09-10T15:37:09.428+0800: 9.166: Application time: 0.2866773 seconds
2020-09-10T15:37:09.428+0800: 9.166: Total time for which application threads were stopped: 0.0002213 seconds, Stopping threads took: 0.0000835 seconds
2020-09-10T15:37:09.936+0800: 9.673: Application time: 0.5074332 seconds
2020-09-10T15:37:09.936+0800: 9.673: Total time for which application threads were stopped: 0.0001890 seconds, Stopping threads took: 0.0000618 seconds
2020-09-10T15:37:10.440+0800: 10.178: Application time: 0.5048904 seconds
2020-09-10T15:37:10.441+0800: 10.178: Total time for which application threads were stopped: 0.0001373 seconds, Stopping threads took: 0.0000273 seconds
2020-09-10T15:37:10.871+0800: 10.608: Application time: 0.4295904 seconds
2020-09-10T15:37:10.871+0800: 10.608: Total time for which application threads were stopped: 0.0001199 seconds, Stopping threads took: 0.0000228 seconds
2020-09-10T15:37:10.896+0800: 10.634: Application time: 0.0255063 seconds
2020-09-10T15:37:10.896+0800: 10.634: Total time for which application threads were stopped: 0.0001328 seconds, Stopping threads took: 0.0000390 seconds
2020-09-10T15:37:10.945+0800: 10.682: Application time: 0.0482723 seconds
2020-09-10T15:37:10.945+0800: 10.682: Total time for which application threads were stopped: 0.0001484 seconds, Stopping threads took: 0.0000463 seconds
2020-09-10T15:37:11.447+0800: 11.185: Application time: 0.5028584 seconds
2020-09-10T15:37:11.447+0800: 11.185: Total time for which application threads were stopped: 0.0001320 seconds, Stopping threads took: 0.0000266 seconds
2020-09-10T15:37:11.951+0800: 11.688: Application time: 0.5029738 seconds
2020-09-10T15:37:11.951+0800: 11.688: Total time for which application threads were stopped: 0.0001353 seconds, Stopping threads took: 0.0000364 seconds
2020-09-10T15:37:12.455+0800: 12.192: Application time: 0.5037749 seconds
2020-09-10T15:37:12.455+0800: 12.192: Total time for which application threads were stopped: 0.0001562 seconds, Stopping threads took: 0.0000427 seconds
2020-09-10T15:37:12.958+0800: 12.696: Application time: 0.5035606 seconds
2020-09-10T15:37:12.958+0800: 12.696: Total time for which application threads were stopped: 0.0001502 seconds, Stopping threads took: 0.0000465 seconds
2020-09-10T15:37:13.028+0800: 12.765: Application time: 0.0694246 seconds
2020-09-10T15:37:13.028+0800: 12.765: [GC (Allocation Failure) 2020-09-10T15:37:13.028+0800: 12.766: [ParNew
Desired survivor size 107347968 bytes, new threshold 1 (max 6)
- age   1:  197363888 bytes,  197363888 total
- age   2:   18786304 bytes,  216150192 total
: 1715785K->209664K(1887488K), 1.1176901 secs] 1715785K->1405544K(6081792K), 1.1178268 secs] [Times: user=5.98 sys=0.75, real=1.12 secs] 
2020-09-10T15:37:14.146+0800: 13.883: Total time for which application threads were stopped: 1.1180056 seconds, Stopping threads took: 0.0000219 seconds
2020-09-10T15:37:14.146+0800: 13.884: Application time: 0.0002660 seconds
2020-09-10T15:37:14.147+0800: 13.884: Total time for which application threads were stopped: 0.0001564 seconds, Stopping threads took: 0.0000506 seconds
2020-09-10T15:37:14.154+0800: 13.892: Application time: 0.0077231 seconds
2020-09-10T15:37:14.154+0800: 13.892: Total time for which application threads were stopped: 0.0001654 seconds, Stopping threads took: 0.0000514 seconds
2020-09-10T15:37:14.655+0800: 14.392: Application time: 0.5004105 seconds
2020-09-10T15:37:14.655+0800: 14.392: Total time for which application threads were stopped: 0.0001514 seconds, Stopping threads took: 0.0000350 seconds
2020-09-10T15:37:15.159+0800: 14.897: Application time: 0.5048000 seconds
2020-09-10T15:37:15.160+0800: 14.897: Total time for which application threads were stopped: 0.0001486 seconds, Stopping threads took: 0.0000381 seconds
2020-09-10T15:37:15.665+0800: 15.402: Application time: 0.5043209 seconds
2020-09-10T15:37:15.665+0800: 15.402: Total time for which application threads were stopped: 0.0001486 seconds, Stopping threads took: 0.0000338 seconds
2020-09-10T15:37:16.168+0800: 15.906: Application time: 0.5038823 seconds
2020-09-10T15:37:16.168+0800: 15.906: Total time for which application threads were stopped: 0.0001491 seconds, Stopping threads took: 0.0000296 seconds
2020-09-10T15:37:16.670+0800: 16.407: Application time: 0.5015648 seconds
2020-09-10T15:37:16.670+0800: 16.408: Total time for which application threads were stopped: 0.0002465 seconds, Stopping threads took: 0.0000318 seconds
2020-09-10T15:37:16.671+0800: 16.408: Application time: 0.0009376 seconds
2020-09-10T15:37:16.672+0800: 16.409: Total time for which application threads were stopped: 0.0002929 seconds, Stopping threads took: 0.0000500 seconds
2020-09-10T15:37:17.175+0800: 16.912: Application time: 0.5033942 seconds
2020-09-10T15:37:17.175+0800: 16.912: Total time for which application threads were stopped: 0.0001357 seconds, Stopping threads took: 0.0000332 seconds
2020-09-10T15:37:17.677+0800: 17.415: Application time: 0.5028608 seconds
2020-09-10T15:37:17.678+0800: 17.415: Total time for which application threads were stopped: 0.0002050 seconds, Stopping threads took: 0.0000518 seconds
2020-09-10T15:37:18.181+0800: 17.918: Application time: 0.5029325 seconds
2020-09-10T15:37:18.181+0800: 17.918: Total time for which application threads were stopped: 0.0001204 seconds, Stopping threads took: 0.0000279 seconds
2020-09-10T15:37:18.684+0800: 18.421: Application time: 0.5029152 seconds
2020-09-10T15:37:18.684+0800: 18.422: Total time for which application threads were stopped: 0.0001688 seconds, Stopping threads took: 0.0000297 seconds
2020-09-10T15:37:19.187+0800: 18.925: Application time: 0.5032442 seconds
2020-09-10T15:37:19.187+0800: 18.925: Total time for which application threads were stopped: 0.0001126 seconds, Stopping threads took: 0.0000239 seconds
2020-09-10T15:37:19.692+0800: 19.430: Application time: 0.5047470 seconds
2020-09-10T15:37:19.693+0800: 19.430: Total time for which application threads were stopped: 0.0002062 seconds, Stopping threads took: 0.0000362 seconds
2020-09-10T15:37:20.196+0800: 19.933: Application time: 0.5031263 seconds
2020-09-10T15:37:20.196+0800: 19.933: Total time for which application threads were stopped: 0.0001301 seconds, Stopping threads took: 0.0000248 seconds
2020-09-10T15:37:20.698+0800: 20.436: Application time: 0.5027023 seconds
2020-09-10T15:37:20.698+0800: 20.436: Total time for which application threads were stopped: 0.0001456 seconds, Stopping threads took: 0.0000349 seconds
2020-09-10T15:37:21.201+0800: 20.939: Application time: 0.5025967 seconds
2020-09-10T15:37:21.201+0800: 20.939: Total time for which application threads were stopped: 0.0001192 seconds, Stopping threads took: 0.0000295 seconds
2020-09-10T15:37:21.704+0800: 21.441: Application time: 0.5025574 seconds
2020-09-10T15:37:21.704+0800: 21.441: Total time for which application threads were stopped: 0.0002113 seconds, Stopping threads took: 0.0000337 seconds
2020-09-10T15:37:22.206+0800: 21.944: Application time: 0.5025014 seconds
2020-09-10T15:37:22.206+0800: 21.944: Total time for which application threads were stopped: 0.0001251 seconds, Stopping threads took: 0.0000306 seconds
2020-09-10T15:37:22.710+0800: 22.447: Application time: 0.5027911 seconds
2020-09-10T15:37:22.710+0800: 22.447: Total time for which application threads were stopped: 0.0001397 seconds, Stopping threads took: 0.0000294 seconds
2020-09-10T15:37:23.214+0800: 22.951: Application time: 0.5037622 seconds
2020-09-10T15:37:23.214+0800: 22.951: Total time for which application threads were stopped: 0.0001633 seconds, Stopping threads took: 0.0000435 seconds
2020-09-10T15:37:23.717+0800: 23.454: Application time: 0.5034063 seconds
2020-09-10T15:37:23.717+0800: 23.455: Total time for which application threads were stopped: 0.0001836 seconds, Stopping threads took: 0.0000483 seconds
2020-09-10T15:37:24.221+0800: 23.958: Application time: 0.5036185 seconds
2020-09-10T15:37:24.221+0800: 23.958: Total time for which application threads were stopped: 0.0001487 seconds, Stopping threads took: 0.0000418 seconds
2020-09-10T15:37:24.724+0800: 24.461: Application time: 0.5024764 seconds
2020-09-10T15:37:24.724+0800: 24.461: Total time for which application threads were stopped: 0.0001947 seconds, Stopping threads took: 0.0000718 seconds
2020-09-10T15:37:25.226+0800: 24.963: Application time: 0.5024163 seconds
2020-09-10T15:37:25.226+0800: 24.964: Total time for which application threads were stopped: 0.0001640 seconds, Stopping threads took: 0.0000579 seconds
2020-09-10T15:37:25.729+0800: 25.466: Application time: 0.5024635 seconds
2020-09-10T15:37:25.729+0800: 25.466: Total time for which application threads were stopped: 0.0001429 seconds, Stopping threads took: 0.0000297 seconds
2020-09-10T15:37:26.231+0800: 25.968: Application time: 0.5013895 seconds
2020-09-10T15:37:26.231+0800: 25.968: [GC (Allocation Failure) 2020-09-10T15:37:26.231+0800: 25.968: [ParNew
Desired survivor size 107347968 bytes, new threshold 1 (max 6)
- age   1:  214694736 bytes,  214694736 total
: 1887488K->209664K(1887488K), 0.8568251 secs] 3083368K->2257857K(6081792K), 0.8569750 secs] [Times: user=5.30 sys=0.34, real=0.86 secs] 
2020-09-10T15:37:27.087+0800: 26.825: Total time for which application threads were stopped: 0.8571953 seconds, Stopping threads took: 0.0000239 seconds
2020-09-10T15:37:27.087+0800: 26.825: Application time: 0.0000648 seconds
2020-09-10T15:37:27.087+0800: 26.825: [GC (CMS Initial Mark) [1 CMS-initial-mark: 2048193K(4194304K)] 2286414K(6081792K), 0.0236186 secs] [Times: user=0.20 sys=0.00, real=0.02 secs] 
2020-09-10T15:37:27.111+0800: 26.849: Total time for which application threads were stopped: 0.0238394 seconds, Stopping threads took: 0.0000602 seconds
2020-09-10T15:37:27.111+0800: 26.849: [CMS-concurrent-mark-start]
2020-09-10T15:37:27.153+0800: 26.890: Application time: 0.0416065 seconds
2020-09-10T15:37:27.153+0800: 26.891: Total time for which application threads were stopped: 0.0004830 seconds, Stopping threads took: 0.0003485 seconds
2020-09-10T15:37:27.194+0800: 26.932: Application time: 0.0408581 seconds
2020-09-10T15:37:27.194+0800: 26.932: Total time for which application threads were stopped: 0.0001467 seconds, Stopping threads took: 0.0000588 seconds
2020-09-10T15:37:27.385+0800: 27.123: Application time: 0.1913915 seconds
2020-09-10T15:37:27.386+0800: 27.124: Total time for which application threads were stopped: 0.0004194 seconds, Stopping threads took: 0.0000206 seconds
2020-09-10T15:37:27.594+0800: 27.331: Application time: 0.2073627 seconds
2020-09-10T15:37:27.594+0800: 27.331: Total time for which application threads were stopped: 0.0004358 seconds, Stopping threads took: 0.0000237 seconds
2020-09-10T15:37:27.616+0800: 27.354: Application time: 0.0229404 seconds
2020-09-10T15:37:27.617+0800: 27.355: Total time for which application threads were stopped: 0.0004804 seconds, Stopping threads took: 0.0000351 seconds
2020-09-10T15:37:27.618+0800: 27.356: Application time: 0.0012911 seconds
2020-09-10T15:37:27.619+0800: 27.357: Total time for which application threads were stopped: 0.0004385 seconds, Stopping threads took: 0.0000380 seconds
2020-09-10T15:37:28.331+0800: 28.069: [CMS-concurrent-mark: 1.212/1.220 secs] [Times: user=4.25 sys=0.38, real=1.22 secs] 
2020-09-10T15:37:28.331+0800: 28.069: [CMS-concurrent-preclean-start]
2020-09-10T15:37:28.619+0800: 28.356: Application time: 0.9998221 seconds
2020-09-10T15:37:28.619+0800: 28.357: Total time for which application threads were stopped: 0.0001806 seconds, Stopping threads took: 0.0000340 seconds
2020-09-10T15:37:28.662+0800: 28.400: [CMS-concurrent-preclean: 0.313/0.331 secs] [Times: user=0.84 sys=0.06, real=0.33 secs] 
2020-09-10T15:37:28.662+0800: 28.400: [CMS-concurrent-abortable-preclean-start]
2020-09-10T15:37:29.620+0800: 29.357: Application time: 1.0001380 seconds
2020-09-10T15:37:29.620+0800: 29.357: Total time for which application threads were stopped: 0.0001546 seconds, Stopping threads took: 0.0000288 seconds
2020-09-10T15:37:29.958+0800: 29.695: Application time: 0.3382705 seconds
2020-09-10T15:37:29.958+0800: 29.695: [Full GC (System.gc()) 2020-09-10T15:37:29.958+0800: 29.695: [CMS2020-09-10T15:37:30.109+0800: 29.846: [CMS-concurrent-abortable-preclean: 1.435/1.447 secs] [Times: user=4.00 sys=0.39, real=1.45 secs] 
 (concurrent mode interrupted): 2048193K->2600462K(4194304K), 3.8753741 secs] 3546769K->2600462K(6081792K), [Metaspace: 41993K->41993K(1087488K)], 3.8757173 secs] [Times: user=3.77 sys=0.11, real=3.88 secs] 
2020-09-10T15:37:33.834+0800: 33.571: Total time for which application threads were stopped: 3.8759475 seconds, Stopping threads took: 0.0000233 seconds
2020-09-10T15:37:34.126+0800: 33.864: Application time: 0.2924103 seconds
2020-09-10T15:37:34.126+0800: 33.864: [Full GC (System.gc()) 2020-09-10T15:37:34.126+0800: 33.864: [CMS: 2600462K->2723052K(4194304K), 3.8471332 secs] 2847656K->2723052K(6081792K), [Metaspace: 42015K->42015K(1087488K)], 3.8475427 secs] [Times: user=3.81 sys=0.03, real=3.85 secs] 
2020-09-10T15:37:37.974+0800: 37.711: Total time for which application threads were stopped: 3.8478145 seconds, Stopping threads took: 0.0000279 seconds
2020-09-10T15:37:37.974+0800: 37.711: Application time: 0.0000350 seconds
2020-09-10T15:37:37.974+0800: 37.712: [GC (CMS Initial Mark) [1 CMS-initial-mark: 2723052K(4194304K)] 2730172K(6081792K), 0.0005578 secs] [Times: user=0.00 sys=0.00, real=0.00 secs] 
2020-09-10T15:37:37.975+0800: 37.712: Total time for which application threads were stopped: 0.0007315 seconds, Stopping threads took: 0.0000406 seconds
2020-09-10T15:37:37.975+0800: 37.712: [CMS-concurrent-mark-start]
2020-09-10T15:37:38.139+0800: 37.877: Application time: 0.1648796 seconds
2020-09-10T15:37:38.139+0800: 37.877: Total time for which application threads were stopped: 0.0001496 seconds, Stopping threads took: 0.0000340 seconds
2020-09-10T15:37:38.139+0800: 37.877: Application time: 0.0000189 seconds
2020-09-10T15:37:38.139+0800: 37.877: Total time for which application threads were stopped: 0.0000896 seconds, Stopping threads took: 0.0000305 seconds
2020-09-10T15:37:38.140+0800: 37.877: Application time: 0.0000180 seconds
2020-09-10T15:37:38.140+0800: 37.877: Total time for which application threads were stopped: 0.0000753 seconds, Stopping threads took: 0.0000250 seconds
2020-09-10T15:37:38.141+0800: 37.879: Application time: 0.0014641 seconds
2020-09-10T15:37:38.141+0800: 37.879: Total time for which application threads were stopped: 0.0001074 seconds, Stopping threads took: 0.0000255 seconds
2020-09-10T15:37:38.141+0800: 37.879: Application time: 0.0000158 seconds
2020-09-10T15:37:38.141+0800: 37.879: Total time for which application threads were stopped: 0.0000646 seconds, Stopping threads took: 0.0000101 seconds
2020-09-10T15:37:38.141+0800: 37.879: Application time: 0.0000109 seconds
2020-09-10T15:37:38.141+0800: 37.879: Total time for which application threads were stopped: 0.0000627 seconds, Stopping threads took: 0.0000231 seconds
2020-09-10T15:37:38.141+0800: 37.879: Application time: 0.0000146 seconds
2020-09-10T15:37:38.141+0800: 37.879: Total time for which application threads were stopped: 0.0000747 seconds, Stopping threads took: 0.0000254 seconds
2020-09-10T15:37:38.141+0800: 37.879: Application time: 0.0000368 seconds
2020-09-10T15:37:38.142+0800: 37.879: Total time for which application threads were stopped: 0.0000622 seconds, Stopping threads took: 0.0000148 seconds
2020-09-10T15:37:38.142+0800: 37.879: Application time: 0.0000153 seconds
2020-09-10T15:37:38.142+0800: 37.879: Total time for which application threads were stopped: 0.0000878 seconds, Stopping threads took: 0.0000313 seconds
2020-09-10T15:37:38.164+0800: 37.902: Application time: 0.0223983 seconds
2020-09-10T15:37:38.164+0800: 37.902: Total time for which application threads were stopped: 0.0001124 seconds, Stopping threads took: 0.0000267 seconds
2020-09-10T15:37:38.217+0800: 37.954: Application time: 0.0522461 seconds
2020-09-10T15:37:38.217+0800: 37.954: Total time for which application threads were stopped: 0.0001085 seconds, Stopping threads took: 0.0000204 seconds
2020-09-10T15:37:38.220+0800: 37.958: Application time: 0.0034363 seconds
2020-09-10T15:37:38.220+0800: 37.958: Total time for which application threads were stopped: 0.0000991 seconds, Stopping threads took: 0.0000207 seconds
2020-09-10T15:37:38.220+0800: 37.958: Application time: 0.0000199 seconds
2020-09-10T15:37:38.220+0800: 37.958: Total time for which application threads were stopped: 0.0000597 seconds, Stopping threads took: 0.0000081 seconds
2020-09-10T15:37:38.220+0800: 37.958: Application time: 0.0000688 seconds
2020-09-10T15:37:38.220+0800: 37.958: Total time for which application threads were stopped: 0.0000626 seconds, Stopping threads took: 0.0000252 seconds
2020-09-10T15:37:39.220+0800: 38.957: Application time: 0.9990806 seconds
2020-09-10T15:37:39.220+0800: 38.957: Total time for which application threads were stopped: 0.0001638 seconds, Stopping threads took: 0.0000351 seconds
2020-09-10T15:37:40.022+0800: 39.759: [CMS-concurrent-mark: 2.037/2.047 secs] [Times: user=8.84 sys=0.25, real=2.05 secs] 
2020-09-10T15:37:40.022+0800: 39.759: [CMS-concurrent-preclean-start]
2020-09-10T15:37:40.220+0800: 39.957: Application time: 1.0000487 seconds
2020-09-10T15:37:40.220+0800: 39.957: Total time for which application threads were stopped: 0.0001219 seconds, Stopping threads took: 0.0000297 seconds
2020-09-10T15:37:40.467+0800: 40.204: [CMS-concurrent-preclean: 0.420/0.445 secs] [Times: user=1.39 sys=0.00, real=0.44 secs] 
2020-09-10T15:37:40.467+0800: 40.204: [CMS-concurrent-abortable-preclean-start]
2020-09-10T15:37:41.221+0800: 40.958: Application time: 1.0002607 seconds
2020-09-10T15:37:41.221+0800: 40.958: Total time for which application threads were stopped: 0.0001305 seconds, Stopping threads took: 0.0000444 seconds
2020-09-10T15:37:41.761+0800: 41.498: Application time: 0.5405824 seconds
2020-09-10T15:37:41.761+0800: 41.499: Total time for which application threads were stopped: 0.0005360 seconds, Stopping threads took: 0.0000739 seconds
2020-09-10T15:37:42.978+0800: 42.715: Application time: 1.2157752 seconds
2020-09-10T15:37:42.978+0800: 42.715: [GC (Allocation Failure) 2020-09-10T15:37:42.978+0800: 42.715: [ParNew2020-09-10T15:37:43.043+0800: 42.780: [CMS-concurrent-abortable-preclean: 0.677/2.577 secs] [Times: user=4.69 sys=0.06, real=2.58 secs] 

Desired survivor size 107347968 bytes, new threshold 1 (max 6)
- age   1:  214695664 bytes,  214695664 total
: 1677824K->209664K(1887488K), 0.2978991 secs] 4400876K->3072143K(6081792K), 0.2980274 secs] [Times: user=2.00 sys=0.02, real=0.30 secs] 
2020-09-10T15:37:43.276+0800: 43.013: Total time for which application threads were stopped: 0.2982090 seconds, Stopping threads took: 0.0000232 seconds
2020-09-10T15:37:43.276+0800: 43.013: Application time: 0.0000301 seconds
2020-09-10T15:37:43.276+0800: 43.013: [GC (CMS Final Remark) [YG occupancy: 209664 K (1887488 K)]2020-09-10T15:37:43.276+0800: 43.013: [Rescan (parallel) , 0.1388439 secs]2020-09-10T15:37:43.414+0800: 43.152: [weak refs processing, 0.0005707 secs]2020-09-10T15:37:43.415+0800: 43.153: [class unloading, 0.0050841 secs]2020-09-10T15:37:43.420+0800: 43.158: [scrub symbol table, 0.0095288 secs]2020-09-10T15:37:43.430+0800: 43.167: [scrub string table, 0.0004154 secs][1 CMS-remark: 2862479K(4194304K)] 3072143K(6081792K), 0.1548688 secs] [Times: user=1.09 sys=0.00, real=0.15 secs] 
2020-09-10T15:37:43.430+0800: 43.168: Total time for which application threads were stopped: 0.1550079 seconds, Stopping threads took: 0.0000161 seconds
2020-09-10T15:37:43.430+0800: 43.168: [CMS-concurrent-sweep-start]
2020-09-10T15:37:44.067+0800: 43.804: [CMS-concurrent-sweep: 0.636/0.636 secs] [Times: user=0.92 sys=0.00, real=0.64 secs] 
2020-09-10T15:37:44.067+0800: 43.804: [CMS-concurrent-reset-start]
2020-09-10T15:37:44.072+0800: 43.809: [CMS-concurrent-reset: 0.004/0.004 secs] [Times: user=0.00 sys=0.00, real=0.01 secs] 
2020-09-10T15:37:46.071+0800: 45.808: Application time: 2.6400043 seconds
2020-09-10T15:37:46.071+0800: 45.808: [GC (CMS Initial Mark) [1 CMS-initial-mark: 2856228K(4194304K)] 3354819K(6081792K), 0.1617715 secs] [Times: user=0.33 sys=0.00, real=0.16 secs] 
2020-09-10T15:37:46.232+0800: 45.970: Total time for which application threads were stopped: 0.1619907 seconds, Stopping threads took: 0.0000234 seconds
2020-09-10T15:37:46.233+0800: 45.970: [CMS-concurrent-mark-start]
2020-09-10T15:37:47.953+0800: 47.690: [CMS-concurrent-mark: 1.720/1.720 secs] [Times: user=4.16 sys=0.02, real=1.72 secs] 
2020-09-10T15:37:47.953+0800: 47.690: [CMS-concurrent-preclean-start]
2020-09-10T15:37:48.233+0800: 47.970: Application time: 1.9997589 seconds
2020-09-10T15:37:48.233+0800: 47.970: Total time for which application threads were stopped: 0.0001486 seconds, Stopping threads took: 0.0000520 seconds
2020-09-10T15:37:48.289+0800: 48.026: [CMS-concurrent-preclean: 0.315/0.336 secs] [Times: user=0.52 sys=0.00, real=0.34 secs] 
2020-09-10T15:37:48.289+0800: 48.026: [CMS-concurrent-abortable-preclean-start]
 CMS: abort preclean due to time 2020-09-10T15:37:54.234+0800: 53.971: [CMS-concurrent-abortable-preclean: 5.883/5.945 secs] [Times: user=7.81 sys=0.02, real=5.94 secs] 
2020-09-10T15:37:54.234+0800: 53.972: Application time: 6.0016568 seconds
2020-09-10T15:37:54.234+0800: 53.972: [GC (CMS Final Remark) [YG occupancy: 1370025 K (1887488 K)]2020-09-10T15:37:54.234+0800: 53.972: [Rescan (parallel) , 1.0406065 secs]2020-09-10T15:37:55.275+0800: 55.012: [weak refs processing, 0.0046281 secs]2020-09-10T15:37:55.279+0800: 55.017: [class unloading, 0.0039579 secs]2020-09-10T15:37:55.283+0800: 55.021: [scrub symbol table, 0.0061900 secs]2020-09-10T15:37:55.290+0800: 55.027: [scrub string table, 0.0004407 secs][1 CMS-remark: 2856228K(4194304K)] 4226253K(6081792K), 1.0575613 secs] [Times: user=6.80 sys=0.08, real=1.06 secs] 
2020-09-10T15:37:55.292+0800: 55.029: Total time for which application threads were stopped: 1.0577917 seconds, Stopping threads took: 0.0000250 seconds
2020-09-10T15:37:55.292+0800: 55.029: [CMS-concurrent-sweep-start]
2020-09-10T15:37:55.936+0800: 55.673: [CMS-concurrent-sweep: 0.644/0.644 secs] [Times: user=1.11 sys=0.03, real=0.64 secs] 
2020-09-10T15:37:55.937+0800: 55.674: [CMS-concurrent-reset-start]
2020-09-10T15:37:55.941+0800: 55.678: [CMS-concurrent-reset: 0.004/0.004 secs] [Times: user=0.03 sys=0.00, real=0.00 secs] 
2020-09-10T15:37:56.293+0800: 56.030: Application time: 1.0002249 seconds
2020-09-10T15:37:56.293+0800: 56.030: Total time for which application threads were stopped: 0.0001942 seconds, Stopping threads took: 0.0000512 seconds
2020-09-10T15:37:57.942+0800: 57.679: Application time: 1.6487114 seconds
2020-09-10T15:37:57.942+0800: 57.679: [GC (CMS Initial Mark) [1 CMS-initial-mark: 2788473K(4194304K)] 4462897K(6081792K), 0.6516675 secs] [Times: user=0.97 sys=0.00, real=0.65 secs] 
2020-09-10T15:37:58.593+0800: 58.330: Total time for which application threads were stopped: 0.6519074 seconds, Stopping threads took: 0.0000330 seconds
2020-09-10T15:37:58.593+0800: 58.330: [CMS-concurrent-mark-start]
2020-09-10T15:38:00.214+0800: 59.951: [CMS-concurrent-mark: 1.621/1.621 secs] [Times: user=3.61 sys=0.00, real=1.62 secs] 
2020-09-10T15:38:00.214+0800: 59.951: [CMS-concurrent-preclean-start]
2020-09-10T15:38:00.486+0800: 60.224: [CMS-concurrent-preclean: 0.253/0.273 secs] [Times: user=0.39 sys=0.00, real=0.27 secs] 
2020-09-10T15:38:00.486+0800: 60.224: [CMS-concurrent-abortable-preclean-start]
2020-09-10T15:38:01.899+0800: 61.637: Application time: 3.3065240 seconds
2020-09-10T15:38:01.899+0800: 61.637: [GC (Allocation Failure) 2020-09-10T15:38:01.899+0800: 61.637: [ParNew
Desired survivor size 107347968 bytes, new threshold 1 (max 6)
- age   1:  214695688 bytes,  214695688 total
: 1887488K->209664K(1887488K), 1.2128739 secs] 4675961K->4029548K(6081792K), 1.2130082 secs] [Times: user=7.52 sys=0.52, real=1.21 secs] 
2020-09-10T15:38:03.113+0800: 62.850: Total time for which application threads were stopped: 1.2131934 seconds, Stopping threads took: 0.0000226 seconds
 CMS: abort preclean due to time 2020-09-10T15:38:05.828+0800: 65.566: [CMS-concurrent-abortable-preclean: 4.057/5.342 secs] [Times: user=12.44 sys=0.53, real=5.34 secs] 
2020-09-10T15:38:05.828+0800: 65.566: Application time: 2.7156296 seconds
2020-09-10T15:38:05.828+0800: 65.566: [GC (CMS Final Remark) [YG occupancy: 367537 K (1887488 K)]2020-09-10T15:38:05.829+0800: 65.566: [Rescan (parallel) , 0.0821123 secs]2020-09-10T15:38:05.911+0800: 65.648: [weak refs processing, 0.0003522 secs]2020-09-10T15:38:05.911+0800: 65.648: [class unloading, 0.0041698 secs]2020-09-10T15:38:05.916+0800: 65.653: [scrub symbol table, 0.0059630 secs]2020-09-10T15:38:05.922+0800: 65.659: [scrub string table, 0.0004205 secs][1 CMS-remark: 3819884K(4194304K)] 4187422K(6081792K), 0.0935098 secs] [Times: user=0.59 sys=0.00, real=0.09 secs] 
2020-09-10T15:38:05.922+0800: 65.659: Total time for which application threads were stopped: 0.0936751 seconds, Stopping threads took: 0.0000228 seconds
2020-09-10T15:38:05.922+0800: 65.659: [CMS-concurrent-sweep-start]
2020-09-10T15:38:06.798+0800: 66.536: [CMS-concurrent-sweep: 0.877/0.877 secs] [Times: user=1.11 sys=0.02, real=0.88 secs] 
2020-09-10T15:38:06.799+0800: 66.536: [CMS-concurrent-reset-start]
2020-09-10T15:38:06.802+0800: 66.540: [CMS-concurrent-reset: 0.004/0.004 secs] [Times: user=0.00 sys=0.00, real=0.00 secs] 
2020-09-10T15:38:08.804+0800: 68.541: Application time: 2.8811777 seconds
2020-09-10T15:38:08.804+0800: 68.541: [GC (CMS Initial Mark) [1 CMS-initial-mark: 3793679K(4194304K)] 4337167K(6081792K), 0.0949778 secs] [Times: user=0.33 sys=0.00, real=0.09 secs] 
2020-09-10T15:38:08.898+0800: 68.636: Total time for which application threads were stopped: 0.0951805 seconds, Stopping threads took: 0.0000242 seconds
2020-09-10T15:38:08.898+0800: 68.636: [CMS-concurrent-mark-start]
2020-09-10T15:38:11.472+0800: 71.209: [CMS-concurrent-mark: 2.574/2.574 secs] [Times: user=5.59 sys=0.00, real=2.57 secs] 
2020-09-10T15:38:11.473+0800: 71.210: [CMS-concurrent-preclean-start]
2020-09-10T15:38:11.990+0800: 71.728: [CMS-concurrent-preclean: 0.488/0.518 secs] [Times: user=0.55 sys=0.01, real=0.52 secs] 
2020-09-10T15:38:11.990+0800: 71.728: [CMS-concurrent-abortable-preclean-start]
2020-09-10T15:38:11.990+0800: 71.728: [CMS-concurrent-abortable-preclean: 0.000/0.000 secs] [Times: user=0.00 sys=0.00, real=0.00 secs] 
2020-09-10T15:38:11.990+0800: 71.728: Application time: 3.0920906 seconds
2020-09-10T15:38:11.990+0800: 71.728: [GC (CMS Final Remark) [YG occupancy: 658321 K (1887488 K)]2020-09-10T15:38:11.990+0800: 71.728: [Rescan (parallel) , 0.2171040 secs]2020-09-10T15:38:12.208+0800: 71.945: [weak refs processing, 0.0003104 secs]2020-09-10T15:38:12.209+0800: 71.946: [class unloading, 0.0034879 secs]2020-09-10T15:38:12.212+0800: 71.949: [scrub symbol table, 0.0066622 secs]2020-09-10T15:38:12.219+0800: 71.956: [scrub string table, 0.0004100 secs][1 CMS-remark: 3793679K(4194304K)] 4452000K(6081792K), 0.2282599 secs] [Times: user=1.47 sys=0.00, real=0.23 secs] 
2020-09-10T15:38:12.219+0800: 71.956: Total time for which application threads were stopped: 0.2284045 seconds, Stopping threads took: 0.0000232 seconds
2020-09-10T15:38:12.219+0800: 71.956: [CMS-concurrent-sweep-start]
2020-09-10T15:38:13.090+0800: 72.827: [CMS-concurrent-sweep: 0.871/0.871 secs] [Times: user=1.06 sys=0.00, real=0.87 secs] 
2020-09-10T15:38:13.090+0800: 72.827: [CMS-concurrent-reset-start]
2020-09-10T15:38:13.094+0800: 72.832: [CMS-concurrent-reset: 0.004/0.004 secs] [Times: user=0.00 sys=0.00, real=0.00 secs] 
2020-09-10T15:38:15.094+0800: 74.831: Application time: 2.8743650 seconds
2020-09-10T15:38:15.094+0800: 74.831: [GC (CMS Initial Mark) [1 CMS-initial-mark: 3784333K(4194304K)] 4596099K(6081792K), 0.2118376 secs] [Times: user=0.53 sys=0.00, real=0.21 secs] 
2020-09-10T15:38:15.305+0800: 75.043: Total time for which application threads were stopped: 0.2120509 seconds, Stopping threads took: 0.0000311 seconds
2020-09-10T15:38:15.305+0800: 75.043: [CMS-concurrent-mark-start]
2020-09-10T15:38:17.306+0800: 77.043: Application time: 1.9997967 seconds
2020-09-10T15:38:17.306+0800: 77.043: Total time for which application threads were stopped: 0.0001272 seconds, Stopping threads took: 0.0000434 seconds
2020-09-10T15:38:17.904+0800: 77.642: [CMS-concurrent-mark: 2.597/2.599 secs] [Times: user=5.75 sys=0.00, real=2.60 secs] 
2020-09-10T15:38:17.904+0800: 77.642: [CMS-concurrent-preclean-start]
2020-09-10T15:38:18.306+0800: 78.043: Application time: 1.0000167 seconds
2020-09-10T15:38:18.306+0800: 78.043: Total time for which application threads were stopped: 0.0001166 seconds, Stopping threads took: 0.0000381 seconds
2020-09-10T15:38:18.399+0800: 78.136: [CMS-concurrent-preclean: 0.463/0.494 secs] [Times: user=0.50 sys=0.00, real=0.49 secs] 
2020-09-10T15:38:18.399+0800: 78.136: [CMS-concurrent-abortable-preclean-start]
2020-09-10T15:38:18.399+0800: 78.136: [CMS-concurrent-abortable-preclean: 0.000/0.000 secs] [Times: user=0.00 sys=0.00, real=0.00 secs] 
2020-09-10T15:38:18.399+0800: 78.136: Application time: 0.0934456 seconds
2020-09-10T15:38:18.399+0800: 78.136: [GC (CMS Final Remark) [YG occupancy: 991206 K (1887488 K)]2020-09-10T15:38:18.399+0800: 78.136: [Rescan (parallel) , 0.4603080 secs]2020-09-10T15:38:18.859+0800: 78.597: [weak refs processing, 0.0003185 secs]2020-09-10T15:38:18.860+0800: 78.597: [class unloading, 0.0040012 secs]2020-09-10T15:38:18.864+0800: 78.601: [scrub symbol table, 0.0061430 secs]2020-09-10T15:38:18.870+0800: 78.607: [scrub string table, 0.0004112 secs][1 CMS-remark: 3784333K(4194304K)] 4775540K(6081792K), 0.4714742 secs] [Times: user=2.99 sys=0.00, real=0.47 secs] 
2020-09-10T15:38:18.870+0800: 78.608: Total time for which application threads were stopped: 0.4716236 seconds, Stopping threads took: 0.0000228 seconds
2020-09-10T15:38:18.870+0800: 78.608: [CMS-concurrent-sweep-start]
2020-09-10T15:38:19.749+0800: 79.486: [CMS-concurrent-sweep: 0.878/0.878 secs] [Times: user=0.88 sys=0.00, real=0.88 secs] 
2020-09-10T15:38:19.749+0800: 79.486: [CMS-concurrent-reset-start]
2020-09-10T15:38:19.753+0800: 79.490: [CMS-concurrent-reset: 0.004/0.004 secs] [Times: user=0.01 sys=0.00, real=0.00 secs] 
2020-09-10T15:38:20.386+0800: 80.123: Application time: 1.5154588 seconds
2020-09-10T15:38:20.386+0800: 80.124: Total time for which application threads were stopped: 0.0004272 seconds, Stopping threads took: 0.0000300 seconds
2020-09-10T15:38:20.397+0800: 80.135: Application time: 0.0108770 seconds
2020-09-10T15:38:20.397+0800: 80.135: Total time for which application threads were stopped: 0.0002071 seconds, Stopping threads took: 0.0000235 seconds
2020-09-10T15:38:20.397+0800: 80.135: Application time: 0.0000212 seconds
2020-09-10T15:38:20.398+0800: 80.135: Total time for which application threads were stopped: 0.0001710 seconds, Stopping threads took: 0.0000092 seconds
2020-09-10T15:38:20.402+0800: 80.139: Application time: 0.0043722 seconds
2020-09-10T15:38:20.402+0800: 80.140: Total time for which application threads were stopped: 0.0002793 seconds, Stopping threads took: 0.0000236 seconds
2020-09-10T15:38:20.402+0800: 80.140: Application time: 0.0000241 seconds
2020-09-10T15:38:20.403+0800: 80.140: Total time for which application threads were stopped: 0.0001924 seconds, Stopping threads took: 0.0000143 seconds
2020-09-10T15:38:21.753+0800: 81.490: Application time: 1.3501918 seconds
2020-09-10T15:38:21.753+0800: 81.490: [GC (CMS Initial Mark) [1 CMS-initial-mark: 3782975K(4194304K)] 4862523K(6081792K), 0.2791866 secs] [Times: user=0.48 sys=0.00, real=0.28 secs] 
2020-09-10T15:38:22.032+0800: 81.770: Total time for which application threads were stopped: 0.2794203 seconds, Stopping threads took: 0.0000264 seconds
2020-09-10T15:38:22.032+0800: 81.770: [CMS-concurrent-mark-start]
2020-09-10T15:38:24.574+0800: 84.312: [CMS-concurrent-mark: 2.542/2.542 secs] [Times: user=5.09 sys=0.00, real=2.54 secs] 
2020-09-10T15:38:24.574+0800: 84.312: [CMS-concurrent-preclean-start]
2020-09-10T15:38:24.616+0800: 84.353: [CMS-concurrent-preclean: 0.038/0.041 secs] [Times: user=0.05 sys=0.00, real=0.04 secs] 
2020-09-10T15:38:24.616+0800: 84.353: [CMS-concurrent-abortable-preclean-start]
2020-09-10T15:38:24.616+0800: 84.353: [CMS-concurrent-abortable-preclean: 0.000/0.000 secs] [Times: user=0.00 sys=0.00, real=0.00 secs] 
2020-09-10T15:38:24.616+0800: 84.353: Application time: 2.5837398 seconds
2020-09-10T15:38:24.616+0800: 84.353: [GC (CMS Final Remark) [YG occupancy: 1079547 K (1887488 K)]2020-09-10T15:38:24.616+0800: 84.353: [Rescan (parallel) , 0.4620820 secs]2020-09-10T15:38:25.078+0800: 84.816: [weak refs processing, 0.0003213 secs]2020-09-10T15:38:25.079+0800: 84.816: [class unloading, 0.0037651 secs]2020-09-10T15:38:25.082+0800: 84.820: [scrub symbol table, 0.0059120 secs]2020-09-10T15:38:25.088+0800: 84.826: [scrub string table, 0.0004477 secs][1 CMS-remark: 3782975K(4194304K)] 4862523K(6081792K), 0.4728283 secs] [Times: user=2.91 sys=0.00, real=0.47 secs] 
2020-09-10T15:38:25.089+0800: 84.826: Total time for which application threads were stopped: 0.4729645 seconds, Stopping threads took: 0.0000227 seconds
2020-09-10T15:38:25.089+0800: 84.826: [CMS-concurrent-sweep-start]
2020-09-10T15:38:25.960+0800: 85.698: [CMS-concurrent-sweep: 0.871/0.871 secs] [Times: user=0.88 sys=0.00, real=0.87 secs] 
2020-09-10T15:38:25.960+0800: 85.698: [CMS-concurrent-reset-start]
2020-09-10T15:38:25.965+0800: 85.702: [CMS-concurrent-reset: 0.005/0.005 secs] [Times: user=0.00 sys=0.00, real=0.00 secs] 
2020-09-10T15:38:26.090+0800: 85.827: Application time: 1.0004930 seconds
2020-09-10T15:38:26.090+0800: 85.827: Total time for which application threads were stopped: 0.0000931 seconds, Stopping threads took: 0.0000230 seconds
2020-09-10T15:38:27.965+0800: 87.702: Application time: 1.8755030 seconds
2020-09-10T15:38:27.965+0800: 87.702: [GC (CMS Initial Mark) [1 CMS-initial-mark: 3744806K(4194304K)] 4824354K(6081792K), 0.2800999 secs] [Times: user=0.59 sys=0.00, real=0.28 secs] 
2020-09-10T15:38:28.246+0800: 87.983: Total time for which application threads were stopped: 0.2802929 seconds, Stopping threads took: 0.0000257 seconds
2020-09-10T15:38:28.246+0800: 87.983: [CMS-concurrent-mark-start]
2020-09-10T15:38:30.751+0800: 90.489: [CMS-concurrent-mark: 2.506/2.506 secs] [Times: user=5.03 sys=0.00, real=2.50 secs] 
2020-09-10T15:38:30.751+0800: 90.489: [CMS-concurrent-preclean-start]
2020-09-10T15:38:30.756+0800: 90.494: [CMS-concurrent-preclean: 0.006/0.006 secs] [Times: user=0.00 sys=0.00, real=0.01 secs] 
2020-09-10T15:38:30.756+0800: 90.494: [CMS-concurrent-abortable-preclean-start]
2020-09-10T15:38:30.756+0800: 90.494: [CMS-concurrent-abortable-preclean: 0.000/0.000 secs] [Times: user=0.00 sys=0.00, real=0.00 secs] 
2020-09-10T15:38:30.757+0800: 90.494: Application time: 2.5117447 seconds
2020-09-10T15:38:30.757+0800: 90.494: [GC (CMS Final Remark) [YG occupancy: 1079548 K (1887488 K)]2020-09-10T15:38:30.757+0800: 90.495: [Rescan (parallel) , 0.4567069 secs]2020-09-10T15:38:31.214+0800: 90.951: [weak refs processing, 0.0003105 secs]2020-09-10T15:38:31.214+0800: 90.952: [class unloading, 0.0034370 secs]2020-09-10T15:38:31.217+0800: 90.955: [scrub symbol table, 0.0067483 secs]2020-09-10T15:38:31.224+0800: 90.962: [scrub string table, 0.0004157 secs][1 CMS-remark: 3744806K(4194304K)] 4824354K(6081792K), 0.4679133 secs] [Times: user=2.95 sys=0.05, real=0.47 secs] 
2020-09-10T15:38:31.225+0800: 90.962: Total time for which application threads were stopped: 0.4680482 seconds, Stopping threads took: 0.0000222 seconds
2020-09-10T15:38:31.225+0800: 90.962: [CMS-concurrent-sweep-start]
2020-09-10T15:38:32.104+0800: 91.841: [CMS-concurrent-sweep: 0.879/0.879 secs] [Times: user=0.88 sys=0.00, real=0.88 secs] 
2020-09-10T15:38:32.104+0800: 91.841: [CMS-concurrent-reset-start]
2020-09-10T15:38:32.107+0800: 91.845: [CMS-concurrent-reset: 0.003/0.003 secs] [Times: user=0.00 sys=0.00, real=0.00 secs] 
2020-09-10T15:38:34.108+0800: 93.845: Application time: 2.8821952 seconds
2020-09-10T15:38:34.108+0800: 93.845: [GC (CMS Initial Mark) [1 CMS-initial-mark: 3744805K(4194304K)] 4824353K(6081792K), 0.2882493 secs] [Times: user=0.59 sys=0.00, real=0.29 secs] 
2020-09-10T15:38:34.396+0800: 94.133: Total time for which application threads were stopped: 0.2884397 seconds, Stopping threads took: 0.0000241 seconds
2020-09-10T15:38:34.396+0800: 94.133: [CMS-concurrent-mark-start]
2020-09-10T15:38:36.899+0800: 96.637: [CMS-concurrent-mark: 2.503/2.503 secs] [Times: user=4.99 sys=0.00, real=2.50 secs] 
2020-09-10T15:38:36.899+0800: 96.637: [CMS-concurrent-preclean-start]
2020-09-10T15:38:36.903+0800: 96.641: [CMS-concurrent-preclean: 0.005/0.005 secs] [Times: user=0.00 sys=0.00, real=0.00 secs] 
2020-09-10T15:38:36.903+0800: 96.641: [CMS-concurrent-abortable-preclean-start]
2020-09-10T15:38:36.903+0800: 96.641: [CMS-concurrent-abortable-preclean: 0.000/0.000 secs] [Times: user=0.00 sys=0.00, real=0.00 secs] 
2020-09-10T15:38:36.904+0800: 96.641: Application time: 2.5082763 seconds
2020-09-10T15:38:36.904+0800: 96.641: [GC (CMS Final Remark) [YG occupancy: 1079548 K (1887488 K)]2020-09-10T15:38:36.904+0800: 96.641: [Rescan (parallel) , 0.4611752 secs]2020-09-10T15:38:37.366+0800: 97.103: [weak refs processing, 0.0003204 secs]2020-09-10T15:38:37.366+0800: 97.103: [class unloading, 0.0036281 secs]2020-09-10T15:38:37.370+0800: 97.107: [scrub symbol table, 0.0064514 secs]2020-09-10T15:38:37.376+0800: 97.113: [scrub string table, 0.0004358 secs][1 CMS-remark: 3744805K(4194304K)] 4824354K(6081792K), 0.4723183 secs] [Times: user=3.22 sys=0.00, real=0.47 secs] 
2020-09-10T15:38:37.377+0800: 97.114: Total time for which application threads were stopped: 0.4724555 seconds, Stopping threads took: 0.0000222 seconds
2020-09-10T15:38:37.377+0800: 97.114: [CMS-concurrent-sweep-start]
2020-09-10T15:38:38.249+0800: 97.987: [CMS-concurrent-sweep: 0.873/0.873 secs] [Times: user=0.86 sys=0.00, real=0.87 secs] 
2020-09-10T15:38:38.249+0800: 97.987: [CMS-concurrent-reset-start]
2020-09-10T15:38:38.253+0800: 97.991: [CMS-concurrent-reset: 0.004/0.004 secs] [Times: user=0.02 sys=0.00, real=0.00 secs] 
2020-09-10T15:38:40.254+0800: 99.991: Application time: 2.8768630 seconds
2020-09-10T15:38:40.254+0800: 99.991: [GC (CMS Initial Mark) [1 CMS-initial-mark: 3744805K(4194304K)] 4824354K(6081792K), 0.2758196 secs] [Times: user=0.47 sys=0.00, real=0.28 secs] 
2020-09-10T15:38:40.529+0800: 100.267: Total time for which application threads were stopped: 0.2760417 seconds, Stopping threads took: 0.0000224 seconds
2020-09-10T15:38:40.529+0800: 100.267: [CMS-concurrent-mark-start]
2020-09-10T15:38:43.098+0800: 102.835: [CMS-concurrent-mark: 2.569/2.569 secs] [Times: user=5.14 sys=0.00, real=2.57 secs] 
2020-09-10T15:38:43.098+0800: 102.835: [CMS-concurrent-preclean-start]
2020-09-10T15:38:43.102+0800: 102.840: [CMS-concurrent-preclean: 0.005/0.005 secs] [Times: user=0.00 sys=0.00, real=0.00 secs] 
2020-09-10T15:38:43.102+0800: 102.840: [CMS-concurrent-abortable-preclean-start]
2020-09-10T15:38:43.102+0800: 102.840: [CMS-concurrent-abortable-preclean: 0.000/0.000 secs] [Times: user=0.00 sys=0.00, real=0.00 secs] 
2020-09-10T15:38:43.103+0800: 102.840: Application time: 2.5735676 seconds
2020-09-10T15:38:43.103+0800: 102.840: [GC (CMS Final Remark) [YG occupancy: 1079548 K (1887488 K)]2020-09-10T15:38:43.103+0800: 102.840: [Rescan (parallel) , 0.4639131 secs]2020-09-10T15:38:43.567+0800: 103.304: [weak refs processing, 0.0002983 secs]2020-09-10T15:38:43.567+0800: 103.305: [class unloading, 0.0034575 secs]2020-09-10T15:38:43.571+0800: 103.308: [scrub symbol table, 0.0066747 secs]2020-09-10T15:38:43.577+0800: 103.315: [scrub string table, 0.0004359 secs][1 CMS-remark: 3744805K(4194304K)] 4824354K(6081792K), 0.4750520 secs] [Times: user=3.06 sys=0.02, real=0.48 secs] 
2020-09-10T15:38:43.578+0800: 103.315: Total time for which application threads were stopped: 0.4751867 seconds, Stopping threads took: 0.0000229 seconds
2020-09-10T15:38:43.578+0800: 103.316: [CMS-concurrent-sweep-start]
2020-09-10T15:38:44.437+0800: 104.175: [CMS-concurrent-sweep: 0.859/0.859 secs] [Times: user=0.88 sys=0.00, real=0.86 secs] 
2020-09-10T15:38:44.437+0800: 104.175: [CMS-concurrent-reset-start]
2020-09-10T15:38:44.441+0800: 104.178: [CMS-concurrent-reset: 0.003/0.003 secs] [Times: user=0.02 sys=0.00, real=0.00 secs] 
2020-09-10T15:38:46.441+0800: 106.178: Application time: 2.8625235 seconds
2020-09-10T15:38:46.441+0800: 106.178: [GC (CMS Initial Mark) [1 CMS-initial-mark: 3744805K(4194304K)] 4824354K(6081792K), 0.2941321 secs] [Times: user=0.50 sys=0.00, real=0.29 secs] 
2020-09-10T15:38:46.735+0800: 106.472: Total time for which application threads were stopped: 0.2943666 seconds, Stopping threads took: 0.0000344 seconds
2020-09-10T15:38:46.735+0800: 106.472: [CMS-concurrent-mark-start]
2020-09-10T15:38:49.270+0800: 109.008: [CMS-concurrent-mark: 2.536/2.536 secs] [Times: user=5.08 sys=0.00, real=2.54 secs] 
2020-09-10T15:38:49.270+0800: 109.008: [CMS-concurrent-preclean-start]
2020-09-10T15:38:49.275+0800: 109.013: [CMS-concurrent-preclean: 0.005/0.005 secs] [Times: user=0.00 sys=0.00, real=0.01 secs] 
2020-09-10T15:38:49.275+0800: 109.013: [CMS-concurrent-abortable-preclean-start]
2020-09-10T15:38:49.275+0800: 109.013: [CMS-concurrent-abortable-preclean: 0.000/0.000 secs] [Times: user=0.00 sys=0.00, real=0.00 secs] 
2020-09-10T15:38:49.275+0800: 109.013: Application time: 2.5406709 seconds
2020-09-10T15:38:49.275+0800: 109.013: [GC (CMS Final Remark) [YG occupancy: 1079549 K (1887488 K)]2020-09-10T15:38:49.275+0800: 109.013: [Rescan (parallel) , 0.4648830 secs]2020-09-10T15:38:49.740+0800: 109.478: [weak refs processing, 0.0003009 secs]2020-09-10T15:38:49.741+0800: 109.478: [class unloading, 0.0036822 secs]2020-09-10T15:38:49.744+0800: 109.482: [scrub symbol table, 0.0061685 secs]2020-09-10T15:38:49.751+0800: 109.488: [scrub string table, 0.0004346 secs][1 CMS-remark: 3744805K(4194304K)] 4824354K(6081792K), 0.4757740 secs] [Times: user=3.11 sys=0.01, real=0.48 secs] 
2020-09-10T15:38:49.751+0800: 109.489: Total time for which application threads were stopped: 0.4759136 seconds, Stopping threads took: 0.0000213 seconds
2020-09-10T15:38:49.751+0800: 109.489: [CMS-concurrent-sweep-start]
2020-09-10T15:38:50.609+0800: 110.347: [CMS-concurrent-sweep: 0.858/0.858 secs] [Times: user=0.84 sys=0.00, real=0.86 secs] 
2020-09-10T15:38:50.609+0800: 110.347: [CMS-concurrent-reset-start]
2020-09-10T15:38:50.614+0800: 110.352: [CMS-concurrent-reset: 0.004/0.004 secs] [Times: user=0.02 sys=0.00, real=0.01 secs] 
2020-09-10T15:38:52.614+0800: 112.351: Application time: 2.8616966 seconds
2020-09-10T15:38:52.614+0800: 112.351: [GC (CMS Initial Mark) [1 CMS-initial-mark: 3744805K(4194304K)] 4824354K(6081792K), 0.2762738 secs] [Times: user=0.47 sys=0.00, real=0.27 secs] 
2020-09-10T15:38:52.889+0800: 112.627: Total time for which application threads were stopped: 0.2764600 seconds, Stopping threads took: 0.0000231 seconds
2020-09-10T15:38:52.889+0800: 112.627: [CMS-concurrent-mark-start]
2020-09-10T15:38:55.472+0800: 115.209: [CMS-concurrent-mark: 2.582/2.582 secs] [Times: user=5.19 sys=0.00, real=2.58 secs] 
2020-09-10T15:38:55.472+0800: 115.209: [CMS-concurrent-preclean-start]
2020-09-10T15:38:55.476+0800: 115.214: [CMS-concurrent-preclean: 0.005/0.005 secs] [Times: user=0.00 sys=0.00, real=0.00 secs] 
2020-09-10T15:38:55.476+0800: 115.214: [CMS-concurrent-abortable-preclean-start]
2020-09-10T15:38:55.476+0800: 115.214: [CMS-concurrent-abortable-preclean: 0.000/0.000 secs] [Times: user=0.00 sys=0.00, real=0.00 secs] 
2020-09-10T15:38:55.476+0800: 115.214: Application time: 2.5870901 seconds
2020-09-10T15:38:55.477+0800: 115.214: [GC (CMS Final Remark) [YG occupancy: 1079549 K (1887488 K)]2020-09-10T15:38:55.477+0800: 115.214: [Rescan (parallel) , 0.4597987 secs]2020-09-10T15:38:55.937+0800: 115.674: [weak refs processing, 0.0002982 secs]2020-09-10T15:38:55.937+0800: 115.675: [class unloading, 0.0035942 secs]2020-09-10T15:38:55.941+0800: 115.678: [scrub symbol table, 0.0070933 secs]2020-09-10T15:38:55.948+0800: 115.685: [scrub string table, 0.0004094 secs][1 CMS-remark: 3744805K(4194304K)] 4824354K(6081792K), 0.4714750 secs] [Times: user=2.99 sys=0.00, real=0.47 secs] 
2020-09-10T15:38:55.948+0800: 115.686: Total time for which application threads were stopped: 0.4716136 seconds, Stopping threads took: 0.0000236 seconds
2020-09-10T15:38:55.948+0800: 115.686: [CMS-concurrent-sweep-start]
2020-09-10T15:38:56.841+0800: 116.578: [CMS-concurrent-sweep: 0.892/0.892 secs] [Times: user=0.89 sys=0.00, real=0.89 secs] 
2020-09-10T15:38:56.841+0800: 116.578: [CMS-concurrent-reset-start]
2020-09-10T15:38:56.845+0800: 116.583: [CMS-concurrent-reset: 0.004/0.004 secs] [Times: user=0.02 sys=0.00, real=0.00 secs] 
2020-09-10T15:38:58.845+0800: 118.582: Application time: 2.8961167 seconds
2020-09-10T15:38:58.845+0800: 118.582: [GC (CMS Initial Mark) [1 CMS-initial-mark: 3744804K(4194304K)] 4824354K(6081792K), 0.2784598 secs] [Times: user=0.47 sys=0.00, real=0.28 secs] 
2020-09-10T15:38:59.123+0800: 118.861: Total time for which application threads were stopped: 0.2786630 seconds, Stopping threads took: 0.0000275 seconds
2020-09-10T15:38:59.123+0800: 118.861: [CMS-concurrent-mark-start]
2020-09-10T15:39:01.664+0800: 121.401: [CMS-concurrent-mark: 2.540/2.540 secs] [Times: user=5.09 sys=0.00, real=2.54 secs] 
2020-09-10T15:39:01.664+0800: 121.401: [CMS-concurrent-preclean-start]
2020-09-10T15:39:01.668+0800: 121.405: [CMS-concurrent-preclean: 0.005/0.005 secs] [Times: user=0.00 sys=0.00, real=0.00 secs] 
2020-09-10T15:39:01.668+0800: 121.405: [CMS-concurrent-abortable-preclean-start]
2020-09-10T15:39:01.668+0800: 121.405: [CMS-concurrent-abortable-preclean: 0.000/0.000 secs] [Times: user=0.00 sys=0.00, real=0.00 secs] 
2020-09-10T15:39:01.668+0800: 121.405: Application time: 2.5448079 seconds
2020-09-10T15:39:01.668+0800: 121.406: [GC (CMS Final Remark) [YG occupancy: 1079549 K (1887488 K)]2020-09-10T15:39:01.668+0800: 121.406: [Rescan (parallel) , 0.4576863 secs]2020-09-10T15:39:02.126+0800: 121.863: [weak refs processing, 0.0003264 secs]2020-09-10T15:39:02.126+0800: 121.864: [class unloading, 0.0044258 secs]2020-09-10T15:39:02.130+0800: 121.868: [scrub symbol table, 0.0062543 secs]2020-09-10T15:39:02.137+0800: 121.874: [scrub string table, 0.0004095 secs][1 CMS-remark: 3744804K(4194304K)] 4824354K(6081792K), 0.4694056 secs] [Times: user=3.02 sys=0.00, real=0.47 secs] 
2020-09-10T15:39:02.137+0800: 121.875: Total time for which application threads were stopped: 0.4695406 seconds, Stopping threads took: 0.0000230 seconds
2020-09-10T15:39:02.137+0800: 121.875: [CMS-concurrent-sweep-start]
2020-09-10T15:39:03.013+0800: 122.750: [CMS-concurrent-sweep: 0.875/0.875 secs] [Times: user=0.88 sys=0.00, real=0.88 secs] 
2020-09-10T15:39:03.013+0800: 122.750: [CMS-concurrent-reset-start]
2020-09-10T15:39:03.017+0800: 122.754: [CMS-concurrent-reset: 0.004/0.004 secs] [Times: user=0.02 sys=0.00, real=0.00 secs] 
2020-09-10T15:39:05.016+0800: 124.754: Application time: 2.8785958 seconds
2020-09-10T15:39:05.016+0800: 124.754: [GC (CMS Initial Mark) [1 CMS-initial-mark: 3744804K(4194304K)] 4824354K(6081792K), 0.2874282 secs] [Times: user=0.48 sys=0.00, real=0.29 secs] 
2020-09-10T15:39:05.304+0800: 125.041: Total time for which application threads were stopped: 0.2876186 seconds, Stopping threads took: 0.0000244 seconds
2020-09-10T15:39:05.304+0800: 125.041: [CMS-concurrent-mark-start]
2020-09-10T15:39:07.839+0800: 127.576: [CMS-concurrent-mark: 2.535/2.535 secs] [Times: user=5.06 sys=0.00, real=2.54 secs] 
2020-09-10T15:39:07.839+0800: 127.576: [CMS-concurrent-preclean-start]
2020-09-10T15:39:07.844+0800: 127.581: [CMS-concurrent-preclean: 0.005/0.005 secs] [Times: user=0.00 sys=0.00, real=0.01 secs] 
2020-09-10T15:39:07.844+0800: 127.581: [CMS-concurrent-abortable-preclean-start]
2020-09-10T15:39:07.844+0800: 127.581: [CMS-concurrent-abortable-preclean: 0.000/0.000 secs] [Times: user=0.00 sys=0.00, real=0.00 secs] 
2020-09-10T15:39:07.844+0800: 127.581: Application time: 2.5399400 seconds
2020-09-10T15:39:07.844+0800: 127.581: [GC (CMS Final Remark) [YG occupancy: 1079550 K (1887488 K)]2020-09-10T15:39:07.844+0800: 127.581: [Rescan (parallel) , 0.4645173 secs]2020-09-10T15:39:08.309+0800: 128.046: [weak refs processing, 0.0003642 secs]2020-09-10T15:39:08.309+0800: 128.046: [class unloading, 0.0038719 secs]2020-09-10T15:39:08.313+0800: 128.050: [scrub symbol table, 0.0059996 secs]2020-09-10T15:39:08.319+0800: 128.056: [scrub string table, 0.0004117 secs][1 CMS-remark: 3744804K(4194304K)] 4824354K(6081792K), 0.4754769 secs] [Times: user=3.09 sys=0.02, real=0.48 secs] 
2020-09-10T15:39:08.320+0800: 128.057: Total time for which application threads were stopped: 0.4756095 seconds, Stopping threads took: 0.0000214 seconds
2020-09-10T15:39:08.320+0800: 128.057: [CMS-concurrent-sweep-start]
2020-09-10T15:39:09.177+0800: 128.914: [CMS-concurrent-sweep: 0.857/0.857 secs] [Times: user=0.86 sys=0.00, real=0.86 secs] 
2020-09-10T15:39:09.177+0800: 128.914: [CMS-concurrent-reset-start]
2020-09-10T15:39:09.181+0800: 128.918: [CMS-concurrent-reset: 0.004/0.004 secs] [Times: user=0.00 sys=0.00, real=0.00 secs] 
2020-09-10T15:39:11.181+0800: 130.918: Application time: 2.8609357 seconds
2020-09-10T15:39:11.181+0800: 130.918: [GC (CMS Initial Mark) [1 CMS-initial-mark: 3744804K(4194304K)] 4829148K(6081792K), 0.2976380 secs] [Times: user=0.53 sys=0.00, real=0.30 secs] 
2020-09-10T15:39:11.478+0800: 131.216: Total time for which application threads were stopped: 0.2978619 seconds, Stopping threads took: 0.0000295 seconds
2020-09-10T15:39:11.478+0800: 131.216: [CMS-concurrent-mark-start]
2020-09-10T15:39:14.021+0800: 133.758: [CMS-concurrent-mark: 2.543/2.543 secs] [Times: user=5.09 sys=0.00, real=2.54 secs] 
2020-09-10T15:39:14.021+0800: 133.759: [CMS-concurrent-preclean-start]
2020-09-10T15:39:14.026+0800: 133.763: [CMS-concurrent-preclean: 0.005/0.005 secs] [Times: user=0.00 sys=0.00, real=0.01 secs] 
2020-09-10T15:39:14.026+0800: 133.763: [CMS-concurrent-abortable-preclean-start]
2020-09-10T15:39:14.026+0800: 133.763: [CMS-concurrent-abortable-preclean: 0.000/0.000 secs] [Times: user=0.00 sys=0.00, real=0.00 secs] 
2020-09-10T15:39:14.026+0800: 133.763: Application time: 2.5479348 seconds
2020-09-10T15:39:14.026+0800: 133.764: [GC (CMS Final Remark) [YG occupancy: 1084343 K (1887488 K)]2020-09-10T15:39:14.026+0800: 133.764: [Rescan (parallel) , 0.4625816 secs]2020-09-10T15:39:14.489+0800: 134.226: [weak refs processing, 0.0003437 secs]2020-09-10T15:39:14.490+0800: 134.227: [class unloading, 0.0042702 secs]2020-09-10T15:39:14.494+0800: 134.231: [scrub symbol table, 0.0061907 secs]2020-09-10T15:39:14.500+0800: 134.237: [scrub string table, 0.0004112 secs][1 CMS-remark: 3744804K(4194304K)] 4829148K(6081792K), 0.4741627 secs] [Times: user=3.00 sys=0.03, real=0.47 secs] 
2020-09-10T15:39:14.501+0800: 134.238: Total time for which application threads were stopped: 0.4742912 seconds, Stopping threads took: 0.0000219 seconds
2020-09-10T15:39:14.501+0800: 134.238: [CMS-concurrent-sweep-start]
2020-09-10T15:39:15.377+0800: 135.114: [CMS-concurrent-sweep: 0.876/0.876 secs] [Times: user=0.89 sys=0.00, real=0.88 secs] 
2020-09-10T15:39:15.377+0800: 135.114: [CMS-concurrent-reset-start]
2020-09-10T15:39:15.381+0800: 135.118: [CMS-concurrent-reset: 0.004/0.004 secs] [Times: user=0.00 sys=0.00, real=0.00 secs] 
2020-09-10T15:39:17.381+0800: 137.118: Application time: 2.8798741 seconds
2020-09-10T15:39:17.381+0800: 137.118: [GC (CMS Initial Mark) [1 CMS-initial-mark: 3744804K(4194304K)] 4829148K(6081792K), 0.2952020 secs] [Times: user=0.50 sys=0.00, real=0.29 secs] 
2020-09-10T15:39:17.675+0800: 137.413: Total time for which application threads were stopped: 0.2953928 seconds, Stopping threads took: 0.0000231 seconds
2020-09-10T15:39:17.675+0800: 137.413: [CMS-concurrent-mark-start]
2020-09-10T15:39:20.217+0800: 139.955: [CMS-concurrent-mark: 2.542/2.542 secs] [Times: user=5.05 sys=0.00, real=2.54 secs] 
2020-09-10T15:39:20.217+0800: 139.955: [CMS-concurrent-preclean-start]
2020-09-10T15:39:20.222+0800: 139.960: [CMS-concurrent-preclean: 0.005/0.005 secs] [Times: user=0.02 sys=0.00, real=0.00 secs] 
2020-09-10T15:39:20.222+0800: 139.960: [CMS-concurrent-abortable-preclean-start]
2020-09-10T15:39:20.222+0800: 139.960: [CMS-concurrent-abortable-preclean: 0.000/0.000 secs] [Times: user=0.00 sys=0.00, real=0.00 secs] 
2020-09-10T15:39:20.222+0800: 139.960: Application time: 2.5468276 seconds
2020-09-10T15:39:20.222+0800: 139.960: [GC (CMS Final Remark) [YG occupancy: 1084343 K (1887488 K)]2020-09-10T15:39:20.222+0800: 139.960: [Rescan (parallel) , 0.4671648 secs]2020-09-10T15:39:20.690+0800: 140.427: [weak refs processing, 0.0002984 secs]2020-09-10T15:39:20.690+0800: 140.428: [class unloading, 0.0037909 secs]2020-09-10T15:39:20.694+0800: 140.431: [scrub symbol table, 0.0065508 secs]2020-09-10T15:39:20.700+0800: 140.438: [scrub string table, 0.0004328 secs][1 CMS-remark: 3744804K(4194304K)] 4829148K(6081792K), 0.4785283 secs] [Times: user=2.92 sys=0.03, real=0.48 secs] 
2020-09-10T15:39:20.701+0800: 140.439: Total time for which application threads were stopped: 0.4786571 seconds, Stopping threads took: 0.0000225 seconds
2020-09-10T15:39:20.701+0800: 140.439: [CMS-concurrent-sweep-start]
2020-09-10T15:39:21.573+0800: 141.310: [CMS-concurrent-sweep: 0.872/0.872 secs] [Times: user=0.88 sys=0.00, real=0.87 secs] 
2020-09-10T15:39:21.573+0800: 141.310: [CMS-concurrent-reset-start]
2020-09-10T15:39:21.577+0800: 141.314: [CMS-concurrent-reset: 0.004/0.004 secs] [Times: user=0.00 sys=0.00, real=0.00 secs] 
2020-09-10T15:39:23.579+0800: 143.316: Application time: 2.8770486 seconds
2020-09-10T15:39:23.579+0800: 143.316: [GC (CMS Initial Mark) [1 CMS-initial-mark: 3744804K(4194304K)] 4829148K(6081792K), 0.2861018 secs] [Times: user=0.58 sys=0.00, real=0.29 secs] 
2020-09-10T15:39:23.865+0800: 143.602: Total time for which application threads were stopped: 0.2863263 seconds, Stopping threads took: 0.0000293 seconds
2020-09-10T15:39:23.865+0800: 143.602: [CMS-concurrent-mark-start]
2020-09-10T15:39:26.367+0800: 146.104: [CMS-concurrent-mark: 2.503/2.503 secs] [Times: user=5.00 sys=0.00, real=2.50 secs] 
2020-09-10T15:39:26.367+0800: 146.105: [CMS-concurrent-preclean-start]
2020-09-10T15:39:26.372+0800: 146.109: [CMS-concurrent-preclean: 0.005/0.005 secs] [Times: user=0.00 sys=0.00, real=0.00 secs] 
2020-09-10T15:39:26.372+0800: 146.109: [CMS-concurrent-abortable-preclean-start]
2020-09-10T15:39:26.372+0800: 146.109: [CMS-concurrent-abortable-preclean: 0.000/0.000 secs] [Times: user=0.00 sys=0.00, real=0.00 secs] 
2020-09-10T15:39:26.372+0800: 146.109: Application time: 2.5074521 seconds
2020-09-10T15:39:26.372+0800: 146.109: [GC (CMS Final Remark) [YG occupancy: 1084343 K (1887488 K)]2020-09-10T15:39:26.372+0800: 146.109: [Rescan (parallel) , 0.4591003 secs]2020-09-10T15:39:26.831+0800: 146.569: [weak refs processing, 0.0003060 secs]2020-09-10T15:39:26.831+0800: 146.569: [class unloading, 0.0035609 secs]2020-09-10T15:39:26.835+0800: 146.573: [scrub symbol table, 0.0057199 secs]2020-09-10T15:39:26.840+0800: 146.578: [scrub string table, 0.0004374 secs][1 CMS-remark: 3744804K(4194304K)] 4829148K(6081792K), 0.4694184 secs] [Times: user=3.06 sys=0.05, real=0.47 secs] 
2020-09-10T15:39:26.841+0800: 146.579: Total time for which application threads were stopped: 0.4695603 seconds, Stopping threads took: 0.0000226 seconds
2020-09-10T15:39:26.841+0800: 146.579: [CMS-concurrent-sweep-start]
2020-09-10T15:39:27.728+0800: 147.466: [CMS-concurrent-sweep: 0.887/0.887 secs] [Times: user=0.89 sys=0.00, real=0.89 secs] 
2020-09-10T15:39:27.728+0800: 147.466: [CMS-concurrent-reset-start]
2020-09-10T15:39:27.732+0800: 147.470: [CMS-concurrent-reset: 0.004/0.004 secs] [Times: user=0.00 sys=0.00, real=0.00 secs] 
2020-09-10T15:39:29.734+0800: 149.471: Application time: 2.8918303 seconds
2020-09-10T15:39:29.734+0800: 149.471: [GC (CMS Initial Mark) [1 CMS-initial-mark: 3744804K(4194304K)] 4829148K(6081792K), 0.2905545 secs] [Times: user=0.61 sys=0.00, real=0.29 secs] 
2020-09-10T15:39:30.024+0800: 149.762: Total time for which application threads were stopped: 0.2907374 seconds, Stopping threads took: 0.0000225 seconds
2020-09-10T15:39:30.024+0800: 149.762: [CMS-concurrent-mark-start]
2020-09-10T15:39:32.025+0800: 151.762: Application time: 2.0001421 seconds
2020-09-10T15:39:32.025+0800: 151.762: Total time for which application threads were stopped: 0.0001243 seconds, Stopping threads took: 0.0000395 seconds
2020-09-10T15:39:32.745+0800: 152.482: [CMS-concurrent-mark: 2.719/2.721 secs] [Times: user=5.41 sys=0.00, real=2.72 secs] 
2020-09-10T15:39:32.745+0800: 152.482: [CMS-concurrent-preclean-start]
2020-09-10T15:39:32.750+0800: 152.487: [CMS-concurrent-preclean: 0.005/0.005 secs] [Times: user=0.00 sys=0.00, real=0.01 secs] 
2020-09-10T15:39:32.750+0800: 152.487: [CMS-concurrent-abortable-preclean-start]
2020-09-10T15:39:32.750+0800: 152.487: [CMS-concurrent-abortable-preclean: 0.000/0.000 secs] [Times: user=0.00 sys=0.00, real=0.00 secs] 
2020-09-10T15:39:32.750+0800: 152.487: Application time: 0.7253306 seconds
2020-09-10T15:39:32.750+0800: 152.487: [GC (CMS Final Remark) [YG occupancy: 1084343 K (1887488 K)]2020-09-10T15:39:32.750+0800: 152.487: [Rescan (parallel) , 0.4760395 secs]2020-09-10T15:39:33.226+0800: 152.963: [weak refs processing, 0.0004184 secs]2020-09-10T15:39:33.226+0800: 152.964: [class unloading, 0.0079185 secs]2020-09-10T15:39:33.234+0800: 152.972: [scrub symbol table, 0.0155735 secs]2020-09-10T15:39:33.250+0800: 152.988: [scrub string table, 0.0008376 secs][1 CMS-remark: 3744804K(4194304K)] 4829148K(6081792K), 0.5013557 secs] [Times: user=2.89 sys=0.03, real=0.50 secs] 
2020-09-10T15:39:33.251+0800: 152.989: Total time for which application threads were stopped: 0.5015092 seconds, Stopping threads took: 0.0000214 seconds
2020-09-10T15:39:33.251+0800: 152.989: [CMS-concurrent-sweep-start]
2020-09-10T15:39:34.191+0800: 153.928: [CMS-concurrent-sweep: 0.940/0.940 secs] [Times: user=0.92 sys=0.00, real=0.94 secs] 
2020-09-10T15:39:34.191+0800: 153.928: [CMS-concurrent-reset-start]
2020-09-10T15:39:34.197+0800: 153.934: [CMS-concurrent-reset: 0.005/0.005 secs] [Times: user=0.00 sys=0.00, real=0.01 secs] 
2020-09-10T15:39:34.892+0800: 154.629: Application time: 1.6403403 seconds
2020-09-10T15:39:34.892+0800: 154.629: Total time for which application threads were stopped: 0.0001394 seconds, Stopping threads took: 0.0000302 seconds
2020-09-10T15:39:34.893+0800: 154.630: Application time: 0.0006731 seconds
2020-09-10T15:39:34.893+0800: 154.630: Total time for which application threads were stopped: 0.0001548 seconds, Stopping threads took: 0.0000264 seconds
2020-09-10T15:39:34.945+0800: 154.683: Application time: 0.0529042 seconds
2020-09-10T15:39:34.947+0800: 154.685: Total time for which application threads were stopped: 0.0019339 seconds, Stopping threads took: 0.0000327 seconds
2020-09-10T15:39:34.949+0800: 154.687: Application time: 0.0022714 seconds
2020-09-10T15:39:34.950+0800: 154.688: Total time for which application threads were stopped: 0.0004779 seconds, Stopping threads took: 0.0000200 seconds
2020-09-10T15:39:35.040+0800: 154.777: Application time: 0.0899542 seconds
2020-09-10T15:39:35.040+0800: 154.778: Total time for which application threads were stopped: 0.0005061 seconds, Stopping threads took: 0.0000526 seconds
2020-09-10T15:39:35.080+0800: 154.818: Application time: 0.0400216 seconds
2020-09-10T15:39:35.081+0800: 154.819: Total time for which application threads were stopped: 0.0007408 seconds, Stopping threads took: 0.0000347 seconds
2020-09-10T15:39:35.154+0800: 154.891: Application time: 0.0724856 seconds
2020-09-10T15:39:35.154+0800: 154.892: Total time for which application threads were stopped: 0.0004293 seconds, Stopping threads took: 0.0000170 seconds
2020-09-10T15:39:35.182+0800: 154.919: Application time: 0.0271293 seconds
2020-09-10T15:39:35.182+0800: 154.919: Total time for which application threads were stopped: 0.0003125 seconds, Stopping threads took: 0.0000607 seconds
2020-09-10T15:39:35.184+0800: 154.921: Application time: 0.0022566 seconds
2020-09-10T15:39:35.184+0800: 154.922: Total time for which application threads were stopped: 0.0001625 seconds, Stopping threads took: 0.0000270 seconds
2020-09-10T15:39:35.185+0800: 154.922: Application time: 0.0002555 seconds
2020-09-10T15:39:35.185+0800: 154.922: Total time for which application threads were stopped: 0.0001525 seconds, Stopping threads took: 0.0000246 seconds
2020-09-10T15:39:35.185+0800: 154.922: Application time: 0.0002079 seconds
2020-09-10T15:39:35.185+0800: 154.922: Total time for which application threads were stopped: 0.0001692 seconds, Stopping threads took: 0.0000213 seconds
2020-09-10T15:39:36.185+0800: 155.923: Application time: 1.0002012 seconds
2020-09-10T15:39:36.185+0800: 155.923: Total time for which application threads were stopped: 0.0001279 seconds, Stopping threads took: 0.0000270 seconds
2020-09-10T15:39:36.197+0800: 155.934: Application time: 0.0117657 seconds
2020-09-10T15:39:36.197+0800: 155.935: [GC (CMS Initial Mark) [1 CMS-initial-mark: 3744804K(4194304K)] 4869895K(6081792K), 0.3016546 secs] [Times: user=0.59 sys=0.00, real=0.30 secs] 
2020-09-10T15:39:36.499+0800: 156.236: Total time for which application threads were stopped: 0.3019210 seconds, Stopping threads took: 0.0000544 seconds
2020-09-10T15:39:36.499+0800: 156.236: [CMS-concurrent-mark-start]
2020-09-10T15:39:38.501+0800: 158.238: Application time: 2.0015839 seconds
2020-09-10T15:39:38.501+0800: 158.238: Total time for which application threads were stopped: 0.0001057 seconds, Stopping threads took: 0.0000285 seconds
2020-09-10T15:39:39.315+0800: 159.052: [CMS-concurrent-mark: 2.814/2.816 secs] [Times: user=5.63 sys=0.00, real=2.82 secs] 
2020-09-10T15:39:39.315+0800: 159.052: [CMS-concurrent-preclean-start]
2020-09-10T15:39:39.321+0800: 159.058: [CMS-concurrent-preclean: 0.006/0.006 secs] [Times: user=0.00 sys=0.00, real=0.01 secs] 
2020-09-10T15:39:39.321+0800: 159.058: [CMS-concurrent-abortable-preclean-start]
2020-09-10T15:39:39.321+0800: 159.058: [CMS-concurrent-abortable-preclean: 0.000/0.000 secs] [Times: user=0.00 sys=0.00, real=0.00 secs] 
2020-09-10T15:39:39.321+0800: 159.058: Application time: 0.8199296 seconds
2020-09-10T15:39:39.321+0800: 159.058: [GC (CMS Final Remark) [YG occupancy: 1125091 K (1887488 K)]2020-09-10T15:39:39.321+0800: 159.058: [Rescan (parallel) , 0.5409531 secs]2020-09-10T15:39:39.862+0800: 159.599: [weak refs processing, 0.0005807 secs]2020-09-10T15:39:39.863+0800: 159.600: [class unloading, 0.0045751 secs]2020-09-10T15:39:39.867+0800: 159.604: [scrub symbol table, 0.0076099 secs]2020-09-10T15:39:39.875+0800: 159.612: [scrub string table, 0.0004869 secs][1 CMS-remark: 3744804K(4194304K)] 4869895K(6081792K), 0.5545810 secs] [Times: user=3.13 sys=0.06, real=0.55 secs] 
2020-09-10T15:39:39.875+0800: 159.613: Total time for which application threads were stopped: 0.5547158 seconds, Stopping threads took: 0.0000227 seconds
2020-09-10T15:39:39.875+0800: 159.613: [CMS-concurrent-sweep-start]
2020-09-10T15:39:40.812+0800: 160.550: [CMS-concurrent-sweep: 0.937/0.937 secs] [Times: user=0.95 sys=0.00, real=0.94 secs] 
2020-09-10T15:39:40.813+0800: 160.550: [CMS-concurrent-reset-start]
2020-09-10T15:39:40.816+0800: 160.554: [CMS-concurrent-reset: 0.004/0.004 secs] [Times: user=0.00 sys=0.00, real=0.00 secs] 
2020-09-10T15:39:42.816+0800: 162.553: Application time: 2.9402936 seconds
2020-09-10T15:39:42.816+0800: 162.553: [GC (CMS Initial Mark) [1 CMS-initial-mark: 3744667K(4194304K)] 4869758K(6081792K), 0.2939018 secs] [Times: user=0.49 sys=0.00, real=0.29 secs] 
2020-09-10T15:39:43.110+0800: 162.847: Total time for which application threads were stopped: 0.2941128 seconds, Stopping threads took: 0.0000264 seconds
2020-09-10T15:39:43.110+0800: 162.847: [CMS-concurrent-mark-start]
2020-09-10T15:39:45.680+0800: 165.417: [CMS-concurrent-mark: 2.570/2.570 secs] [Times: user=5.14 sys=0.00, real=2.57 secs] 
2020-09-10T15:39:45.680+0800: 165.417: [CMS-concurrent-preclean-start]
2020-09-10T15:39:45.685+0800: 165.422: [CMS-concurrent-preclean: 0.005/0.005 secs] [Times: user=0.00 sys=0.00, real=0.00 secs] 
2020-09-10T15:39:45.685+0800: 165.422: [CMS-concurrent-abortable-preclean-start]
2020-09-10T15:39:45.685+0800: 165.422: [CMS-concurrent-abortable-preclean: 0.000/0.000 secs] [Times: user=0.00 sys=0.00, real=0.00 secs] 
2020-09-10T15:39:45.685+0800: 165.422: Application time: 2.5750416 seconds
2020-09-10T15:39:45.685+0800: 165.422: [GC (CMS Final Remark) [YG occupancy: 1125091 K (1887488 K)]2020-09-10T15:39:45.685+0800: 165.422: [Rescan (parallel) , 0.4686357 secs]2020-09-10T15:39:46.154+0800: 165.891: [weak refs processing, 0.0003118 secs]2020-09-10T15:39:46.154+0800: 165.891: [class unloading, 0.0037590 secs]2020-09-10T15:39:46.158+0800: 165.895: [scrub symbol table, 0.0075956 secs]2020-09-10T15:39:46.166+0800: 165.903: [scrub string table, 0.0004320 secs][1 CMS-remark: 3744667K(4194304K)] 4869758K(6081792K), 0.4810239 secs] [Times: user=3.19 sys=0.00, real=0.48 secs] 
2020-09-10T15:39:46.166+0800: 165.903: Total time for which application threads were stopped: 0.4811577 seconds, Stopping threads took: 0.0000218 seconds
2020-09-10T15:39:46.166+0800: 165.903: [CMS-concurrent-sweep-start]
2020-09-10T15:39:47.021+0800: 166.758: [CMS-concurrent-sweep: 0.854/0.854 secs] [Times: user=0.86 sys=0.00, real=0.86 secs] 
2020-09-10T15:39:47.021+0800: 166.758: [CMS-concurrent-reset-start]
2020-09-10T15:39:47.025+0800: 166.762: [CMS-concurrent-reset: 0.004/0.004 secs] [Times: user=0.00 sys=0.00, real=0.00 secs] 
2020-09-10T15:39:49.026+0800: 168.763: Application time: 2.8593964 seconds
2020-09-10T15:39:49.026+0800: 168.763: [GC (CMS Initial Mark) [1 CMS-initial-mark: 3744667K(4194304K)] 4869758K(6081792K), 0.3044917 secs] [Times: user=0.61 sys=0.00, real=0.30 secs] 
2020-09-10T15:39:49.330+0800: 169.067: Total time for which application threads were stopped: 0.3046812 seconds, Stopping threads took: 0.0000229 seconds
2020-09-10T15:39:49.330+0800: 169.067: [CMS-concurrent-mark-start]
2020-09-10T15:39:51.941+0800: 171.678: [CMS-concurrent-mark: 2.610/2.610 secs] [Times: user=5.22 sys=0.00, real=2.61 secs] 
2020-09-10T15:39:51.941+0800: 171.678: [CMS-concurrent-preclean-start]
2020-09-10T15:39:51.946+0800: 171.683: [CMS-concurrent-preclean: 0.005/0.005 secs] [Times: user=0.00 sys=0.00, real=0.01 secs] 
2020-09-10T15:39:51.946+0800: 171.683: [CMS-concurrent-abortable-preclean-start]
2020-09-10T15:39:51.946+0800: 171.683: [CMS-concurrent-abortable-preclean: 0.000/0.000 secs] [Times: user=0.00 sys=0.00, real=0.00 secs] 
2020-09-10T15:39:51.946+0800: 171.683: Application time: 2.6156747 seconds
2020-09-10T15:39:51.946+0800: 171.683: [GC (CMS Final Remark) [YG occupancy: 1125091 K (1887488 K)]2020-09-10T15:39:51.946+0800: 171.683: [Rescan (parallel) , 0.4661769 secs]2020-09-10T15:39:52.412+0800: 172.150: [weak refs processing, 0.0009152 secs]2020-09-10T15:39:52.413+0800: 172.151: [class unloading, 0.0047809 secs]2020-09-10T15:39:52.418+0800: 172.155: [scrub symbol table, 0.0078198 secs]2020-09-10T15:39:52.425+0800: 172.163: [scrub string table, 0.0004672 secs][1 CMS-remark: 3744667K(4194304K)] 4869758K(6081792K), 0.4805573 secs] [Times: user=3.08 sys=0.05, real=0.48 secs] 
2020-09-10T15:39:52.426+0800: 172.164: Total time for which application threads were stopped: 0.4806913 seconds, Stopping threads took: 0.0000203 seconds
2020-09-10T15:39:52.426+0800: 172.164: [CMS-concurrent-sweep-start]
2020-09-10T15:39:53.301+0800: 173.039: [CMS-concurrent-sweep: 0.875/0.875 secs] [Times: user=0.88 sys=0.00, real=0.88 secs] 
2020-09-10T15:39:53.301+0800: 173.039: [CMS-concurrent-reset-start]
2020-09-10T15:39:53.305+0800: 173.043: [CMS-concurrent-reset: 0.004/0.004 secs] [Times: user=0.00 sys=0.00, real=0.00 secs] 
2020-09-10T15:39:55.305+0800: 175.043: Application time: 2.8786779 seconds
2020-09-10T15:39:55.305+0800: 175.043: [GC (CMS Initial Mark) [1 CMS-initial-mark: 3744665K(4194304K)] 4869756K(6081792K), 0.3019355 secs] [Times: user=0.61 sys=0.00, real=0.30 secs] 
2020-09-10T15:39:55.608+0800: 175.345: Total time for which application threads were stopped: 0.3021363 seconds, Stopping threads took: 0.0000267 seconds
2020-09-10T15:39:55.608+0800: 175.345: [CMS-concurrent-mark-start]
2020-09-10T15:39:57.825+0800: 177.563: Application time: 2.2185905 seconds
2020-09-10T15:39:57.827+0800: 177.565: Total time for which application threads were stopped: 0.0013647 seconds, Stopping threads took: 0.0000220 seconds
2020-09-10T15:39:58.169+0800: 177.907: [CMS-concurrent-mark: 2.561/2.563 secs] [Times: user=5.13 sys=0.00, real=2.56 secs] 
2020-09-10T15:39:58.170+0800: 177.907: [CMS-concurrent-preclean-start]
2020-09-10T15:39:58.174+0800: 177.912: [CMS-concurrent-preclean: 0.005/0.005 secs] [Times: user=0.01 sys=0.00, real=0.00 secs] 
2020-09-10T15:39:58.174+0800: 177.912: [CMS-concurrent-abortable-preclean-start]
2020-09-10T15:39:58.174+0800: 177.912: [CMS-concurrent-abortable-preclean: 0.000/0.000 secs] [Times: user=0.00 sys=0.00, real=0.00 secs] 
2020-09-10T15:39:58.175+0800: 177.912: Application time: 0.3478399 seconds
2020-09-10T15:39:58.175+0800: 177.913: [GC (CMS Final Remark) [YG occupancy: 1125091 K (1887488 K)]2020-09-10T15:39:58.175+0800: 177.913: [Rescan (parallel) , 0.4771082 secs]2020-09-10T15:39:58.652+0800: 178.390: [weak refs processing, 0.0007045 secs]2020-09-10T15:39:58.653+0800: 178.391: [class unloading, 0.0055717 secs]2020-09-10T15:39:58.659+0800: 178.396: [scrub symbol table, 0.0145013 secs]2020-09-10T15:39:58.674+0800: 178.411: [scrub string table, 0.0005417 secs][1 CMS-remark: 3744665K(4194304K)] 4869756K(6081792K), 0.4989236 secs] [Times: user=2.66 sys=0.00, real=0.50 secs] 
2020-09-10T15:39:58.674+0800: 178.412: Total time for which application threads were stopped: 0.4990658 seconds, Stopping threads took: 0.0000277 seconds
2020-09-10T15:39:58.674+0800: 178.412: [CMS-concurrent-sweep-start]
2020-09-10T15:39:59.576+0800: 179.314: [CMS-concurrent-sweep: 0.902/0.902 secs] [Times: user=0.89 sys=0.00, real=0.90 secs] 
2020-09-10T15:39:59.576+0800: 179.314: [CMS-concurrent-reset-start]
2020-09-10T15:39:59.580+0800: 179.318: [CMS-concurrent-reset: 0.004/0.004 secs] [Times: user=0.02 sys=0.00, real=0.00 secs] 
2020-09-10T15:40:01.580+0800: 181.317: Application time: 2.9057217 seconds
2020-09-10T15:40:01.580+0800: 181.317: [GC (CMS Initial Mark) [1 CMS-initial-mark: 3744665K(4194304K)] 4869756K(6081792K), 0.3073038 secs] [Times: user=0.50 sys=0.00, real=0.31 secs] 
2020-09-10T15:40:01.887+0800: 181.625: Total time for which application threads were stopped: 0.3075323 seconds, Stopping threads took: 0.0000337 seconds
2020-09-10T15:40:01.887+0800: 181.625: [CMS-concurrent-mark-start]
2020-09-10T15:40:01.887+0800: 181.625: Application time: 0.0001921 seconds
2020-09-10T15:40:01.887+0800: 181.625: Total time for which application threads were stopped: 0.0000751 seconds, Stopping threads took: 0.0000128 seconds
2020-09-10T15:40:01.896+0800: 181.633: Application time: 0.0083415 seconds
2020-09-10T15:40:01.896+0800: 181.634: Total time for which application threads were stopped: 0.0001440 seconds, Stopping threads took: 0.0000262 seconds
2020-09-10T15:40:01.899+0800: 181.637: Application time: 0.0035609 seconds
2020-09-10T15:40:01.899+0800: 181.637: Total time for which application threads were stopped: 0.0001174 seconds, Stopping threads took: 0.0000163 seconds
2020-09-10T15:40:01.909+0800: 181.647: Application time: 0.0095016 seconds
2020-09-10T15:40:01.909+0800: 181.647: Total time for which application threads were stopped: 0.0002009 seconds, Stopping threads took: 0.0000380 seconds
2020-09-10T15:40:01.922+0800: 181.660: Application time: 0.0129540 seconds
2020-09-10T15:40:01.922+0800: 181.660: Total time for which application threads were stopped: 0.0001317 seconds, Stopping threads took: 0.0000227 seconds
2020-09-10T15:40:01.922+0800: 181.660: Application time: 0.0000374 seconds
2020-09-10T15:40:01.922+0800: 181.660: Total time for which application threads were stopped: 0.0000884 seconds, Stopping threads took: 0.0000113 seconds
2020-09-10T15:40:01.923+0800: 181.660: Application time: 0.0000391 seconds
2020-09-10T15:40:01.923+0800: 181.660: Total time for which application threads were stopped: 0.0001014 seconds, Stopping threads took: 0.0000196 seconds
2020-09-10T15:40:01.923+0800: 181.660: Application time: 0.0000329 seconds
2020-09-10T15:40:01.923+0800: 181.660: Total time for which application threads were stopped: 0.0000545 seconds, Stopping threads took: 0.0000080 seconds
2020-09-10T15:40:01.923+0800: 181.660: Application time: 0.0000285 seconds
2020-09-10T15:40:01.923+0800: 181.660: Total time for which application threads were stopped: 0.0000397 seconds, Stopping threads took: 0.0000082 seconds
2020-09-10T15:40:01.923+0800: 181.660: Application time: 0.0000204 seconds
2020-09-10T15:40:01.923+0800: 181.661: Total time for which application threads were stopped: 0.0000297 seconds, Stopping threads took: 0.0000053 seconds
2020-09-10T15:40:01.923+0800: 181.661: Application time: 0.0000244 seconds
2020-09-10T15:40:01.923+0800: 181.661: Total time for which application threads were stopped: 0.0000320 seconds, Stopping threads took: 0.0000063 seconds
2020-09-10T15:40:01.939+0800: 181.677: Application time: 0.0162124 seconds
2020-09-10T15:40:01.939+0800: 181.677: Total time for which application threads were stopped: 0.0001021 seconds, Stopping threads took: 0.0000205 seconds
2020-09-10T15:40:01.941+0800: 181.679: Application time: 0.0018337 seconds
2020-09-10T15:40:01.941+0800: 181.679: Total time for which application threads were stopped: 0.0000964 seconds, Stopping threads took: 0.0000184 seconds
2020-09-10T15:40:01.942+0800: 181.680: Application time: 0.0010030 seconds
2020-09-10T15:40:01.942+0800: 181.680: Total time for which application threads were stopped: 0.0001759 seconds, Stopping threads took: 0.0000211 seconds
2020-09-10T15:40:01.942+0800: 181.680: Application time: 0.0000280 seconds
2020-09-10T15:40:01.943+0800: 181.680: Total time for which application threads were stopped: 0.0000876 seconds, Stopping threads took: 0.0000098 seconds
2020-09-10T15:40:01.943+0800: 181.680: Application time: 0.0000322 seconds
2020-09-10T15:40:01.943+0800: 181.680: Total time for which application threads were stopped: 0.0000804 seconds, Stopping threads took: 0.0000102 seconds
2020-09-10T15:40:01.943+0800: 181.680: Application time: 0.0000262 seconds
2020-09-10T15:40:01.943+0800: 181.680: Total time for which application threads were stopped: 0.0000521 seconds, Stopping threads took: 0.0000076 seconds
2020-09-10T15:40:01.943+0800: 181.680: Application time: 0.0000199 seconds
2020-09-10T15:40:01.943+0800: 181.681: Total time for which application threads were stopped: 0.0000846 seconds, Stopping threads took: 0.0000067 seconds
2020-09-10T15:40:01.943+0800: 181.681: Application time: 0.0000268 seconds
2020-09-10T15:40:01.943+0800: 181.681: Total time for which application threads were stopped: 0.0000749 seconds, Stopping threads took: 0.0000091 seconds
2020-09-10T15:40:01.943+0800: 181.681: Application time: 0.0000299 seconds
2020-09-10T15:40:01.943+0800: 181.681: Total time for which application threads were stopped: 0.0000793 seconds, Stopping threads took: 0.0000104 seconds
2020-09-10T15:40:01.947+0800: 181.685: Application time: 0.0038309 seconds
2020-09-10T15:40:01.947+0800: 181.685: Total time for which application threads were stopped: 0.0000981 seconds, Stopping threads took: 0.0000222 seconds
2020-09-10T15:40:01.948+0800: 181.685: Application time: 0.0006604 seconds
2020-09-10T15:40:01.948+0800: 181.685: Total time for which application threads were stopped: 0.0000854 seconds, Stopping threads took: 0.0000141 seconds
2020-09-10T15:40:01.949+0800: 181.687: Application time: 0.0011601 seconds
2020-09-10T15:40:01.949+0800: 181.687: Total time for which application threads were stopped: 0.0001105 seconds, Stopping threads took: 0.0000219 seconds
2020-09-10T15:40:01.949+0800: 181.687: Application time: 0.0000269 seconds
2020-09-10T15:40:01.949+0800: 181.687: Total time for which application threads were stopped: 0.0001066 seconds, Stopping threads took: 0.0000111 seconds
2020-09-10T15:40:01.949+0800: 181.687: Application time: 0.0000254 seconds
2020-09-10T15:40:01.949+0800: 181.687: Total time for which application threads were stopped: 0.0000548 seconds, Stopping threads took: 0.0000083 seconds
2020-09-10T15:40:01.949+0800: 181.687: Application time: 0.0000226 seconds
2020-09-10T15:40:01.949+0800: 181.687: Total time for which application threads were stopped: 0.0000493 seconds, Stopping threads took: 0.0000070 seconds
2020-09-10T15:40:01.949+0800: 181.687: Application time: 0.0000214 seconds
2020-09-10T15:40:01.949+0800: 181.687: Total time for which application threads were stopped: 0.0000425 seconds, Stopping threads took: 0.0000068 seconds
2020-09-10T15:40:01.949+0800: 181.687: Application time: 0.0000191 seconds
2020-09-10T15:40:01.950+0800: 181.687: Total time for which application threads were stopped: 0.0000416 seconds, Stopping threads took: 0.0000069 seconds
2020-09-10T15:40:01.950+0800: 181.687: Application time: 0.0000139 seconds
2020-09-10T15:40:01.950+0800: 181.687: Total time for which application threads were stopped: 0.0000338 seconds, Stopping threads took: 0.0000053 seconds
2020-09-10T15:40:01.956+0800: 181.694: Application time: 0.0064877 seconds
2020-09-10T15:40:01.956+0800: 181.694: Total time for which application threads were stopped: 0.0001020 seconds, Stopping threads took: 0.0000234 seconds
2020-09-10T15:40:01.957+0800: 181.695: Application time: 0.0011348 seconds
2020-09-10T15:40:01.957+0800: 181.695: Total time for which application threads were stopped: 0.0000778 seconds, Stopping threads took: 0.0000170 seconds
2020-09-10T15:40:01.958+0800: 181.696: Application time: 0.0007190 seconds
2020-09-10T15:40:01.958+0800: 181.696: Total time for which application threads were stopped: 0.0000751 seconds, Stopping threads took: 0.0000111 seconds
2020-09-10T15:40:01.958+0800: 181.696: Application time: 0.0000209 seconds
2020-09-10T15:40:01.958+0800: 181.696: Total time for which application threads were stopped: 0.0000506 seconds, Stopping threads took: 0.0000073 seconds
2020-09-10T15:40:01.958+0800: 181.696: Application time: 0.0000184 seconds
2020-09-10T15:40:01.958+0800: 181.696: Total time for which application threads were stopped: 0.0000408 seconds, Stopping threads took: 0.0000052 seconds
2020-09-10T15:40:01.958+0800: 181.696: Application time: 0.0000167 seconds
2020-09-10T15:40:01.958+0800: 181.696: Total time for which application threads were stopped: 0.0000352 seconds, Stopping threads took: 0.0000048 seconds
2020-09-10T15:40:01.958+0800: 181.696: Application time: 0.0000137 seconds
2020-09-10T15:40:01.959+0800: 181.696: Total time for which application threads were stopped: 0.0000417 seconds, Stopping threads took: 0.0000054 seconds
2020-09-10T15:40:01.959+0800: 181.696: Application time: 0.0000163 seconds
2020-09-10T15:40:01.959+0800: 181.696: Total time for which application threads were stopped: 0.0000314 seconds, Stopping threads took: 0.0000047 seconds
2020-09-10T15:40:01.959+0800: 181.696: Application time: 0.0000138 seconds
2020-09-10T15:40:01.959+0800: 181.696: Total time for which application threads were stopped: 0.0000287 seconds, Stopping threads took: 0.0000047 seconds
2020-09-10T15:40:01.966+0800: 181.703: Application time: 0.0071178 seconds
2020-09-10T15:40:01.966+0800: 181.703: Total time for which application threads were stopped: 0.0001476 seconds, Stopping threads took: 0.0000169 seconds
2020-09-10T15:40:01.971+0800: 181.708: Application time: 0.0048484 seconds
2020-09-10T15:40:01.971+0800: 181.708: Total time for which application threads were stopped: 0.0001029 seconds, Stopping threads took: 0.0000169 seconds
2020-09-10T15:40:01.973+0800: 181.711: Application time: 0.0024507 seconds
2020-09-10T15:40:01.973+0800: 181.711: Total time for which application threads were stopped: 0.0001176 seconds, Stopping threads took: 0.0000230 seconds
2020-09-10T15:40:01.981+0800: 181.718: Application time: 0.0073749 seconds
2020-09-10T15:40:01.981+0800: 181.719: Total time for which application threads were stopped: 0.0001336 seconds, Stopping threads took: 0.0000199 seconds
2020-09-10T15:40:01.987+0800: 181.724: Application time: 0.0056095 seconds
2020-09-10T15:40:01.987+0800: 181.724: Total time for which application threads were stopped: 0.0001058 seconds, Stopping threads took: 0.0000167 seconds
2020-09-10T15:40:01.998+0800: 181.735: Application time: 0.0110910 seconds
2020-09-10T15:40:01.998+0800: 181.735: Total time for which application threads were stopped: 0.0001690 seconds, Stopping threads took: 0.0000264 seconds
2020-09-10T15:40:02.000+0800: 181.737: Application time: 0.0016431 seconds
2020-09-10T15:40:02.000+0800: 181.737: Total time for which application threads were stopped: 0.0001406 seconds, Stopping threads took: 0.0000303 seconds
2020-09-10T15:40:02.005+0800: 181.743: Application time: 0.0054826 seconds
2020-09-10T15:40:02.005+0800: 181.743: Total time for which application threads were stopped: 0.0001424 seconds, Stopping threads took: 0.0000198 seconds
2020-09-10T15:40:02.009+0800: 181.746: Application time: 0.0031626 seconds
2020-09-10T15:40:02.009+0800: 181.746: Total time for which application threads were stopped: 0.0000819 seconds, Stopping threads took: 0.0000186 seconds
2020-09-10T15:40:02.019+0800: 181.756: Application time: 0.0100697 seconds
2020-09-10T15:40:02.019+0800: 181.756: Total time for which application threads were stopped: 0.0000768 seconds, Stopping threads took: 0.0000159 seconds
2020-09-10T15:40:02.020+0800: 181.758: Application time: 0.0014495 seconds
2020-09-10T15:40:02.020+0800: 181.758: Total time for which application threads were stopped: 0.0001019 seconds, Stopping threads took: 0.0000196 seconds
2020-09-10T15:40:02.022+0800: 181.759: Application time: 0.0012824 seconds
2020-09-10T15:40:02.022+0800: 181.759: Total time for which application threads were stopped: 0.0001149 seconds, Stopping threads took: 0.0000171 seconds
2020-09-10T15:40:02.023+0800: 181.761: Application time: 0.0014450 seconds
2020-09-10T15:40:02.023+0800: 181.761: Total time for which application threads were stopped: 0.0000861 seconds, Stopping threads took: 0.0000175 seconds
2020-09-10T15:40:02.025+0800: 181.762: Application time: 0.0014599 seconds
2020-09-10T15:40:02.025+0800: 181.762: Total time for which application threads were stopped: 0.0000869 seconds, Stopping threads took: 0.0000162 seconds
2020-09-10T15:40:02.031+0800: 181.769: Application time: 0.0064125 seconds
2020-09-10T15:40:02.032+0800: 181.769: Total time for which application threads were stopped: 0.0002326 seconds, Stopping threads took: 0.0000221 seconds
2020-09-10T15:40:02.039+0800: 181.776: Application time: 0.0068863 seconds
2020-09-10T15:40:02.039+0800: 181.776: Total time for which application threads were stopped: 0.0001495 seconds, Stopping threads took: 0.0000197 seconds
2020-09-10T15:40:02.041+0800: 181.778: Application time: 0.0017770 seconds
2020-09-10T15:40:02.041+0800: 181.778: Total time for which application threads were stopped: 0.0001287 seconds, Stopping threads took: 0.0000205 seconds
2020-09-10T15:40:02.048+0800: 181.785: Application time: 0.0069562 seconds
2020-09-10T15:40:02.048+0800: 181.785: Total time for which application threads were stopped: 0.0001012 seconds, Stopping threads took: 0.0000181 seconds
2020-09-10T15:40:02.049+0800: 181.787: Application time: 0.0015051 seconds
2020-09-10T15:40:02.049+0800: 181.787: Total time for which application threads were stopped: 0.0001260 seconds, Stopping threads took: 0.0000171 seconds
2020-09-10T15:40:02.054+0800: 181.791: Application time: 0.0044168 seconds
2020-09-10T15:40:02.054+0800: 181.791: Total time for which application threads were stopped: 0.0000994 seconds, Stopping threads took: 0.0000174 seconds
2020-09-10T15:40:02.055+0800: 181.792: Application time: 0.0011540 seconds
2020-09-10T15:40:02.055+0800: 181.792: Total time for which application threads were stopped: 0.0000864 seconds, Stopping threads took: 0.0000141 seconds
2020-09-10T15:40:02.058+0800: 181.795: Application time: 0.0028521 seconds
2020-09-10T15:40:02.058+0800: 181.795: Total time for which application threads were stopped: 0.0001334 seconds, Stopping threads took: 0.0000169 seconds
2020-09-10T15:40:02.064+0800: 181.801: Application time: 0.0059212 seconds
2020-09-10T15:40:02.064+0800: 181.802: Total time for which application threads were stopped: 0.0001280 seconds, Stopping threads took: 0.0000219 seconds
2020-09-10T15:40:02.067+0800: 181.804: Application time: 0.0028376 seconds
2020-09-10T15:40:02.067+0800: 181.804: Total time for which application threads were stopped: 0.0001143 seconds, Stopping threads took: 0.0000186 seconds
2020-09-10T15:40:02.072+0800: 181.809: Application time: 0.0043429 seconds
2020-09-10T15:40:02.072+0800: 181.809: Total time for which application threads were stopped: 0.0002182 seconds, Stopping threads took: 0.0000316 seconds
2020-09-10T15:40:02.075+0800: 181.812: Application time: 0.0027343 seconds
2020-09-10T15:40:02.075+0800: 181.812: Total time for which application threads were stopped: 0.0001222 seconds, Stopping threads took: 0.0000235 seconds
2020-09-10T15:40:02.076+0800: 181.813: Application time: 0.0008807 seconds
2020-09-10T15:40:02.076+0800: 181.813: Total time for which application threads were stopped: 0.0001115 seconds, Stopping threads took: 0.0000155 seconds
2020-09-10T15:40:02.086+0800: 181.823: Application time: 0.0099566 seconds
2020-09-10T15:40:02.086+0800: 181.823: Total time for which application threads were stopped: 0.0001411 seconds, Stopping threads took: 0.0000233 seconds
2020-09-10T15:40:02.089+0800: 181.826: Application time: 0.0030481 seconds
2020-09-10T15:40:02.089+0800: 181.826: Total time for which application threads were stopped: 0.0001183 seconds, Stopping threads took: 0.0000242 seconds
2020-09-10T15:40:02.090+0800: 181.827: Application time: 0.0006950 seconds
2020-09-10T15:40:02.090+0800: 181.827: Total time for which application threads were stopped: 0.0000836 seconds, Stopping threads took: 0.0000143 seconds
2020-09-10T15:40:02.091+0800: 181.828: Application time: 0.0008490 seconds
2020-09-10T15:40:02.091+0800: 181.828: Total time for which application threads were stopped: 0.0001329 seconds, Stopping threads took: 0.0000199 seconds
2020-09-10T15:40:02.098+0800: 181.835: Application time: 0.0070708 seconds
2020-09-10T15:40:02.098+0800: 181.835: Total time for which application threads were stopped: 0.0001721 seconds, Stopping threads took: 0.0000260 seconds
2020-09-10T15:40:02.099+0800: 181.836: Application time: 0.0008229 seconds
2020-09-10T15:40:02.099+0800: 181.836: Total time for which application threads were stopped: 0.0001209 seconds, Stopping threads took: 0.0000177 seconds
2020-09-10T15:40:02.100+0800: 181.837: Application time: 0.0006820 seconds
2020-09-10T15:40:02.100+0800: 181.837: Total time for which application threads were stopped: 0.0000859 seconds, Stopping threads took: 0.0000148 seconds
2020-09-10T15:40:02.101+0800: 181.838: Application time: 0.0009543 seconds
2020-09-10T15:40:02.101+0800: 181.838: Total time for which application threads were stopped: 0.0001235 seconds, Stopping threads took: 0.0000201 seconds
2020-09-10T15:40:02.105+0800: 181.842: Application time: 0.0043889 seconds
2020-09-10T15:40:02.105+0800: 181.843: Total time for which application threads were stopped: 0.0001061 seconds, Stopping threads took: 0.0000211 seconds
2020-09-10T15:40:02.106+0800: 181.843: Application time: 0.0006624 seconds
2020-09-10T15:40:02.106+0800: 181.843: Total time for which application threads were stopped: 0.0000773 seconds, Stopping threads took: 0.0000129 seconds
2020-09-10T15:40:02.107+0800: 181.844: Application time: 0.0006961 seconds
2020-09-10T15:40:02.107+0800: 181.844: Total time for which application threads were stopped: 0.0001021 seconds, Stopping threads took: 0.0000177 seconds
2020-09-10T15:40:02.108+0800: 181.845: Application time: 0.0009262 seconds
2020-09-10T15:40:02.108+0800: 181.845: Total time for which application threads were stopped: 0.0001056 seconds, Stopping threads took: 0.0000155 seconds
2020-09-10T15:40:02.116+0800: 181.853: Application time: 0.0081133 seconds
2020-09-10T15:40:02.116+0800: 181.853: Total time for which application threads were stopped: 0.0001683 seconds, Stopping threads took: 0.0000209 seconds
2020-09-10T15:40:02.117+0800: 181.854: Application time: 0.0007763 seconds
2020-09-10T15:40:02.117+0800: 181.854: Total time for which application threads were stopped: 0.0000993 seconds, Stopping threads took: 0.0000180 seconds
2020-09-10T15:40:02.118+0800: 181.855: Application time: 0.0009282 seconds
2020-09-10T15:40:02.118+0800: 181.855: Total time for which application threads were stopped: 0.0001016 seconds, Stopping threads took: 0.0000228 seconds
2020-09-10T15:40:02.119+0800: 181.856: Application time: 0.0008460 seconds
2020-09-10T15:40:02.119+0800: 181.856: Total time for which application threads were stopped: 0.0000947 seconds, Stopping threads took: 0.0000145 seconds
2020-09-10T15:40:02.123+0800: 181.860: Application time: 0.0033993 seconds
2020-09-10T15:40:02.123+0800: 181.860: Total time for which application threads were stopped: 0.0001577 seconds, Stopping threads took: 0.0000196 seconds
2020-09-10T15:40:02.124+0800: 181.861: Application time: 0.0008820 seconds
2020-09-10T15:40:02.124+0800: 181.861: Total time for which application threads were stopped: 0.0001071 seconds, Stopping threads took: 0.0000221 seconds
2020-09-10T15:40:02.125+0800: 181.862: Application time: 0.0008726 seconds
2020-09-10T15:40:02.125+0800: 181.862: Total time for which application threads were stopped: 0.0001086 seconds, Stopping threads took: 0.0000209 seconds
2020-09-10T15:40:02.126+0800: 181.863: Application time: 0.0009441 seconds
2020-09-10T15:40:02.126+0800: 181.863: Total time for which application threads were stopped: 0.0002038 seconds, Stopping threads took: 0.0000160 seconds
2020-09-10T15:40:02.136+0800: 181.873: Application time: 0.0097714 seconds
2020-09-10T15:40:02.136+0800: 181.873: Total time for which application threads were stopped: 0.0001713 seconds, Stopping threads took: 0.0000271 seconds
2020-09-10T15:40:02.140+0800: 181.877: Application time: 0.0037965 seconds
2020-09-10T15:40:02.140+0800: 181.877: Total time for which application threads were stopped: 0.0001935 seconds, Stopping threads took: 0.0000209 seconds
2020-09-10T15:40:02.148+0800: 181.886: Application time: 0.0086046 seconds
2020-09-10T15:40:02.149+0800: 181.886: Total time for which application threads were stopped: 0.0001972 seconds, Stopping threads took: 0.0000340 seconds
2020-09-10T15:40:02.154+0800: 181.891: Application time: 0.0056282 seconds
2020-09-10T15:40:02.154+0800: 181.892: Total time for which application threads were stopped: 0.0002328 seconds, Stopping threads took: 0.0000275 seconds
2020-09-10T15:40:02.158+0800: 181.895: Application time: 0.0038568 seconds
2020-09-10T15:40:02.158+0800: 181.896: Total time for which application threads were stopped: 0.0001095 seconds, Stopping threads took: 0.0000192 seconds
2020-09-10T15:40:02.164+0800: 181.901: Application time: 0.0058149 seconds
2020-09-10T15:40:02.164+0800: 181.902: Total time for which application threads were stopped: 0.0002430 seconds, Stopping threads took: 0.0000270 seconds
2020-09-10T15:40:02.187+0800: 181.925: Application time: 0.0233182 seconds
2020-09-10T15:40:02.188+0800: 181.925: Total time for which application threads were stopped: 0.0002501 seconds, Stopping threads took: 0.0000261 seconds
2020-09-10T15:40:02.194+0800: 181.932: Application time: 0.0067375 seconds
2020-09-10T15:40:02.195+0800: 181.932: Total time for which application threads were stopped: 0.0002263 seconds, Stopping threads took: 0.0000389 seconds
2020-09-10T15:40:02.199+0800: 181.936: Application time: 0.0042176 seconds
2020-09-10T15:40:02.199+0800: 181.937: Total time for which application threads were stopped: 0.0002278 seconds, Stopping threads took: 0.0000189 seconds
2020-09-10T15:40:02.204+0800: 181.941: Application time: 0.0045835 seconds
2020-09-10T15:40:02.204+0800: 181.941: Total time for which application threads were stopped: 0.0001839 seconds, Stopping threads took: 0.0000189 seconds
2020-09-10T15:40:02.210+0800: 181.947: Application time: 0.0058834 seconds
2020-09-10T15:40:02.210+0800: 181.947: Total time for which application threads were stopped: 0.0001889 seconds, Stopping threads took: 0.0000323 seconds
2020-09-10T15:40:02.219+0800: 181.957: Application time: 0.0090550 seconds
2020-09-10T15:40:02.219+0800: 181.957: Total time for which application threads were stopped: 0.0001260 seconds, Stopping threads took: 0.0000181 seconds
2020-09-10T15:40:02.224+0800: 181.961: Application time: 0.0047920 seconds
2020-09-10T15:40:02.224+0800: 181.962: Total time for which application threads were stopped: 0.0001662 seconds, Stopping threads took: 0.0000309 seconds
2020-09-10T15:40:02.257+0800: 181.995: Application time: 0.0330639 seconds
2020-09-10T15:40:02.258+0800: 181.995: Total time for which application threads were stopped: 0.0001556 seconds, Stopping threads took: 0.0000176 seconds
2020-09-10T15:40:02.265+0800: 182.002: Application time: 0.0073044 seconds
2020-09-10T15:40:02.265+0800: 182.002: Total time for which application threads were stopped: 0.0000853 seconds, Stopping threads took: 0.0000178 seconds
2020-09-10T15:40:04.900+0800: 184.637: [CMS-concurrent-mark: 2.916/3.012 secs] [Times: user=5.91 sys=0.02, real=3.01 secs] 
2020-09-10T15:40:04.900+0800: 184.637: [CMS-concurrent-preclean-start]
2020-09-10T15:40:04.905+0800: 184.642: [CMS-concurrent-preclean: 0.005/0.005 secs] [Times: user=0.00 sys=0.00, real=0.00 secs] 
2020-09-10T15:40:04.905+0800: 184.642: [CMS-concurrent-abortable-preclean-start]
2020-09-10T15:40:04.905+0800: 184.642: [CMS-concurrent-abortable-preclean: 0.000/0.000 secs] [Times: user=0.00 sys=0.00, real=0.00 secs] 
2020-09-10T15:40:04.905+0800: 184.642: Application time: 2.6395418 seconds
2020-09-10T15:40:04.905+0800: 184.642: [GC (CMS Final Remark) [YG occupancy: 1129884 K (1887488 K)]2020-09-10T15:40:04.905+0800: 184.642: [Rescan (parallel) , 0.5408088 secs]2020-09-10T15:40:05.445+0800: 185.183: [weak refs processing, 0.0004296 secs]2020-09-10T15:40:05.446+0800: 185.183: [class unloading, 0.0038828 secs]2020-09-10T15:40:05.450+0800: 185.187: [scrub symbol table, 0.0076811 secs]2020-09-10T15:40:05.457+0800: 185.195: [scrub string table, 0.0005022 secs][1 CMS-remark: 3744665K(4194304K)] 4874550K(6081792K), 0.5536628 secs] [Times: user=3.36 sys=0.05, real=0.55 secs] 
2020-09-10T15:40:05.458+0800: 185.196: Total time for which application threads were stopped: 0.5537965 seconds, Stopping threads took: 0.0000194 seconds
2020-09-10T15:40:05.458+0800: 185.196: [CMS-concurrent-sweep-start]
2020-09-10T15:40:05.459+0800: 185.196: Application time: 0.0008795 seconds
2020-09-10T15:40:05.459+0800: 185.197: Total time for which application threads were stopped: 0.0001093 seconds, Stopping threads took: 0.0000197 seconds
2020-09-10T15:40:05.459+0800: 185.197: Application time: 0.0000301 seconds
2020-09-10T15:40:05.459+0800: 185.197: Total time for which application threads were stopped: 0.0000711 seconds, Stopping threads took: 0.0000097 seconds
2020-09-10T15:40:05.459+0800: 185.197: Application time: 0.0000233 seconds
2020-09-10T15:40:05.459+0800: 185.197: Total time for which application threads were stopped: 0.0000476 seconds, Stopping threads took: 0.0000067 seconds
2020-09-10T15:40:05.459+0800: 185.197: Application time: 0.0000195 seconds
2020-09-10T15:40:05.459+0800: 185.197: Total time for which application threads were stopped: 0.0000322 seconds, Stopping threads took: 0.0000050 seconds
2020-09-10T15:40:05.459+0800: 185.197: Application time: 0.0000193 seconds
2020-09-10T15:40:05.459+0800: 185.197: Total time for which application threads were stopped: 0.0000446 seconds, Stopping threads took: 0.0000051 seconds
2020-09-10T15:40:05.459+0800: 185.197: Application time: 0.0000281 seconds
2020-09-10T15:40:05.459+0800: 185.197: Total time for which application threads were stopped: 0.0000413 seconds, Stopping threads took: 0.0000074 seconds
2020-09-10T15:40:05.459+0800: 185.197: Application time: 0.0000295 seconds
2020-09-10T15:40:05.459+0800: 185.197: Total time for which application threads were stopped: 0.0000488 seconds, Stopping threads took: 0.0000079 seconds
2020-09-10T15:40:05.462+0800: 185.199: Application time: 0.0017982 seconds
2020-09-10T15:40:05.462+0800: 185.199: Total time for which application threads were stopped: 0.0001294 seconds, Stopping threads took: 0.0000228 seconds
2020-09-10T15:40:06.363+0800: 186.101: [CMS-concurrent-sweep: 0.905/0.905 secs] [Times: user=0.89 sys=0.00, real=0.90 secs] 
2020-09-10T15:40:06.363+0800: 186.101: [CMS-concurrent-reset-start]
2020-09-10T15:40:06.367+0800: 186.105: [CMS-concurrent-reset: 0.004/0.004 secs] [Times: user=0.00 sys=0.00, real=0.00 secs] 
2020-09-10T15:40:08.367+0800: 188.104: Application time: 2.9050671 seconds
2020-09-10T15:40:08.367+0800: 188.104: [GC (CMS Initial Mark) [1 CMS-initial-mark: 3744665K(4194304K)] 4874550K(6081792K), 0.3130870 secs] [Times: user=0.58 sys=0.00, real=0.31 secs] 
2020-09-10T15:40:08.680+0800: 188.417: Total time for which application threads were stopped: 0.3132701 seconds, Stopping threads took: 0.0000170 seconds
2020-09-10T15:40:08.680+0800: 188.417: [CMS-concurrent-mark-start]
2020-09-10T15:40:09.057+0800: 188.794: Application time: 0.3770172 seconds
2020-09-10T15:40:09.057+0800: 188.794: Total time for which application threads were stopped: 0.0000869 seconds, Stopping threads took: 0.0000191 seconds
2020-09-10T15:40:09.422+0800: 189.159: Application time: 0.3649202 seconds
2020-09-10T15:40:09.422+0800: 189.160: Total time for which application threads were stopped: 0.0001461 seconds, Stopping threads took: 0.0000229 seconds
2020-09-10T15:40:09.423+0800: 189.160: Application time: 0.0002289 seconds
2020-09-10T15:40:09.423+0800: 189.160: Total time for which application threads were stopped: 0.0001273 seconds, Stopping threads took: 0.0000276 seconds
2020-09-10T15:40:09.423+0800: 189.160: Application time: 0.0005366 seconds
2020-09-10T15:40:09.423+0800: 189.161: Total time for which application threads were stopped: 0.0001044 seconds, Stopping threads took: 0.0000238 seconds
2020-09-10T15:40:09.423+0800: 189.161: Application time: 0.0000403 seconds
2020-09-10T15:40:09.423+0800: 189.161: Total time for which application threads were stopped: 0.0001211 seconds, Stopping threads took: 0.0000190 seconds
2020-09-10T15:40:09.424+0800: 189.161: Application time: 0.0001024 seconds
2020-09-10T15:40:09.424+0800: 189.161: Total time for which application threads were stopped: 0.0001214 seconds, Stopping threads took: 0.0000302 seconds
2020-09-10T15:40:10.424+0800: 190.161: Application time: 1.0001526 seconds
2020-09-10T15:40:10.424+0800: 190.161: Total time for which application threads were stopped: 0.0001840 seconds, Stopping threads took: 0.0000715 seconds
2020-09-10T15:40:11.450+0800: 191.188: [CMS-concurrent-mark: 2.763/2.770 secs] [Times: user=5.52 sys=0.00, real=2.77 secs] 
2020-09-10T15:40:11.450+0800: 191.188: [CMS-concurrent-preclean-start]
2020-09-10T15:40:11.455+0800: 191.193: [CMS-concurrent-preclean: 0.005/0.005 secs] [Times: user=0.02 sys=0.00, real=0.00 secs] 
2020-09-10T15:40:11.455+0800: 191.193: [CMS-concurrent-abortable-preclean-start]
2020-09-10T15:40:11.455+0800: 191.193: [CMS-concurrent-abortable-preclean: 0.000/0.000 secs] [Times: user=0.00 sys=0.00, real=0.00 secs] 
2020-09-10T15:40:11.455+0800: 191.193: Application time: 1.0315914 seconds
2020-09-10T15:40:11.455+0800: 191.193: [GC (CMS Final Remark) [YG occupancy: 1129884 K (1887488 K)]2020-09-10T15:40:11.455+0800: 191.193: [Rescan (parallel) , 0.5329876 secs]2020-09-10T15:40:11.989+0800: 191.726: [weak refs processing, 0.0005389 secs]2020-09-10T15:40:11.989+0800: 191.727: [class unloading, 0.0054456 secs]2020-09-10T15:40:11.995+0800: 191.732: [scrub symbol table, 0.0087909 secs]2020-09-10T15:40:12.004+0800: 191.741: [scrub string table, 0.0005141 secs][1 CMS-remark: 3744665K(4194304K)] 4874550K(6081792K), 0.5486705 secs] [Times: user=3.11 sys=0.03, real=0.55 secs] 
2020-09-10T15:40:12.004+0800: 191.742: Total time for which application threads were stopped: 0.5488048 seconds, Stopping threads took: 0.0000214 seconds
2020-09-10T15:40:12.004+0800: 191.742: [CMS-concurrent-sweep-start]
2020-09-10T15:40:12.930+0800: 192.668: [CMS-concurrent-sweep: 0.927/0.927 secs] [Times: user=0.92 sys=0.00, real=0.93 secs] 
2020-09-10T15:40:12.930+0800: 192.668: [CMS-concurrent-reset-start]
2020-09-10T15:40:12.935+0800: 192.673: [CMS-concurrent-reset: 0.004/0.004 secs] [Times: user=0.00 sys=0.00, real=0.00 secs] 
2020-09-10T15:40:14.935+0800: 194.672: Application time: 2.9304802 seconds
2020-09-10T15:40:14.935+0800: 194.672: [GC (CMS Initial Mark) [1 CMS-initial-mark: 3744665K(4194304K)] 4874550K(6081792K), 0.2959838 secs] [Times: user=0.63 sys=0.00, real=0.30 secs] 
2020-09-10T15:40:15.231+0800: 194.968: Total time for which application threads were stopped: 0.2961658 seconds, Stopping threads took: 0.0000214 seconds
2020-09-10T15:40:15.231+0800: 194.968: [CMS-concurrent-mark-start]
2020-09-10T15:40:17.904+0800: 197.641: [CMS-concurrent-mark: 2.673/2.673 secs] [Times: user=5.28 sys=0.00, real=2.67 secs] 
2020-09-10T15:40:17.904+0800: 197.641: [CMS-concurrent-preclean-start]
2020-09-10T15:40:17.909+0800: 197.646: [CMS-concurrent-preclean: 0.005/0.005 secs] [Times: user=0.01 sys=0.00, real=0.00 secs] 
2020-09-10T15:40:17.909+0800: 197.646: [CMS-concurrent-abortable-preclean-start]
2020-09-10T15:40:17.909+0800: 197.646: [CMS-concurrent-abortable-preclean: 0.000/0.000 secs] [Times: user=0.00 sys=0.00, real=0.00 secs] 
2020-09-10T15:40:17.909+0800: 197.646: Application time: 2.6779145 seconds
2020-09-10T15:40:17.909+0800: 197.646: [GC (CMS Final Remark) [YG occupancy: 1129884 K (1887488 K)]2020-09-10T15:40:17.909+0800: 197.646: [Rescan (parallel) , 0.4928480 secs]2020-09-10T15:40:18.402+0800: 198.139: [weak refs processing, 0.0003585 secs]2020-09-10T15:40:18.402+0800: 198.140: [class unloading, 0.0037385 secs]2020-09-10T15:40:18.406+0800: 198.143: [scrub symbol table, 0.0077764 secs]2020-09-10T15:40:18.414+0800: 198.151: [scrub string table, 0.0004430 secs][1 CMS-remark: 3744665K(4194304K)] 4874550K(6081792K), 0.5055123 secs] [Times: user=3.14 sys=0.02, real=0.51 secs] 
2020-09-10T15:40:18.414+0800: 198.152: Total time for which application threads were stopped: 0.5056783 seconds, Stopping threads took: 0.0000297 seconds
2020-09-10T15:40:18.414+0800: 198.152: [CMS-concurrent-sweep-start]
2020-09-10T15:40:18.920+0800: 198.657: Application time: 0.5053381 seconds
2020-09-10T15:40:18.921+0800: 198.658: Total time for which application threads were stopped: 0.0009023 seconds, Stopping threads took: 0.0000223 seconds
2020-09-10T15:40:19.298+0800: 199.036: [CMS-concurrent-sweep: 0.883/0.884 secs] [Times: user=0.89 sys=0.00, real=0.88 secs] 
2020-09-10T15:40:19.298+0800: 199.036: [CMS-concurrent-reset-start]
2020-09-10T15:40:19.304+0800: 199.041: [CMS-concurrent-reset: 0.005/0.005 secs] [Times: user=0.00 sys=0.00, real=0.01 secs] 
2020-09-10T15:40:20.471+0800: 200.208: Application time: 1.5497665 seconds
2020-09-10T15:40:20.471+0800: 200.208: Total time for which application threads were stopped: 0.0000772 seconds, Stopping threads took: 0.0000169 seconds
2020-09-10T15:40:20.474+0800: 200.211: Application time: 0.0027834 seconds
2020-09-10T15:40:20.474+0800: 200.211: Total time for which application threads were stopped: 0.0001212 seconds, Stopping threads took: 0.0000166 seconds
2020-09-10T15:40:20.478+0800: 200.215: Application time: 0.0043734 seconds
2020-09-10T15:40:20.478+0800: 200.215: Total time for which application threads were stopped: 0.0001745 seconds, Stopping threads took: 0.0000321 seconds
2020-09-10T15:40:20.481+0800: 200.218: Application time: 0.0025370 seconds
2020-09-10T15:40:20.481+0800: 200.218: Total time for which application threads were stopped: 0.0003221 seconds, Stopping threads took: 0.0000674 seconds
2020-09-10T15:40:20.482+0800: 200.219: Application time: 0.0010773 seconds
2020-09-10T15:40:20.482+0800: 200.220: Total time for which application threads were stopped: 0.0001588 seconds, Stopping threads took: 0.0000232 seconds
2020-09-10T15:40:20.484+0800: 200.221: Application time: 0.0012926 seconds
2020-09-10T15:40:20.484+0800: 200.221: Total time for which application threads were stopped: 0.0001479 seconds, Stopping threads took: 0.0000374 seconds
2020-09-10T15:40:20.484+0800: 200.222: Application time: 0.0006500 seconds
2020-09-10T15:40:20.485+0800: 200.222: Total time for which application threads were stopped: 0.0001467 seconds, Stopping threads took: 0.0000188 seconds
2020-09-10T15:40:20.485+0800: 200.222: Application time: 0.0005845 seconds
2020-09-10T15:40:20.485+0800: 200.222: Total time for which application threads were stopped: 0.0000905 seconds, Stopping threads took: 0.0000156 seconds
2020-09-10T15:40:20.486+0800: 200.223: Application time: 0.0005688 seconds
2020-09-10T15:40:20.486+0800: 200.223: Total time for which application threads were stopped: 0.0001027 seconds, Stopping threads took: 0.0000151 seconds
2020-09-10T15:40:20.487+0800: 200.224: Application time: 0.0007053 seconds
2020-09-10T15:40:20.487+0800: 200.224: Total time for which application threads were stopped: 0.0001213 seconds, Stopping threads took: 0.0000224 seconds
2020-09-10T15:40:20.487+0800: 200.225: Application time: 0.0006721 seconds
2020-09-10T15:40:20.488+0800: 200.225: Total time for which application threads were stopped: 0.0001440 seconds, Stopping threads took: 0.0000213 seconds
2020-09-10T15:40:20.488+0800: 200.226: Application time: 0.0007552 seconds
2020-09-10T15:40:20.488+0800: 200.226: Total time for which application threads were stopped: 0.0001029 seconds, Stopping threads took: 0.0000173 seconds
2020-09-10T15:40:20.489+0800: 200.226: Application time: 0.0007943 seconds
2020-09-10T15:40:20.489+0800: 200.227: Total time for which application threads were stopped: 0.0001244 seconds, Stopping threads took: 0.0000163 seconds
2020-09-10T15:40:20.490+0800: 200.227: Application time: 0.0008023 seconds
2020-09-10T15:40:20.490+0800: 200.228: Total time for which application threads were stopped: 0.0001394 seconds, Stopping threads took: 0.0000250 seconds
2020-09-10T15:40:20.491+0800: 200.228: Application time: 0.0006675 seconds
2020-09-10T15:40:20.491+0800: 200.228: Total time for which application threads were stopped: 0.0000963 seconds, Stopping threads took: 0.0000145 seconds
2020-09-10T15:40:20.492+0800: 200.229: Application time: 0.0005961 seconds
2020-09-10T15:40:20.492+0800: 200.229: Total time for which application threads were stopped: 0.0001616 seconds, Stopping threads took: 0.0000221 seconds
2020-09-10T15:40:20.494+0800: 200.231: Application time: 0.0019914 seconds
2020-09-10T15:40:20.494+0800: 200.231: Total time for which application threads were stopped: 0.0002487 seconds, Stopping threads took: 0.0000321 seconds
2020-09-10T15:40:20.495+0800: 200.232: Application time: 0.0008172 seconds
2020-09-10T15:40:20.495+0800: 200.232: Total time for which application threads were stopped: 0.0001958 seconds, Stopping threads took: 0.0000252 seconds
2020-09-10T15:40:20.498+0800: 200.235: Application time: 0.0028368 seconds
2020-09-10T15:40:20.498+0800: 200.235: Total time for which application threads were stopped: 0.0000964 seconds, Stopping threads took: 0.0000172 seconds
2020-09-10T15:40:20.498+0800: 200.236: Application time: 0.0000733 seconds
2020-09-10T15:40:20.498+0800: 200.236: Total time for which application threads were stopped: 0.0000613 seconds, Stopping threads took: 0.0000089 seconds
2020-09-10T15:40:20.500+0800: 200.237: Application time: 0.0018605 seconds
2020-09-10T15:40:20.500+0800: 200.238: Total time for which application threads were stopped: 0.0001445 seconds, Stopping threads took: 0.0000267 seconds
2020-09-10T15:40:20.502+0800: 200.239: Application time: 0.0011592 seconds
2020-09-10T15:40:20.502+0800: 200.239: Total time for which application threads were stopped: 0.0001056 seconds, Stopping threads took: 0.0000217 seconds
2020-09-10T15:40:20.503+0800: 200.240: Application time: 0.0014897 seconds
2020-09-10T15:40:20.503+0800: 200.240: Total time for which application threads were stopped: 0.0001287 seconds, Stopping threads took: 0.0000211 seconds
2020-09-10T15:40:20.503+0800: 200.241: Application time: 0.0000286 seconds
2020-09-10T15:40:20.503+0800: 200.241: Total time for which application threads were stopped: 0.0000682 seconds, Stopping threads took: 0.0000115 seconds
2020-09-10T15:40:20.504+0800: 200.242: Application time: 0.0010005 seconds
2020-09-10T15:40:20.504+0800: 200.242: Total time for which application threads were stopped: 0.0000893 seconds, Stopping threads took: 0.0000158 seconds
2020-09-10T15:40:20.505+0800: 200.242: Application time: 0.0007393 seconds
2020-09-10T15:40:20.505+0800: 200.242: Total time for which application threads were stopped: 0.0000848 seconds, Stopping threads took: 0.0000218 seconds
2020-09-10T15:40:20.507+0800: 200.244: Application time: 0.0013867 seconds
2020-09-10T15:40:20.507+0800: 200.244: Total time for which application threads were stopped: 0.0001177 seconds, Stopping threads took: 0.0000150 seconds
2020-09-10T15:40:20.508+0800: 200.245: Application time: 0.0008191 seconds
2020-09-10T15:40:20.508+0800: 200.245: Total time for which application threads were stopped: 0.0000991 seconds, Stopping threads took: 0.0000193 seconds
2020-09-10T15:40:20.512+0800: 200.250: Application time: 0.0046493 seconds
2020-09-10T15:40:20.513+0800: 200.250: Total time for which application threads were stopped: 0.0001149 seconds, Stopping threads took: 0.0000217 seconds
2020-09-10T15:40:20.514+0800: 200.251: Application time: 0.0012937 seconds
2020-09-10T15:40:20.514+0800: 200.251: Total time for which application threads were stopped: 0.0001548 seconds, Stopping threads took: 0.0000216 seconds
2020-09-10T15:40:20.515+0800: 200.252: Application time: 0.0008409 seconds
2020-09-10T15:40:20.515+0800: 200.252: Total time for which application threads were stopped: 0.0000904 seconds, Stopping threads took: 0.0000156 seconds
2020-09-10T15:40:20.516+0800: 200.253: Application time: 0.0008373 seconds
2020-09-10T15:40:20.516+0800: 200.253: Total time for which application threads were stopped: 0.0000823 seconds, Stopping threads took: 0.0000115 seconds
2020-09-10T15:40:20.517+0800: 200.254: Application time: 0.0007745 seconds
2020-09-10T15:40:20.517+0800: 200.254: Total time for which application threads were stopped: 0.0000848 seconds, Stopping threads took: 0.0000136 seconds
2020-09-10T15:40:20.518+0800: 200.255: Application time: 0.0008141 seconds
2020-09-10T15:40:20.518+0800: 200.255: Total time for which application threads were stopped: 0.0001191 seconds, Stopping threads took: 0.0000164 seconds
2020-09-10T15:40:20.520+0800: 200.257: Application time: 0.0018666 seconds
2020-09-10T15:40:20.520+0800: 200.257: Total time for which application threads were stopped: 0.0001558 seconds, Stopping threads took: 0.0000235 seconds
2020-09-10T15:40:20.521+0800: 200.258: Application time: 0.0010591 seconds
2020-09-10T15:40:20.521+0800: 200.258: Total time for which application threads were stopped: 0.0001287 seconds, Stopping threads took: 0.0000165 seconds
2020-09-10T15:40:20.522+0800: 200.259: Application time: 0.0009306 seconds
2020-09-10T15:40:20.522+0800: 200.259: Total time for which application threads were stopped: 0.0001317 seconds, Stopping threads took: 0.0000158 seconds
2020-09-10T15:40:20.523+0800: 200.260: Application time: 0.0010026 seconds
2020-09-10T15:40:20.523+0800: 200.260: Total time for which application threads were stopped: 0.0001998 seconds, Stopping threads took: 0.0000344 seconds
2020-09-10T15:40:20.524+0800: 200.261: Application time: 0.0010923 seconds
2020-09-10T15:40:20.524+0800: 200.262: Total time for which application threads were stopped: 0.0001248 seconds, Stopping threads took: 0.0000219 seconds
2020-09-10T15:40:20.526+0800: 200.263: Application time: 0.0014960 seconds
2020-09-10T15:40:20.526+0800: 200.263: Total time for which application threads were stopped: 0.0001595 seconds, Stopping threads took: 0.0000301 seconds
2020-09-10T15:40:20.527+0800: 200.264: Application time: 0.0012337 seconds
2020-09-10T15:40:20.527+0800: 200.265: Total time for which application threads were stopped: 0.0001230 seconds, Stopping threads took: 0.0000173 seconds
2020-09-10T15:40:20.528+0800: 200.265: Application time: 0.0007619 seconds
2020-09-10T15:40:20.528+0800: 200.265: Total time for which application threads were stopped: 0.0000892 seconds, Stopping threads took: 0.0000146 seconds
2020-09-10T15:40:20.529+0800: 200.266: Application time: 0.0007929 seconds
2020-09-10T15:40:20.529+0800: 200.266: Total time for which application threads were stopped: 0.0001014 seconds, Stopping threads took: 0.0000157 seconds
2020-09-10T15:40:20.530+0800: 200.267: Application time: 0.0007514 seconds
2020-09-10T15:40:20.530+0800: 200.267: Total time for which application threads were stopped: 0.0000730 seconds, Stopping threads took: 0.0000100 seconds
2020-09-10T15:40:20.531+0800: 200.268: Application time: 0.0007259 seconds
2020-09-10T15:40:20.531+0800: 200.268: Total time for which application threads were stopped: 0.0000732 seconds, Stopping threads took: 0.0000098 seconds
2020-09-10T15:40:20.532+0800: 200.269: Application time: 0.0008966 seconds
2020-09-10T15:40:20.532+0800: 200.269: Total time for which application threads were stopped: 0.0001101 seconds, Stopping threads took: 0.0000167 seconds
2020-09-10T15:40:20.533+0800: 200.270: Application time: 0.0013818 seconds
2020-09-10T15:40:20.533+0800: 200.271: Total time for which application threads were stopped: 0.0001244 seconds, Stopping threads took: 0.0000233 seconds
2020-09-10T15:40:20.535+0800: 200.272: Application time: 0.0011483 seconds
2020-09-10T15:40:20.535+0800: 200.272: Total time for which application threads were stopped: 0.0000936 seconds, Stopping threads took: 0.0000163 seconds
2020-09-10T15:40:20.535+0800: 200.273: Application time: 0.0007558 seconds
2020-09-10T15:40:20.536+0800: 200.273: Total time for which application threads were stopped: 0.0001351 seconds, Stopping threads took: 0.0000129 seconds
2020-09-10T15:40:20.536+0800: 200.273: Application time: 0.0007186 seconds
2020-09-10T15:40:20.536+0800: 200.273: Total time for which application threads were stopped: 0.0001000 seconds, Stopping threads took: 0.0000169 seconds
2020-09-10T15:40:20.538+0800: 200.275: Application time: 0.0012599 seconds
2020-09-10T15:40:20.538+0800: 200.275: Total time for which application threads were stopped: 0.0001409 seconds, Stopping threads took: 0.0000274 seconds
2020-09-10T15:40:20.539+0800: 200.276: Application time: 0.0009231 seconds
2020-09-10T15:40:20.539+0800: 200.276: Total time for which application threads were stopped: 0.0001441 seconds, Stopping threads took: 0.0000188 seconds
2020-09-10T15:40:20.540+0800: 200.277: Application time: 0.0007528 seconds
2020-09-10T15:40:20.540+0800: 200.277: Total time for which application threads were stopped: 0.0001085 seconds, Stopping threads took: 0.0000180 seconds
2020-09-10T15:40:20.541+0800: 200.278: Application time: 0.0010123 seconds
2020-09-10T15:40:20.541+0800: 200.278: Total time for which application threads were stopped: 0.0000943 seconds, Stopping threads took: 0.0000179 seconds
2020-09-10T15:40:20.545+0800: 200.282: Application time: 0.0039281 seconds
2020-09-10T15:40:20.545+0800: 200.282: Total time for which application threads were stopped: 0.0001562 seconds, Stopping threads took: 0.0000279 seconds
2020-09-10T15:40:20.546+0800: 200.283: Application time: 0.0012257 seconds
2020-09-10T15:40:20.547+0800: 200.284: Total time for which application threads were stopped: 0.0005084 seconds, Stopping threads took: 0.0001115 seconds
2020-09-10T15:40:20.550+0800: 200.288: Application time: 0.0037030 seconds
2020-09-10T15:40:20.551+0800: 200.288: Total time for which application threads were stopped: 0.0002385 seconds, Stopping threads took: 0.0000389 seconds
2020-09-10T15:40:20.552+0800: 200.289: Application time: 0.0015228 seconds
2020-09-10T15:40:20.552+0800: 200.290: Total time for which application threads were stopped: 0.0002082 seconds, Stopping threads took: 0.0000435 seconds
2020-09-10T15:40:20.554+0800: 200.291: Application time: 0.0014611 seconds
2020-09-10T15:40:20.554+0800: 200.291: Total time for which application threads were stopped: 0.0001569 seconds, Stopping threads took: 0.0000314 seconds
2020-09-10T15:40:20.555+0800: 200.292: Application time: 0.0010584 seconds
2020-09-10T15:40:20.555+0800: 200.292: Total time for which application threads were stopped: 0.0000897 seconds, Stopping threads took: 0.0000173 seconds
2020-09-10T15:40:20.556+0800: 200.293: Application time: 0.0007082 seconds
2020-09-10T15:40:20.556+0800: 200.293: Total time for which application threads were stopped: 0.0000959 seconds, Stopping threads took: 0.0000186 seconds
2020-09-10T15:40:20.557+0800: 200.294: Application time: 0.0010650 seconds
2020-09-10T15:40:20.557+0800: 200.294: Total time for which application threads were stopped: 0.0000921 seconds, Stopping threads took: 0.0000160 seconds
2020-09-10T15:40:20.558+0800: 200.295: Application time: 0.0008982 seconds
2020-09-10T15:40:20.558+0800: 200.295: Total time for which application threads were stopped: 0.0000783 seconds, Stopping threads took: 0.0000150 seconds
2020-09-10T15:40:20.559+0800: 200.296: Application time: 0.0008859 seconds
2020-09-10T15:40:20.559+0800: 200.296: Total time for which application threads were stopped: 0.0001359 seconds, Stopping threads took: 0.0000217 seconds
2020-09-10T15:40:20.560+0800: 200.297: Application time: 0.0011582 seconds
2020-09-10T15:40:20.560+0800: 200.298: Total time for which application threads were stopped: 0.0001579 seconds, Stopping threads took: 0.0000279 seconds
2020-09-10T15:40:20.562+0800: 200.299: Application time: 0.0014371 seconds
2020-09-10T15:40:20.562+0800: 200.299: Total time for which application threads were stopped: 0.0001698 seconds, Stopping threads took: 0.0000291 seconds
2020-09-10T15:40:20.563+0800: 200.301: Application time: 0.0017147 seconds
2020-09-10T15:40:20.563+0800: 200.301: Total time for which application threads were stopped: 0.0002579 seconds, Stopping threads took: 0.0000453 seconds
2020-09-10T15:40:21.304+0800: 201.041: Application time: 0.7396634 seconds
2020-09-10T15:40:21.304+0800: 201.041: [GC (CMS Initial Mark) [1 CMS-initial-mark: 3744665K(4194304K)] 4879344K(6081792K), 0.3010665 secs] [Times: user=0.53 sys=0.02, real=0.30 secs] 
2020-09-10T15:40:21.605+0800: 201.342: Total time for which application threads were stopped: 0.3012541 seconds, Stopping threads took: 0.0000233 seconds
2020-09-10T15:40:21.605+0800: 201.342: [CMS-concurrent-mark-start]
2020-09-10T15:40:23.405+0800: 203.142: Application time: 1.7998634 seconds
2020-09-10T15:40:23.405+0800: 203.142: Total time for which application threads were stopped: 0.0000929 seconds, Stopping threads took: 0.0000161 seconds
2020-09-10T15:40:23.405+0800: 203.142: Application time: 0.0002273 seconds
2020-09-10T15:40:23.406+0800: 203.143: Total time for which application threads were stopped: 0.0009934 seconds, Stopping threads took: 0.0000116 seconds
2020-09-10T15:40:23.406+0800: 203.144: Application time: 0.0002594 seconds
2020-09-10T15:40:23.406+0800: 203.144: Total time for which application threads were stopped: 0.0000695 seconds, Stopping threads took: 0.0000110 seconds
2020-09-10T15:40:23.407+0800: 203.144: Application time: 0.0002382 seconds
2020-09-10T15:40:23.408+0800: 203.145: Total time for which application threads were stopped: 0.0008449 seconds, Stopping threads took: 0.0000084 seconds
2020-09-10T15:40:23.408+0800: 203.145: Application time: 0.0002027 seconds
2020-09-10T15:40:23.408+0800: 203.145: Total time for which application threads were stopped: 0.0000605 seconds, Stopping threads took: 0.0000078 seconds
2020-09-10T15:40:23.408+0800: 203.145: Application time: 0.0001788 seconds
2020-09-10T15:40:23.409+0800: 203.146: Total time for which application threads were stopped: 0.0009530 seconds, Stopping threads took: 0.0000060 seconds
2020-09-10T15:40:23.410+0800: 203.147: Application time: 0.0011194 seconds
2020-09-10T15:40:23.411+0800: 203.148: Total time for which application threads were stopped: 0.0006319 seconds, Stopping threads took: 0.0000275 seconds
2020-09-10T15:40:23.411+0800: 203.148: Application time: 0.0000305 seconds
2020-09-10T15:40:23.411+0800: 203.148: Total time for which application threads were stopped: 0.0000866 seconds, Stopping threads took: 0.0000102 seconds
2020-09-10T15:40:23.411+0800: 203.148: Application time: 0.0000268 seconds
2020-09-10T15:40:23.411+0800: 203.148: Total time for which application threads were stopped: 0.0000862 seconds, Stopping threads took: 0.0000132 seconds
2020-09-10T15:40:23.416+0800: 203.153: Application time: 0.0050065 seconds
2020-09-10T15:40:23.416+0800: 203.153: Total time for which application threads were stopped: 0.0000756 seconds, Stopping threads took: 0.0000151 seconds
2020-09-10T15:40:23.416+0800: 203.153: Application time: 0.0000872 seconds
2020-09-10T15:40:23.416+0800: 203.153: Total time for which application threads were stopped: 0.0000451 seconds, Stopping threads took: 0.0000072 seconds
2020-09-10T15:40:23.416+0800: 203.153: Application time: 0.0000161 seconds
2020-09-10T15:40:23.416+0800: 203.153: Total time for which application threads were stopped: 0.0000264 seconds, Stopping threads took: 0.0000050 seconds
2020-09-10T15:40:23.416+0800: 203.153: Application time: 0.0000789 seconds
2020-09-10T15:40:23.416+0800: 203.154: Total time for which application threads were stopped: 0.0000306 seconds, Stopping threads took: 0.0000054 seconds
2020-09-10T15:40:23.416+0800: 203.154: Application time: 0.0000373 seconds
2020-09-10T15:40:23.416+0800: 203.154: Total time for which application threads were stopped: 0.0000290 seconds, Stopping threads took: 0.0000049 seconds
2020-09-10T15:40:23.416+0800: 203.154: Application time: 0.0000123 seconds
2020-09-10T15:40:23.416+0800: 203.154: Total time for which application threads were stopped: 0.0000257 seconds, Stopping threads took: 0.0000046 seconds
2020-09-10T15:40:23.417+0800: 203.154: Application time: 0.0000781 seconds
2020-09-10T15:40:23.417+0800: 203.154: Total time for which application threads were stopped: 0.0000357 seconds, Stopping threads took: 0.0000057 seconds
2020-09-10T15:40:23.417+0800: 203.154: Application time: 0.0000983 seconds
2020-09-10T15:40:23.417+0800: 203.154: Total time for which application threads were stopped: 0.0000291 seconds, Stopping threads took: 0.0000049 seconds
2020-09-10T15:40:23.417+0800: 203.154: Application time: 0.0000475 seconds
2020-09-10T15:40:23.417+0800: 203.154: Total time for which application threads were stopped: 0.0000273 seconds, Stopping threads took: 0.0000051 seconds
2020-09-10T15:40:23.417+0800: 203.154: Application time: 0.0000516 seconds
2020-09-10T15:40:23.417+0800: 203.154: Total time for which application threads were stopped: 0.0000254 seconds, Stopping threads took: 0.0000033 seconds
2020-09-10T15:40:23.417+0800: 203.154: Application time: 0.0000408 seconds
2020-09-10T15:40:23.417+0800: 203.154: Total time for which application threads were stopped: 0.0000279 seconds, Stopping threads took: 0.0000046 seconds
2020-09-10T15:40:23.417+0800: 203.154: Application time: 0.0000118 seconds
2020-09-10T15:40:23.417+0800: 203.154: Total time for which application threads were stopped: 0.0000257 seconds, Stopping threads took: 0.0000045 seconds
2020-09-10T15:40:23.417+0800: 203.154: Application time: 0.0000618 seconds
2020-09-10T15:40:23.417+0800: 203.154: Total time for which application threads were stopped: 0.0000251 seconds, Stopping threads took: 0.0000032 seconds
2020-09-10T15:40:23.417+0800: 203.154: Application time: 0.0000508 seconds
2020-09-10T15:40:23.417+0800: 203.154: Total time for which application threads were stopped: 0.0000374 seconds, Stopping threads took: 0.0000074 seconds
2020-09-10T15:40:23.419+0800: 203.156: Application time: 0.0020037 seconds
2020-09-10T15:40:23.419+0800: 203.156: Total time for which application threads were stopped: 0.0000918 seconds, Stopping threads took: 0.0000165 seconds
2020-09-10T15:40:23.423+0800: 203.161: Application time: 0.0040488 seconds
2020-09-10T15:40:23.424+0800: 203.161: Total time for which application threads were stopped: 0.0001279 seconds, Stopping threads took: 0.0000185 seconds
2020-09-10T15:40:23.425+0800: 203.162: Application time: 0.0011970 seconds
2020-09-10T15:40:23.425+0800: 203.162: Total time for which application threads were stopped: 0.0000819 seconds, Stopping threads took: 0.0000156 seconds
2020-09-10T15:40:23.425+0800: 203.163: Application time: 0.0006081 seconds
2020-09-10T15:40:23.426+0800: 203.163: Total time for which application threads were stopped: 0.0001157 seconds, Stopping threads took: 0.0000169 seconds
2020-09-10T15:40:23.426+0800: 203.164: Application time: 0.0009103 seconds
2020-09-10T15:40:23.427+0800: 203.164: Total time for which application threads were stopped: 0.0002493 seconds, Stopping threads took: 0.0000431 seconds
2020-09-10T15:40:23.428+0800: 203.165: Application time: 0.0015321 seconds
2020-09-10T15:40:23.428+0800: 203.165: Total time for which application threads were stopped: 0.0000972 seconds, Stopping threads took: 0.0000229 seconds
2020-09-10T15:40:23.429+0800: 203.166: Application time: 0.0009905 seconds
2020-09-10T15:40:23.429+0800: 203.167: Total time for which application threads were stopped: 0.0000873 seconds, Stopping threads took: 0.0000164 seconds
2020-09-10T15:40:23.430+0800: 203.167: Application time: 0.0007483 seconds
2020-09-10T15:40:23.430+0800: 203.167: Total time for which application threads were stopped: 0.0000752 seconds, Stopping threads took: 0.0000127 seconds
2020-09-10T15:40:23.431+0800: 203.168: Application time: 0.0007441 seconds
2020-09-10T15:40:23.431+0800: 203.168: Total time for which application threads were stopped: 0.0001182 seconds, Stopping threads took: 0.0000271 seconds
2020-09-10T15:40:23.432+0800: 203.169: Application time: 0.0008464 seconds
2020-09-10T15:40:23.432+0800: 203.169: Total time for which application threads were stopped: 0.0000950 seconds, Stopping threads took: 0.0000173 seconds
2020-09-10T15:40:23.433+0800: 203.170: Application time: 0.0007786 seconds
2020-09-10T15:40:23.433+0800: 203.170: Total time for which application threads were stopped: 0.0001252 seconds, Stopping threads took: 0.0000177 seconds
2020-09-10T15:40:23.434+0800: 203.171: Application time: 0.0009074 seconds
2020-09-10T15:40:23.434+0800: 203.171: Total time for which application threads were stopped: 0.0001933 seconds, Stopping threads took: 0.0000151 seconds
2020-09-10T15:40:23.434+0800: 203.171: Application time: 0.0000226 seconds
2020-09-10T15:40:23.434+0800: 203.171: Total time for which application threads were stopped: 0.0000630 seconds, Stopping threads took: 0.0000076 seconds
2020-09-10T15:40:23.435+0800: 203.172: Application time: 0.0008478 seconds
2020-09-10T15:40:23.435+0800: 203.172: Total time for which application threads were stopped: 0.0000806 seconds, Stopping threads took: 0.0000167 seconds
2020-09-10T15:40:23.436+0800: 203.173: Application time: 0.0007142 seconds
2020-09-10T15:40:23.436+0800: 203.173: Total time for which application threads were stopped: 0.0000766 seconds, Stopping threads took: 0.0000140 seconds
2020-09-10T15:40:23.437+0800: 203.174: Application time: 0.0010612 seconds
2020-09-10T15:40:23.437+0800: 203.174: Total time for which application threads were stopped: 0.0000781 seconds, Stopping threads took: 0.0000116 seconds
2020-09-10T15:40:23.437+0800: 203.174: Application time: 0.0000638 seconds
2020-09-10T15:40:23.437+0800: 203.174: Total time for which application threads were stopped: 0.0000525 seconds, Stopping threads took: 0.0000071 seconds
2020-09-10T15:40:23.438+0800: 203.175: Application time: 0.0006361 seconds
2020-09-10T15:40:23.438+0800: 203.175: Total time for which application threads were stopped: 0.0000686 seconds, Stopping threads took: 0.0000117 seconds
2020-09-10T15:40:23.439+0800: 203.176: Application time: 0.0010861 seconds
2020-09-10T15:40:23.439+0800: 203.176: Total time for which application threads were stopped: 0.0001374 seconds, Stopping threads took: 0.0000246 seconds
2020-09-10T15:40:23.441+0800: 203.178: Application time: 0.0015155 seconds
2020-09-10T15:40:23.441+0800: 203.178: Total time for which application threads were stopped: 0.0001179 seconds, Stopping threads took: 0.0000266 seconds
2020-09-10T15:40:23.442+0800: 203.179: Application time: 0.0006588 seconds
2020-09-10T15:40:23.442+0800: 203.179: Total time for which application threads were stopped: 0.0000850 seconds, Stopping threads took: 0.0000150 seconds
2020-09-10T15:40:23.442+0800: 203.180: Application time: 0.0008502 seconds
2020-09-10T15:40:23.443+0800: 203.180: Total time for which application threads were stopped: 0.0001555 seconds, Stopping threads took: 0.0000345 seconds
2020-09-10T15:40:23.447+0800: 203.185: Application time: 0.0048268 seconds
2020-09-10T15:40:23.448+0800: 203.185: Total time for which application threads were stopped: 0.0002064 seconds, Stopping threads took: 0.0000562 seconds
2020-09-10T15:40:23.450+0800: 203.187: Application time: 0.0019266 seconds
2020-09-10T15:40:23.450+0800: 203.187: Total time for which application threads were stopped: 0.0001124 seconds, Stopping threads took: 0.0000211 seconds
2020-09-10T15:40:23.451+0800: 203.188: Application time: 0.0010237 seconds
2020-09-10T15:40:23.451+0800: 203.188: Total time for which application threads were stopped: 0.0000873 seconds, Stopping threads took: 0.0000172 seconds
2020-09-10T15:40:23.452+0800: 203.189: Application time: 0.0010269 seconds
2020-09-10T15:40:23.452+0800: 203.189: Total time for which application threads were stopped: 0.0001071 seconds, Stopping threads took: 0.0000219 seconds
2020-09-10T15:40:23.453+0800: 203.190: Application time: 0.0009105 seconds
2020-09-10T15:40:23.453+0800: 203.190: Total time for which application threads were stopped: 0.0001173 seconds, Stopping threads took: 0.0000237 seconds
2020-09-10T15:40:23.454+0800: 203.191: Application time: 0.0008941 seconds
2020-09-10T15:40:23.454+0800: 203.191: Total time for which application threads were stopped: 0.0000766 seconds, Stopping threads took: 0.0000128 seconds
2020-09-10T15:40:23.455+0800: 203.192: Application time: 0.0011107 seconds
2020-09-10T15:40:23.455+0800: 203.192: Total time for which application threads were stopped: 0.0000718 seconds, Stopping threads took: 0.0000120 seconds
2020-09-10T15:40:23.455+0800: 203.193: Application time: 0.0007719 seconds
2020-09-10T15:40:23.455+0800: 203.193: Total time for which application threads were stopped: 0.0000994 seconds, Stopping threads took: 0.0000130 seconds
2020-09-10T15:40:23.456+0800: 203.194: Application time: 0.0007329 seconds
2020-09-10T15:40:23.456+0800: 203.194: Total time for which application threads were stopped: 0.0000985 seconds, Stopping threads took: 0.0000234 seconds
2020-09-10T15:40:23.457+0800: 203.195: Application time: 0.0006971 seconds
2020-09-10T15:40:23.457+0800: 203.195: Total time for which application threads were stopped: 0.0000750 seconds, Stopping threads took: 0.0000136 seconds
2020-09-10T15:40:23.457+0800: 203.195: Application time: 0.0005813 seconds
2020-09-10T15:40:23.457+0800: 203.195: Total time for which application threads were stopped: 0.0000553 seconds, Stopping threads took: 0.0000089 seconds
2020-09-10T15:40:23.458+0800: 203.196: Application time: 0.0007085 seconds
2020-09-10T15:40:23.458+0800: 203.196: Total time for which application threads were stopped: 0.0001665 seconds, Stopping threads took: 0.0000270 seconds
2020-09-10T15:40:23.460+0800: 203.198: Application time: 0.0020351 seconds
2020-09-10T15:40:23.460+0800: 203.199: Total time for which application threads were stopped: 0.0001556 seconds, Stopping threads took: 0.0000322 seconds
2020-09-10T15:40:23.462+0800: 203.200: Application time: 0.0011798 seconds
2020-09-10T15:40:23.462+0800: 203.200: Total time for which application threads were stopped: 0.0001479 seconds, Stopping threads took: 0.0000245 seconds
2020-09-10T15:40:23.463+0800: 203.201: Application time: 0.0007995 seconds
2020-09-10T15:40:23.463+0800: 203.201: Total time for which application threads were stopped: 0.0000905 seconds, Stopping threads took: 0.0000197 seconds
2020-09-10T15:40:23.463+0800: 203.201: Application time: 0.0005985 seconds
2020-09-10T15:40:23.463+0800: 203.201: Total time for which application threads were stopped: 0.0000634 seconds, Stopping threads took: 0.0000107 seconds
2020-09-10T15:40:23.464+0800: 203.202: Application time: 0.0006286 seconds
2020-09-10T15:40:23.464+0800: 203.202: Total time for which application threads were stopped: 0.0000705 seconds, Stopping threads took: 0.0000115 seconds
2020-09-10T15:40:23.465+0800: 203.203: Application time: 0.0005592 seconds
2020-09-10T15:40:23.465+0800: 203.203: Total time for which application threads were stopped: 0.0000578 seconds, Stopping threads took: 0.0000089 seconds
2020-09-10T15:40:23.465+0800: 203.203: Application time: 0.0005247 seconds
2020-09-10T15:40:23.465+0800: 203.203: Total time for which application threads were stopped: 0.0000512 seconds, Stopping threads took: 0.0000076 seconds
2020-09-10T15:40:23.466+0800: 203.204: Application time: 0.0006082 seconds
2020-09-10T15:40:23.466+0800: 203.204: Total time for which application threads were stopped: 0.0000729 seconds, Stopping threads took: 0.0000135 seconds
2020-09-10T15:40:23.467+0800: 203.205: Application time: 0.0006205 seconds
2020-09-10T15:40:23.467+0800: 203.205: Total time for which application threads were stopped: 0.0000656 seconds, Stopping threads took: 0.0000112 seconds
2020-09-10T15:40:23.467+0800: 203.205: Application time: 0.0006414 seconds
2020-09-10T15:40:23.467+0800: 203.205: Total time for which application threads were stopped: 0.0000620 seconds, Stopping threads took: 0.0000097 seconds
2020-09-10T15:40:23.468+0800: 203.206: Application time: 0.0006768 seconds
2020-09-10T15:40:23.468+0800: 203.206: Total time for which application threads were stopped: 0.0000741 seconds, Stopping threads took: 0.0000125 seconds
2020-09-10T15:40:23.469+0800: 203.207: Application time: 0.0005456 seconds
2020-09-10T15:40:23.469+0800: 203.207: Total time for which application threads were stopped: 0.0000625 seconds, Stopping threads took: 0.0000101 seconds
2020-09-10T15:40:23.469+0800: 203.207: Application time: 0.0005415 seconds
2020-09-10T15:40:23.469+0800: 203.207: Total time for which application threads were stopped: 0.0000606 seconds, Stopping threads took: 0.0000083 seconds
2020-09-10T15:40:23.470+0800: 203.208: Application time: 0.0006216 seconds
2020-09-10T15:40:23.470+0800: 203.208: Total time for which application threads were stopped: 0.0000579 seconds, Stopping threads took: 0.0000102 seconds
2020-09-10T15:40:23.471+0800: 203.209: Application time: 0.0005765 seconds
2020-09-10T15:40:23.471+0800: 203.209: Total time for which application threads were stopped: 0.0000563 seconds, Stopping threads took: 0.0000088 seconds
2020-09-10T15:40:23.471+0800: 203.209: Application time: 0.0005327 seconds
2020-09-10T15:40:23.471+0800: 203.209: Total time for which application threads were stopped: 0.0000726 seconds, Stopping threads took: 0.0000103 seconds
2020-09-10T15:40:23.474+0800: 203.212: Application time: 0.0026851 seconds
2020-09-10T15:40:23.474+0800: 203.212: Total time for which application threads were stopped: 0.0000812 seconds, Stopping threads took: 0.0000173 seconds
2020-09-10T15:40:23.475+0800: 203.213: Application time: 0.0007806 seconds
2020-09-10T15:40:23.475+0800: 203.213: Total time for which application threads were stopped: 0.0001079 seconds, Stopping threads took: 0.0000196 seconds
2020-09-10T15:40:23.477+0800: 203.215: Application time: 0.0019880 seconds
2020-09-10T15:40:23.478+0800: 203.216: Total time for which application threads were stopped: 0.0007097 seconds, Stopping threads took: 0.0001037 seconds
2020-09-10T15:40:23.479+0800: 203.217: Application time: 0.0014257 seconds
2020-09-10T15:40:23.479+0800: 203.217: Total time for which application threads were stopped: 0.0000955 seconds, Stopping threads took: 0.0000178 seconds
2020-09-10T15:40:23.480+0800: 203.218: Application time: 0.0007518 seconds
2020-09-10T15:40:23.480+0800: 203.218: Total time for which application threads were stopped: 0.0000729 seconds, Stopping threads took: 0.0000133 seconds
2020-09-10T15:40:23.481+0800: 203.219: Application time: 0.0006881 seconds
2020-09-10T15:40:23.481+0800: 203.219: Total time for which application threads were stopped: 0.0000815 seconds, Stopping threads took: 0.0000132 seconds
2020-09-10T15:40:23.482+0800: 203.220: Application time: 0.0006380 seconds
2020-09-10T15:40:23.482+0800: 203.220: Total time for which application threads were stopped: 0.0001156 seconds, Stopping threads took: 0.0000146 seconds
2020-09-10T15:40:23.482+0800: 203.220: Application time: 0.0008183 seconds
2020-09-10T15:40:23.483+0800: 203.221: Total time for which application threads were stopped: 0.0001074 seconds, Stopping threads took: 0.0000156 seconds
2020-09-10T15:40:23.483+0800: 203.221: Application time: 0.0008365 seconds
2020-09-10T15:40:23.484+0800: 203.221: Total time for which application threads were stopped: 0.0000887 seconds, Stopping threads took: 0.0000153 seconds
2020-09-10T15:40:23.484+0800: 203.222: Application time: 0.0006123 seconds
2020-09-10T15:40:23.484+0800: 203.222: Total time for which application threads were stopped: 0.0000699 seconds, Stopping threads took: 0.0000115 seconds
2020-09-10T15:40:23.485+0800: 203.223: Application time: 0.0006485 seconds
2020-09-10T15:40:23.485+0800: 203.223: Total time for which application threads were stopped: 0.0000707 seconds, Stopping threads took: 0.0000128 seconds
2020-09-10T15:40:23.486+0800: 203.223: Application time: 0.0005866 seconds
2020-09-10T15:40:23.486+0800: 203.224: Total time for which application threads were stopped: 0.0000758 seconds, Stopping threads took: 0.0000100 seconds
2020-09-10T15:40:23.486+0800: 203.224: Application time: 0.0006449 seconds
2020-09-10T15:40:23.486+0800: 203.224: Total time for which application threads were stopped: 0.0000661 seconds, Stopping threads took: 0.0000110 seconds
2020-09-10T15:40:23.487+0800: 203.225: Application time: 0.0007558 seconds
2020-09-10T15:40:23.487+0800: 203.225: Total time for which application threads were stopped: 0.0000673 seconds, Stopping threads took: 0.0000122 seconds
2020-09-10T15:40:23.488+0800: 203.226: Application time: 0.0007455 seconds
2020-09-10T15:40:23.488+0800: 203.226: Total time for which application threads were stopped: 0.0000780 seconds, Stopping threads took: 0.0000140 seconds
2020-09-10T15:40:23.489+0800: 203.227: Application time: 0.0007596 seconds
2020-09-10T15:40:23.489+0800: 203.227: Total time for which application threads were stopped: 0.0001897 seconds, Stopping threads took: 0.0000158 seconds
2020-09-10T15:40:24.403+0800: 204.140: [CMS-concurrent-mark: 2.745/2.798 secs] [Times: user=5.48 sys=0.00, real=2.80 secs] 
2020-09-10T15:40:24.403+0800: 204.140: [CMS-concurrent-preclean-start]
2020-09-10T15:40:24.407+0800: 204.145: [CMS-concurrent-preclean: 0.005/0.005 secs] [Times: user=0.00 sys=0.00, real=0.00 secs] 
2020-09-10T15:40:24.407+0800: 204.145: [CMS-concurrent-abortable-preclean-start]
2020-09-10T15:40:24.407+0800: 204.145: [CMS-concurrent-abortable-preclean: 0.000/0.000 secs] [Times: user=0.00 sys=0.00, real=0.00 secs] 
2020-09-10T15:40:24.408+0800: 204.145: Application time: 0.9179339 seconds
2020-09-10T15:40:24.408+0800: 204.145: [GC (CMS Final Remark) [YG occupancy: 1134678 K (1887488 K)]2020-09-10T15:40:24.408+0800: 204.145: [Rescan (parallel) , 0.5360644 secs]2020-09-10T15:40:24.943+0800: 204.681: [weak refs processing, 0.0004074 secs]2020-09-10T15:40:24.944+0800: 204.682: [class unloading, 0.0047405 secs]2020-09-10T15:40:24.949+0800: 204.686: [scrub symbol table, 0.0075279 secs]2020-09-10T15:40:24.956+0800: 204.694: [scrub string table, 0.0004618 secs][1 CMS-remark: 3744665K(4194304K)] 4879344K(6081792K), 0.5495610 secs] [Times: user=3.16 sys=0.06, real=0.55 secs] 
2020-09-10T15:40:24.957+0800: 204.695: Total time for which application threads were stopped: 0.5497146 seconds, Stopping threads took: 0.0000263 seconds
2020-09-10T15:40:24.957+0800: 204.695: [CMS-concurrent-sweep-start]
2020-09-10T15:40:25.204+0800: 204.941: Application time: 0.2466626 seconds
2020-09-10T15:40:25.204+0800: 204.941: Total time for which application threads were stopped: 0.0000785 seconds, Stopping threads took: 0.0000142 seconds
2020-09-10T15:40:25.204+0800: 204.941: Application time: 0.0000802 seconds
2020-09-10T15:40:25.204+0800: 204.941: Total time for which application threads were stopped: 0.0000461 seconds, Stopping threads took: 0.0000075 seconds
2020-09-10T15:40:25.205+0800: 204.942: Application time: 0.0005837 seconds
2020-09-10T15:40:25.205+0800: 204.942: Total time for which application threads were stopped: 0.0000771 seconds, Stopping threads took: 0.0000171 seconds
2020-09-10T15:40:25.881+0800: 205.618: [CMS-concurrent-sweep: 0.924/0.924 secs] [Times: user=0.92 sys=0.00, real=0.92 secs] 
2020-09-10T15:40:25.881+0800: 205.619: [CMS-concurrent-reset-start]
2020-09-10T15:40:25.885+0800: 205.623: [CMS-concurrent-reset: 0.004/0.004 secs] [Times: user=0.00 sys=0.00, real=0.00 secs] 
2020-09-10T15:40:27.886+0800: 207.623: Application time: 2.6813534 seconds
2020-09-10T15:40:27.886+0800: 207.624: [GC (CMS Initial Mark) [1 CMS-initial-mark: 3744665K(4194304K)] 4879344K(6081792K), 0.3123106 secs] [Times: user=0.63 sys=0.00, real=0.31 secs] 
2020-09-10T15:40:28.198+0800: 207.936: Total time for which application threads were stopped: 0.3124924 seconds, Stopping threads took: 0.0000176 seconds
2020-09-10T15:40:28.198+0800: 207.936: [CMS-concurrent-mark-start]
2020-09-10T15:40:28.479+0800: 208.216: Application time: 0.2804591 seconds
2020-09-10T15:40:28.480+0800: 208.217: Total time for which application threads were stopped: 0.0008255 seconds, Stopping threads took: 0.0000282 seconds
2020-09-10T15:40:28.480+0800: 208.217: Application time: 0.0000679 seconds
2020-09-10T15:40:28.480+0800: 208.217: Total time for which application threads were stopped: 0.0000662 seconds, Stopping threads took: 0.0000087 seconds
2020-09-10T15:40:28.480+0800: 208.217: Application time: 0.0000164 seconds
2020-09-10T15:40:28.480+0800: 208.217: Total time for which application threads were stopped: 0.0000273 seconds, Stopping threads took: 0.0000050 seconds
2020-09-10T15:40:28.486+0800: 208.223: Application time: 0.0055116 seconds
2020-09-10T15:40:28.486+0800: 208.223: Total time for which application threads were stopped: 0.0001062 seconds, Stopping threads took: 0.0000279 seconds
2020-09-10T15:40:28.486+0800: 208.223: Application time: 0.0000670 seconds
2020-09-10T15:40:28.486+0800: 208.223: Total time for which application threads were stopped: 0.0000557 seconds, Stopping threads took: 0.0000098 seconds
2020-09-10T15:40:28.501+0800: 208.238: Application time: 0.0153459 seconds
2020-09-10T15:40:28.502+0800: 208.239: Total time for which application threads were stopped: 0.0003218 seconds, Stopping threads took: 0.0000907 seconds
2020-09-10T15:40:28.521+0800: 208.258: Application time: 0.0195002 seconds
2020-09-10T15:40:28.521+0800: 208.258: Total time for which application threads were stopped: 0.0001140 seconds, Stopping threads took: 0.0000184 seconds
2020-09-10T15:40:28.522+0800: 208.260: Application time: 0.0011000 seconds
2020-09-10T15:40:28.523+0800: 208.260: Total time for which application threads were stopped: 0.0001380 seconds, Stopping threads took: 0.0000251 seconds
2020-09-10T15:40:28.524+0800: 208.261: Application time: 0.0016210 seconds
2020-09-10T15:40:28.524+0800: 208.261: Total time for which application threads were stopped: 0.0000945 seconds, Stopping threads took: 0.0000185 seconds
2020-09-10T15:40:28.525+0800: 208.262: Application time: 0.0007204 seconds
2020-09-10T15:40:28.525+0800: 208.262: Total time for which application threads were stopped: 0.0000991 seconds, Stopping threads took: 0.0000102 seconds
2020-09-10T15:40:28.525+0800: 208.263: Application time: 0.0008395 seconds
2020-09-10T15:40:28.525+0800: 208.263: Total time for which application threads were stopped: 0.0001396 seconds, Stopping threads took: 0.0000251 seconds
2020-09-10T15:40:28.526+0800: 208.264: Application time: 0.0008965 seconds
2020-09-10T15:40:28.526+0800: 208.264: Total time for which application threads were stopped: 0.0001872 seconds, Stopping threads took: 0.0000243 seconds
2020-09-10T15:40:28.527+0800: 208.265: Application time: 0.0010040 seconds
2020-09-10T15:40:28.527+0800: 208.265: Total time for which application threads were stopped: 0.0001023 seconds, Stopping threads took: 0.0000212 seconds
2020-09-10T15:40:28.528+0800: 208.266: Application time: 0.0007737 seconds
2020-09-10T15:40:28.528+0800: 208.266: Total time for which application threads were stopped: 0.0000844 seconds, Stopping threads took: 0.0000168 seconds
2020-09-10T15:40:28.529+0800: 208.267: Application time: 0.0008295 seconds
2020-09-10T15:40:28.529+0800: 208.267: Total time for which application threads were stopped: 0.0000802 seconds, Stopping threads took: 0.0000137 seconds
2020-09-10T15:40:28.530+0800: 208.268: Application time: 0.0005933 seconds
2020-09-10T15:40:28.530+0800: 208.268: Total time for which application threads were stopped: 0.0000644 seconds, Stopping threads took: 0.0000099 seconds
2020-09-10T15:40:28.530+0800: 208.268: Application time: 0.0005079 seconds
2020-09-10T15:40:28.530+0800: 208.268: Total time for which application threads were stopped: 0.0000498 seconds, Stopping threads took: 0.0000073 seconds
2020-09-10T15:40:28.531+0800: 208.269: Application time: 0.0006704 seconds
2020-09-10T15:40:28.531+0800: 208.269: Total time for which application threads were stopped: 0.0000786 seconds, Stopping threads took: 0.0000132 seconds
2020-09-10T15:40:28.532+0800: 208.270: Application time: 0.0006902 seconds
2020-09-10T15:40:28.532+0800: 208.270: Total time for which application threads were stopped: 0.0000792 seconds, Stopping threads took: 0.0000154 seconds
2020-09-10T15:40:28.533+0800: 208.271: Application time: 0.0007116 seconds
2020-09-10T15:40:28.533+0800: 208.271: Total time for which application threads were stopped: 0.0001601 seconds, Stopping threads took: 0.0000280 seconds
2020-09-10T15:40:28.535+0800: 208.273: Application time: 0.0018965 seconds
2020-09-10T15:40:28.535+0800: 208.273: Total time for which application threads were stopped: 0.0001005 seconds, Stopping threads took: 0.0000194 seconds
2020-09-10T15:40:28.539+0800: 208.277: Application time: 0.0043526 seconds
2020-09-10T15:40:28.539+0800: 208.277: Total time for which application threads were stopped: 0.0001063 seconds, Stopping threads took: 0.0000355 seconds
2020-09-10T15:40:28.540+0800: 208.278: Application time: 0.0007913 seconds
2020-09-10T15:40:28.540+0800: 208.278: Total time for which application threads were stopped: 0.0000786 seconds, Stopping threads took: 0.0000126 seconds
2020-09-10T15:40:28.541+0800: 208.279: Application time: 0.0006843 seconds
2020-09-10T15:40:28.541+0800: 208.279: Total time for which application threads were stopped: 0.0001388 seconds, Stopping threads took: 0.0000211 seconds
2020-09-10T15:40:28.543+0800: 208.281: Application time: 0.0023315 seconds
2020-09-10T15:40:28.544+0800: 208.282: Total time for which application threads were stopped: 0.0001324 seconds, Stopping threads took: 0.0000314 seconds
2020-09-10T15:40:28.544+0800: 208.282: Application time: 0.0008752 seconds
2020-09-10T15:40:28.545+0800: 208.283: Total time for which application threads were stopped: 0.0001112 seconds, Stopping threads took: 0.0000197 seconds
2020-09-10T15:40:28.546+0800: 208.284: Application time: 0.0011194 seconds
2020-09-10T15:40:28.546+0800: 208.284: Total time for which application threads were stopped: 0.0000857 seconds, Stopping threads took: 0.0000166 seconds
2020-09-10T15:40:28.546+0800: 208.284: Application time: 0.0006443 seconds
2020-09-10T15:40:28.546+0800: 208.284: Total time for which application threads were stopped: 0.0000801 seconds, Stopping threads took: 0.0000136 seconds
2020-09-10T15:40:28.547+0800: 208.285: Application time: 0.0006583 seconds
2020-09-10T15:40:28.547+0800: 208.285: Total time for which application threads were stopped: 0.0000826 seconds, Stopping threads took: 0.0000131 seconds
2020-09-10T15:40:28.548+0800: 208.286: Application time: 0.0007118 seconds
2020-09-10T15:40:28.548+0800: 208.286: Total time for which application threads were stopped: 0.0000690 seconds, Stopping threads took: 0.0000109 seconds
2020-09-10T15:40:28.549+0800: 208.287: Application time: 0.0005839 seconds
2020-09-10T15:40:28.549+0800: 208.287: Total time for which application threads were stopped: 0.0000826 seconds, Stopping threads took: 0.0000122 seconds
2020-09-10T15:40:28.549+0800: 208.287: Application time: 0.0006614 seconds
2020-09-10T15:40:28.549+0800: 208.287: Total time for which application threads were stopped: 0.0000721 seconds, Stopping threads took: 0.0000114 seconds
2020-09-10T15:40:28.550+0800: 208.288: Application time: 0.0010346 seconds
2020-09-10T15:40:28.551+0800: 208.289: Total time for which application threads were stopped: 0.0001232 seconds, Stopping threads took: 0.0000188 seconds
2020-09-10T15:40:28.551+0800: 208.289: Application time: 0.0007478 seconds
2020-09-10T15:40:28.551+0800: 208.289: Total time for which application threads were stopped: 0.0000925 seconds, Stopping threads took: 0.0000170 seconds
2020-09-10T15:40:28.552+0800: 208.290: Application time: 0.0010106 seconds
2020-09-10T15:40:28.553+0800: 208.290: Total time for which application threads were stopped: 0.0000876 seconds, Stopping threads took: 0.0000159 seconds
2020-09-10T15:40:28.553+0800: 208.291: Application time: 0.0008317 seconds
2020-09-10T15:40:28.554+0800: 208.291: Total time for which application threads were stopped: 0.0000788 seconds, Stopping threads took: 0.0000114 seconds
2020-09-10T15:40:28.554+0800: 208.292: Application time: 0.0006561 seconds
2020-09-10T15:40:28.554+0800: 208.292: Total time for which application threads were stopped: 0.0000693 seconds, Stopping threads took: 0.0000106 seconds
2020-09-10T15:40:28.555+0800: 208.293: Application time: 0.0007400 seconds
2020-09-10T15:40:28.555+0800: 208.293: Total time for which application threads were stopped: 0.0000566 seconds, Stopping threads took: 0.0000100 seconds
2020-09-10T15:40:28.556+0800: 208.294: Application time: 0.0006580 seconds
2020-09-10T15:40:28.556+0800: 208.294: Total time for which application threads were stopped: 0.0000908 seconds, Stopping threads took: 0.0000134 seconds
2020-09-10T15:40:28.556+0800: 208.294: Application time: 0.0006356 seconds
2020-09-10T15:40:28.557+0800: 208.294: Total time for which application threads were stopped: 0.0000681 seconds, Stopping threads took: 0.0000111 seconds
2020-09-10T15:40:28.557+0800: 208.295: Application time: 0.0005646 seconds
2020-09-10T15:40:28.557+0800: 208.295: Total time for which application threads were stopped: 0.0000638 seconds, Stopping threads took: 0.0000108 seconds
2020-09-10T15:40:28.558+0800: 208.296: Application time: 0.0006735 seconds
2020-09-10T15:40:28.558+0800: 208.296: Total time for which application threads were stopped: 0.0000843 seconds, Stopping threads took: 0.0000118 seconds
2020-09-10T15:40:28.559+0800: 208.297: Application time: 0.0007665 seconds
2020-09-10T15:40:28.559+0800: 208.297: Total time for which application threads were stopped: 0.0001630 seconds, Stopping threads took: 0.0000324 seconds
2020-09-10T15:40:28.560+0800: 208.298: Application time: 0.0016319 seconds
2020-09-10T15:40:28.561+0800: 208.299: Total time for which application threads were stopped: 0.0001657 seconds, Stopping threads took: 0.0000357 seconds
2020-09-10T15:40:28.564+0800: 208.302: Application time: 0.0030478 seconds
2020-09-10T15:40:28.564+0800: 208.302: Total time for which application threads were stopped: 0.0001673 seconds, Stopping threads took: 0.0000331 seconds
2020-09-10T15:40:28.565+0800: 208.303: Application time: 0.0008870 seconds
2020-09-10T15:40:28.565+0800: 208.303: Total time for which application threads were stopped: 0.0000830 seconds, Stopping threads took: 0.0000152 seconds
2020-09-10T15:40:28.565+0800: 208.303: Application time: 0.0005963 seconds
2020-09-10T15:40:28.566+0800: 208.303: Total time for which application threads were stopped: 0.0000713 seconds, Stopping threads took: 0.0000102 seconds
2020-09-10T15:40:28.566+0800: 208.304: Application time: 0.0006920 seconds
2020-09-10T15:40:28.566+0800: 208.304: Total time for which application threads were stopped: 0.0000634 seconds, Stopping threads took: 0.0000109 seconds
2020-09-10T15:40:28.567+0800: 208.305: Application time: 0.0005737 seconds
2020-09-10T15:40:28.567+0800: 208.305: Total time for which application threads were stopped: 0.0000534 seconds, Stopping threads took: 0.0000084 seconds
2020-09-10T15:40:28.568+0800: 208.306: Application time: 0.0006458 seconds
2020-09-10T15:40:28.568+0800: 208.306: Total time for which application threads were stopped: 0.0000637 seconds, Stopping threads took: 0.0000103 seconds
2020-09-10T15:40:28.568+0800: 208.306: Application time: 0.0005454 seconds
2020-09-10T15:40:28.568+0800: 208.306: Total time for which application threads were stopped: 0.0000537 seconds, Stopping threads took: 0.0000078 seconds
2020-09-10T15:40:28.569+0800: 208.307: Application time: 0.0005594 seconds
2020-09-10T15:40:28.569+0800: 208.307: Total time for which application threads were stopped: 0.0000643 seconds, Stopping threads took: 0.0000105 seconds
2020-09-10T15:40:28.569+0800: 208.307: Application time: 0.0005783 seconds
2020-09-10T15:40:28.570+0800: 208.307: Total time for which application threads were stopped: 0.0000622 seconds, Stopping threads took: 0.0000084 seconds
2020-09-10T15:40:28.570+0800: 208.308: Application time: 0.0006465 seconds
2020-09-10T15:40:28.570+0800: 208.308: Total time for which application threads were stopped: 0.0000570 seconds, Stopping threads took: 0.0000086 seconds
2020-09-10T15:40:28.571+0800: 208.309: Application time: 0.0005445 seconds
2020-09-10T15:40:28.571+0800: 208.309: Total time for which application threads were stopped: 0.0001012 seconds, Stopping threads took: 0.0000086 seconds
2020-09-10T15:40:28.572+0800: 208.310: Application time: 0.0006914 seconds
2020-09-10T15:40:28.572+0800: 208.310: Total time for which application threads were stopped: 0.0000994 seconds, Stopping threads took: 0.0000160 seconds
2020-09-10T15:40:28.573+0800: 208.311: Application time: 0.0009882 seconds
2020-09-10T15:40:28.573+0800: 208.311: Total time for which application threads were stopped: 0.0001464 seconds, Stopping threads took: 0.0000233 seconds
2020-09-10T15:40:28.574+0800: 208.312: Application time: 0.0007666 seconds
2020-09-10T15:40:28.574+0800: 208.312: Total time for which application threads were stopped: 0.0001049 seconds, Stopping threads took: 0.0000240 seconds
2020-09-10T15:40:28.574+0800: 208.312: Application time: 0.0005948 seconds
2020-09-10T15:40:28.574+0800: 208.312: Total time for which application threads were stopped: 0.0001135 seconds, Stopping threads took: 0.0000199 seconds
2020-09-10T15:40:28.575+0800: 208.313: Application time: 0.0009145 seconds
2020-09-10T15:40:28.576+0800: 208.313: Total time for which application threads were stopped: 0.0001572 seconds, Stopping threads took: 0.0000293 seconds
2020-09-10T15:40:28.578+0800: 208.316: Application time: 0.0027199 seconds
2020-09-10T15:40:28.578+0800: 208.316: Total time for which application threads were stopped: 0.0001242 seconds, Stopping threads took: 0.0000245 seconds
2020-09-10T15:40:28.579+0800: 208.317: Application time: 0.0007877 seconds
2020-09-10T15:40:28.579+0800: 208.317: Total time for which application threads were stopped: 0.0000747 seconds, Stopping threads took: 0.0000148 seconds
2020-09-10T15:40:28.580+0800: 208.318: Application time: 0.0008205 seconds
2020-09-10T15:40:28.580+0800: 208.318: Total time for which application threads were stopped: 0.0001420 seconds, Stopping threads took: 0.0000268 seconds
2020-09-10T15:40:28.581+0800: 208.319: Application time: 0.0006868 seconds
2020-09-10T15:40:28.581+0800: 208.319: Total time for which application threads were stopped: 0.0001089 seconds, Stopping threads took: 0.0000159 seconds
2020-09-10T15:40:28.582+0800: 208.320: Application time: 0.0009160 seconds
2020-09-10T15:40:28.582+0800: 208.320: Total time for which application threads were stopped: 0.0001001 seconds, Stopping threads took: 0.0000202 seconds
2020-09-10T15:40:28.583+0800: 208.321: Application time: 0.0006519 seconds
2020-09-10T15:40:28.583+0800: 208.321: Total time for which application threads were stopped: 0.0001124 seconds, Stopping threads took: 0.0000114 seconds
2020-09-10T15:40:30.493+0800: 210.231: Application time: 1.9100243 seconds
2020-09-10T15:40:30.493+0800: 210.231: Total time for which application threads were stopped: 0.0001699 seconds, Stopping threads took: 0.0000759 seconds
2020-09-10T15:40:31.025+0800: 210.763: [CMS-concurrent-mark: 2.779/2.827 secs] [Times: user=5.59 sys=0.02, real=2.83 secs] 
2020-09-10T15:40:31.025+0800: 210.763: [CMS-concurrent-preclean-start]
2020-09-10T15:40:31.031+0800: 210.768: [CMS-concurrent-preclean: 0.006/0.006 secs] [Times: user=0.00 sys=0.00, real=0.01 secs] 
2020-09-10T15:40:31.031+0800: 210.768: [CMS-concurrent-abortable-preclean-start]
2020-09-10T15:40:31.031+0800: 210.768: [CMS-concurrent-abortable-preclean: 0.000/0.000 secs] [Times: user=0.00 sys=0.00, real=0.00 secs] 
2020-09-10T15:40:31.031+0800: 210.768: Application time: 0.5374310 seconds
2020-09-10T15:40:31.031+0800: 210.768: [GC (CMS Final Remark) [YG occupancy: 1134678 K (1887488 K)]2020-09-10T15:40:31.031+0800: 210.768: [Rescan (parallel) , 0.5498266 secs]2020-09-10T15:40:31.581+0800: 211.318: [weak refs processing, 0.0003919 secs]2020-09-10T15:40:31.582+0800: 211.319: [class unloading, 0.0040479 secs]2020-09-10T15:40:31.586+0800: 211.323: [scrub symbol table, 0.0081108 secs]2020-09-10T15:40:31.594+0800: 211.331: [scrub string table, 0.0005673 secs][1 CMS-remark: 3744665K(4194304K)] 4879344K(6081792K), 0.5632895 secs] [Times: user=3.48 sys=0.00, real=0.56 secs] 
2020-09-10T15:40:31.595+0800: 211.332: Total time for which application threads were stopped: 0.5634290 seconds, Stopping threads took: 0.0000163 seconds
2020-09-10T15:40:31.595+0800: 211.332: [CMS-concurrent-sweep-start]
2020-09-10T15:40:32.582+0800: 212.320: [CMS-concurrent-sweep: 0.988/0.988 secs] [Times: user=0.98 sys=0.00, real=0.99 secs] 
2020-09-10T15:40:32.582+0800: 212.320: [CMS-concurrent-reset-start]
2020-09-10T15:40:32.585+0800: 212.323: [CMS-concurrent-reset: 0.004/0.004 secs] [Times: user=0.00 sys=0.00, real=0.00 secs] 
2020-09-10T15:40:34.192+0800: 213.930: Application time: 2.5983222 seconds
2020-09-10T15:40:34.193+0800: 213.931: Total time for which application threads were stopped: 0.0008269 seconds, Stopping threads took: 0.0000341 seconds
2020-09-10T15:40:34.193+0800: 213.931: Application time: 0.0000562 seconds
2020-09-10T15:40:34.194+0800: 213.931: Total time for which application threads were stopped: 0.0001290 seconds, Stopping threads took: 0.0000164 seconds
2020-09-10T15:40:34.194+0800: 213.931: Application time: 0.0000204 seconds
2020-09-10T15:40:34.194+0800: 213.931: Total time for which application threads were stopped: 0.0001006 seconds, Stopping threads took: 0.0000091 seconds
2020-09-10T15:40:34.198+0800: 213.936: Application time: 0.0045938 seconds
2020-09-10T15:40:34.198+0800: 213.936: Total time for which application threads were stopped: 0.0000764 seconds, Stopping threads took: 0.0000173 seconds
2020-09-10T15:40:34.198+0800: 213.936: Application time: 0.0000642 seconds
2020-09-10T15:40:34.198+0800: 213.936: Total time for which application threads were stopped: 0.0000469 seconds, Stopping threads took: 0.0000091 seconds
2020-09-10T15:40:34.200+0800: 213.938: Application time: 0.0019220 seconds
2020-09-10T15:40:34.200+0800: 213.938: Total time for which application threads were stopped: 0.0000863 seconds, Stopping threads took: 0.0000131 seconds
2020-09-10T15:40:34.210+0800: 213.947: Application time: 0.0091479 seconds
2020-09-10T15:40:34.210+0800: 213.947: Total time for which application threads were stopped: 0.0001254 seconds, Stopping threads took: 0.0000240 seconds
2020-09-10T15:40:34.212+0800: 213.949: Application time: 0.0017571 seconds
2020-09-10T15:40:34.212+0800: 213.949: Total time for which application threads were stopped: 0.0002019 seconds, Stopping threads took: 0.0000482 seconds
2020-09-10T15:40:34.213+0800: 213.950: Application time: 0.0010669 seconds
2020-09-10T15:40:34.213+0800: 213.950: Total time for which application threads were stopped: 0.0000834 seconds, Stopping threads took: 0.0000171 seconds
2020-09-10T15:40:34.213+0800: 213.951: Application time: 0.0005675 seconds
2020-09-10T15:40:34.214+0800: 213.951: Total time for which application threads were stopped: 0.0000640 seconds, Stopping threads took: 0.0000083 seconds
2020-09-10T15:40:34.214+0800: 213.952: Application time: 0.0005254 seconds
2020-09-10T15:40:34.214+0800: 213.952: Total time for which application threads were stopped: 0.0000467 seconds, Stopping threads took: 0.0000078 seconds
2020-09-10T15:40:34.215+0800: 213.952: Application time: 0.0005190 seconds
2020-09-10T15:40:34.215+0800: 213.952: Total time for which application threads were stopped: 0.0000474 seconds, Stopping threads took: 0.0000076 seconds
2020-09-10T15:40:34.215+0800: 213.953: Application time: 0.0004897 seconds
2020-09-10T15:40:34.215+0800: 213.953: Total time for which application threads were stopped: 0.0000413 seconds, Stopping threads took: 0.0000063 seconds
2020-09-10T15:40:34.216+0800: 213.953: Application time: 0.0005427 seconds
2020-09-10T15:40:34.216+0800: 213.953: Total time for which application threads were stopped: 0.0000594 seconds, Stopping threads took: 0.0000097 seconds
2020-09-10T15:40:34.216+0800: 213.954: Application time: 0.0005570 seconds
2020-09-10T15:40:34.216+0800: 213.954: Total time for which application threads were stopped: 0.0000995 seconds, Stopping threads took: 0.0000108 seconds
2020-09-10T15:40:34.219+0800: 213.956: Application time: 0.0020936 seconds
2020-09-10T15:40:34.219+0800: 213.956: Total time for which application threads were stopped: 0.0000820 seconds, Stopping threads took: 0.0000192 seconds
2020-09-10T15:40:34.219+0800: 213.957: Application time: 0.0006139 seconds
2020-09-10T15:40:34.219+0800: 213.957: Total time for which application threads were stopped: 0.0000679 seconds, Stopping threads took: 0.0000121 seconds
2020-09-10T15:40:34.220+0800: 213.958: Application time: 0.0005875 seconds
2020-09-10T15:40:34.220+0800: 213.958: Total time for which application threads were stopped: 0.0000844 seconds, Stopping threads took: 0.0000131 seconds
2020-09-10T15:40:34.221+0800: 213.958: Application time: 0.0005968 seconds
2020-09-10T15:40:34.221+0800: 213.958: Total time for which application threads were stopped: 0.0000714 seconds, Stopping threads took: 0.0000122 seconds
2020-09-10T15:40:34.221+0800: 213.959: Application time: 0.0005971 seconds
2020-09-10T15:40:34.221+0800: 213.959: Total time for which application threads were stopped: 0.0000709 seconds, Stopping threads took: 0.0000115 seconds
2020-09-10T15:40:34.222+0800: 213.960: Application time: 0.0007264 seconds
2020-09-10T15:40:34.222+0800: 213.960: Total time for which application threads were stopped: 0.0001121 seconds, Stopping threads took: 0.0000225 seconds
2020-09-10T15:40:34.223+0800: 213.961: Application time: 0.0007562 seconds
2020-09-10T15:40:34.223+0800: 213.961: Total time for which application threads were stopped: 0.0000859 seconds, Stopping threads took: 0.0000165 seconds
2020-09-10T15:40:34.224+0800: 213.961: Application time: 0.0006365 seconds
2020-09-10T15:40:34.224+0800: 213.961: Total time for which application threads were stopped: 0.0000767 seconds, Stopping threads took: 0.0000110 seconds
2020-09-10T15:40:34.224+0800: 213.962: Application time: 0.0006249 seconds
2020-09-10T15:40:34.225+0800: 213.962: Total time for which application threads were stopped: 0.0001075 seconds, Stopping threads took: 0.0000172 seconds
2020-09-10T15:40:34.225+0800: 213.963: Application time: 0.0006704 seconds
2020-09-10T15:40:34.225+0800: 213.963: Total time for which application threads were stopped: 0.0001623 seconds, Stopping threads took: 0.0000251 seconds
2020-09-10T15:40:34.227+0800: 213.964: Application time: 0.0012099 seconds
2020-09-10T15:40:34.227+0800: 213.964: Total time for which application threads were stopped: 0.0001107 seconds, Stopping threads took: 0.0000214 seconds
2020-09-10T15:40:34.228+0800: 213.965: Application time: 0.0008851 seconds
2020-09-10T15:40:34.228+0800: 213.965: Total time for which application threads were stopped: 0.0001331 seconds, Stopping threads took: 0.0000196 seconds
2020-09-10T15:40:34.229+0800: 213.967: Application time: 0.0013924 seconds
2020-09-10T15:40:34.229+0800: 213.967: Total time for which application threads were stopped: 0.0001006 seconds, Stopping threads took: 0.0000209 seconds
2020-09-10T15:40:34.230+0800: 213.968: Application time: 0.0007933 seconds
2020-09-10T15:40:34.230+0800: 213.968: Total time for which application threads were stopped: 0.0000827 seconds, Stopping threads took: 0.0000152 seconds
2020-09-10T15:40:34.231+0800: 213.968: Application time: 0.0005015 seconds
2020-09-10T15:40:34.231+0800: 213.968: Total time for which application threads were stopped: 0.0000694 seconds, Stopping threads took: 0.0000100 seconds
2020-09-10T15:40:34.231+0800: 213.968: Application time: 0.0000174 seconds
2020-09-10T15:40:34.231+0800: 213.968: Total time for which application threads were stopped: 0.0000401 seconds, Stopping threads took: 0.0000056 seconds
2020-09-10T15:40:34.232+0800: 213.969: Application time: 0.0008214 seconds
2020-09-10T15:40:34.232+0800: 213.969: Total time for which application threads were stopped: 0.0000762 seconds, Stopping threads took: 0.0000144 seconds
2020-09-10T15:40:34.232+0800: 213.970: Application time: 0.0007975 seconds
2020-09-10T15:40:34.233+0800: 213.970: Total time for which application threads were stopped: 0.0001264 seconds, Stopping threads took: 0.0000271 seconds
2020-09-10T15:40:34.233+0800: 213.971: Application time: 0.0007083 seconds
2020-09-10T15:40:34.233+0800: 213.971: Total time for which application threads were stopped: 0.0000685 seconds, Stopping threads took: 0.0000107 seconds
2020-09-10T15:40:34.233+0800: 213.971: Application time: 0.0000203 seconds
2020-09-10T15:40:34.234+0800: 213.971: Total time for which application threads were stopped: 0.0000542 seconds, Stopping threads took: 0.0000075 seconds
2020-09-10T15:40:34.234+0800: 213.972: Application time: 0.0005168 seconds
2020-09-10T15:40:34.234+0800: 213.972: Total time for which application threads were stopped: 0.0000505 seconds, Stopping threads took: 0.0000081 seconds
2020-09-10T15:40:34.235+0800: 213.972: Application time: 0.0005689 seconds
2020-09-10T15:40:34.235+0800: 213.972: Total time for which application threads were stopped: 0.0000889 seconds, Stopping threads took: 0.0000163 seconds
2020-09-10T15:40:34.236+0800: 213.974: Application time: 0.0012689 seconds
2020-09-10T15:40:34.236+0800: 213.974: Total time for which application threads were stopped: 0.0001307 seconds, Stopping threads took: 0.0000162 seconds
2020-09-10T15:40:34.237+0800: 213.974: Application time: 0.0005925 seconds
2020-09-10T15:40:34.237+0800: 213.974: Total time for which application threads were stopped: 0.0001405 seconds, Stopping threads took: 0.0000215 seconds
2020-09-10T15:40:34.238+0800: 213.975: Application time: 0.0005482 seconds
2020-09-10T15:40:34.238+0800: 213.975: Total time for which application threads were stopped: 0.0000616 seconds, Stopping threads took: 0.0000102 seconds
2020-09-10T15:40:34.238+0800: 213.976: Application time: 0.0005675 seconds
2020-09-10T15:40:34.238+0800: 213.976: Total time for which application threads were stopped: 0.0000548 seconds, Stopping threads took: 0.0000090 seconds
2020-09-10T15:40:34.239+0800: 213.977: Application time: 0.0010511 seconds
2020-09-10T15:40:34.239+0800: 213.977: Total time for which application threads were stopped: 0.0001144 seconds, Stopping threads took: 0.0000150 seconds
2020-09-10T15:40:34.240+0800: 213.978: Application time: 0.0006192 seconds
2020-09-10T15:40:34.240+0800: 213.978: Total time for which application threads were stopped: 0.0000756 seconds, Stopping threads took: 0.0000128 seconds
2020-09-10T15:40:34.241+0800: 213.978: Application time: 0.0005819 seconds
2020-09-10T15:40:34.241+0800: 213.978: Total time for which application threads were stopped: 0.0000568 seconds, Stopping threads took: 0.0000105 seconds
2020-09-10T15:40:34.242+0800: 213.979: Application time: 0.0008787 seconds
2020-09-10T15:40:34.242+0800: 213.980: Total time for which application threads were stopped: 0.0004220 seconds, Stopping threads took: 0.0000687 seconds
2020-09-10T15:40:34.243+0800: 213.981: Application time: 0.0014426 seconds
2020-09-10T15:40:34.244+0800: 213.981: Total time for which application threads were stopped: 0.0003118 seconds, Stopping threads took: 0.0000383 seconds
2020-09-10T15:40:34.245+0800: 213.983: Application time: 0.0016336 seconds
2020-09-10T15:40:34.246+0800: 213.983: Total time for which application threads were stopped: 0.0001781 seconds, Stopping threads took: 0.0000245 seconds
2020-09-10T15:40:34.247+0800: 213.985: Application time: 0.0018564 seconds
2020-09-10T15:40:34.248+0800: 213.985: Total time for which application threads were stopped: 0.0001097 seconds, Stopping threads took: 0.0000243 seconds
2020-09-10T15:40:34.248+0800: 213.986: Application time: 0.0006465 seconds
2020-09-10T15:40:34.248+0800: 213.986: Total time for which application threads were stopped: 0.0000744 seconds, Stopping threads took: 0.0000137 seconds
2020-09-10T15:40:34.249+0800: 213.987: Application time: 0.0007352 seconds
2020-09-10T15:40:34.249+0800: 213.987: Total time for which application threads were stopped: 0.0000763 seconds, Stopping threads took: 0.0000139 seconds
2020-09-10T15:40:34.250+0800: 213.987: Application time: 0.0006198 seconds
2020-09-10T15:40:34.250+0800: 213.987: Total time for which application threads were stopped: 0.0000747 seconds, Stopping threads took: 0.0000114 seconds
2020-09-10T15:40:34.251+0800: 213.988: Application time: 0.0007830 seconds
2020-09-10T15:40:34.251+0800: 213.988: Total time for which application threads were stopped: 0.0000822 seconds, Stopping threads took: 0.0000138 seconds
2020-09-10T15:40:34.251+0800: 213.989: Application time: 0.0006007 seconds
2020-09-10T15:40:34.251+0800: 213.989: Total time for which application threads were stopped: 0.0000768 seconds, Stopping threads took: 0.0000131 seconds
2020-09-10T15:40:34.252+0800: 213.990: Application time: 0.0007635 seconds
2020-09-10T15:40:34.252+0800: 213.990: Total time for which application threads were stopped: 0.0001059 seconds, Stopping threads took: 0.0000201 seconds
2020-09-10T15:40:34.253+0800: 213.991: Application time: 0.0007427 seconds
2020-09-10T15:40:34.253+0800: 213.991: Total time for which application threads were stopped: 0.0000728 seconds, Stopping threads took: 0.0000132 seconds
2020-09-10T15:40:34.254+0800: 213.991: Application time: 0.0006003 seconds
2020-09-10T15:40:34.254+0800: 213.991: Total time for which application threads were stopped: 0.0000709 seconds, Stopping threads took: 0.0000117 seconds
2020-09-10T15:40:34.254+0800: 213.992: Application time: 0.0005538 seconds
2020-09-10T15:40:34.255+0800: 213.992: Total time for which application threads were stopped: 0.0001075 seconds, Stopping threads took: 0.0000131 seconds
2020-09-10T15:40:34.255+0800: 213.993: Application time: 0.0006784 seconds
2020-09-10T15:40:34.255+0800: 213.993: Total time for which application threads were stopped: 0.0001463 seconds, Stopping threads took: 0.0000219 seconds
2020-09-10T15:40:34.256+0800: 213.994: Application time: 0.0007198 seconds
2020-09-10T15:40:34.256+0800: 213.994: Total time for which application threads were stopped: 0.0000763 seconds, Stopping threads took: 0.0000130 seconds
2020-09-10T15:40:34.257+0800: 213.994: Application time: 0.0005850 seconds
2020-09-10T15:40:34.257+0800: 213.994: Total time for which application threads were stopped: 0.0000731 seconds, Stopping threads took: 0.0000106 seconds
2020-09-10T15:40:34.257+0800: 213.995: Application time: 0.0005789 seconds
2020-09-10T15:40:34.257+0800: 213.995: Total time for which application threads were stopped: 0.0000516 seconds, Stopping threads took: 0.0000085 seconds
2020-09-10T15:40:34.258+0800: 213.996: Application time: 0.0007167 seconds
2020-09-10T15:40:34.258+0800: 213.996: Total time for which application threads were stopped: 0.0000853 seconds, Stopping threads took: 0.0000126 seconds
2020-09-10T15:40:34.259+0800: 213.997: Application time: 0.0010034 seconds
2020-09-10T15:40:34.259+0800: 213.997: Total time for which application threads were stopped: 0.0001851 seconds, Stopping threads took: 0.0000406 seconds
2020-09-10T15:40:34.261+0800: 213.999: Application time: 0.0016269 seconds
2020-09-10T15:40:34.261+0800: 213.999: Total time for which application threads were stopped: 0.0001364 seconds, Stopping threads took: 0.0000226 seconds
2020-09-10T15:40:34.262+0800: 214.000: Application time: 0.0009228 seconds
2020-09-10T15:40:34.262+0800: 214.000: Total time for which application threads were stopped: 0.0000991 seconds, Stopping threads took: 0.0000217 seconds
2020-09-10T15:40:34.263+0800: 214.001: Application time: 0.0008641 seconds
2020-09-10T15:40:34.263+0800: 214.001: Total time for which application threads were stopped: 0.0000809 seconds, Stopping threads took: 0.0000144 seconds
2020-09-10T15:40:34.264+0800: 214.001: Application time: 0.0006682 seconds
2020-09-10T15:40:34.264+0800: 214.001: Total time for which application threads were stopped: 0.0000964 seconds, Stopping threads took: 0.0000163 seconds
2020-09-10T15:40:34.265+0800: 214.002: Application time: 0.0005706 seconds
2020-09-10T15:40:34.265+0800: 214.002: Total time for which application threads were stopped: 0.0000657 seconds, Stopping threads took: 0.0000101 seconds
2020-09-10T15:40:34.265+0800: 214.003: Application time: 0.0005772 seconds
2020-09-10T15:40:34.265+0800: 214.003: Total time for which application threads were stopped: 0.0000525 seconds, Stopping threads took: 0.0000087 seconds
2020-09-10T15:40:34.266+0800: 214.003: Application time: 0.0005868 seconds
2020-09-10T15:40:34.266+0800: 214.003: Total time for which application threads were stopped: 0.0000587 seconds, Stopping threads took: 0.0000084 seconds
2020-09-10T15:40:34.266+0800: 214.004: Application time: 0.0005529 seconds
2020-09-10T15:40:34.267+0800: 214.004: Total time for which application threads were stopped: 0.0000906 seconds, Stopping threads took: 0.0000085 seconds
2020-09-10T15:40:34.586+0800: 214.323: Application time: 0.3190997 seconds
2020-09-10T15:40:34.586+0800: 214.323: [GC (CMS Initial Mark) [1 CMS-initial-mark: 3744665K(4194304K)] 4879344K(6081792K), 0.2997521 secs] [Times: user=0.61 sys=0.00, real=0.30 secs] 
2020-09-10T15:40:34.885+0800: 214.623: Total time for which application threads were stopped: 0.2999326 seconds, Stopping threads took: 0.0000211 seconds
2020-09-10T15:40:34.885+0800: 214.623: [CMS-concurrent-mark-start]
2020-09-10T15:40:37.565+0800: 217.303: [CMS-concurrent-mark: 2.680/2.680 secs] [Times: user=5.38 sys=0.00, real=2.68 secs] 
2020-09-10T15:40:37.566+0800: 217.303: [CMS-concurrent-preclean-start]
2020-09-10T15:40:37.570+0800: 217.308: [CMS-concurrent-preclean: 0.005/0.005 secs] [Times: user=0.00 sys=0.00, real=0.00 secs] 
2020-09-10T15:40:37.570+0800: 217.308: [CMS-concurrent-abortable-preclean-start]
2020-09-10T15:40:37.570+0800: 217.308: [CMS-concurrent-abortable-preclean: 0.000/0.000 secs] [Times: user=0.00 sys=0.00, real=0.00 secs] 
2020-09-10T15:40:37.570+0800: 217.308: Application time: 2.6851173 seconds
2020-09-10T15:40:37.571+0800: 217.308: [GC (CMS Final Remark) [YG occupancy: 1134678 K (1887488 K)]2020-09-10T15:40:37.571+0800: 217.308: [Rescan (parallel) , 0.5542389 secs]2020-09-10T15:40:38.125+0800: 217.863: [weak refs processing, 0.0005638 secs]2020-09-10T15:40:38.126+0800: 217.863: [class unloading, 0.0053557 secs]2020-09-10T15:40:38.131+0800: 217.869: [scrub symbol table, 0.0077324 secs]2020-09-10T15:40:38.139+0800: 217.876: [scrub string table, 0.0005284 secs][1 CMS-remark: 3744665K(4194304K)] 4879344K(6081792K), 0.5688190 secs] [Times: user=3.44 sys=0.02, real=0.57 secs] 
2020-09-10T15:40:38.140+0800: 217.877: Total time for which application threads were stopped: 0.5689571 seconds, Stopping threads took: 0.0000195 seconds
2020-09-10T15:40:38.140+0800: 217.877: [CMS-concurrent-sweep-start]
2020-09-10T15:40:39.107+0800: 218.845: [CMS-concurrent-sweep: 0.968/0.968 secs] [Times: user=0.97 sys=0.00, real=0.97 secs] 
2020-09-10T15:40:39.107+0800: 218.845: [CMS-concurrent-reset-start]
2020-09-10T15:40:39.113+0800: 218.851: [CMS-concurrent-reset: 0.006/0.006 secs] [Times: user=0.01 sys=0.00, real=0.01 secs] 
2020-09-10T15:40:41.113+0800: 220.850: Application time: 2.9726499 seconds
2020-09-10T15:40:41.113+0800: 220.850: [GC (CMS Initial Mark) [1 CMS-initial-mark: 3744665K(4194304K)] 4879344K(6081792K), 0.3029210 secs] [Times: user=0.49 sys=0.00, real=0.30 secs] 
2020-09-10T15:40:41.415+0800: 221.153: Total time for which application threads were stopped: 0.3031402 seconds, Stopping threads took: 0.0000264 seconds
2020-09-10T15:40:41.416+0800: 221.153: [CMS-concurrent-mark-start]
2020-09-10T15:40:44.304+0800: 224.042: [CMS-concurrent-mark: 2.889/2.889 secs] [Times: user=5.78 sys=0.00, real=2.89 secs] 
2020-09-10T15:40:44.304+0800: 224.042: [CMS-concurrent-preclean-start]
2020-09-10T15:40:44.310+0800: 224.048: [CMS-concurrent-preclean: 0.006/0.006 secs] [Times: user=0.00 sys=0.00, real=0.01 secs] 
2020-09-10T15:40:44.310+0800: 224.048: [CMS-concurrent-abortable-preclean-start]
2020-09-10T15:40:44.310+0800: 224.048: [CMS-concurrent-abortable-preclean: 0.000/0.000 secs] [Times: user=0.00 sys=0.00, real=0.00 secs] 
2020-09-10T15:40:44.310+0800: 224.048: Application time: 2.8952368 seconds
2020-09-10T15:40:44.310+0800: 224.048: [GC (CMS Final Remark) [YG occupancy: 1134678 K (1887488 K)]2020-09-10T15:40:44.311+0800: 224.049: [Rescan (parallel) , 0.5881820 secs]2020-09-10T15:40:44.900+0800: 224.637: [weak refs processing, 0.0004323 secs]2020-09-10T15:40:44.900+0800: 224.637: [class unloading, 0.0042822 secs]2020-09-10T15:40:44.904+0800: 224.642: [scrub symbol table, 0.0104642 secs]2020-09-10T15:40:44.915+0800: 224.652: [scrub string table, 0.0005350 secs][1 CMS-remark: 3744665K(4194304K)] 4879344K(6081792K), 0.6044995 secs] [Times: user=3.41 sys=0.05, real=0.61 secs] 
2020-09-10T15:40:44.916+0800: 224.653: Total time for which application threads were stopped: 0.6047487 seconds, Stopping threads took: 0.0000332 seconds
2020-09-10T15:40:44.916+0800: 224.653: [CMS-concurrent-sweep-start]
2020-09-10T15:40:44.917+0800: 224.654: Application time: 0.0010826 seconds
2020-09-10T15:40:44.917+0800: 224.654: Total time for which application threads were stopped: 0.0000817 seconds, Stopping threads took: 0.0000143 seconds
2020-09-10T15:40:44.917+0800: 224.654: Application time: 0.0000307 seconds
2020-09-10T15:40:44.917+0800: 224.654: Total time for which application threads were stopped: 0.0000514 seconds, Stopping threads took: 0.0000072 seconds
2020-09-10T15:40:44.918+0800: 224.655: Application time: 0.0006575 seconds
2020-09-10T15:40:44.918+0800: 224.655: Total time for which application threads were stopped: 0.0001046 seconds, Stopping threads took: 0.0000220 seconds
2020-09-10T15:40:45.969+0800: 225.706: [CMS-concurrent-sweep: 1.053/1.053 secs] [Times: user=1.06 sys=0.00, real=1.05 secs] 
2020-09-10T15:40:45.969+0800: 225.707: [CMS-concurrent-reset-start]
2020-09-10T15:40:45.973+0800: 225.711: [CMS-concurrent-reset: 0.004/0.004 secs] [Times: user=0.00 sys=0.00, real=0.00 secs] 
2020-09-10T15:40:47.973+0800: 227.710: Application time: 3.0553893 seconds
2020-09-10T15:40:47.973+0800: 227.710: [GC (CMS Initial Mark) [1 CMS-initial-mark: 3744665K(4194304K)] 4879344K(6081792K), 0.3090233 secs] [Times: user=0.56 sys=0.00, real=0.31 secs] 
2020-09-10T15:40:48.282+0800: 228.020: Total time for which application threads were stopped: 0.3092980 seconds, Stopping threads took: 0.0000217 seconds
2020-09-10T15:40:48.282+0800: 228.020: [CMS-concurrent-mark-start]
2020-09-10T15:40:51.323+0800: 231.061: [CMS-concurrent-mark: 3.041/3.041 secs] [Times: user=6.03 sys=0.00, real=3.04 secs] 
2020-09-10T15:40:51.323+0800: 231.061: [CMS-concurrent-preclean-start]
2020-09-10T15:40:51.329+0800: 231.067: [CMS-concurrent-preclean: 0.006/0.006 secs] [Times: user=0.02 sys=0.00, real=0.01 secs] 
2020-09-10T15:40:51.329+0800: 231.067: [CMS-concurrent-abortable-preclean-start]
2020-09-10T15:40:51.329+0800: 231.067: [CMS-concurrent-abortable-preclean: 0.000/0.000 secs] [Times: user=0.00 sys=0.00, real=0.00 secs] 
2020-09-10T15:40:51.329+0800: 231.067: Application time: 3.0474893 seconds
2020-09-10T15:40:51.329+0800: 231.067: [GC (CMS Final Remark) [YG occupancy: 1134678 K (1887488 K)]2020-09-10T15:40:51.329+0800: 231.067: [Rescan (parallel) , 0.6365277 secs]2020-09-10T15:40:51.967+0800: 231.704: [weak refs processing, 0.0004582 secs]2020-09-10T15:40:51.967+0800: 231.704: [class unloading, 0.0050093 secs]2020-09-10T15:40:51.972+0800: 231.709: [scrub symbol table, 0.0093442 secs]2020-09-10T15:40:51.982+0800: 231.719: [scrub string table, 0.0005720 secs][1 CMS-remark: 3744665K(4194304K)] 4879344K(6081792K), 0.6523089 secs] [Times: user=3.44 sys=0.06, real=0.65 secs] 
2020-09-10T15:40:51.982+0800: 231.720: Total time for which application threads were stopped: 0.6524772 seconds, Stopping threads took: 0.0000168 seconds
2020-09-10T15:40:51.982+0800: 231.720: [CMS-concurrent-sweep-start]
2020-09-10T15:40:53.079+0800: 232.817: [CMS-concurrent-sweep: 1.097/1.097 secs] [Times: user=1.11 sys=0.00, real=1.10 secs] 
2020-09-10T15:40:53.079+0800: 232.817: [CMS-concurrent-reset-start]
2020-09-10T15:40:53.084+0800: 232.822: [CMS-concurrent-reset: 0.005/0.005 secs] [Times: user=0.00 sys=0.00, real=0.01 secs] 
2020-09-10T15:40:55.084+0800: 234.821: Application time: 3.1017047 seconds
2020-09-10T15:40:55.084+0800: 234.821: [GC (CMS Initial Mark) [1 CMS-initial-mark: 3744665K(4194304K)] 4879344K(6081792K), 0.3031068 secs] [Times: user=0.55 sys=0.00, real=0.30 secs] 
2020-09-10T15:40:55.387+0800: 235.125: Total time for which application threads were stopped: 0.3033385 seconds, Stopping threads took: 0.0000240 seconds
2020-09-10T15:40:55.387+0800: 235.125: [CMS-concurrent-mark-start]
2020-09-10T15:40:58.385+0800: 238.123: [CMS-concurrent-mark: 2.998/2.998 secs] [Times: user=5.98 sys=0.00, real=3.00 secs] 
2020-09-10T15:40:58.385+0800: 238.123: [CMS-concurrent-preclean-start]
2020-09-10T15:40:58.390+0800: 238.128: [CMS-concurrent-preclean: 0.005/0.005 secs] [Times: user=0.00 sys=0.00, real=0.01 secs] 
2020-09-10T15:40:58.391+0800: 238.128: [CMS-concurrent-abortable-preclean-start]
2020-09-10T15:40:58.391+0800: 238.128: [CMS-concurrent-abortable-preclean: 0.000/0.000 secs] [Times: user=0.00 sys=0.00, real=0.00 secs] 
2020-09-10T15:40:58.391+0800: 238.128: Application time: 3.0032743 seconds
2020-09-10T15:40:58.391+0800: 238.128: [GC (CMS Final Remark) [YG occupancy: 1134678 K (1887488 K)]2020-09-10T15:40:58.391+0800: 238.128: [Rescan (parallel) , 0.5662690 secs]2020-09-10T15:40:58.957+0800: 238.695: [weak refs processing, 0.0004233 secs]2020-09-10T15:40:58.957+0800: 238.695: [class unloading, 0.0046601 secs]2020-09-10T15:40:58.962+0800: 238.700: [scrub symbol table, 0.0067662 secs]2020-09-10T15:40:58.969+0800: 238.707: [scrub string table, 0.0005168 secs][1 CMS-remark: 3744665K(4194304K)] 4879344K(6081792K), 0.5790515 secs] [Times: user=3.67 sys=0.05, real=0.58 secs] 
2020-09-10T15:40:58.969+0800: 238.707: Total time for which application threads were stopped: 0.5792062 seconds, Stopping threads took: 0.0000230 seconds
2020-09-10T15:40:58.969+0800: 238.707: [CMS-concurrent-sweep-start]
2020-09-10T15:40:59.890+0800: 239.628: [CMS-concurrent-sweep: 0.921/0.921 secs] [Times: user=0.92 sys=0.00, real=0.92 secs] 
2020-09-10T15:40:59.891+0800: 239.628: [CMS-concurrent-reset-start]
2020-09-10T15:40:59.895+0800: 239.632: [CMS-concurrent-reset: 0.004/0.004 secs] [Times: user=0.01 sys=0.00, real=0.00 secs] 
2020-09-10T15:41:01.894+0800: 241.632: Application time: 2.9243789 seconds
2020-09-10T15:41:01.894+0800: 241.632: [GC (CMS Initial Mark) [1 CMS-initial-mark: 3744665K(4194304K)] 4879344K(6081792K), 0.3115482 secs] [Times: user=0.55 sys=0.00, real=0.31 secs] 
2020-09-10T15:41:02.206+0800: 241.943: Total time for which application threads were stopped: 0.3117973 seconds, Stopping threads took: 0.0000367 seconds
2020-09-10T15:41:02.206+0800: 241.943: [CMS-concurrent-mark-start]
2020-09-10T15:41:04.839+0800: 244.577: [CMS-concurrent-mark: 2.633/2.633 secs] [Times: user=5.25 sys=0.00, real=2.63 secs] 
2020-09-10T15:41:04.839+0800: 244.577: [CMS-concurrent-preclean-start]
2020-09-10T15:41:04.844+0800: 244.582: [CMS-concurrent-preclean: 0.005/0.005 secs] [Times: user=0.00 sys=0.00, real=0.01 secs] 
2020-09-10T15:41:04.844+0800: 244.582: [CMS-concurrent-abortable-preclean-start]
2020-09-10T15:41:04.844+0800: 244.582: [CMS-concurrent-abortable-preclean: 0.000/0.000 secs] [Times: user=0.00 sys=0.00, real=0.00 secs] 
2020-09-10T15:41:04.844+0800: 244.582: Application time: 2.6385201 seconds
2020-09-10T15:41:04.844+0800: 244.582: [GC (CMS Final Remark) [YG occupancy: 1134678 K (1887488 K)]2020-09-10T15:41:04.844+0800: 244.582: [Rescan (parallel) , 0.5603852 secs]2020-09-10T15:41:05.405+0800: 245.142: [weak refs processing, 0.0004441 secs]2020-09-10T15:41:05.405+0800: 245.143: [class unloading, 0.0045855 secs]2020-09-10T15:41:05.410+0800: 245.148: [scrub symbol table, 0.0070589 secs]2020-09-10T15:41:05.417+0800: 245.155: [scrub string table, 0.0005474 secs][1 CMS-remark: 3744665K(4194304K)] 4879344K(6081792K), 0.5733875 secs] [Times: user=3.69 sys=0.00, real=0.57 secs] 
2020-09-10T15:41:05.418+0800: 245.155: Total time for which application threads were stopped: 0.5735218 seconds, Stopping threads took: 0.0000177 seconds
2020-09-10T15:41:05.418+0800: 245.155: [CMS-concurrent-sweep-start]
2020-09-10T15:41:06.346+0800: 246.084: [CMS-concurrent-sweep: 0.928/0.928 secs] [Times: user=0.94 sys=0.00, real=0.93 secs] 
2020-09-10T15:41:06.346+0800: 246.084: [CMS-concurrent-reset-start]
2020-09-10T15:41:06.350+0800: 246.088: [CMS-concurrent-reset: 0.004/0.004 secs] [Times: user=0.00 sys=0.00, real=0.00 secs] 
2020-09-10T15:41:08.351+0800: 248.089: Application time: 2.9333375 seconds
2020-09-10T15:41:08.351+0800: 248.089: [GC (CMS Initial Mark) [1 CMS-initial-mark: 3744665K(4194304K)] 4879344K(6081792K), 0.2770395 secs] [Times: user=0.53 sys=0.00, real=0.28 secs] 
2020-09-10T15:41:08.629+0800: 248.366: Total time for which application threads were stopped: 0.2772242 seconds, Stopping threads took: 0.0000183 seconds
2020-09-10T15:41:08.629+0800: 248.366: [CMS-concurrent-mark-start]
2020-09-10T15:41:11.210+0800: 250.948: [CMS-concurrent-mark: 2.582/2.582 secs] [Times: user=5.16 sys=0.00, real=2.58 secs] 
2020-09-10T15:41:11.210+0800: 250.948: [CMS-concurrent-preclean-start]
2020-09-10T15:41:11.215+0800: 250.953: [CMS-concurrent-preclean: 0.005/0.005 secs] [Times: user=0.00 sys=0.00, real=0.00 secs] 
2020-09-10T15:41:11.215+0800: 250.953: [CMS-concurrent-abortable-preclean-start]
2020-09-10T15:41:11.215+0800: 250.953: [CMS-concurrent-abortable-preclean: 0.000/0.000 secs] [Times: user=0.00 sys=0.00, real=0.00 secs] 
2020-09-10T15:41:11.215+0800: 250.953: Application time: 2.5869951 seconds
2020-09-10T15:41:11.215+0800: 250.953: [GC (CMS Final Remark) [YG occupancy: 1134678 K (1887488 K)]2020-09-10T15:41:11.215+0800: 250.953: [Rescan (parallel) , 0.5446207 secs]2020-09-10T15:41:11.760+0800: 251.498: [weak refs processing, 0.0005661 secs]2020-09-10T15:41:11.760+0800: 251.498: [class unloading, 0.0049053 secs]2020-09-10T15:41:11.765+0800: 251.503: [scrub symbol table, 0.0086199 secs]2020-09-10T15:41:11.774+0800: 251.512: [scrub string table, 0.0010792 secs][1 CMS-remark: 3744665K(4194304K)] 4879344K(6081792K), 0.5603106 secs] [Times: user=3.53 sys=0.03, real=0.56 secs] 
2020-09-10T15:41:11.775+0800: 251.513: Total time for which application threads were stopped: 0.5604915 seconds, Stopping threads took: 0.0000162 seconds
2020-09-10T15:41:11.775+0800: 251.513: [CMS-concurrent-sweep-start]
2020-09-10T15:41:12.721+0800: 252.459: [CMS-concurrent-sweep: 0.946/0.946 secs] [Times: user=0.94 sys=0.00, real=0.95 secs] 
2020-09-10T15:41:12.721+0800: 252.459: [CMS-concurrent-reset-start]
2020-09-10T15:41:12.726+0800: 252.464: [CMS-concurrent-reset: 0.005/0.005 secs] [Times: user=0.00 sys=0.00, real=0.01 secs] 
2020-09-10T15:41:14.726+0800: 254.464: Application time: 2.9501379 seconds
2020-09-10T15:41:14.726+0800: 254.464: [GC (CMS Initial Mark) [1 CMS-initial-mark: 3744665K(4194304K)] 4879344K(6081792K), 0.2874290 secs] [Times: user=0.53 sys=0.00, real=0.29 secs] 
2020-09-10T15:41:15.014+0800: 254.751: Total time for which application threads were stopped: 0.2876045 seconds, Stopping threads took: 0.0000171 seconds
2020-09-10T15:41:15.014+0800: 254.751: [CMS-concurrent-mark-start]
2020-09-10T15:41:17.651+0800: 257.388: [CMS-concurrent-mark: 2.637/2.637 secs] [Times: user=5.28 sys=0.00, real=2.64 secs] 
2020-09-10T15:41:17.651+0800: 257.388: [CMS-concurrent-preclean-start]
2020-09-10T15:41:17.655+0800: 257.394: [CMS-concurrent-preclean: 0.005/0.005 secs] [Times: user=0.00 sys=0.00, real=0.00 secs] 
2020-09-10T15:41:17.656+0800: 257.394: [CMS-concurrent-abortable-preclean-start]
2020-09-10T15:41:17.656+0800: 257.394: [CMS-concurrent-abortable-preclean: 0.000/0.000 secs] [Times: user=0.00 sys=0.00, real=0.00 secs] 
2020-09-10T15:41:17.656+0800: 257.394: Application time: 2.6425387 seconds
2020-09-10T15:41:17.656+0800: 257.394: [GC (CMS Final Remark) [YG occupancy: 1134678 K (1887488 K)]2020-09-10T15:41:17.656+0800: 257.394: [Rescan (parallel) , 0.5840592 secs]2020-09-10T15:41:18.240+0800: 257.978: [weak refs processing, 0.0007106 secs]2020-09-10T15:41:18.241+0800: 257.979: [class unloading, 0.0077138 secs]2020-09-10T15:41:18.249+0800: 257.987: [scrub symbol table, 0.0126694 secs]2020-09-10T15:41:18.261+0800: 257.999: [scrub string table, 0.0005542 secs][1 CMS-remark: 3744665K(4194304K)] 4879344K(6081792K), 0.6061925 secs] [Times: user=3.73 sys=0.06, real=0.61 secs] 
2020-09-10T15:41:18.262+0800: 258.000: Total time for which application threads were stopped: 0.6063652 seconds, Stopping threads took: 0.0000231 seconds
2020-09-10T15:41:18.262+0800: 258.000: [CMS-concurrent-sweep-start]
2020-09-10T15:41:19.382+0800: 259.120: [CMS-concurrent-sweep: 1.119/1.119 secs] [Times: user=1.13 sys=0.00, real=1.12 secs] 
2020-09-10T15:41:19.382+0800: 259.120: [CMS-concurrent-reset-start]
2020-09-10T15:41:19.385+0800: 259.123: [CMS-concurrent-reset: 0.004/0.004 secs] [Times: user=0.00 sys=0.00, real=0.00 secs] 
2020-09-10T15:41:21.385+0800: 261.123: Application time: 3.1225050 seconds
2020-09-10T15:41:21.385+0800: 261.123: [GC (CMS Initial Mark) [1 CMS-initial-mark: 3744665K(4194304K)] 4879344K(6081792K), 0.2928919 secs] [Times: user=0.58 sys=0.02, real=0.29 secs] 
2020-09-10T15:41:21.678+0800: 261.416: Total time for which application threads were stopped: 0.2930765 seconds, Stopping threads took: 0.0000175 seconds
2020-09-10T15:41:21.678+0800: 261.416: [CMS-concurrent-mark-start]
2020-09-10T15:41:22.478+0800: 262.215: Application time: 0.7994015 seconds
2020-09-10T15:41:22.478+0800: 262.215: Total time for which application threads were stopped: 0.0000835 seconds, Stopping threads took: 0.0000167 seconds
2020-09-10T15:41:22.480+0800: 262.217: Application time: 0.0016427 seconds
2020-09-10T15:41:22.480+0800: 262.218: Total time for which application threads were stopped: 0.0008482 seconds, Stopping threads took: 0.0000111 seconds
2020-09-10T15:41:22.481+0800: 262.218: Application time: 0.0006512 seconds
2020-09-10T15:41:22.481+0800: 262.218: Total time for which application threads were stopped: 0.0000493 seconds, Stopping threads took: 0.0000066 seconds
2020-09-10T15:41:22.484+0800: 262.221: Application time: 0.0024692 seconds
2020-09-10T15:41:22.484+0800: 262.222: Total time for which application threads were stopped: 0.0008362 seconds, Stopping threads took: 0.0000165 seconds
2020-09-10T15:41:22.485+0800: 262.222: Application time: 0.0003788 seconds
2020-09-10T15:41:22.485+0800: 262.222: Total time for which application threads were stopped: 0.0000621 seconds, Stopping threads took: 0.0000095 seconds
2020-09-10T15:41:22.487+0800: 262.224: Application time: 0.0017995 seconds
2020-09-10T15:41:22.488+0800: 262.225: Total time for which application threads were stopped: 0.0009529 seconds, Stopping threads took: 0.0000162 seconds
2020-09-10T15:41:22.493+0800: 262.231: Application time: 0.0057282 seconds
2020-09-10T15:41:22.494+0800: 262.231: Total time for which application threads were stopped: 0.0001916 seconds, Stopping threads took: 0.0000713 seconds
2020-09-10T15:41:22.496+0800: 262.233: Application time: 0.0020058 seconds
2020-09-10T15:41:22.496+0800: 262.233: Total time for which application threads were stopped: 0.0000902 seconds, Stopping threads took: 0.0000171 seconds
2020-09-10T15:41:22.521+0800: 262.259: Application time: 0.0259784 seconds
2020-09-10T15:41:22.521+0800: 262.259: Total time for which application threads were stopped: 0.0000987 seconds, Stopping threads took: 0.0000193 seconds
2020-09-10T15:41:22.522+0800: 262.260: Application time: 0.0007845 seconds
2020-09-10T15:41:22.522+0800: 262.260: Total time for which application threads were stopped: 0.0001254 seconds, Stopping threads took: 0.0000195 seconds
2020-09-10T15:41:22.525+0800: 262.263: Application time: 0.0028675 seconds
2020-09-10T15:41:22.525+0800: 262.263: Total time for which application threads were stopped: 0.0001733 seconds, Stopping threads took: 0.0000364 seconds
2020-09-10T15:41:22.526+0800: 262.264: Application time: 0.0009993 seconds
2020-09-10T15:41:22.526+0800: 262.264: Total time for which application threads were stopped: 0.0001222 seconds, Stopping threads took: 0.0000244 seconds
2020-09-10T15:41:22.527+0800: 262.265: Application time: 0.0009455 seconds
2020-09-10T15:41:22.527+0800: 262.265: Total time for which application threads were stopped: 0.0001485 seconds, Stopping threads took: 0.0000164 seconds
2020-09-10T15:41:22.528+0800: 262.266: Application time: 0.0011607 seconds
2020-09-10T15:41:22.528+0800: 262.266: Total time for which application threads were stopped: 0.0000783 seconds, Stopping threads took: 0.0000114 seconds
2020-09-10T15:41:22.529+0800: 262.267: Application time: 0.0008278 seconds
2020-09-10T15:41:22.529+0800: 262.267: Total time for which application threads were stopped: 0.0000887 seconds, Stopping threads took: 0.0000152 seconds
2020-09-10T15:41:22.530+0800: 262.268: Application time: 0.0008767 seconds
2020-09-10T15:41:22.530+0800: 262.268: Total time for which application threads were stopped: 0.0000818 seconds, Stopping threads took: 0.0000121 seconds
2020-09-10T15:41:22.531+0800: 262.269: Application time: 0.0009396 seconds
2020-09-10T15:41:22.531+0800: 262.269: Total time for which application threads were stopped: 0.0002199 seconds, Stopping threads took: 0.0000448 seconds
2020-09-10T15:41:22.533+0800: 262.271: Application time: 0.0010424 seconds
2020-09-10T15:41:22.533+0800: 262.271: Total time for which application threads were stopped: 0.0001420 seconds, Stopping threads took: 0.0000284 seconds
2020-09-10T15:41:22.533+0800: 262.271: Application time: 0.0006257 seconds
2020-09-10T15:41:22.533+0800: 262.271: Total time for which application threads were stopped: 0.0000868 seconds, Stopping threads took: 0.0000147 seconds
2020-09-10T15:41:22.533+0800: 262.272: Application time: 0.0000315 seconds
2020-09-10T15:41:22.534+0800: 262.272: Total time for which application threads were stopped: 0.0000764 seconds, Stopping threads took: 0.0000102 seconds
2020-09-10T15:41:22.534+0800: 262.272: Application time: 0.0000201 seconds
2020-09-10T15:41:22.534+0800: 262.272: Total time for which application threads were stopped: 0.0000605 seconds, Stopping threads took: 0.0000068 seconds
2020-09-10T15:41:22.534+0800: 262.272: Application time: 0.0000235 seconds
2020-09-10T15:41:22.534+0800: 262.272: Total time for which application threads were stopped: 0.0000448 seconds, Stopping threads took: 0.0000067 seconds
2020-09-10T15:41:22.534+0800: 262.272: Application time: 0.0000235 seconds
2020-09-10T15:41:22.534+0800: 262.272: Total time for which application threads were stopped: 0.0000376 seconds, Stopping threads took: 0.0000056 seconds
2020-09-10T15:41:22.534+0800: 262.272: Application time: 0.0000587 seconds
2020-09-10T15:41:22.534+0800: 262.272: Total time for which application threads were stopped: 0.0000467 seconds, Stopping threads took: 0.0000077 seconds
2020-09-10T15:41:22.534+0800: 262.272: Application time: 0.0000636 seconds
2020-09-10T15:41:22.534+0800: 262.272: Total time for which application threads were stopped: 0.0000445 seconds, Stopping threads took: 0.0000085 seconds
2020-09-10T15:41:22.535+0800: 262.273: Application time: 0.0011984 seconds
2020-09-10T15:41:22.535+0800: 262.273: Total time for which application threads were stopped: 0.0000880 seconds, Stopping threads took: 0.0000195 seconds
2020-09-10T15:41:22.536+0800: 262.274: Application time: 0.0007373 seconds
2020-09-10T15:41:22.536+0800: 262.274: Total time for which application threads were stopped: 0.0001058 seconds, Stopping threads took: 0.0000191 seconds
2020-09-10T15:41:22.537+0800: 262.275: Application time: 0.0009280 seconds
2020-09-10T15:41:22.537+0800: 262.275: Total time for which application threads were stopped: 0.0000814 seconds, Stopping threads took: 0.0000132 seconds
2020-09-10T15:41:22.537+0800: 262.275: Application time: 0.0000249 seconds
2020-09-10T15:41:22.537+0800: 262.275: Total time for which application threads were stopped: 0.0000560 seconds, Stopping threads took: 0.0000100 seconds
2020-09-10T15:41:22.537+0800: 262.275: Application time: 0.0000170 seconds
2020-09-10T15:41:22.537+0800: 262.275: Total time for which application threads were stopped: 0.0000401 seconds, Stopping threads took: 0.0000058 seconds
2020-09-10T15:41:22.537+0800: 262.275: Application time: 0.0000189 seconds
2020-09-10T15:41:22.537+0800: 262.275: Total time for which application threads were stopped: 0.0000341 seconds, Stopping threads took: 0.0000054 seconds
2020-09-10T15:41:22.537+0800: 262.275: Application time: 0.0000191 seconds
2020-09-10T15:41:22.537+0800: 262.275: Total time for which application threads were stopped: 0.0000398 seconds, Stopping threads took: 0.0000068 seconds
2020-09-10T15:41:22.537+0800: 262.275: Application time: 0.0000236 seconds
2020-09-10T15:41:22.537+0800: 262.276: Total time for which application threads were stopped: 0.0000396 seconds, Stopping threads took: 0.0000078 seconds
2020-09-10T15:41:22.537+0800: 262.276: Application time: 0.0000174 seconds
2020-09-10T15:41:22.538+0800: 262.276: Total time for which application threads were stopped: 0.0000399 seconds, Stopping threads took: 0.0000063 seconds
2020-09-10T15:41:22.538+0800: 262.276: Application time: 0.0008861 seconds
2020-09-10T15:41:22.539+0800: 262.277: Total time for which application threads were stopped: 0.0001172 seconds, Stopping threads took: 0.0000211 seconds
2020-09-10T15:41:22.540+0800: 262.278: Application time: 0.0011761 seconds
2020-09-10T15:41:22.540+0800: 262.278: Total time for which application threads were stopped: 0.0001619 seconds, Stopping threads took: 0.0000258 seconds
2020-09-10T15:41:22.543+0800: 262.281: Application time: 0.0026780 seconds
2020-09-10T15:41:22.543+0800: 262.281: Total time for which application threads were stopped: 0.0001418 seconds, Stopping threads took: 0.0000319 seconds
2020-09-10T15:41:22.543+0800: 262.281: Application time: 0.0000412 seconds
2020-09-10T15:41:22.543+0800: 262.281: Total time for which application threads were stopped: 0.0000980 seconds, Stopping threads took: 0.0000130 seconds
2020-09-10T15:41:22.543+0800: 262.281: Application time: 0.0000313 seconds
2020-09-10T15:41:22.543+0800: 262.281: Total time for which application threads were stopped: 0.0000804 seconds, Stopping threads took: 0.0000101 seconds
2020-09-10T15:41:22.543+0800: 262.281: Application time: 0.0000236 seconds
2020-09-10T15:41:22.543+0800: 262.281: Total time for which application threads were stopped: 0.0000411 seconds, Stopping threads took: 0.0000061 seconds
2020-09-10T15:41:22.543+0800: 262.281: Application time: 0.0000239 seconds
2020-09-10T15:41:22.543+0800: 262.281: Total time for which application threads were stopped: 0.0000367 seconds, Stopping threads took: 0.0000056 seconds
2020-09-10T15:41:22.543+0800: 262.281: Application time: 0.0000321 seconds
2020-09-10T15:41:22.543+0800: 262.281: Total time for which application threads were stopped: 0.0000576 seconds, Stopping threads took: 0.0000096 seconds
2020-09-10T15:41:22.543+0800: 262.281: Application time: 0.0000238 seconds
2020-09-10T15:41:22.543+0800: 262.281: Total time for which application threads were stopped: 0.0000536 seconds, Stopping threads took: 0.0000079 seconds
2020-09-10T15:41:22.545+0800: 262.283: Application time: 0.0013364 seconds
2020-09-10T15:41:22.545+0800: 262.283: Total time for which application threads were stopped: 0.0000958 seconds, Stopping threads took: 0.0000193 seconds
2020-09-10T15:41:22.545+0800: 262.283: Application time: 0.0005445 seconds
2020-09-10T15:41:22.545+0800: 262.283: Total time for which application threads were stopped: 0.0000775 seconds, Stopping threads took: 0.0000142 seconds
2020-09-10T15:41:22.546+0800: 262.284: Application time: 0.0007392 seconds
2020-09-10T15:41:22.546+0800: 262.284: Total time for which application threads were stopped: 0.0000699 seconds, Stopping threads took: 0.0000099 seconds
2020-09-10T15:41:22.546+0800: 262.284: Application time: 0.0000258 seconds
2020-09-10T15:41:22.546+0800: 262.284: Total time for which application threads were stopped: 0.0000537 seconds, Stopping threads took: 0.0000078 seconds
2020-09-10T15:41:22.546+0800: 262.284: Application time: 0.0000201 seconds
2020-09-10T15:41:22.546+0800: 262.284: Total time for which application threads were stopped: 0.0000401 seconds, Stopping threads took: 0.0000055 seconds
2020-09-10T15:41:22.546+0800: 262.284: Application time: 0.0000166 seconds
2020-09-10T15:41:22.546+0800: 262.284: Total time for which application threads were stopped: 0.0000337 seconds, Stopping threads took: 0.0000053 seconds
2020-09-10T15:41:22.546+0800: 262.285: Application time: 0.0000166 seconds
2020-09-10T15:41:22.546+0800: 262.285: Total time for which application threads were stopped: 0.0000329 seconds, Stopping threads took: 0.0000049 seconds
2020-09-10T15:41:22.547+0800: 262.285: Application time: 0.0000367 seconds
2020-09-10T15:41:22.547+0800: 262.285: Total time for which application threads were stopped: 0.0000576 seconds, Stopping threads took: 0.0000082 seconds
2020-09-10T15:41:22.547+0800: 262.285: Application time: 0.0000215 seconds
2020-09-10T15:41:22.547+0800: 262.285: Total time for which application threads were stopped: 0.0000405 seconds, Stopping threads took: 0.0000066 seconds
2020-09-10T15:41:22.548+0800: 262.286: Application time: 0.0010254 seconds
2020-09-10T15:41:22.548+0800: 262.286: Total time for which application threads were stopped: 0.0000777 seconds, Stopping threads took: 0.0000130 seconds
2020-09-10T15:41:22.550+0800: 262.288: Application time: 0.0018376 seconds
2020-09-10T15:41:22.550+0800: 262.288: Total time for which application threads were stopped: 0.0001009 seconds, Stopping threads took: 0.0000220 seconds
2020-09-10T15:41:22.550+0800: 262.288: Application time: 0.0005080 seconds
2020-09-10T15:41:22.550+0800: 262.288: Total time for which application threads were stopped: 0.0000984 seconds, Stopping threads took: 0.0000170 seconds
2020-09-10T15:41:22.553+0800: 262.291: Application time: 0.0020937 seconds
2020-09-10T15:41:22.553+0800: 262.291: Total time for which application threads were stopped: 0.0001444 seconds, Stopping threads took: 0.0000321 seconds
2020-09-10T15:41:22.554+0800: 262.292: Application time: 0.0011624 seconds
2020-09-10T15:41:22.554+0800: 262.292: Total time for which application threads were stopped: 0.0000855 seconds, Stopping threads took: 0.0000167 seconds
2020-09-10T15:41:22.554+0800: 262.292: Application time: 0.0003246 seconds
2020-09-10T15:41:22.554+0800: 262.292: Total time for which application threads were stopped: 0.0000885 seconds, Stopping threads took: 0.0000174 seconds
2020-09-10T15:41:22.556+0800: 262.294: Application time: 0.0015615 seconds
2020-09-10T15:41:22.556+0800: 262.294: Total time for which application threads were stopped: 0.0001518 seconds, Stopping threads took: 0.0000280 seconds
2020-09-10T15:41:22.558+0800: 262.296: Application time: 0.0020634 seconds
2020-09-10T15:41:22.558+0800: 262.296: Total time for which application threads were stopped: 0.0001262 seconds, Stopping threads took: 0.0000278 seconds
2020-09-10T15:41:22.560+0800: 262.298: Application time: 0.0021577 seconds
2020-09-10T15:41:22.561+0800: 262.299: Total time for which application threads were stopped: 0.0007848 seconds, Stopping threads took: 0.0001126 seconds
2020-09-10T15:41:22.565+0800: 262.303: Application time: 0.0034019 seconds
2020-09-10T15:41:22.565+0800: 262.303: Total time for which application threads were stopped: 0.0001161 seconds, Stopping threads took: 0.0000257 seconds
2020-09-10T15:41:22.566+0800: 262.304: Application time: 0.0007951 seconds
2020-09-10T15:41:22.566+0800: 262.304: Total time for which application threads were stopped: 0.0000846 seconds, Stopping threads took: 0.0000157 seconds
2020-09-10T15:41:22.566+0800: 262.304: Application time: 0.0006422 seconds
2020-09-10T15:41:22.566+0800: 262.304: Total time for which application threads were stopped: 0.0000645 seconds, Stopping threads took: 0.0000098 seconds
2020-09-10T15:41:22.567+0800: 262.305: Application time: 0.0008533 seconds
2020-09-10T15:41:22.567+0800: 262.305: Total time for which application threads were stopped: 0.0000841 seconds, Stopping threads took: 0.0000152 seconds
2020-09-10T15:41:22.568+0800: 262.306: Application time: 0.0007398 seconds
2020-09-10T15:41:22.568+0800: 262.306: Total time for which application threads were stopped: 0.0000707 seconds, Stopping threads took: 0.0000112 seconds
2020-09-10T15:41:22.569+0800: 262.307: Application time: 0.0006967 seconds
2020-09-10T15:41:22.569+0800: 262.307: Total time for which application threads were stopped: 0.0000627 seconds, Stopping threads took: 0.0000099 seconds
2020-09-10T15:41:22.570+0800: 262.308: Application time: 0.0006283 seconds
2020-09-10T15:41:22.570+0800: 262.308: Total time for which application threads were stopped: 0.0000642 seconds, Stopping threads took: 0.0000102 seconds
2020-09-10T15:41:22.570+0800: 262.308: Application time: 0.0007077 seconds
2020-09-10T15:41:22.570+0800: 262.308: Total time for which application threads were stopped: 0.0001037 seconds, Stopping threads took: 0.0000123 seconds
2020-09-10T15:41:22.571+0800: 262.309: Application time: 0.0007275 seconds
2020-09-10T15:41:22.571+0800: 262.309: Total time for which application threads were stopped: 0.0000810 seconds, Stopping threads took: 0.0000131 seconds
2020-09-10T15:41:22.572+0800: 262.310: Application time: 0.0008598 seconds
2020-09-10T15:41:22.572+0800: 262.310: Total time for which application threads were stopped: 0.0001429 seconds, Stopping threads took: 0.0000191 seconds
2020-09-10T15:41:22.574+0800: 262.312: Application time: 0.0015691 seconds
2020-09-10T15:41:22.574+0800: 262.312: Total time for which application threads were stopped: 0.0005225 seconds, Stopping threads took: 0.0000320 seconds
2020-09-10T15:41:22.576+0800: 262.314: Application time: 0.0012189 seconds
2020-09-10T15:41:22.576+0800: 262.314: Total time for which application threads were stopped: 0.0001071 seconds, Stopping threads took: 0.0000189 seconds
2020-09-10T15:41:22.577+0800: 262.315: Application time: 0.0008962 seconds
2020-09-10T15:41:22.577+0800: 262.315: Total time for which application threads were stopped: 0.0001142 seconds, Stopping threads took: 0.0000208 seconds
2020-09-10T15:41:22.578+0800: 262.316: Application time: 0.0008461 seconds
2020-09-10T15:41:22.578+0800: 262.316: Total time for which application threads were stopped: 0.0001357 seconds, Stopping threads took: 0.0000237 seconds
2020-09-10T15:41:22.579+0800: 262.317: Application time: 0.0009312 seconds
2020-09-10T15:41:22.579+0800: 262.317: Total time for which application threads were stopped: 0.0001039 seconds, Stopping threads took: 0.0000138 seconds
2020-09-10T15:41:22.580+0800: 262.318: Application time: 0.0009363 seconds
2020-09-10T15:41:22.580+0800: 262.318: Total time for which application threads were stopped: 0.0000996 seconds, Stopping threads took: 0.0000176 seconds
2020-09-10T15:41:22.581+0800: 262.319: Application time: 0.0007180 seconds
2020-09-10T15:41:22.581+0800: 262.319: Total time for which application threads were stopped: 0.0001191 seconds, Stopping threads took: 0.0000137 seconds
2020-09-10T15:41:22.581+0800: 262.319: Application time: 0.0007231 seconds
2020-09-10T15:41:22.581+0800: 262.319: Total time for which application threads were stopped: 0.0000726 seconds, Stopping threads took: 0.0000128 seconds
2020-09-10T15:41:22.583+0800: 262.321: Application time: 0.0010917 seconds
2020-09-10T15:41:22.583+0800: 262.321: Total time for which application threads were stopped: 0.0000850 seconds, Stopping threads took: 0.0000149 seconds
2020-09-10T15:41:22.583+0800: 262.321: Application time: 0.0006133 seconds
2020-09-10T15:41:22.583+0800: 262.321: Total time for which application threads were stopped: 0.0000887 seconds, Stopping threads took: 0.0000117 seconds
2020-09-10T15:41:22.584+0800: 262.322: Application time: 0.0007890 seconds
2020-09-10T15:41:22.584+0800: 262.322: Total time for which application threads were stopped: 0.0001248 seconds, Stopping threads took: 0.0000182 seconds
2020-09-10T15:41:22.585+0800: 262.323: Application time: 0.0009571 seconds
2020-09-10T15:41:22.585+0800: 262.323: Total time for which application threads were stopped: 0.0001063 seconds, Stopping threads took: 0.0000189 seconds
2020-09-10T15:41:22.586+0800: 262.324: Application time: 0.0008324 seconds
2020-09-10T15:41:22.586+0800: 262.324: Total time for which application threads were stopped: 0.0001352 seconds, Stopping threads took: 0.0000214 seconds
2020-09-10T15:41:22.587+0800: 262.325: Application time: 0.0010364 seconds
2020-09-10T15:41:22.588+0800: 262.325: Total time for which application threads were stopped: 0.0001146 seconds, Stopping threads took: 0.0000227 seconds
2020-09-10T15:41:22.588+0800: 262.326: Application time: 0.0007554 seconds
2020-09-10T15:41:22.588+0800: 262.326: Total time for which application threads were stopped: 0.0000767 seconds, Stopping threads took: 0.0000126 seconds
2020-09-10T15:41:22.589+0800: 262.327: Application time: 0.0010648 seconds
2020-09-10T15:41:22.590+0800: 262.328: Total time for which application threads were stopped: 0.0001503 seconds, Stopping threads took: 0.0000258 seconds
2020-09-10T15:41:22.593+0800: 262.331: Application time: 0.0035113 seconds
2020-09-10T15:41:22.593+0800: 262.331: Total time for which application threads were stopped: 0.0001488 seconds, Stopping threads took: 0.0000357 seconds
2020-09-10T15:41:22.594+0800: 262.332: Application time: 0.0011322 seconds
2020-09-10T15:41:22.595+0800: 262.332: Total time for which application threads were stopped: 0.0002252 seconds, Stopping threads took: 0.0000231 seconds
2020-09-10T15:41:22.596+0800: 262.334: Application time: 0.0010345 seconds
2020-09-10T15:41:22.596+0800: 262.334: Total time for which application threads were stopped: 0.0001298 seconds, Stopping threads took: 0.0000180 seconds
2020-09-10T15:41:22.596+0800: 262.334: Application time: 0.0006301 seconds
2020-09-10T15:41:22.597+0800: 262.334: Total time for which application threads were stopped: 0.0000892 seconds, Stopping threads took: 0.0000138 seconds
2020-09-10T15:41:22.597+0800: 262.335: Application time: 0.0008754 seconds
2020-09-10T15:41:22.598+0800: 262.336: Total time for which application threads were stopped: 0.0003973 seconds, Stopping threads took: 0.0000424 seconds
2020-09-10T15:41:22.599+0800: 262.337: Application time: 0.0013721 seconds
2020-09-10T15:41:22.599+0800: 262.337: Total time for which application threads were stopped: 0.0001610 seconds, Stopping threads took: 0.0000281 seconds
2020-09-10T15:41:22.600+0800: 262.338: Application time: 0.0009533 seconds
2020-09-10T15:41:22.600+0800: 262.338: Total time for which application threads were stopped: 0.0000948 seconds, Stopping threads took: 0.0000179 seconds
2020-09-10T15:41:22.601+0800: 262.339: Application time: 0.0008125 seconds
2020-09-10T15:41:22.601+0800: 262.339: Total time for which application threads were stopped: 0.0000932 seconds, Stopping threads took: 0.0000149 seconds
2020-09-10T15:41:22.602+0800: 262.340: Application time: 0.0009924 seconds
2020-09-10T15:41:22.602+0800: 262.340: Total time for which application threads were stopped: 0.0001086 seconds, Stopping threads took: 0.0000206 seconds
2020-09-10T15:41:22.603+0800: 262.341: Application time: 0.0009696 seconds
2020-09-10T15:41:22.603+0800: 262.341: Total time for which application threads were stopped: 0.0000910 seconds, Stopping threads took: 0.0000157 seconds
2020-09-10T15:41:22.604+0800: 262.342: Application time: 0.0008702 seconds
2020-09-10T15:41:22.604+0800: 262.342: Total time for which application threads were stopped: 0.0000913 seconds, Stopping threads took: 0.0000128 seconds
2020-09-10T15:41:22.605+0800: 262.343: Application time: 0.0008065 seconds
2020-09-10T15:41:22.605+0800: 262.343: Total time for which application threads were stopped: 0.0000958 seconds, Stopping threads took: 0.0000151 seconds
2020-09-10T15:41:22.606+0800: 262.344: Application time: 0.0008993 seconds
2020-09-10T15:41:22.606+0800: 262.344: Total time for which application threads were stopped: 0.0001375 seconds, Stopping threads took: 0.0000229 seconds
2020-09-10T15:41:22.608+0800: 262.346: Application time: 0.0018609 seconds
2020-09-10T15:41:22.609+0800: 262.347: Total time for which application threads were stopped: 0.0007348 seconds, Stopping threads took: 0.0000784 seconds
2020-09-10T15:41:22.610+0800: 262.348: Application time: 0.0010783 seconds
2020-09-10T15:41:22.610+0800: 262.348: Total time for which application threads were stopped: 0.0000981 seconds, Stopping threads took: 0.0000190 seconds
2020-09-10T15:41:22.611+0800: 262.349: Application time: 0.0008433 seconds
2020-09-10T15:41:22.611+0800: 262.349: Total time for which application threads were stopped: 0.0000969 seconds, Stopping threads took: 0.0000157 seconds
2020-09-10T15:41:22.612+0800: 262.350: Application time: 0.0011807 seconds
2020-09-10T15:41:22.612+0800: 262.350: Total time for which application threads were stopped: 0.0000995 seconds, Stopping threads took: 0.0000202 seconds
2020-09-10T15:41:22.613+0800: 262.351: Application time: 0.0007452 seconds
2020-09-10T15:41:22.613+0800: 262.351: Total time for which application threads were stopped: 0.0000783 seconds, Stopping threads took: 0.0000126 seconds
2020-09-10T15:41:22.614+0800: 262.352: Application time: 0.0007611 seconds
2020-09-10T15:41:22.614+0800: 262.352: Total time for which application threads were stopped: 0.0000756 seconds, Stopping threads took: 0.0000122 seconds
2020-09-10T15:41:22.615+0800: 262.353: Application time: 0.0007037 seconds
2020-09-10T15:41:22.615+0800: 262.353: Total time for which application threads were stopped: 0.0001863 seconds, Stopping threads took: 0.0000111 seconds
2020-09-10T15:41:23.249+0800: 262.987: Application time: 0.6336206 seconds
2020-09-10T15:41:23.249+0800: 262.987: Total time for which application threads were stopped: 0.0001370 seconds, Stopping threads took: 0.0000380 seconds
2020-09-10T15:41:23.407+0800: 263.144: Application time: 0.1571710 seconds
2020-09-10T15:41:23.407+0800: 263.144: Total time for which application threads were stopped: 0.0002180 seconds, Stopping threads took: 0.0000352 seconds
2020-09-10T15:41:23.407+0800: 263.144: Application time: 0.0002019 seconds
2020-09-10T15:41:23.407+0800: 263.144: Total time for which application threads were stopped: 0.0001200 seconds, Stopping threads took: 0.0000180 seconds
2020-09-10T15:41:23.413+0800: 263.151: Application time: 0.0062610 seconds
2020-09-10T15:41:23.413+0800: 263.151: Total time for which application threads were stopped: 0.0001027 seconds, Stopping threads took: 0.0000231 seconds
2020-09-10T15:41:23.413+0800: 263.151: Application time: 0.0000209 seconds
2020-09-10T15:41:23.414+0800: 263.151: Total time for which application threads were stopped: 0.0000773 seconds, Stopping threads took: 0.0000127 seconds
2020-09-10T15:41:23.414+0800: 263.151: Application time: 0.0000533 seconds
2020-09-10T15:41:23.414+0800: 263.151: Total time for which application threads were stopped: 0.0000462 seconds, Stopping threads took: 0.0000078 seconds
2020-09-10T15:41:23.414+0800: 263.151: Application time: 0.0000149 seconds
2020-09-10T15:41:23.414+0800: 263.151: Total time for which application threads were stopped: 0.0000424 seconds, Stopping threads took: 0.0000068 seconds
2020-09-10T15:41:23.414+0800: 263.151: Application time: 0.0000211 seconds
2020-09-10T15:41:23.414+0800: 263.151: Total time for which application threads were stopped: 0.0000423 seconds, Stopping threads took: 0.0000070 seconds
2020-09-10T15:41:23.414+0800: 263.151: Application time: 0.0000140 seconds
2020-09-10T15:41:23.414+0800: 263.151: Total time for which application threads were stopped: 0.0000426 seconds, Stopping threads took: 0.0000072 seconds
2020-09-10T15:41:23.414+0800: 263.151: Application time: 0.0000191 seconds
2020-09-10T15:41:23.414+0800: 263.151: Total time for which application threads were stopped: 0.0000423 seconds, Stopping threads took: 0.0000068 seconds
2020-09-10T15:41:23.414+0800: 263.151: Application time: 0.0000137 seconds
2020-09-10T15:41:23.414+0800: 263.151: Total time for which application threads were stopped: 0.0000423 seconds, Stopping threads took: 0.0000071 seconds
2020-09-10T15:41:23.414+0800: 263.151: Application time: 0.0000185 seconds
2020-09-10T15:41:23.414+0800: 263.151: Total time for which application threads were stopped: 0.0000423 seconds, Stopping threads took: 0.0000071 seconds
2020-09-10T15:41:23.414+0800: 263.151: Application time: 0.0000140 seconds
2020-09-10T15:41:23.414+0800: 263.151: Total time for which application threads were stopped: 0.0000422 seconds, Stopping threads took: 0.0000069 seconds
2020-09-10T15:41:23.414+0800: 263.151: Application time: 0.0000189 seconds
2020-09-10T15:41:23.414+0800: 263.151: Total time for which application threads were stopped: 0.0000423 seconds, Stopping threads took: 0.0000072 seconds
2020-09-10T15:41:23.414+0800: 263.151: Application time: 0.0000136 seconds
2020-09-10T15:41:23.414+0800: 263.152: Total time for which application threads were stopped: 0.0000423 seconds, Stopping threads took: 0.0000070 seconds
2020-09-10T15:41:23.414+0800: 263.152: Application time: 0.0000188 seconds
2020-09-10T15:41:23.414+0800: 263.152: Total time for which application threads were stopped: 0.0000418 seconds, Stopping threads took: 0.0000068 seconds
2020-09-10T15:41:23.414+0800: 263.152: Application time: 0.0000136 seconds
2020-09-10T15:41:23.414+0800: 263.152: Total time for which application threads were stopped: 0.0000421 seconds, Stopping threads took: 0.0000071 seconds
2020-09-10T15:41:23.414+0800: 263.152: Application time: 0.0001087 seconds
2020-09-10T15:41:23.415+0800: 263.152: Total time for which application threads were stopped: 0.0000465 seconds, Stopping threads took: 0.0000080 seconds
2020-09-10T15:41:23.415+0800: 263.152: Application time: 0.0000365 seconds
2020-09-10T15:41:23.415+0800: 263.152: Total time for which application threads were stopped: 0.0000721 seconds, Stopping threads took: 0.0000229 seconds
2020-09-10T15:41:23.427+0800: 263.165: Application time: 0.0125539 seconds
2020-09-10T15:41:23.427+0800: 263.165: Total time for which application threads were stopped: 0.0001143 seconds, Stopping threads took: 0.0000323 seconds
2020-09-10T15:41:23.429+0800: 263.166: Application time: 0.0015576 seconds
2020-09-10T15:41:23.429+0800: 263.166: Total time for which application threads were stopped: 0.0001257 seconds, Stopping threads took: 0.0000325 seconds
2020-09-10T15:41:24.429+0800: 264.166: Application time: 0.9995245 seconds
2020-09-10T15:41:24.429+0800: 264.166: Total time for which application threads were stopped: 0.0000961 seconds, Stopping threads took: 0.0000243 seconds
2020-09-10T15:41:24.959+0800: 264.696: [CMS-concurrent-mark: 3.199/3.281 secs] [Times: user=6.58 sys=0.03, real=3.28 secs] 
2020-09-10T15:41:24.959+0800: 264.696: [CMS-concurrent-preclean-start]
2020-09-10T15:41:24.965+0800: 264.703: [CMS-concurrent-preclean: 0.006/0.006 secs] [Times: user=0.00 sys=0.00, real=0.01 secs] 
2020-09-10T15:41:24.965+0800: 264.703: [CMS-concurrent-abortable-preclean-start]
2020-09-10T15:41:24.965+0800: 264.703: [CMS-concurrent-abortable-preclean: 0.000/0.000 secs] [Times: user=0.00 sys=0.00, real=0.00 secs] 
2020-09-10T15:41:24.966+0800: 264.703: Application time: 0.5369232 seconds
2020-09-10T15:41:24.966+0800: 264.703: [GC (CMS Final Remark) [YG occupancy: 1173465 K (1887488 K)]2020-09-10T15:41:24.966+0800: 264.703: [Rescan (parallel) , 0.6025907 secs]2020-09-10T15:41:25.568+0800: 265.306: [weak refs processing, 0.0003834 secs]2020-09-10T15:41:25.568+0800: 265.306: [class unloading, 0.0048057 secs]2020-09-10T15:41:25.573+0800: 265.311: [scrub symbol table, 0.0102207 secs]2020-09-10T15:41:25.583+0800: 265.321: [scrub string table, 0.0008131 secs][1 CMS-remark: 3744665K(4194304K)] 4918130K(6081792K), 0.6193222 secs] [Times: user=3.42 sys=0.09, real=0.62 secs] 
2020-09-10T15:41:25.584+0800: 265.322: Total time for which application threads were stopped: 0.6194911 seconds, Stopping threads took: 0.0000239 seconds
2020-09-10T15:41:25.584+0800: 265.322: [CMS-concurrent-sweep-start]
2020-09-10T15:41:26.701+0800: 266.439: [CMS-concurrent-sweep: 1.116/1.116 secs] [Times: user=1.08 sys=0.00, real=1.12 secs] 
2020-09-10T15:41:26.702+0800: 266.439: [CMS-concurrent-reset-start]
2020-09-10T15:41:26.706+0800: 266.443: [CMS-concurrent-reset: 0.004/0.004 secs] [Times: user=0.02 sys=0.00, real=0.00 secs] 
2020-09-10T15:41:28.707+0800: 268.444: Application time: 3.1217968 seconds
2020-09-10T15:41:28.707+0800: 268.444: [GC (CMS Initial Mark) [1 CMS-initial-mark: 3744665K(4194304K)] 4918130K(6081792K), 0.3200148 secs] [Times: user=0.61 sys=0.00, real=0.32 secs] 
2020-09-10T15:41:29.027+0800: 268.765: Total time for which application threads were stopped: 0.3203062 seconds, Stopping threads took: 0.0000479 seconds
2020-09-10T15:41:29.027+0800: 268.765: [CMS-concurrent-mark-start]
2020-09-10T15:41:31.754+0800: 271.491: [CMS-concurrent-mark: 2.727/2.727 secs] [Times: user=5.42 sys=0.03, real=2.73 secs] 
2020-09-10T15:41:31.754+0800: 271.492: [CMS-concurrent-preclean-start]
2020-09-10T15:41:31.760+0800: 271.498: [CMS-concurrent-preclean: 0.006/0.006 secs] [Times: user=0.00 sys=0.00, real=0.01 secs] 
2020-09-10T15:41:31.760+0800: 271.498: [CMS-concurrent-abortable-preclean-start]
2020-09-10T15:41:31.760+0800: 271.498: [CMS-concurrent-abortable-preclean: 0.000/0.000 secs] [Times: user=0.00 sys=0.00, real=0.00 secs] 
2020-09-10T15:41:31.760+0800: 271.498: Application time: 2.7331511 seconds
2020-09-10T15:41:31.760+0800: 271.498: [GC (CMS Final Remark) [YG occupancy: 1173465 K (1887488 K)]2020-09-10T15:41:31.760+0800: 271.498: [Rescan (parallel) , 0.5580932 secs]2020-09-10T15:41:32.319+0800: 272.056: [weak refs processing, 0.0003715 secs]2020-09-10T15:41:32.319+0800: 272.056: [class unloading, 0.0050564 secs]2020-09-10T15:41:32.324+0800: 272.061: [scrub symbol table, 0.0106148 secs]2020-09-10T15:41:32.335+0800: 272.072: [scrub string table, 0.0005653 secs][1 CMS-remark: 3744665K(4194304K)] 4918130K(6081792K), 0.5750783 secs] [Times: user=3.26 sys=0.05, real=0.58 secs] 
2020-09-10T15:41:32.336+0800: 272.073: Total time for which application threads were stopped: 0.5752256 seconds, Stopping threads took: 0.0000230 seconds
2020-09-10T15:41:32.336+0800: 272.073: [CMS-concurrent-sweep-start]
2020-09-10T15:41:33.394+0800: 273.132: [CMS-concurrent-sweep: 1.059/1.059 secs] [Times: user=1.06 sys=0.00, real=1.06 secs] 
2020-09-10T15:41:33.394+0800: 273.132: [CMS-concurrent-reset-start]
2020-09-10T15:41:33.400+0800: 273.137: [CMS-concurrent-reset: 0.005/0.005 secs] [Times: user=0.00 sys=0.00, real=0.01 secs] 
2020-09-10T15:41:35.399+0800: 275.136: Application time: 3.0633606 seconds
2020-09-10T15:41:35.399+0800: 275.136: [GC (CMS Initial Mark) [1 CMS-initial-mark: 3744664K(4194304K)] 4918130K(6081792K), 0.3218546 secs] [Times: user=0.61 sys=0.00, real=0.32 secs] 
2020-09-10T15:41:35.721+0800: 275.458: Total time for which application threads were stopped: 0.3220522 seconds, Stopping threads took: 0.0000215 seconds
2020-09-10T15:41:35.721+0800: 275.458: [CMS-concurrent-mark-start]
2020-09-10T15:41:38.513+0800: 278.251: [CMS-concurrent-mark: 2.792/2.792 secs] [Times: user=5.52 sys=0.00, real=2.79 secs] 
2020-09-10T15:41:38.513+0800: 278.251: [CMS-concurrent-preclean-start]
2020-09-10T15:41:38.518+0800: 278.256: [CMS-concurrent-preclean: 0.005/0.005 secs] [Times: user=0.02 sys=0.00, real=0.00 secs] 
2020-09-10T15:41:38.518+0800: 278.256: [CMS-concurrent-abortable-preclean-start]
2020-09-10T15:41:38.518+0800: 278.256: [CMS-concurrent-abortable-preclean: 0.000/0.000 secs] [Times: user=0.00 sys=0.00, real=0.00 secs] 
2020-09-10T15:41:38.518+0800: 278.256: Application time: 2.7977175 seconds
2020-09-10T15:41:38.518+0800: 278.256: [GC (CMS Final Remark) [YG occupancy: 1173465 K (1887488 K)]2020-09-10T15:41:38.518+0800: 278.256: [Rescan (parallel) , 0.5719560 secs]2020-09-10T15:41:39.091+0800: 278.828: [weak refs processing, 0.0005163 secs]2020-09-10T15:41:39.091+0800: 278.829: [class unloading, 0.0062013 secs]2020-09-10T15:41:39.098+0800: 278.835: [scrub symbol table, 0.0104215 secs]2020-09-10T15:41:39.108+0800: 278.846: [scrub string table, 0.0005289 secs][1 CMS-remark: 3744664K(4194304K)] 4918130K(6081792K), 0.5900785 secs] [Times: user=3.66 sys=0.00, real=0.59 secs] 
2020-09-10T15:41:39.109+0800: 278.846: Total time for which application threads were stopped: 0.5902203 seconds, Stopping threads took: 0.0000205 seconds
2020-09-10T15:41:39.109+0800: 278.846: [CMS-concurrent-sweep-start]
2020-09-10T15:41:40.036+0800: 279.773: [CMS-concurrent-sweep: 0.927/0.927 secs] [Times: user=0.94 sys=0.00, real=0.93 secs] 
2020-09-10T15:41:40.036+0800: 279.773: [CMS-concurrent-reset-start]
2020-09-10T15:41:40.039+0800: 279.777: [CMS-concurrent-reset: 0.004/0.004 secs] [Times: user=0.00 sys=0.00, real=0.00 secs] 
2020-09-10T15:41:42.040+0800: 281.777: Application time: 2.9306539 seconds
2020-09-10T15:41:42.040+0800: 281.777: [GC (CMS Initial Mark) [1 CMS-initial-mark: 3744664K(4194304K)] 4918130K(6081792K), 0.2961997 secs] [Times: user=0.59 sys=0.00, real=0.30 secs] 
2020-09-10T15:41:42.336+0800: 282.073: Total time for which application threads were stopped: 0.2964722 seconds, Stopping threads took: 0.0000339 seconds
2020-09-10T15:41:42.336+0800: 282.073: [CMS-concurrent-mark-start]
2020-09-10T15:41:44.948+0800: 284.685: [CMS-concurrent-mark: 2.612/2.612 secs] [Times: user=5.22 sys=0.00, real=2.61 secs] 
2020-09-10T15:41:44.948+0800: 284.685: [CMS-concurrent-preclean-start]
2020-09-10T15:41:44.953+0800: 284.691: [CMS-concurrent-preclean: 0.005/0.005 secs] [Times: user=0.00 sys=0.00, real=0.01 secs] 
2020-09-10T15:41:44.953+0800: 284.691: [CMS-concurrent-abortable-preclean-start]
2020-09-10T15:41:44.953+0800: 284.691: [CMS-concurrent-abortable-preclean: 0.000/0.000 secs] [Times: user=0.00 sys=0.00, real=0.00 secs] 
2020-09-10T15:41:44.953+0800: 284.691: Application time: 2.6174697 seconds
2020-09-10T15:41:44.953+0800: 284.691: [GC (CMS Final Remark) [YG occupancy: 1173465 K (1887488 K)]2020-09-10T15:41:44.953+0800: 284.691: [Rescan (parallel) , 0.5747267 secs]2020-09-10T15:41:45.528+0800: 285.266: [weak refs processing, 0.0004526 secs]2020-09-10T15:41:45.528+0800: 285.266: [class unloading, 0.0045657 secs]2020-09-10T15:41:45.533+0800: 285.271: [scrub symbol table, 0.0081631 secs]2020-09-10T15:41:45.541+0800: 285.279: [scrub string table, 0.0005321 secs][1 CMS-remark: 3744664K(4194304K)] 4918130K(6081792K), 0.5888375 secs] [Times: user=3.76 sys=0.03, real=0.59 secs] 
2020-09-10T15:41:45.542+0800: 285.280: Total time for which application threads were stopped: 0.5890019 seconds, Stopping threads took: 0.0000246 seconds
2020-09-10T15:41:45.542+0800: 285.280: [CMS-concurrent-sweep-start]
2020-09-10T15:41:46.509+0800: 286.246: [CMS-concurrent-sweep: 0.967/0.967 secs] [Times: user=0.97 sys=0.00, real=0.97 secs] 
2020-09-10T15:41:46.509+0800: 286.247: [CMS-concurrent-reset-start]
2020-09-10T15:41:46.513+0800: 286.250: [CMS-concurrent-reset: 0.004/0.004 secs] [Times: user=0.00 sys=0.00, real=0.00 secs] 
2020-09-10T15:41:48.513+0800: 288.250: Application time: 2.9705429 seconds
2020-09-10T15:41:48.513+0800: 288.250: [GC (CMS Initial Mark) [1 CMS-initial-mark: 3744664K(4194304K)] 4918130K(6081792K), 0.3058075 secs] [Times: user=0.63 sys=0.00, real=0.31 secs] 
2020-09-10T15:41:48.818+0800: 288.556: Total time for which application threads were stopped: 0.3059939 seconds, Stopping threads took: 0.0000230 seconds
2020-09-10T15:41:48.818+0800: 288.556: [CMS-concurrent-mark-start]
2020-09-10T15:41:51.762+0800: 291.500: [CMS-concurrent-mark: 2.944/2.944 secs] [Times: user=5.81 sys=0.00, real=2.94 secs] 
2020-09-10T15:41:51.762+0800: 291.500: [CMS-concurrent-preclean-start]
2020-09-10T15:41:51.767+0800: 291.505: [CMS-concurrent-preclean: 0.005/0.005 secs] [Times: user=0.02 sys=0.00, real=0.00 secs] 
2020-09-10T15:41:51.767+0800: 291.505: [CMS-concurrent-abortable-preclean-start]
2020-09-10T15:41:51.767+0800: 291.505: [CMS-concurrent-abortable-preclean: 0.000/0.000 secs] [Times: user=0.00 sys=0.00, real=0.00 secs] 
2020-09-10T15:41:51.767+0800: 291.505: Application time: 2.9489202 seconds
2020-09-10T15:41:51.767+0800: 291.505: [GC (CMS Final Remark) [YG occupancy: 1173465 K (1887488 K)]2020-09-10T15:41:51.767+0800: 291.505: [Rescan (parallel) , 0.5745566 secs]2020-09-10T15:41:52.343+0800: 292.080: [weak refs processing, 0.0005532 secs]2020-09-10T15:41:52.343+0800: 292.081: [class unloading, 0.0044687 secs]2020-09-10T15:41:52.348+0800: 292.085: [scrub symbol table, 0.0079964 secs]2020-09-10T15:41:52.356+0800: 292.093: [scrub string table, 0.0005549 secs][1 CMS-remark: 3744664K(4194304K)] 4918130K(6081792K), 0.5884931 secs] [Times: user=3.56 sys=0.03, real=0.59 secs] 
2020-09-10T15:41:52.357+0800: 292.094: Total time for which application threads were stopped: 0.5886563 seconds, Stopping threads took: 0.0000224 seconds
2020-09-10T15:41:52.357+0800: 292.094: [CMS-concurrent-sweep-start]
2020-09-10T15:41:53.309+0800: 293.046: [CMS-concurrent-sweep: 0.952/0.952 secs] [Times: user=0.95 sys=0.00, real=0.95 secs] 
2020-09-10T15:41:53.309+0800: 293.047: [CMS-concurrent-reset-start]
2020-09-10T15:41:53.312+0800: 293.050: [CMS-concurrent-reset: 0.004/0.004 secs] [Times: user=0.00 sys=0.00, real=0.00 secs] 
2020-09-10T15:41:55.314+0800: 295.051: Application time: 2.9571718 seconds
2020-09-10T15:41:55.314+0800: 295.051: [GC (CMS Initial Mark) [1 CMS-initial-mark: 3744664K(4194304K)] 4918130K(6081792K), 0.2855478 secs] [Times: user=0.52 sys=0.00, real=0.29 secs] 
2020-09-10T15:41:55.599+0800: 295.337: Total time for which application threads were stopped: 0.2857340 seconds, Stopping threads took: 0.0000240 seconds
2020-09-10T15:41:55.599+0800: 295.337: [CMS-concurrent-mark-start]
2020-09-10T15:41:58.157+0800: 297.895: [CMS-concurrent-mark: 2.558/2.558 secs] [Times: user=5.11 sys=0.00, real=2.56 secs] 
2020-09-10T15:41:58.157+0800: 297.895: [CMS-concurrent-preclean-start]
2020-09-10T15:41:58.162+0800: 297.900: [CMS-concurrent-preclean: 0.005/0.005 secs] [Times: user=0.00 sys=0.00, real=0.00 secs] 
2020-09-10T15:41:58.162+0800: 297.900: [CMS-concurrent-abortable-preclean-start]
2020-09-10T15:41:58.162+0800: 297.900: [CMS-concurrent-abortable-preclean: 0.000/0.000 secs] [Times: user=0.00 sys=0.00, real=0.00 secs] 
2020-09-10T15:41:58.162+0800: 297.900: Application time: 2.5627329 seconds
2020-09-10T15:41:58.162+0800: 297.900: [GC (CMS Final Remark) [YG occupancy: 1173465 K (1887488 K)]2020-09-10T15:41:58.162+0800: 297.900: [Rescan (parallel) , 0.5716432 secs]2020-09-10T15:41:58.734+0800: 298.471: [weak refs processing, 0.0004018 secs]2020-09-10T15:41:58.734+0800: 298.472: [class unloading, 0.0047606 secs]2020-09-10T15:41:58.739+0800: 298.477: [scrub symbol table, 0.0073821 secs]2020-09-10T15:41:58.746+0800: 298.484: [scrub string table, 0.0005498 secs][1 CMS-remark: 3744664K(4194304K)] 4918130K(6081792K), 0.5850841 secs] [Times: user=3.75 sys=0.00, real=0.59 secs] 
2020-09-10T15:41:58.747+0800: 298.485: Total time for which application threads were stopped: 0.5852455 seconds, Stopping threads took: 0.0000305 seconds
2020-09-10T15:41:58.747+0800: 298.485: [CMS-concurrent-sweep-start]
2020-09-10T15:41:59.659+0800: 299.397: [CMS-concurrent-sweep: 0.912/0.912 secs] [Times: user=0.92 sys=0.00, real=0.91 secs] 
2020-09-10T15:41:59.659+0800: 299.397: [CMS-concurrent-reset-start]
2020-09-10T15:41:59.663+0800: 299.401: [CMS-concurrent-reset: 0.004/0.004 secs] [Times: user=0.00 sys=0.00, real=0.00 secs] 
2020-09-10T15:42:01.665+0800: 301.402: Application time: 2.9169875 seconds
2020-09-10T15:42:01.665+0800: 301.402: [GC (CMS Initial Mark) [1 CMS-initial-mark: 3744664K(4194304K)] 4918130K(6081792K), 0.2905020 secs] [Times: user=0.55 sys=0.00, real=0.29 secs] 
2020-09-10T15:42:01.955+0800: 301.693: Total time for which application threads were stopped: 0.2907247 seconds, Stopping threads took: 0.0000253 seconds
2020-09-10T15:42:01.955+0800: 301.693: [CMS-concurrent-mark-start]
2020-09-10T15:42:04.508+0800: 304.246: [CMS-concurrent-mark: 2.553/2.553 secs] [Times: user=5.09 sys=0.00, real=2.55 secs] 
2020-09-10T15:42:04.508+0800: 304.246: [CMS-concurrent-preclean-start]
2020-09-10T15:42:04.513+0800: 304.251: [CMS-concurrent-preclean: 0.005/0.005 secs] [Times: user=0.00 sys=0.00, real=0.01 secs] 
2020-09-10T15:42:04.513+0800: 304.251: [CMS-concurrent-abortable-preclean-start]
2020-09-10T15:42:04.513+0800: 304.251: [CMS-concurrent-abortable-preclean: 0.000/0.000 secs] [Times: user=0.00 sys=0.00, real=0.00 secs] 
2020-09-10T15:42:04.513+0800: 304.251: Application time: 2.5584597 seconds
2020-09-10T15:42:04.513+0800: 304.251: [GC (CMS Final Remark) [YG occupancy: 1190243 K (1887488 K)]2020-09-10T15:42:04.513+0800: 304.251: [Rescan (parallel) , 0.5717496 secs]2020-09-10T15:42:05.086+0800: 304.823: [weak refs processing, 0.0003747 secs]2020-09-10T15:42:05.086+0800: 304.823: [class unloading, 0.0042510 secs]2020-09-10T15:42:05.090+0800: 304.828: [scrub symbol table, 0.0079309 secs]2020-09-10T15:42:05.098+0800: 304.836: [scrub string table, 0.0005072 secs][1 CMS-remark: 3744664K(4194304K)] 4934908K(6081792K), 0.5851317 secs] [Times: user=3.83 sys=0.05, real=0.59 secs] 
2020-09-10T15:42:05.099+0800: 304.836: Total time for which application threads were stopped: 0.5852738 seconds, Stopping threads took: 0.0000219 seconds
2020-09-10T15:42:05.099+0800: 304.836: [CMS-concurrent-sweep-start]
2020-09-10T15:42:06.018+0800: 305.756: [CMS-concurrent-sweep: 0.920/0.920 secs] [Times: user=0.92 sys=0.00, real=0.92 secs] 
2020-09-10T15:42:06.018+0800: 305.756: [CMS-concurrent-reset-start]
2020-09-10T15:42:06.022+0800: 305.760: [CMS-concurrent-reset: 0.004/0.004 secs] [Times: user=0.00 sys=0.00, real=0.00 secs] 
2020-09-10T15:42:06.099+0800: 305.836: Application time: 0.9996150 seconds
2020-09-10T15:42:06.099+0800: 305.836: Total time for which application threads were stopped: 0.0001040 seconds, Stopping threads took: 0.0000239 seconds
2020-09-10T15:42:08.024+0800: 307.761: Application time: 1.9249534 seconds
2020-09-10T15:42:08.024+0800: 307.761: [GC (CMS Initial Mark) [1 CMS-initial-mark: 3744664K(4194304K)] 4934908K(6081792K), 0.2872573 secs] [Times: user=0.56 sys=0.00, real=0.29 secs] 
2020-09-10T15:42:08.310+0800: 308.048: Total time for which application threads were stopped: 0.2874413 seconds, Stopping threads took: 0.0000231 seconds
2020-09-10T15:42:08.310+0800: 308.048: [CMS-concurrent-mark-start]
2020-09-10T15:42:10.894+0800: 310.632: [CMS-concurrent-mark: 2.583/2.583 secs] [Times: user=5.17 sys=0.00, real=2.58 secs] 
2020-09-10T15:42:10.894+0800: 310.632: [CMS-concurrent-preclean-start]
2020-09-10T15:42:10.899+0800: 310.638: [CMS-concurrent-preclean: 0.006/0.006 secs] [Times: user=0.00 sys=0.00, real=0.01 secs] 
2020-09-10T15:42:10.900+0800: 310.638: [CMS-concurrent-abortable-preclean-start]
2020-09-10T15:42:10.900+0800: 310.638: [CMS-concurrent-abortable-preclean: 0.000/0.000 secs] [Times: user=0.00 sys=0.00, real=0.00 secs] 
2020-09-10T15:42:10.900+0800: 310.638: Application time: 2.5893019 seconds
2020-09-10T15:42:10.900+0800: 310.638: [GC (CMS Final Remark) [YG occupancy: 1190243 K (1887488 K)]2020-09-10T15:42:10.900+0800: 310.638: [Rescan (parallel) , 0.5776094 secs]2020-09-10T15:42:11.478+0800: 311.216: [weak refs processing, 0.0008046 secs]2020-09-10T15:42:11.479+0800: 311.217: [class unloading, 0.0063988 secs]2020-09-10T15:42:11.485+0800: 311.223: [scrub symbol table, 0.0127442 secs]2020-09-10T15:42:11.498+0800: 311.236: [scrub string table, 0.0007585 secs][1 CMS-remark: 3744664K(4194304K)] 4934908K(6081792K), 0.5988457 secs] [Times: user=3.58 sys=0.05, real=0.60 secs] 
2020-09-10T15:42:11.499+0800: 311.237: Total time for which application threads were stopped: 0.5990233 seconds, Stopping threads took: 0.0000265 seconds
2020-09-10T15:42:11.499+0800: 311.237: [CMS-concurrent-sweep-start]
2020-09-10T15:42:12.484+0800: 312.222: [CMS-concurrent-sweep: 0.985/0.985 secs] [Times: user=0.98 sys=0.00, real=0.98 secs] 
2020-09-10T15:42:12.484+0800: 312.222: [CMS-concurrent-reset-start]
2020-09-10T15:42:12.488+0800: 312.226: [CMS-concurrent-reset: 0.004/0.004 secs] [Times: user=0.02 sys=0.00, real=0.00 secs] 
2020-09-10T15:42:14.490+0800: 314.227: Application time: 2.9902763 seconds
2020-09-10T15:42:14.490+0800: 314.227: [GC (CMS Initial Mark) [1 CMS-initial-mark: 3744664K(4194304K)] 4934908K(6081792K), 0.3057341 secs] [Times: user=0.56 sys=0.00, real=0.31 secs] 
2020-09-10T15:42:14.795+0800: 314.533: Total time for which application threads were stopped: 0.3059201 seconds, Stopping threads took: 0.0000210 seconds
2020-09-10T15:42:14.795+0800: 314.533: [CMS-concurrent-mark-start]
2020-09-10T15:42:17.476+0800: 317.214: [CMS-concurrent-mark: 2.681/2.681 secs] [Times: user=5.38 sys=0.00, real=2.68 secs] 
2020-09-10T15:42:17.476+0800: 317.214: [CMS-concurrent-preclean-start]
2020-09-10T15:42:17.481+0800: 317.219: [CMS-concurrent-preclean: 0.005/0.005 secs] [Times: user=0.00 sys=0.00, real=0.00 secs] 
2020-09-10T15:42:17.481+0800: 317.219: [CMS-concurrent-abortable-preclean-start]
2020-09-10T15:42:17.481+0800: 317.219: [CMS-concurrent-abortable-preclean: 0.000/0.000 secs] [Times: user=0.00 sys=0.00, real=0.00 secs] 
2020-09-10T15:42:17.481+0800: 317.219: Application time: 2.6860499 seconds
2020-09-10T15:42:17.482+0800: 317.219: [GC (CMS Final Remark) [YG occupancy: 1190243 K (1887488 K)]2020-09-10T15:42:17.482+0800: 317.219: [Rescan (parallel) , 0.5637545 secs]2020-09-10T15:42:18.045+0800: 317.783: [weak refs processing, 0.0004021 secs]2020-09-10T15:42:18.045+0800: 317.783: [class unloading, 0.0045489 secs]2020-09-10T15:42:18.050+0800: 317.788: [scrub symbol table, 0.0076793 secs]2020-09-10T15:42:18.058+0800: 317.796: [scrub string table, 0.0005190 secs][1 CMS-remark: 3744664K(4194304K)] 4934908K(6081792K), 0.5772473 secs] [Times: user=3.83 sys=0.05, real=0.58 secs] 
2020-09-10T15:42:18.058+0800: 317.796: Total time for which application threads were stopped: 0.5773957 seconds, Stopping threads took: 0.0000215 seconds
2020-09-10T15:42:18.058+0800: 317.796: [CMS-concurrent-sweep-start]
2020-09-10T15:42:18.972+0800: 318.709: [CMS-concurrent-sweep: 0.913/0.913 secs] [Times: user=0.92 sys=0.00, real=0.91 secs] 
2020-09-10T15:42:18.972+0800: 318.709: [CMS-concurrent-reset-start]
2020-09-10T15:42:18.976+0800: 318.713: [CMS-concurrent-reset: 0.004/0.004 secs] [Times: user=0.00 sys=0.00, real=0.00 secs] 
2020-09-10T15:42:20.976+0800: 320.713: Application time: 2.9164219 seconds
2020-09-10T15:42:20.976+0800: 320.713: [GC (CMS Initial Mark) [1 CMS-initial-mark: 3744664K(4194304K)] 4934908K(6081792K), 0.2861407 secs] [Times: user=0.58 sys=0.00, real=0.28 secs] 
2020-09-10T15:42:21.261+0800: 320.999: Total time for which application threads were stopped: 0.2863564 seconds, Stopping threads took: 0.0000232 seconds
2020-09-10T15:42:21.261+0800: 320.999: [CMS-concurrent-mark-start]
2020-09-10T15:42:23.886+0800: 323.624: [CMS-concurrent-mark: 2.624/2.624 secs] [Times: user=5.25 sys=0.00, real=2.63 secs] 
2020-09-10T15:42:23.886+0800: 323.624: [CMS-concurrent-preclean-start]
2020-09-10T15:42:23.891+0800: 323.629: [CMS-concurrent-preclean: 0.005/0.005 secs] [Times: user=0.02 sys=0.00, real=0.01 secs] 
2020-09-10T15:42:23.891+0800: 323.629: [CMS-concurrent-abortable-preclean-start]
2020-09-10T15:42:23.891+0800: 323.629: [CMS-concurrent-abortable-preclean: 0.000/0.000 secs] [Times: user=0.00 sys=0.00, real=0.00 secs] 
2020-09-10T15:42:23.891+0800: 323.629: Application time: 2.6298505 seconds
2020-09-10T15:42:23.891+0800: 323.629: [GC (CMS Final Remark) [YG occupancy: 1190243 K (1887488 K)]2020-09-10T15:42:23.891+0800: 323.629: [Rescan (parallel) , 0.5658106 secs]2020-09-10T15:42:24.458+0800: 324.195: [weak refs processing, 0.0006000 secs]2020-09-10T15:42:24.458+0800: 324.196: [class unloading, 0.0064791 secs]2020-09-10T15:42:24.465+0800: 324.202: [scrub symbol table, 0.0110212 secs]2020-09-10T15:42:24.476+0800: 324.213: [scrub string table, 0.0005492 secs][1 CMS-remark: 3744664K(4194304K)] 4934908K(6081792K), 0.5848694 secs] [Times: user=3.59 sys=0.08, real=0.59 secs] 
2020-09-10T15:42:24.476+0800: 324.214: Total time for which application threads were stopped: 0.5850190 seconds, Stopping threads took: 0.0000231 seconds
2020-09-10T15:42:24.476+0800: 324.214: [CMS-concurrent-sweep-start]
2020-09-10T15:42:24.480+0800: 324.218: Application time: 0.0042029 seconds
2020-09-10T15:42:24.480+0800: 324.218: Total time for which application threads were stopped: 0.0001455 seconds, Stopping threads took: 0.0000249 seconds
2020-09-10T15:42:25.461+0800: 325.200: [CMS-concurrent-sweep: 0.985/0.986 secs] [Times: user=0.98 sys=0.00, real=0.98 secs] 
2020-09-10T15:42:25.462+0800: 325.200: [CMS-concurrent-reset-start]
2020-09-10T15:42:25.465+0800: 325.204: [CMS-concurrent-reset: 0.004/0.004 secs] [Times: user=0.00 sys=0.00, real=0.00 secs] 
2020-09-10T15:42:27.465+0800: 327.203: Application time: 2.9842408 seconds
2020-09-10T15:42:27.465+0800: 327.203: [GC (CMS Initial Mark) [1 CMS-initial-mark: 3744664K(4194304K)] 4939702K(6081792K), 0.2855760 secs] [Times: user=0.63 sys=0.00, real=0.29 secs] 
2020-09-10T15:42:27.751+0800: 327.488: Total time for which application threads were stopped: 0.2857705 seconds, Stopping threads took: 0.0000223 seconds
2020-09-10T15:42:27.751+0800: 327.488: [CMS-concurrent-mark-start]
2020-09-10T15:42:30.538+0800: 330.275: [CMS-concurrent-mark: 2.786/2.786 secs] [Times: user=5.56 sys=0.00, real=2.79 secs] 
2020-09-10T15:42:30.538+0800: 330.275: [CMS-concurrent-preclean-start]
2020-09-10T15:42:30.543+0800: 330.280: [CMS-concurrent-preclean: 0.005/0.005 secs] [Times: user=0.00 sys=0.00, real=0.00 secs] 
2020-09-10T15:42:30.543+0800: 330.280: [CMS-concurrent-abortable-preclean-start]
2020-09-10T15:42:30.543+0800: 330.280: [CMS-concurrent-abortable-preclean: 0.000/0.000 secs] [Times: user=0.00 sys=0.00, real=0.00 secs] 
2020-09-10T15:42:30.543+0800: 330.280: Application time: 2.7917370 seconds
2020-09-10T15:42:30.543+0800: 330.280: [GC (CMS Final Remark) [YG occupancy: 1195037 K (1887488 K)]2020-09-10T15:42:30.543+0800: 330.280: [Rescan (parallel) , 0.5647164 secs]2020-09-10T15:42:31.108+0800: 330.845: [weak refs processing, 0.0004027 secs]2020-09-10T15:42:31.108+0800: 330.846: [class unloading, 0.0047400 secs]2020-09-10T15:42:31.113+0800: 330.850: [scrub symbol table, 0.0074805 secs]2020-09-10T15:42:31.120+0800: 330.858: [scrub string table, 0.0005133 secs][1 CMS-remark: 3744664K(4194304K)] 4939702K(6081792K), 0.5781997 secs] [Times: user=3.53 sys=0.05, real=0.58 secs] 
2020-09-10T15:42:31.121+0800: 330.859: Total time for which application threads were stopped: 0.5783449 seconds, Stopping threads took: 0.0000224 seconds
2020-09-10T15:42:31.121+0800: 330.859: [CMS-concurrent-sweep-start]
2020-09-10T15:42:32.031+0800: 331.769: [CMS-concurrent-sweep: 0.910/0.910 secs] [Times: user=0.91 sys=0.00, real=0.91 secs] 
2020-09-10T15:42:32.031+0800: 331.769: [CMS-concurrent-reset-start]
2020-09-10T15:42:32.035+0800: 331.773: [CMS-concurrent-reset: 0.004/0.004 secs] [Times: user=0.02 sys=0.00, real=0.00 secs] 
2020-09-10T15:42:34.036+0800: 333.773: Application time: 2.9146117 seconds
2020-09-10T15:42:34.036+0800: 333.773: [GC (CMS Initial Mark) [1 CMS-initial-mark: 3744664K(4194304K)] 4939702K(6081792K), 0.2782951 secs] [Times: user=0.52 sys=0.00, real=0.28 secs] 
2020-09-10T15:42:34.314+0800: 334.052: Total time for which application threads were stopped: 0.2785353 seconds, Stopping threads took: 0.0000343 seconds
2020-09-10T15:42:34.314+0800: 334.052: [CMS-concurrent-mark-start]
2020-09-10T15:42:36.882+0800: 336.620: [CMS-concurrent-mark: 2.568/2.568 secs] [Times: user=5.13 sys=0.00, real=2.57 secs] 
2020-09-10T15:42:36.882+0800: 336.620: [CMS-concurrent-preclean-start]
2020-09-10T15:42:36.888+0800: 336.625: [CMS-concurrent-preclean: 0.005/0.005 secs] [Times: user=0.00 sys=0.00, real=0.01 secs] 
2020-09-10T15:42:36.888+0800: 336.625: [CMS-concurrent-abortable-preclean-start]
2020-09-10T15:42:36.888+0800: 336.625: [CMS-concurrent-abortable-preclean: 0.000/0.000 secs] [Times: user=0.00 sys=0.00, real=0.00 secs] 
2020-09-10T15:42:36.888+0800: 336.625: Application time: 2.5735683 seconds
2020-09-10T15:42:36.888+0800: 336.625: [GC (CMS Final Remark) [YG occupancy: 1195037 K (1887488 K)]2020-09-10T15:42:36.888+0800: 336.625: [Rescan (parallel) , 0.5682096 secs]2020-09-10T15:42:37.456+0800: 337.194: [weak refs processing, 0.0004244 secs]2020-09-10T15:42:37.456+0800: 337.194: [class unloading, 0.0041106 secs]2020-09-10T15:42:37.461+0800: 337.198: [scrub symbol table, 0.0076836 secs]2020-09-10T15:42:37.468+0800: 337.206: [scrub string table, 0.0005181 secs][1 CMS-remark: 3744664K(4194304K)] 4939702K(6081792K), 0.5813143 secs] [Times: user=3.69 sys=0.03, real=0.58 secs] 
2020-09-10T15:42:37.469+0800: 337.207: Total time for which application threads were stopped: 0.5814777 seconds, Stopping threads took: 0.0000276 seconds
2020-09-10T15:42:37.469+0800: 337.207: [CMS-concurrent-sweep-start]
2020-09-10T15:42:38.385+0800: 338.123: [CMS-concurrent-sweep: 0.916/0.916 secs] [Times: user=0.91 sys=0.00, real=0.92 secs] 
2020-09-10T15:42:38.385+0800: 338.123: [CMS-concurrent-reset-start]
2020-09-10T15:42:38.389+0800: 338.127: [CMS-concurrent-reset: 0.004/0.004 secs] [Times: user=0.00 sys=0.00, real=0.00 secs] 
2020-09-10T15:42:40.390+0800: 340.128: Application time: 2.9207969 seconds
2020-09-10T15:42:40.390+0800: 340.128: [GC (CMS Initial Mark) [1 CMS-initial-mark: 3744664K(4194304K)] 4939702K(6081792K), 0.2849621 secs] [Times: user=0.64 sys=0.00, real=0.28 secs] 
2020-09-10T15:42:40.675+0800: 340.413: Total time for which application threads were stopped: 0.2851815 seconds, Stopping threads took: 0.0000330 seconds
2020-09-10T15:42:40.675+0800: 340.413: [CMS-concurrent-mark-start]
2020-09-10T15:42:43.301+0800: 343.040: [CMS-concurrent-mark: 2.627/2.627 secs] [Times: user=5.25 sys=0.00, real=2.63 secs] 
2020-09-10T15:42:43.301+0800: 343.040: [CMS-concurrent-preclean-start]
2020-09-10T15:42:43.307+0800: 343.045: [CMS-concurrent-preclean: 0.005/0.005 secs] [Times: user=0.00 sys=0.00, real=0.01 secs] 
2020-09-10T15:42:43.307+0800: 343.045: [CMS-concurrent-abortable-preclean-start]
2020-09-10T15:42:43.307+0800: 343.045: [CMS-concurrent-abortable-preclean: 0.000/0.000 secs] [Times: user=0.00 sys=0.00, real=0.00 secs] 
2020-09-10T15:42:43.307+0800: 343.045: Application time: 2.6322067 seconds
2020-09-10T15:42:43.307+0800: 343.045: [GC (CMS Final Remark) [YG occupancy: 1195037 K (1887488 K)]2020-09-10T15:42:43.307+0800: 343.045: [Rescan (parallel) , 0.5806736 secs]2020-09-10T15:42:43.888+0800: 343.626: [weak refs processing, 0.0004192 secs]2020-09-10T15:42:43.888+0800: 343.626: [class unloading, 0.0056159 secs]2020-09-10T15:42:43.894+0800: 343.632: [scrub symbol table, 0.0077967 secs]2020-09-10T15:42:43.902+0800: 343.640: [scrub string table, 0.0005708 secs][1 CMS-remark: 3744664K(4194304K)] 4939702K(6081792K), 0.5956161 secs] [Times: user=3.59 sys=0.05, real=0.60 secs] 
2020-09-10T15:42:43.903+0800: 343.641: Total time for which application threads were stopped: 0.5958171 seconds, Stopping threads took: 0.0000228 seconds
2020-09-10T15:42:43.903+0800: 343.641: [CMS-concurrent-sweep-start]
2020-09-10T15:42:44.887+0800: 344.625: [CMS-concurrent-sweep: 0.985/0.985 secs] [Times: user=0.99 sys=0.00, real=0.98 secs] 
2020-09-10T15:42:44.887+0800: 344.625: [CMS-concurrent-reset-start]
2020-09-10T15:42:44.891+0800: 344.629: [CMS-concurrent-reset: 0.004/0.004 secs] [Times: user=0.01 sys=0.00, real=0.00 secs] 
2020-09-10T15:42:46.891+0800: 346.628: Application time: 2.9873568 seconds
2020-09-10T15:42:46.891+0800: 346.628: [GC (CMS Initial Mark) [1 CMS-initial-mark: 3744664K(4194304K)] 4939702K(6081792K), 0.2902263 secs] [Times: user=0.64 sys=0.00, real=0.29 secs] 
2020-09-10T15:42:47.181+0800: 346.919: Total time for which application threads were stopped: 0.2904490 seconds, Stopping threads took: 0.0000298 seconds
2020-09-10T15:42:47.181+0800: 346.919: [CMS-concurrent-mark-start]
2020-09-10T15:42:49.711+0800: 349.448: [CMS-concurrent-mark: 2.529/2.529 secs] [Times: user=5.06 sys=0.00, real=2.53 secs] 
2020-09-10T15:42:49.711+0800: 349.448: [CMS-concurrent-preclean-start]
2020-09-10T15:42:49.716+0800: 349.453: [CMS-concurrent-preclean: 0.005/0.005 secs] [Times: user=0.00 sys=0.00, real=0.01 secs] 
2020-09-10T15:42:49.716+0800: 349.453: [CMS-concurrent-abortable-preclean-start]
2020-09-10T15:42:49.716+0800: 349.453: [CMS-concurrent-abortable-preclean: 0.000/0.000 secs] [Times: user=0.00 sys=0.00, real=0.00 secs] 
2020-09-10T15:42:49.716+0800: 349.453: Application time: 2.5346870 seconds
2020-09-10T15:42:49.716+0800: 349.453: [GC (CMS Final Remark) [YG occupancy: 1195037 K (1887488 K)]2020-09-10T15:42:49.716+0800: 349.453: [Rescan (parallel) , 0.5610882 secs]2020-09-10T15:42:50.277+0800: 350.015: [weak refs processing, 0.0004830 secs]2020-09-10T15:42:50.277+0800: 350.015: [class unloading, 0.0048450 secs]2020-09-10T15:42:50.282+0800: 350.020: [scrub symbol table, 0.0088613 secs]2020-09-10T15:42:50.291+0800: 350.029: [scrub string table, 0.0005306 secs][1 CMS-remark: 3744664K(4194304K)] 4939702K(6081792K), 0.5762280 secs] [Times: user=3.69 sys=0.00, real=0.58 secs] 
2020-09-10T15:42:50.292+0800: 350.030: Total time for which application threads were stopped: 0.5763898 seconds, Stopping threads took: 0.0000216 seconds
2020-09-10T15:42:50.292+0800: 350.030: [CMS-concurrent-sweep-start]
2020-09-10T15:42:51.230+0800: 350.969: [CMS-concurrent-sweep: 0.939/0.939 secs] [Times: user=0.94 sys=0.00, real=0.94 secs] 
2020-09-10T15:42:51.231+0800: 350.969: [CMS-concurrent-reset-start]
2020-09-10T15:42:51.235+0800: 350.973: [CMS-concurrent-reset: 0.004/0.004 secs] [Times: user=0.01 sys=0.00, real=0.00 secs] 
2020-09-10T15:42:53.235+0800: 352.973: Application time: 2.9431192 seconds
2020-09-10T15:42:53.235+0800: 352.973: [GC (CMS Initial Mark) [1 CMS-initial-mark: 3744664K(4194304K)] 4939702K(6081792K), 0.2928025 secs] [Times: user=0.52 sys=0.00, real=0.29 secs] 
2020-09-10T15:42:53.528+0800: 353.266: Total time for which application threads were stopped: 0.2930309 seconds, Stopping threads took: 0.0000311 seconds
2020-09-10T15:42:53.528+0800: 353.266: [CMS-concurrent-mark-start]
2020-09-10T15:42:56.121+0800: 355.858: [CMS-concurrent-mark: 2.592/2.592 secs] [Times: user=5.19 sys=0.00, real=2.59 secs] 
2020-09-10T15:42:56.121+0800: 355.858: [CMS-concurrent-preclean-start]
2020-09-10T15:42:56.126+0800: 355.864: [CMS-concurrent-preclean: 0.005/0.005 secs] [Times: user=0.02 sys=0.00, real=0.00 secs] 
2020-09-10T15:42:56.126+0800: 355.864: [CMS-concurrent-abortable-preclean-start]
2020-09-10T15:42:56.126+0800: 355.864: [CMS-concurrent-abortable-preclean: 0.000/0.000 secs] [Times: user=0.00 sys=0.00, real=0.00 secs] 
2020-09-10T15:42:56.126+0800: 355.864: Application time: 2.5979621 seconds
2020-09-10T15:42:56.126+0800: 355.864: [GC (CMS Final Remark) [YG occupancy: 1195037 K (1887488 K)]2020-09-10T15:42:56.126+0800: 355.864: [Rescan (parallel) , 0.5687315 secs]2020-09-10T15:42:56.695+0800: 356.433: [weak refs processing, 0.0004058 secs]2020-09-10T15:42:56.695+0800: 356.433: [class unloading, 0.0052611 secs]2020-09-10T15:42:56.700+0800: 356.438: [scrub symbol table, 0.0082547 secs]2020-09-10T15:42:56.709+0800: 356.447: [scrub string table, 0.0005094 secs][1 CMS-remark: 3744664K(4194304K)] 4939702K(6081792K), 0.5835042 secs] [Times: user=3.66 sys=0.06, real=0.58 secs] 
2020-09-10T15:42:56.709+0800: 356.447: Total time for which application threads were stopped: 0.5836506 seconds, Stopping threads took: 0.0000227 seconds
2020-09-10T15:42:56.709+0800: 356.447: [CMS-concurrent-sweep-start]
2020-09-10T15:42:57.626+0800: 357.365: [CMS-concurrent-sweep: 0.917/0.917 secs] [Times: user=0.92 sys=0.00, real=0.92 secs] 
2020-09-10T15:42:57.627+0800: 357.365: [CMS-concurrent-reset-start]
2020-09-10T15:42:57.631+0800: 357.369: [CMS-concurrent-reset: 0.004/0.004 secs] [Times: user=0.00 sys=0.00, real=0.00 secs] 
2020-09-10T15:42:59.633+0800: 359.370: Application time: 2.9225794 seconds
2020-09-10T15:42:59.633+0800: 359.370: [GC (CMS Initial Mark) [1 CMS-initial-mark: 3744664K(4194304K)] 4939702K(6081792K), 0.2795577 secs] [Times: user=0.56 sys=0.00, real=0.28 secs] 
2020-09-10T15:42:59.912+0800: 359.650: Total time for which application threads were stopped: 0.2798345 seconds, Stopping threads took: 0.0000307 seconds
2020-09-10T15:42:59.912+0800: 359.650: [CMS-concurrent-mark-start]
2020-09-10T15:43:02.431+0800: 362.170: [CMS-concurrent-mark: 2.520/2.520 secs] [Times: user=5.01 sys=0.00, real=2.52 secs] 
2020-09-10T15:43:02.431+0800: 362.170: [CMS-concurrent-preclean-start]
2020-09-10T15:43:02.436+0800: 362.175: [CMS-concurrent-preclean: 0.005/0.005 secs] [Times: user=0.00 sys=0.00, real=0.01 secs] 
2020-09-10T15:43:02.436+0800: 362.175: [CMS-concurrent-abortable-preclean-start]
2020-09-10T15:43:02.436+0800: 362.175: [CMS-concurrent-abortable-preclean: 0.000/0.000 secs] [Times: user=0.00 sys=0.00, real=0.00 secs] 
2020-09-10T15:43:02.436+0800: 362.175: Application time: 2.5248652 seconds
2020-09-10T15:43:02.437+0800: 362.175: [GC (CMS Final Remark) [YG occupancy: 1195037 K (1887488 K)]2020-09-10T15:43:02.437+0800: 362.175: [Rescan (parallel) , 0.5857368 secs]2020-09-10T15:43:03.023+0800: 362.761: [weak refs processing, 0.0005713 secs]2020-09-10T15:43:03.024+0800: 362.761: [class unloading, 0.0063819 secs]2020-09-10T15:43:03.030+0800: 362.768: [scrub symbol table, 0.0095391 secs]2020-09-10T15:43:03.040+0800: 362.777: [scrub string table, 0.0005525 secs][1 CMS-remark: 3744664K(4194304K)] 4939702K(6081792K), 0.6031987 secs] [Times: user=3.58 sys=0.05, real=0.60 secs] 
2020-09-10T15:43:03.041+0800: 362.778: Total time for which application threads were stopped: 0.6033565 seconds, Stopping threads took: 0.0000267 seconds
2020-09-10T15:43:03.041+0800: 362.778: [CMS-concurrent-sweep-start]
2020-09-10T15:43:03.983+0800: 363.721: [CMS-concurrent-sweep: 0.943/0.943 secs] [Times: user=0.94 sys=0.00, real=0.94 secs] 
2020-09-10T15:43:03.983+0800: 363.721: [CMS-concurrent-reset-start]
2020-09-10T15:43:03.987+0800: 363.725: [CMS-concurrent-reset: 0.004/0.004 secs] [Times: user=0.01 sys=0.00, real=0.00 secs] 
2020-09-10T15:43:05.987+0800: 365.724: Application time: 2.9460930 seconds
2020-09-10T15:43:05.987+0800: 365.724: [GC (CMS Initial Mark) [1 CMS-initial-mark: 3744664K(4194304K)] 4939702K(6081792K), 0.2867879 secs] [Times: user=0.52 sys=0.00, real=0.29 secs] 
2020-09-10T15:43:06.273+0800: 366.011: Total time for which application threads were stopped: 0.2870137 seconds, Stopping threads took: 0.0000305 seconds
2020-09-10T15:43:06.273+0800: 366.011: [CMS-concurrent-mark-start]
2020-09-10T15:43:08.896+0800: 368.634: [CMS-concurrent-mark: 2.623/2.623 secs] [Times: user=5.25 sys=0.00, real=2.62 secs] 
2020-09-10T15:43:08.896+0800: 368.634: [CMS-concurrent-preclean-start]
2020-09-10T15:43:08.901+0800: 368.640: [CMS-concurrent-preclean: 0.005/0.005 secs] [Times: user=0.00 sys=0.00, real=0.01 secs] 
2020-09-10T15:43:08.901+0800: 368.640: [CMS-concurrent-abortable-preclean-start]
2020-09-10T15:43:08.901+0800: 368.640: [CMS-concurrent-abortable-preclean: 0.000/0.000 secs] [Times: user=0.00 sys=0.00, real=0.00 secs] 
2020-09-10T15:43:08.902+0800: 368.640: Application time: 2.6286330 seconds
2020-09-10T15:43:08.902+0800: 368.640: [GC (CMS Final Remark) [YG occupancy: 1195037 K (1887488 K)]2020-09-10T15:43:08.902+0800: 368.640: [Rescan (parallel) , 0.5634839 secs]2020-09-10T15:43:09.466+0800: 369.204: [weak refs processing, 0.0004512 secs]2020-09-10T15:43:09.466+0800: 369.204: [class unloading, 0.0050660 secs]2020-09-10T15:43:09.472+0800: 369.209: [scrub symbol table, 0.0076659 secs]2020-09-10T15:43:09.479+0800: 369.217: [scrub string table, 0.0005243 secs][1 CMS-remark: 3744664K(4194304K)] 4939702K(6081792K), 0.5776134 secs] [Times: user=3.52 sys=0.05, real=0.58 secs] 
2020-09-10T15:43:09.480+0800: 369.218: Total time for which application threads were stopped: 0.5778119 seconds, Stopping threads took: 0.0000353 seconds
2020-09-10T15:43:09.480+0800: 369.218: [CMS-concurrent-sweep-start]
2020-09-10T15:43:10.432+0800: 370.170: [CMS-concurrent-sweep: 0.952/0.952 secs] [Times: user=0.95 sys=0.00, real=0.95 secs] 
2020-09-10T15:43:10.432+0800: 370.170: [CMS-concurrent-reset-start]
2020-09-10T15:43:10.436+0800: 370.174: [CMS-concurrent-reset: 0.004/0.004 secs] [Times: user=0.00 sys=0.00, real=0.00 secs] 
2020-09-10T15:43:12.438+0800: 372.175: Application time: 2.9574310 seconds
2020-09-10T15:43:12.438+0800: 372.175: [GC (CMS Initial Mark) [1 CMS-initial-mark: 3744664K(4194304K)] 4939702K(6081792K), 0.2889013 secs] [Times: user=0.63 sys=0.00, real=0.29 secs] 
2020-09-10T15:43:12.726+0800: 372.464: Total time for which application threads were stopped: 0.2890887 seconds, Stopping threads took: 0.0000223 seconds
2020-09-10T15:43:12.726+0800: 372.464: [CMS-concurrent-mark-start]
2020-09-10T15:43:15.280+0800: 375.017: [CMS-concurrent-mark: 2.553/2.553 secs] [Times: user=5.08 sys=0.00, real=2.55 secs] 
2020-09-10T15:43:15.280+0800: 375.017: [CMS-concurrent-preclean-start]
2020-09-10T15:43:15.285+0800: 375.022: [CMS-concurrent-preclean: 0.005/0.005 secs] [Times: user=0.02 sys=0.00, real=0.01 secs] 
2020-09-10T15:43:15.285+0800: 375.022: [CMS-concurrent-abortable-preclean-start]
2020-09-10T15:43:15.285+0800: 375.022: [CMS-concurrent-abortable-preclean: 0.000/0.000 secs] [Times: user=0.00 sys=0.00, real=0.00 secs] 
2020-09-10T15:43:15.285+0800: 375.022: Application time: 2.5582890 seconds
2020-09-10T15:43:15.285+0800: 375.023: [GC (CMS Final Remark) [YG occupancy: 1195037 K (1887488 K)]2020-09-10T15:43:15.285+0800: 375.023: [Rescan (parallel) , 0.5678365 secs]2020-09-10T15:43:15.853+0800: 375.591: [weak refs processing, 0.0003764 secs]2020-09-10T15:43:15.853+0800: 375.591: [class unloading, 0.0039637 secs]2020-09-10T15:43:15.857+0800: 375.595: [scrub symbol table, 0.0079336 secs]2020-09-10T15:43:15.865+0800: 375.603: [scrub string table, 0.0005218 secs][1 CMS-remark: 3744664K(4194304K)] 4939702K(6081792K), 0.5809568 secs] [Times: user=3.64 sys=0.00, real=0.58 secs] 
2020-09-10T15:43:15.866+0800: 375.604: Total time for which application threads were stopped: 0.5811266 seconds, Stopping threads took: 0.0000194 seconds
2020-09-10T15:43:15.866+0800: 375.604: [CMS-concurrent-sweep-start]
2020-09-10T15:43:16.791+0800: 376.529: [CMS-concurrent-sweep: 0.925/0.925 secs] [Times: user=0.92 sys=0.00, real=0.92 secs] 
2020-09-10T15:43:16.791+0800: 376.529: [CMS-concurrent-reset-start]
2020-09-10T15:43:16.795+0800: 376.533: [CMS-concurrent-reset: 0.004/0.004 secs] [Times: user=0.00 sys=0.00, real=0.00 secs] 
2020-09-10T15:43:18.796+0800: 378.534: Application time: 2.9300588 seconds
2020-09-10T15:43:18.796+0800: 378.534: [GC (CMS Initial Mark) [1 CMS-initial-mark: 3744664K(4194304K)] 4939702K(6081792K), 0.2919077 secs] [Times: user=0.64 sys=0.00, real=0.29 secs] 
2020-09-10T15:43:19.088+0800: 378.826: Total time for which application threads were stopped: 0.2921151 seconds, Stopping threads took: 0.0000258 seconds
2020-09-10T15:43:19.088+0800: 378.826: [CMS-concurrent-mark-start]
2020-09-10T15:43:21.767+0800: 381.504: [CMS-concurrent-mark: 2.678/2.678 secs] [Times: user=5.33 sys=0.00, real=2.68 secs] 
2020-09-10T15:43:21.767+0800: 381.504: [CMS-concurrent-preclean-start]
2020-09-10T15:43:21.772+0800: 381.510: [CMS-concurrent-preclean: 0.005/0.005 secs] [Times: user=0.00 sys=0.00, real=0.01 secs] 
2020-09-10T15:43:21.772+0800: 381.510: [CMS-concurrent-abortable-preclean-start]
2020-09-10T15:43:21.772+0800: 381.510: [CMS-concurrent-abortable-preclean: 0.000/0.000 secs] [Times: user=0.00 sys=0.00, real=0.00 secs] 
2020-09-10T15:43:21.772+0800: 381.510: Application time: 2.6839227 seconds
2020-09-10T15:43:21.772+0800: 381.510: [GC (CMS Final Remark) [YG occupancy: 1195037 K (1887488 K)]2020-09-10T15:43:21.772+0800: 381.510: [Rescan (parallel) , 0.5716416 secs]2020-09-10T15:43:22.344+0800: 382.082: [weak refs processing, 0.0004007 secs]2020-09-10T15:43:22.344+0800: 382.082: [class unloading, 0.0045000 secs]2020-09-10T15:43:22.349+0800: 382.087: [scrub symbol table, 0.0084999 secs]2020-09-10T15:43:22.357+0800: 382.095: [scrub string table, 0.0005107 secs][1 CMS-remark: 3744664K(4194304K)] 4939702K(6081792K), 0.5859181 secs] [Times: user=3.42 sys=0.03, real=0.59 secs] 
2020-09-10T15:43:22.358+0800: 382.096: Total time for which application threads were stopped: 0.5861263 seconds, Stopping threads took: 0.0000298 seconds
2020-09-10T15:43:22.358+0800: 382.096: [CMS-concurrent-sweep-start]
2020-09-10T15:43:23.366+0800: 383.104: [CMS-concurrent-sweep: 1.008/1.008 secs] [Times: user=1.02 sys=0.00, real=1.01 secs] 
2020-09-10T15:43:23.366+0800: 383.104: [CMS-concurrent-reset-start]
2020-09-10T15:43:23.370+0800: 383.108: [CMS-concurrent-reset: 0.004/0.004 secs] [Times: user=0.00 sys=0.00, real=0.00 secs] 
2020-09-10T15:43:25.370+0800: 385.107: Application time: 3.0111259 seconds
2020-09-10T15:43:25.370+0800: 385.107: [GC (CMS Initial Mark) [1 CMS-initial-mark: 3744664K(4194304K)] 4939702K(6081792K), 0.2885779 secs] [Times: user=0.58 sys=0.00, real=0.29 secs] 
2020-09-10T15:43:25.658+0800: 385.396: Total time for which application threads were stopped: 0.2887653 seconds, Stopping threads took: 0.0000232 seconds
2020-09-10T15:43:25.658+0800: 385.396: [CMS-concurrent-mark-start]
2020-09-10T15:43:26.749+0800: 386.487: Application time: 1.0915360 seconds
2020-09-10T15:43:26.750+0800: 386.487: Total time for which application threads were stopped: 0.0001107 seconds, Stopping threads took: 0.0000263 seconds
2020-09-10T15:43:28.363+0800: 388.100: [CMS-concurrent-mark: 2.704/2.705 secs] [Times: user=5.38 sys=0.00, real=2.70 secs] 
2020-09-10T15:43:28.363+0800: 388.100: [CMS-concurrent-preclean-start]
2020-09-10T15:43:28.368+0800: 388.105: [CMS-concurrent-preclean: 0.005/0.005 secs] [Times: user=0.00 sys=0.00, real=0.01 secs] 
2020-09-10T15:43:28.368+0800: 388.106: [CMS-concurrent-abortable-preclean-start]
2020-09-10T15:43:28.368+0800: 388.106: [CMS-concurrent-abortable-preclean: 0.000/0.000 secs] [Times: user=0.00 sys=0.00, real=0.00 secs] 
2020-09-10T15:43:28.368+0800: 388.106: Application time: 1.6182863 seconds
2020-09-10T15:43:28.368+0800: 388.106: [GC (CMS Final Remark) [YG occupancy: 1195037 K (1887488 K)]2020-09-10T15:43:28.368+0800: 388.106: [Rescan (parallel) , 0.5689215 secs]2020-09-10T15:43:28.937+0800: 388.675: [weak refs processing, 0.0004024 secs]2020-09-10T15:43:28.937+0800: 388.675: [class unloading, 0.0049107 secs]2020-09-10T15:43:28.942+0800: 388.680: [scrub symbol table, 0.0072357 secs]2020-09-10T15:43:28.949+0800: 388.688: [scrub string table, 0.0005335 secs][1 CMS-remark: 3744664K(4194304K)] 4939702K(6081792K), 0.5823815 secs] [Times: user=3.70 sys=0.03, real=0.58 secs] 
2020-09-10T15:43:28.950+0800: 388.688: Total time for which application threads were stopped: 0.5825611 seconds, Stopping threads took: 0.0000349 seconds
2020-09-10T15:43:28.950+0800: 388.688: [CMS-concurrent-sweep-start]
2020-09-10T15:43:29.922+0800: 389.660: [CMS-concurrent-sweep: 0.971/0.971 secs] [Times: user=0.97 sys=0.00, real=0.97 secs] 
2020-09-10T15:43:29.922+0800: 389.660: [CMS-concurrent-reset-start]
2020-09-10T15:43:29.926+0800: 389.664: [CMS-concurrent-reset: 0.004/0.004 secs] [Times: user=0.02 sys=0.00, real=0.00 secs] 
2020-09-10T15:43:31.927+0800: 391.665: Application time: 2.9763302 seconds
2020-09-10T15:43:31.927+0800: 391.665: [GC (CMS Initial Mark) [1 CMS-initial-mark: 3744664K(4194304K)] 4939702K(6081792K), 0.3018319 secs] [Times: user=0.59 sys=0.00, real=0.30 secs] 
2020-09-10T15:43:32.228+0800: 391.967: Total time for which application threads were stopped: 0.3020189 seconds, Stopping threads took: 0.0000219 seconds
2020-09-10T15:43:32.228+0800: 391.967: [CMS-concurrent-mark-start]
2020-09-10T15:43:34.891+0800: 394.629: [CMS-concurrent-mark: 2.662/2.662 secs] [Times: user=5.33 sys=0.00, real=2.66 secs] 
2020-09-10T15:43:34.891+0800: 394.629: [CMS-concurrent-preclean-start]
2020-09-10T15:43:34.896+0800: 394.634: [CMS-concurrent-preclean: 0.005/0.005 secs] [Times: user=0.00 sys=0.00, real=0.00 secs] 
2020-09-10T15:43:34.896+0800: 394.634: [CMS-concurrent-abortable-preclean-start]
2020-09-10T15:43:34.896+0800: 394.634: [CMS-concurrent-abortable-preclean: 0.000/0.000 secs] [Times: user=0.00 sys=0.00, real=0.00 secs] 
2020-09-10T15:43:34.896+0800: 394.634: Application time: 2.6678919 seconds
2020-09-10T15:43:34.896+0800: 394.635: [GC (CMS Final Remark) [YG occupancy: 1195037 K (1887488 K)]2020-09-10T15:43:34.896+0800: 394.635: [Rescan (parallel) , 0.5706040 secs]2020-09-10T15:43:35.468+0800: 395.205: [weak refs processing, 0.0004257 secs]2020-09-10T15:43:35.468+0800: 395.206: [class unloading, 0.0044144 secs]2020-09-10T15:43:35.473+0800: 395.210: [scrub symbol table, 0.0069320 secs]2020-09-10T15:43:35.480+0800: 395.217: [scrub string table, 0.0005122 secs][1 CMS-remark: 3744664K(4194304K)] 4939702K(6081792K), 0.5832617 secs] [Times: user=3.58 sys=0.02, real=0.58 secs] 
2020-09-10T15:43:35.480+0800: 395.218: Total time for which application threads were stopped: 0.5834057 seconds, Stopping threads took: 0.0000208 seconds
2020-09-10T15:43:35.480+0800: 395.218: [CMS-concurrent-sweep-start]
2020-09-10T15:43:36.397+0800: 396.134: [CMS-concurrent-sweep: 0.916/0.916 secs] [Times: user=0.92 sys=0.00, real=0.92 secs] 
2020-09-10T15:43:36.397+0800: 396.134: [CMS-concurrent-reset-start]
2020-09-10T15:43:36.400+0800: 396.138: [CMS-concurrent-reset: 0.004/0.004 secs] [Times: user=0.00 sys=0.00, real=0.00 secs] 
2020-09-10T15:43:38.401+0800: 398.139: Application time: 2.9207125 seconds
2020-09-10T15:43:38.401+0800: 398.139: [GC (CMS Initial Mark) [1 CMS-initial-mark: 3744664K(4194304K)] 4939702K(6081792K), 0.2954578 secs] [Times: user=0.61 sys=0.00, real=0.30 secs] 
2020-09-10T15:43:38.697+0800: 398.434: Total time for which application threads were stopped: 0.2957132 seconds, Stopping threads took: 0.0000375 seconds
2020-09-10T15:43:38.697+0800: 398.434: [CMS-concurrent-mark-start]
2020-09-10T15:43:41.287+0800: 401.025: [CMS-concurrent-mark: 2.591/2.591 secs] [Times: user=5.19 sys=0.00, real=2.59 secs] 
2020-09-10T15:43:41.288+0800: 401.025: [CMS-concurrent-preclean-start]
2020-09-10T15:43:41.293+0800: 401.030: [CMS-concurrent-preclean: 0.005/0.005 secs] [Times: user=0.00 sys=0.00, real=0.00 secs] 
2020-09-10T15:43:41.293+0800: 401.030: [CMS-concurrent-abortable-preclean-start]
2020-09-10T15:43:41.293+0800: 401.030: [CMS-concurrent-abortable-preclean: 0.000/0.000 secs] [Times: user=0.00 sys=0.00, real=0.00 secs] 
2020-09-10T15:43:41.293+0800: 401.030: Application time: 2.5960857 seconds
2020-09-10T15:43:41.293+0800: 401.030: [GC (CMS Final Remark) [YG occupancy: 1195037 K (1887488 K)]2020-09-10T15:43:41.293+0800: 401.031: [Rescan (parallel) , 0.5630850 secs]2020-09-10T15:43:41.856+0800: 401.594: [weak refs processing, 0.0003717 secs]2020-09-10T15:43:41.856+0800: 401.594: [class unloading, 0.0040902 secs]2020-09-10T15:43:41.861+0800: 401.598: [scrub symbol table, 0.0082291 secs]2020-09-10T15:43:41.869+0800: 401.606: [scrub string table, 0.0005076 secs][1 CMS-remark: 3744664K(4194304K)] 4939702K(6081792K), 0.5766070 secs] [Times: user=3.64 sys=0.05, real=0.58 secs] 
2020-09-10T15:43:41.870+0800: 401.607: Total time for which application threads were stopped: 0.5767561 seconds, Stopping threads took: 0.0000217 seconds
2020-09-10T15:43:41.870+0800: 401.607: [CMS-concurrent-sweep-start]
2020-09-10T15:43:42.787+0800: 402.525: [CMS-concurrent-sweep: 0.918/0.918 secs] [Times: user=0.92 sys=0.00, real=0.92 secs] 
2020-09-10T15:43:42.787+0800: 402.525: [CMS-concurrent-reset-start]
2020-09-10T15:43:42.791+0800: 402.529: [CMS-concurrent-reset: 0.004/0.004 secs] [Times: user=0.00 sys=0.00, real=0.00 secs] 
2020-09-10T15:43:44.792+0800: 404.530: Application time: 2.9224110 seconds
2020-09-10T15:43:44.792+0800: 404.530: [GC (CMS Initial Mark) [1 CMS-initial-mark: 3744664K(4194304K)] 4939702K(6081792K), 0.2813226 secs] [Times: user=0.58 sys=0.00, real=0.28 secs] 
2020-09-10T15:43:45.073+0800: 404.811: Total time for which application threads were stopped: 0.2815505 seconds, Stopping threads took: 0.0000323 seconds
2020-09-10T15:43:45.073+0800: 404.811: [CMS-concurrent-mark-start]
2020-09-10T15:43:47.600+0800: 407.338: [CMS-concurrent-mark: 2.527/2.527 secs] [Times: user=5.05 sys=0.00, real=2.53 secs] 
2020-09-10T15:43:47.600+0800: 407.338: [CMS-concurrent-preclean-start]
2020-09-10T15:43:47.605+0800: 407.343: [CMS-concurrent-preclean: 0.005/0.005 secs] [Times: user=0.00 sys=0.00, real=0.01 secs] 
2020-09-10T15:43:47.605+0800: 407.343: [CMS-concurrent-abortable-preclean-start]
2020-09-10T15:43:47.605+0800: 407.343: [CMS-concurrent-abortable-preclean: 0.000/0.000 secs] [Times: user=0.00 sys=0.00, real=0.00 secs] 
2020-09-10T15:43:47.605+0800: 407.343: Application time: 2.5322459 seconds
2020-09-10T15:43:47.605+0800: 407.343: [GC (CMS Final Remark) [YG occupancy: 1195037 K (1887488 K)]2020-09-10T15:43:47.606+0800: 407.343: [Rescan (parallel) , 0.5562380 secs]2020-09-10T15:43:48.162+0800: 407.900: [weak refs processing, 0.0003888 secs]2020-09-10T15:43:48.163+0800: 407.900: [class unloading, 0.0043225 secs]2020-09-10T15:43:48.167+0800: 407.905: [scrub symbol table, 0.0080624 secs]2020-09-10T15:43:48.175+0800: 407.913: [scrub string table, 0.0005242 secs][1 CMS-remark: 3744664K(4194304K)] 4939702K(6081792K), 0.5698995 secs] [Times: user=3.74 sys=0.03, real=0.57 secs] 
2020-09-10T15:43:48.176+0800: 407.913: Total time for which application threads were stopped: 0.5700397 seconds, Stopping threads took: 0.0000201 seconds
2020-09-10T15:43:48.176+0800: 407.913: [CMS-concurrent-sweep-start]
2020-09-10T15:43:49.083+0800: 408.821: [CMS-concurrent-sweep: 0.908/0.908 secs] [Times: user=0.91 sys=0.00, real=0.91 secs] 
2020-09-10T15:43:49.083+0800: 408.821: [CMS-concurrent-reset-start]
2020-09-10T15:43:49.087+0800: 408.825: [CMS-concurrent-reset: 0.004/0.004 secs] [Times: user=0.00 sys=0.00, real=0.00 secs] 
2020-09-10T15:43:51.087+0800: 410.824: Application time: 2.9110853 seconds
2020-09-10T15:43:51.087+0800: 410.825: [GC (CMS Initial Mark) [1 CMS-initial-mark: 3744664K(4194304K)] 4939702K(6081792K), 0.2852635 secs] [Times: user=0.58 sys=0.00, real=0.29 secs] 
2020-09-10T15:43:51.372+0800: 411.110: Total time for which application threads were stopped: 0.2854478 seconds, Stopping threads took: 0.0000213 seconds
2020-09-10T15:43:51.372+0800: 411.110: [CMS-concurrent-mark-start]
2020-09-10T15:43:53.943+0800: 413.681: [CMS-concurrent-mark: 2.571/2.571 secs] [Times: user=5.16 sys=0.00, real=2.57 secs] 
2020-09-10T15:43:53.943+0800: 413.681: [CMS-concurrent-preclean-start]
2020-09-10T15:43:53.948+0800: 413.686: [CMS-concurrent-preclean: 0.005/0.005 secs] [Times: user=0.00 sys=0.00, real=0.00 secs] 
2020-09-10T15:43:53.948+0800: 413.686: [CMS-concurrent-abortable-preclean-start]
2020-09-10T15:43:53.948+0800: 413.686: [CMS-concurrent-abortable-preclean: 0.000/0.000 secs] [Times: user=0.00 sys=0.00, real=0.00 secs] 
2020-09-10T15:43:53.948+0800: 413.686: Application time: 2.5758152 seconds
2020-09-10T15:43:53.948+0800: 413.686: [GC (CMS Final Remark) [YG occupancy: 1195037 K (1887488 K)]2020-09-10T15:43:53.948+0800: 413.686: [Rescan (parallel) , 0.5586200 secs]2020-09-10T15:43:54.507+0800: 414.245: [weak refs processing, 0.0003994 secs]2020-09-10T15:43:54.507+0800: 414.245: [class unloading, 0.0042901 secs]2020-09-10T15:43:54.511+0800: 414.249: [scrub symbol table, 0.0081870 secs]2020-09-10T15:43:54.520+0800: 414.258: [scrub string table, 0.0005060 secs][1 CMS-remark: 3744664K(4194304K)] 4939702K(6081792K), 0.5723445 secs] [Times: user=3.75 sys=0.03, real=0.57 secs] 
2020-09-10T15:43:54.520+0800: 414.258: Total time for which application threads were stopped: 0.5724850 seconds, Stopping threads took: 0.0000225 seconds
2020-09-10T15:43:54.520+0800: 414.258: [CMS-concurrent-sweep-start]
2020-09-10T15:43:55.445+0800: 415.183: [CMS-concurrent-sweep: 0.925/0.925 secs] [Times: user=0.92 sys=0.00, real=0.92 secs] 
2020-09-10T15:43:55.445+0800: 415.184: [CMS-concurrent-reset-start]
2020-09-10T15:43:55.449+0800: 415.187: [CMS-concurrent-reset: 0.004/0.004 secs] [Times: user=0.00 sys=0.00, real=0.00 secs] 
2020-09-10T15:43:57.449+0800: 417.186: Application time: 2.9282190 seconds
2020-09-10T15:43:57.449+0800: 417.187: [GC (CMS Initial Mark) [1 CMS-initial-mark: 3744664K(4194304K)] 4939702K(6081792K), 0.2893365 secs] [Times: user=0.59 sys=0.00, real=0.29 secs] 
2020-09-10T15:43:57.738+0800: 417.476: Total time for which application threads were stopped: 0.2895270 seconds, Stopping threads took: 0.0000227 seconds
2020-09-10T15:43:57.738+0800: 417.476: [CMS-concurrent-mark-start]
2020-09-10T15:44:00.261+0800: 419.999: [CMS-concurrent-mark: 2.523/2.523 secs] [Times: user=5.01 sys=0.02, real=2.52 secs] 
2020-09-10T15:44:00.261+0800: 419.999: [CMS-concurrent-preclean-start]
2020-09-10T15:44:00.266+0800: 420.004: [CMS-concurrent-preclean: 0.005/0.005 secs] [Times: user=0.02 sys=0.00, real=0.01 secs] 
2020-09-10T15:44:00.266+0800: 420.004: [CMS-concurrent-abortable-preclean-start]
2020-09-10T15:44:00.266+0800: 420.004: [CMS-concurrent-abortable-preclean: 0.000/0.000 secs] [Times: user=0.00 sys=0.00, real=0.00 secs] 
2020-09-10T15:44:00.266+0800: 420.004: Application time: 2.5278134 seconds
2020-09-10T15:44:00.266+0800: 420.004: [GC (CMS Final Remark) [YG occupancy: 1195037 K (1887488 K)]2020-09-10T15:44:00.266+0800: 420.004: [Rescan (parallel) , 0.5561055 secs]2020-09-10T15:44:00.823+0800: 420.560: [weak refs processing, 0.0007029 secs]2020-09-10T15:44:00.824+0800: 420.561: [class unloading, 0.0042070 secs]2020-09-10T15:44:00.828+0800: 420.565: [scrub symbol table, 0.0083166 secs]2020-09-10T15:44:00.836+0800: 420.574: [scrub string table, 0.0005257 secs][1 CMS-remark: 3744664K(4194304K)] 4939702K(6081792K), 0.5703931 secs] [Times: user=3.78 sys=0.05, real=0.57 secs] 
2020-09-10T15:44:00.837+0800: 420.574: Total time for which application threads were stopped: 0.5705372 seconds, Stopping threads took: 0.0000206 seconds
2020-09-10T15:44:00.837+0800: 420.574: [CMS-concurrent-sweep-start]
2020-09-10T15:44:01.749+0800: 421.487: [CMS-concurrent-sweep: 0.912/0.912 secs] [Times: user=0.91 sys=0.00, real=0.91 secs] 
2020-09-10T15:44:01.749+0800: 421.487: [CMS-concurrent-reset-start]
2020-09-10T15:44:01.753+0800: 421.491: [CMS-concurrent-reset: 0.005/0.005 secs] [Times: user=0.01 sys=0.00, real=0.00 secs] 
2020-09-10T15:44:03.754+0800: 423.491: Application time: 2.9171368 seconds
2020-09-10T15:44:03.754+0800: 423.492: [GC (CMS Initial Mark) [1 CMS-initial-mark: 3744664K(4194304K)] 4939702K(6081792K), 0.2877183 secs] [Times: user=0.55 sys=0.00, real=0.29 secs] 
2020-09-10T15:44:04.041+0800: 423.779: Total time for which application threads were stopped: 0.2879448 seconds, Stopping threads took: 0.0000267 seconds
2020-09-10T15:44:04.041+0800: 423.780: [CMS-concurrent-mark-start]
2020-09-10T15:44:06.625+0800: 426.362: [CMS-concurrent-mark: 2.583/2.583 secs] [Times: user=5.16 sys=0.00, real=2.58 secs] 
2020-09-10T15:44:06.625+0800: 426.363: [CMS-concurrent-preclean-start]
2020-09-10T15:44:06.630+0800: 426.367: [CMS-concurrent-preclean: 0.005/0.005 secs] [Times: user=0.02 sys=0.00, real=0.01 secs] 
2020-09-10T15:44:06.630+0800: 426.368: [CMS-concurrent-abortable-preclean-start]
2020-09-10T15:44:06.630+0800: 426.368: [CMS-concurrent-abortable-preclean: 0.000/0.000 secs] [Times: user=0.00 sys=0.00, real=0.00 secs] 
2020-09-10T15:44:06.630+0800: 426.368: Application time: 2.5881533 seconds
2020-09-10T15:44:06.630+0800: 426.368: [GC (CMS Final Remark) [YG occupancy: 1195037 K (1887488 K)]2020-09-10T15:44:06.630+0800: 426.368: [Rescan (parallel) , 0.5623668 secs]2020-09-10T15:44:07.192+0800: 426.930: [weak refs processing, 0.0004515 secs]2020-09-10T15:44:07.192+0800: 426.931: [class unloading, 0.0056092 secs]2020-09-10T15:44:07.198+0800: 426.936: [scrub symbol table, 0.0085141 secs]2020-09-10T15:44:07.207+0800: 426.945: [scrub string table, 0.0005142 secs][1 CMS-remark: 3744664K(4194304K)] 4939702K(6081792K), 0.5778226 secs] [Times: user=3.75 sys=0.08, real=0.58 secs] 
2020-09-10T15:44:07.207+0800: 426.946: Total time for which application threads were stopped: 0.5779710 seconds, Stopping threads took: 0.0000219 seconds
2020-09-10T15:44:07.207+0800: 426.946: [CMS-concurrent-sweep-start]
2020-09-10T15:44:08.138+0800: 427.876: [CMS-concurrent-sweep: 0.930/0.930 secs] [Times: user=0.92 sys=0.00, real=0.93 secs] 
2020-09-10T15:44:08.138+0800: 427.876: [CMS-concurrent-reset-start]
2020-09-10T15:44:08.142+0800: 427.880: [CMS-concurrent-reset: 0.004/0.004 secs] [Times: user=0.01 sys=0.00, real=0.00 secs] 
2020-09-10T15:44:10.143+0800: 429.881: Application time: 2.9354984 seconds
2020-09-10T15:44:10.143+0800: 429.881: [GC (CMS Initial Mark) [1 CMS-initial-mark: 3744664K(4194304K)] 4939702K(6081792K), 0.2866124 secs] [Times: user=0.55 sys=0.00, real=0.29 secs] 
2020-09-10T15:44:10.430+0800: 430.168: Total time for which application threads were stopped: 0.2868234 seconds, Stopping threads took: 0.0000284 seconds
2020-09-10T15:44:10.430+0800: 430.168: [CMS-concurrent-mark-start]
2020-09-10T15:44:13.074+0800: 432.812: [CMS-concurrent-mark: 2.644/2.644 secs] [Times: user=5.27 sys=0.00, real=2.64 secs] 
2020-09-10T15:44:13.074+0800: 432.812: [CMS-concurrent-preclean-start]
2020-09-10T15:44:13.079+0800: 432.817: [CMS-concurrent-preclean: 0.005/0.005 secs] [Times: user=0.02 sys=0.00, real=0.01 secs] 
2020-09-10T15:44:13.079+0800: 432.817: [CMS-concurrent-abortable-preclean-start]
2020-09-10T15:44:13.079+0800: 432.817: [CMS-concurrent-abortable-preclean: 0.000/0.000 secs] [Times: user=0.00 sys=0.00, real=0.00 secs] 
2020-09-10T15:44:13.079+0800: 432.818: Application time: 2.6497162 seconds
2020-09-10T15:44:13.080+0800: 432.818: [GC (CMS Final Remark) [YG occupancy: 1195037 K (1887488 K)]2020-09-10T15:44:13.080+0800: 432.818: [Rescan (parallel) , 0.6082242 secs]2020-09-10T15:44:13.688+0800: 433.426: [weak refs processing, 0.0003851 secs]2020-09-10T15:44:13.688+0800: 433.426: [class unloading, 0.0045351 secs]2020-09-10T15:44:13.693+0800: 433.431: [scrub symbol table, 0.0082601 secs]2020-09-10T15:44:13.701+0800: 433.439: [scrub string table, 0.0005936 secs][1 CMS-remark: 3744664K(4194304K)] 4939702K(6081792K), 0.6223757 secs] [Times: user=3.28 sys=0.02, real=0.62 secs] 
2020-09-10T15:44:13.702+0800: 433.440: Total time for which application threads were stopped: 0.6225491 seconds, Stopping threads took: 0.0000224 seconds
2020-09-10T15:44:13.702+0800: 433.440: [CMS-concurrent-sweep-start]
2020-09-10T15:44:14.657+0800: 434.395: [CMS-concurrent-sweep: 0.955/0.955 secs] [Times: user=0.95 sys=0.00, real=0.96 secs] 
2020-09-10T15:44:14.657+0800: 434.395: [CMS-concurrent-reset-start]
2020-09-10T15:44:14.660+0800: 434.398: [CMS-concurrent-reset: 0.003/0.003 secs] [Times: user=0.00 sys=0.00, real=0.00 secs] 
2020-09-10T15:44:16.660+0800: 436.398: Application time: 2.9574078 seconds
2020-09-10T15:44:16.660+0800: 436.398: [GC (CMS Initial Mark) [1 CMS-initial-mark: 3744664K(4194304K)] 4939702K(6081792K), 0.2953644 secs] [Times: user=0.55 sys=0.00, real=0.29 secs] 
2020-09-10T15:44:16.955+0800: 436.693: Total time for which application threads were stopped: 0.2955687 seconds, Stopping threads took: 0.0000266 seconds
2020-09-10T15:44:16.955+0800: 436.693: [CMS-concurrent-mark-start]
2020-09-10T15:44:19.539+0800: 439.277: [CMS-concurrent-mark: 2.584/2.584 secs] [Times: user=5.16 sys=0.00, real=2.58 secs] 
2020-09-10T15:44:19.539+0800: 439.277: [CMS-concurrent-preclean-start]
2020-09-10T15:44:19.544+0800: 439.282: [CMS-concurrent-preclean: 0.005/0.005 secs] [Times: user=0.00 sys=0.00, real=0.00 secs] 
2020-09-10T15:44:19.544+0800: 439.282: [CMS-concurrent-abortable-preclean-start]
2020-09-10T15:44:19.544+0800: 439.282: [CMS-concurrent-abortable-preclean: 0.000/0.000 secs] [Times: user=0.00 sys=0.00, real=0.00 secs] 
2020-09-10T15:44:19.544+0800: 439.282: Application time: 2.5892832 seconds
2020-09-10T15:44:19.544+0800: 439.283: [GC (CMS Final Remark) [YG occupancy: 1195037 K (1887488 K)]2020-09-10T15:44:19.544+0800: 439.283: [Rescan (parallel) , 0.5725009 secs]2020-09-10T15:44:20.117+0800: 439.855: [weak refs processing, 0.0004786 secs]2020-09-10T15:44:20.118+0800: 439.856: [class unloading, 0.0046105 secs]2020-09-10T15:44:20.123+0800: 439.860: [scrub symbol table, 0.0077425 secs]2020-09-10T15:44:20.130+0800: 439.868: [scrub string table, 0.0005692 secs][1 CMS-remark: 3744664K(4194304K)] 4939702K(6081792K), 0.5863268 secs] [Times: user=3.66 sys=0.02, real=0.59 secs] 
2020-09-10T15:44:20.131+0800: 439.869: Total time for which application threads were stopped: 0.5864927 seconds, Stopping threads took: 0.0000213 seconds
2020-09-10T15:44:20.131+0800: 439.869: [CMS-concurrent-sweep-start]
2020-09-10T15:44:21.056+0800: 440.793: [CMS-concurrent-sweep: 0.924/0.924 secs] [Times: user=0.92 sys=0.00, real=0.92 secs] 
2020-09-10T15:44:21.056+0800: 440.793: [CMS-concurrent-reset-start]
2020-09-10T15:44:21.059+0800: 440.797: [CMS-concurrent-reset: 0.003/0.003 secs] [Times: user=0.00 sys=0.00, real=0.00 secs] 
2020-09-10T15:44:23.060+0800: 442.798: Application time: 2.9285916 seconds
2020-09-10T15:44:23.060+0800: 442.798: [GC (CMS Initial Mark) [1 CMS-initial-mark: 3744664K(4194304K)] 4939702K(6081792K), 0.2907101 secs] [Times: user=0.61 sys=0.00, real=0.29 secs] 
2020-09-10T15:44:23.351+0800: 443.088: Total time for which application threads were stopped: 0.2908934 seconds, Stopping threads took: 0.0000227 seconds
2020-09-10T15:44:23.351+0800: 443.088: [CMS-concurrent-mark-start]
2020-09-10T15:44:25.997+0800: 445.735: [CMS-concurrent-mark: 2.647/2.647 secs] [Times: user=5.28 sys=0.00, real=2.65 secs] 
2020-09-10T15:44:25.997+0800: 445.735: [CMS-concurrent-preclean-start]
2020-09-10T15:44:26.003+0800: 445.740: [CMS-concurrent-preclean: 0.005/0.005 secs] [Times: user=0.01 sys=0.00, real=0.01 secs] 
2020-09-10T15:44:26.003+0800: 445.741: [CMS-concurrent-abortable-preclean-start]
2020-09-10T15:44:26.003+0800: 445.741: [CMS-concurrent-abortable-preclean: 0.000/0.000 secs] [Times: user=0.00 sys=0.00, real=0.00 secs] 
2020-09-10T15:44:26.003+0800: 445.741: Application time: 2.6522373 seconds
2020-09-10T15:44:26.003+0800: 445.741: [GC (CMS Final Remark) [YG occupancy: 1195037 K (1887488 K)]2020-09-10T15:44:26.003+0800: 445.741: [Rescan (parallel) , 0.5884497 secs]2020-09-10T15:44:26.591+0800: 446.329: [weak refs processing, 0.0005035 secs]2020-09-10T15:44:26.592+0800: 446.330: [class unloading, 0.0045861 secs]2020-09-10T15:44:26.596+0800: 446.335: [scrub symbol table, 0.0079290 secs]2020-09-10T15:44:26.604+0800: 446.343: [scrub string table, 0.0005270 secs][1 CMS-remark: 3744664K(4194304K)] 4939702K(6081792K), 0.6023846 secs] [Times: user=3.58 sys=0.03, real=0.60 secs] 
2020-09-10T15:44:26.605+0800: 446.343: Total time for which application threads were stopped: 0.6025315 seconds, Stopping threads took: 0.0000230 seconds
2020-09-10T15:44:26.605+0800: 446.343: [CMS-concurrent-sweep-start]
2020-09-10T15:44:27.555+0800: 447.294: [CMS-concurrent-sweep: 0.950/0.950 secs] [Times: user=0.95 sys=0.00, real=0.95 secs] 
2020-09-10T15:44:27.555+0800: 447.294: [CMS-concurrent-reset-start]
2020-09-10T15:44:27.559+0800: 447.297: [CMS-concurrent-reset: 0.004/0.004 secs] [Times: user=0.00 sys=0.00, real=0.00 secs] 
2020-09-10T15:44:29.559+0800: 449.297: Application time: 2.9534153 seconds
2020-09-10T15:44:29.559+0800: 449.297: [GC (CMS Initial Mark) [1 CMS-initial-mark: 3744664K(4194304K)] 4939702K(6081792K), 0.2844988 secs] [Times: user=0.59 sys=0.00, real=0.28 secs] 
2020-09-10T15:44:29.843+0800: 449.581: Total time for which application threads were stopped: 0.2846864 seconds, Stopping threads took: 0.0000224 seconds
2020-09-10T15:44:29.843+0800: 449.581: [CMS-concurrent-mark-start]
2020-09-10T15:44:32.369+0800: 452.106: [CMS-concurrent-mark: 2.525/2.525 secs] [Times: user=5.06 sys=0.00, real=2.53 secs] 
2020-09-10T15:44:32.369+0800: 452.106: [CMS-concurrent-preclean-start]
2020-09-10T15:44:32.374+0800: 452.111: [CMS-concurrent-preclean: 0.005/0.005 secs] [Times: user=0.00 sys=0.00, real=0.01 secs] 
2020-09-10T15:44:32.374+0800: 452.111: [CMS-concurrent-abortable-preclean-start]
2020-09-10T15:44:32.374+0800: 452.111: [CMS-concurrent-abortable-preclean: 0.000/0.000 secs] [Times: user=0.00 sys=0.00, real=0.00 secs] 
2020-09-10T15:44:32.374+0800: 452.111: Application time: 2.5300420 seconds
2020-09-10T15:44:32.374+0800: 452.111: [GC (CMS Final Remark) [YG occupancy: 1195037 K (1887488 K)]2020-09-10T15:44:32.374+0800: 452.111: [Rescan (parallel) , 0.5616317 secs]2020-09-10T15:44:32.935+0800: 452.673: [weak refs processing, 0.0004840 secs]2020-09-10T15:44:32.936+0800: 452.674: [class unloading, 0.0046956 secs]2020-09-10T15:44:32.941+0800: 452.678: [scrub symbol table, 0.0073913 secs]2020-09-10T15:44:32.947+0800: 452.686: [scrub string table, 0.0005312 secs][1 CMS-remark: 3744664K(4194304K)] 4939702K(6081792K), 0.5750842 secs] [Times: user=3.59 sys=0.05, real=0.57 secs] 
2020-09-10T15:44:32.948+0800: 452.687: Total time for which application threads were stopped: 0.5752331 seconds, Stopping threads took: 0.0000221 seconds
2020-09-10T15:44:32.948+0800: 452.687: [CMS-concurrent-sweep-start]
2020-09-10T15:44:33.880+0800: 453.618: [CMS-concurrent-sweep: 0.931/0.931 secs] [Times: user=0.94 sys=0.00, real=0.93 secs] 
2020-09-10T15:44:33.880+0800: 453.618: [CMS-concurrent-reset-start]
2020-09-10T15:44:33.884+0800: 453.622: [CMS-concurrent-reset: 0.004/0.004 secs] [Times: user=0.00 sys=0.00, real=0.00 secs] 
2020-09-10T15:44:35.884+0800: 455.622: Application time: 2.9351773 seconds
2020-09-10T15:44:35.884+0800: 455.622: [GC (CMS Initial Mark) [1 CMS-initial-mark: 3744664K(4194304K)] 4939702K(6081792K), 0.2847944 secs] [Times: user=0.58 sys=0.00, real=0.28 secs] 
2020-09-10T15:44:36.169+0800: 455.907: Total time for which application threads were stopped: 0.2850188 seconds, Stopping threads took: 0.0000232 seconds
2020-09-10T15:44:36.169+0800: 455.907: [CMS-concurrent-mark-start]
2020-09-10T15:44:38.752+0800: 458.490: [CMS-concurrent-mark: 2.583/2.583 secs] [Times: user=5.19 sys=0.00, real=2.58 secs] 
2020-09-10T15:44:38.752+0800: 458.490: [CMS-concurrent-preclean-start]
2020-09-10T15:44:38.757+0800: 458.495: [CMS-concurrent-preclean: 0.005/0.005 secs] [Times: user=0.00 sys=0.00, real=0.00 secs] 
2020-09-10T15:44:38.757+0800: 458.495: [CMS-concurrent-abortable-preclean-start]
2020-09-10T15:44:38.757+0800: 458.495: [CMS-concurrent-abortable-preclean: 0.000/0.000 secs] [Times: user=0.00 sys=0.00, real=0.00 secs] 
2020-09-10T15:44:38.757+0800: 458.495: Application time: 2.5883884 seconds
2020-09-10T15:44:38.757+0800: 458.495: [GC (CMS Final Remark) [YG occupancy: 1195037 K (1887488 K)]2020-09-10T15:44:38.757+0800: 458.495: [Rescan (parallel) , 0.5587791 secs]2020-09-10T15:44:39.316+0800: 459.054: [weak refs processing, 0.0004481 secs]2020-09-10T15:44:39.316+0800: 459.055: [class unloading, 0.0042321 secs]2020-09-10T15:44:39.321+0800: 459.059: [scrub symbol table, 0.0072405 secs]2020-09-10T15:44:39.328+0800: 459.066: [scrub string table, 0.0005900 secs][1 CMS-remark: 3744664K(4194304K)] 4939702K(6081792K), 0.5718457 secs] [Times: user=3.64 sys=0.00, real=0.57 secs] 
2020-09-10T15:44:39.329+0800: 459.067: Total time for which application threads were stopped: 0.5719955 seconds, Stopping threads took: 0.0000217 seconds
2020-09-10T15:44:39.329+0800: 459.067: [CMS-concurrent-sweep-start]
2020-09-10T15:44:40.286+0800: 460.024: [CMS-concurrent-sweep: 0.957/0.957 secs] [Times: user=0.95 sys=0.00, real=0.96 secs] 
2020-09-10T15:44:40.286+0800: 460.024: [CMS-concurrent-reset-start]
2020-09-10T15:44:40.290+0800: 460.028: [CMS-concurrent-reset: 0.003/0.003 secs] [Times: user=0.00 sys=0.00, real=0.00 secs] 
2020-09-10T15:44:42.291+0800: 462.029: Application time: 2.9616367 seconds
2020-09-10T15:44:42.291+0800: 462.029: [GC (CMS Initial Mark) [1 CMS-initial-mark: 3744664K(4194304K)] 4939702K(6081792K), 0.2947597 secs] [Times: user=0.61 sys=0.00, real=0.29 secs] 
2020-09-10T15:44:42.585+0800: 462.324: Total time for which application threads were stopped: 0.2949534 seconds, Stopping threads took: 0.0000258 seconds
2020-09-10T15:44:42.585+0800: 462.324: [CMS-concurrent-mark-start]
2020-09-10T15:44:45.239+0800: 464.977: [CMS-concurrent-mark: 2.654/2.654 secs] [Times: user=5.30 sys=0.00, real=2.65 secs] 
2020-09-10T15:44:45.239+0800: 464.977: [CMS-concurrent-preclean-start]
2020-09-10T15:44:45.244+0800: 464.983: [CMS-concurrent-preclean: 0.005/0.005 secs] [Times: user=0.00 sys=0.00, real=0.00 secs] 
2020-09-10T15:44:45.244+0800: 464.983: [CMS-concurrent-abortable-preclean-start]
2020-09-10T15:44:45.244+0800: 464.983: [CMS-concurrent-abortable-preclean: 0.000/0.000 secs] [Times: user=0.00 sys=0.00, real=0.00 secs] 
2020-09-10T15:44:45.245+0800: 464.983: Application time: 2.6590270 seconds
2020-09-10T15:44:45.245+0800: 464.983: [GC (CMS Final Remark) [YG occupancy: 1195037 K (1887488 K)]2020-09-10T15:44:45.245+0800: 464.983: [Rescan (parallel) , 0.5585410 secs]2020-09-10T15:44:45.803+0800: 465.542: [weak refs processing, 0.0003812 secs]2020-09-10T15:44:45.804+0800: 465.542: [class unloading, 0.0040633 secs]2020-09-10T15:44:45.808+0800: 465.546: [scrub symbol table, 0.0084749 secs]2020-09-10T15:44:45.816+0800: 465.555: [scrub string table, 0.0005276 secs][1 CMS-remark: 3744664K(4194304K)] 4939702K(6081792K), 0.5723069 secs] [Times: user=3.51 sys=0.08, real=0.57 secs] 
2020-09-10T15:44:45.817+0800: 465.555: Total time for which application threads were stopped: 0.5724505 seconds, Stopping threads took: 0.0000213 seconds
2020-09-10T15:44:45.817+0800: 465.555: [CMS-concurrent-sweep-start]
2020-09-10T15:44:46.762+0800: 466.499: [CMS-concurrent-sweep: 0.944/0.944 secs] [Times: user=0.94 sys=0.00, real=0.95 secs] 
2020-09-10T15:44:46.762+0800: 466.499: [CMS-concurrent-reset-start]
2020-09-10T15:44:46.766+0800: 466.504: [CMS-concurrent-reset: 0.004/0.004 secs] [Times: user=0.00 sys=0.00, real=0.00 secs] 
2020-09-10T15:44:48.767+0800: 468.504: Application time: 2.9490728 seconds
2020-09-10T15:44:48.767+0800: 468.504: [GC (CMS Initial Mark) [1 CMS-initial-mark: 3744664K(4194304K)] 4939702K(6081792K), 0.2891284 secs] [Times: user=0.50 sys=0.00, real=0.29 secs] 
2020-09-10T15:44:49.056+0800: 468.794: Total time for which application threads were stopped: 0.2893373 seconds, Stopping threads took: 0.0000279 seconds
2020-09-10T15:44:49.056+0800: 468.794: [CMS-concurrent-mark-start]
2020-09-10T15:44:51.641+0800: 471.379: [CMS-concurrent-mark: 2.585/2.585 secs] [Times: user=5.19 sys=0.00, real=2.59 secs] 
2020-09-10T15:44:51.641+0800: 471.379: [CMS-concurrent-preclean-start]
2020-09-10T15:44:51.646+0800: 471.384: [CMS-concurrent-preclean: 0.005/0.005 secs] [Times: user=0.00 sys=0.00, real=0.00 secs] 
2020-09-10T15:44:51.646+0800: 471.384: [CMS-concurrent-abortable-preclean-start]
2020-09-10T15:44:51.646+0800: 471.384: [CMS-concurrent-abortable-preclean: 0.000/0.000 secs] [Times: user=0.00 sys=0.00, real=0.00 secs] 
2020-09-10T15:44:51.646+0800: 471.384: Application time: 2.5906347 seconds
2020-09-10T15:44:51.646+0800: 471.384: [GC (CMS Final Remark) [YG occupancy: 1195037 K (1887488 K)]2020-09-10T15:44:51.646+0800: 471.384: [Rescan (parallel) , 0.5643041 secs]2020-09-10T15:44:52.211+0800: 471.949: [weak refs processing, 0.0004881 secs]2020-09-10T15:44:52.211+0800: 471.949: [class unloading, 0.0045598 secs]2020-09-10T15:44:52.216+0800: 471.954: [scrub symbol table, 0.0075626 secs]2020-09-10T15:44:52.223+0800: 471.962: [scrub string table, 0.0005264 secs][1 CMS-remark: 3744664K(4194304K)] 4939702K(6081792K), 0.5778628 secs] [Times: user=3.80 sys=0.00, real=0.58 secs] 
2020-09-10T15:44:52.224+0800: 471.962: Total time for which application threads were stopped: 0.5780051 seconds, Stopping threads took: 0.0000219 seconds
2020-09-10T15:44:52.224+0800: 471.962: [CMS-concurrent-sweep-start]
2020-09-10T15:44:53.133+0800: 472.871: [CMS-concurrent-sweep: 0.908/0.908 secs] [Times: user=0.91 sys=0.00, real=0.91 secs] 
2020-09-10T15:44:53.133+0800: 472.871: [CMS-concurrent-reset-start]
2020-09-10T15:44:53.136+0800: 472.874: [CMS-concurrent-reset: 0.003/0.003 secs] [Times: user=0.00 sys=0.00, real=0.00 secs] 
2020-09-10T15:44:55.138+0800: 474.875: Application time: 2.9131101 seconds
2020-09-10T15:44:55.138+0800: 474.876: [GC (CMS Initial Mark) [1 CMS-initial-mark: 3744664K(4194304K)] 4939702K(6081792K), 0.2944400 secs] [Times: user=0.63 sys=0.00, real=0.29 secs] 
2020-09-10T15:44:55.432+0800: 475.170: Total time for which application threads were stopped: 0.2946765 seconds, Stopping threads took: 0.0000222 seconds
2020-09-10T15:44:55.432+0800: 475.170: [CMS-concurrent-mark-start]
2020-09-10T15:44:58.003+0800: 477.741: [CMS-concurrent-mark: 2.571/2.571 secs] [Times: user=5.16 sys=0.00, real=2.57 secs] 
2020-09-10T15:44:58.003+0800: 477.741: [CMS-concurrent-preclean-start]
2020-09-10T15:44:58.008+0800: 477.746: [CMS-concurrent-preclean: 0.005/0.005 secs] [Times: user=0.00 sys=0.00, real=0.00 secs] 
2020-09-10T15:44:58.008+0800: 477.746: [CMS-concurrent-abortable-preclean-start]
2020-09-10T15:44:58.008+0800: 477.746: [CMS-concurrent-abortable-preclean: 0.000/0.000 secs] [Times: user=0.00 sys=0.00, real=0.00 secs] 
2020-09-10T15:44:58.008+0800: 477.746: Application time: 2.5759234 seconds
2020-09-10T15:44:58.008+0800: 477.746: [GC (CMS Final Remark) [YG occupancy: 1195037 K (1887488 K)]2020-09-10T15:44:58.008+0800: 477.746: [Rescan (parallel) , 0.5597698 secs]2020-09-10T15:44:58.568+0800: 478.306: [weak refs processing, 0.0003751 secs]2020-09-10T15:44:58.568+0800: 478.306: [class unloading, 0.0041283 secs]2020-09-10T15:44:58.572+0800: 478.311: [scrub symbol table, 0.0073602 secs]2020-09-10T15:44:58.580+0800: 478.318: [scrub string table, 0.0005141 secs][1 CMS-remark: 3744664K(4194304K)] 4939702K(6081792K), 0.5724948 secs] [Times: user=3.55 sys=0.05, real=0.57 secs] 
2020-09-10T15:44:58.580+0800: 478.319: Total time for which application threads were stopped: 0.5726408 seconds, Stopping threads took: 0.0000219 seconds
2020-09-10T15:44:58.580+0800: 478.319: [CMS-concurrent-sweep-start]
2020-09-10T15:44:59.502+0800: 479.241: [CMS-concurrent-sweep: 0.922/0.922 secs] [Times: user=0.92 sys=0.00, real=0.92 secs] 
2020-09-10T15:44:59.502+0800: 479.241: [CMS-concurrent-reset-start]
2020-09-10T15:44:59.506+0800: 479.244: [CMS-concurrent-reset: 0.004/0.004 secs] [Times: user=0.00 sys=0.00, real=0.00 secs] 
2020-09-10T15:45:01.506+0800: 481.244: Application time: 2.9253245 seconds
2020-09-10T15:45:01.506+0800: 481.244: [GC (CMS Initial Mark) [1 CMS-initial-mark: 3744664K(4194304K)] 4939702K(6081792K), 0.2830401 secs] [Times: user=0.58 sys=0.00, real=0.28 secs] 
2020-09-10T15:45:01.789+0800: 481.527: Total time for which application threads were stopped: 0.2832412 seconds, Stopping threads took: 0.0000222 seconds
2020-09-10T15:45:01.789+0800: 481.527: [CMS-concurrent-mark-start]
2020-09-10T15:45:04.368+0800: 484.106: [CMS-concurrent-mark: 2.579/2.579 secs] [Times: user=5.16 sys=0.00, real=2.58 secs] 
2020-09-10T15:45:04.368+0800: 484.106: [CMS-concurrent-preclean-start]
2020-09-10T15:45:04.373+0800: 484.111: [CMS-concurrent-preclean: 0.005/0.005 secs] [Times: user=0.00 sys=0.00, real=0.00 secs] 
2020-09-10T15:45:04.373+0800: 484.111: [CMS-concurrent-abortable-preclean-start]
2020-09-10T15:45:04.373+0800: 484.111: [CMS-concurrent-abortable-preclean: 0.000/0.000 secs] [Times: user=0.00 sys=0.00, real=0.00 secs] 
2020-09-10T15:45:04.373+0800: 484.111: Application time: 2.5842386 seconds
2020-09-10T15:45:04.373+0800: 484.112: [GC (CMS Final Remark) [YG occupancy: 1195037 K (1887488 K)]2020-09-10T15:45:04.373+0800: 484.112: [Rescan (parallel) , 0.5704757 secs]2020-09-10T15:45:04.944+0800: 484.682: [weak refs processing, 0.0003904 secs]2020-09-10T15:45:04.944+0800: 484.683: [class unloading, 0.0047276 secs]2020-09-10T15:45:04.949+0800: 484.687: [scrub symbol table, 0.0074446 secs]2020-09-10T15:45:04.956+0800: 484.695: [scrub string table, 0.0005206 secs][1 CMS-remark: 3744664K(4194304K)] 4939702K(6081792K), 0.5838979 secs] [Times: user=3.73 sys=0.02, real=0.58 secs] 
2020-09-10T15:45:04.957+0800: 484.696: Total time for which application threads were stopped: 0.5840379 seconds, Stopping threads took: 0.0000207 seconds
2020-09-10T15:45:04.957+0800: 484.696: [CMS-concurrent-sweep-start]
2020-09-10T15:45:05.883+0800: 485.620: [CMS-concurrent-sweep: 0.925/0.925 secs] [Times: user=0.92 sys=0.00, real=0.93 secs] 
2020-09-10T15:45:05.883+0800: 485.620: [CMS-concurrent-reset-start]
2020-09-10T15:45:05.886+0800: 485.624: [CMS-concurrent-reset: 0.003/0.003 secs] [Times: user=0.00 sys=0.00, real=0.00 secs] 
2020-09-10T15:45:07.887+0800: 487.624: Application time: 2.9286923 seconds
2020-09-10T15:45:07.887+0800: 487.624: [GC (CMS Initial Mark) [1 CMS-initial-mark: 3744664K(4194304K)] 4939702K(6081792K), 0.2858086 secs] [Times: user=0.58 sys=0.00, real=0.28 secs] 
2020-09-10T15:45:08.172+0800: 487.910: Total time for which application threads were stopped: 0.2860508 seconds, Stopping threads took: 0.0000234 seconds
2020-09-10T15:45:08.172+0800: 487.910: [CMS-concurrent-mark-start]
2020-09-10T15:45:10.748+0800: 490.486: [CMS-concurrent-mark: 2.575/2.575 secs] [Times: user=5.13 sys=0.00, real=2.58 secs] 
2020-09-10T15:45:10.748+0800: 490.486: [CMS-concurrent-preclean-start]
2020-09-10T15:45:10.754+0800: 490.492: [CMS-concurrent-preclean: 0.007/0.007 secs] [Times: user=0.02 sys=0.00, real=0.01 secs] 
2020-09-10T15:45:10.754+0800: 490.492: [CMS-concurrent-abortable-preclean-start]
2020-09-10T15:45:10.754+0800: 490.492: [CMS-concurrent-abortable-preclean: 0.000/0.000 secs] [Times: user=0.00 sys=0.00, real=0.00 secs] 
2020-09-10T15:45:10.754+0800: 490.492: Application time: 2.5821484 seconds
2020-09-10T15:45:10.754+0800: 490.492: [GC (CMS Final Remark) [YG occupancy: 1195037 K (1887488 K)]2020-09-10T15:45:10.754+0800: 490.493: [Rescan (parallel) , 0.5902258 secs]2020-09-10T15:45:11.345+0800: 491.083: [weak refs processing, 0.0004326 secs]2020-09-10T15:45:11.345+0800: 491.083: [class unloading, 0.0078476 secs]2020-09-10T15:45:11.353+0800: 491.091: [scrub symbol table, 0.0099805 secs]2020-09-10T15:45:11.363+0800: 491.101: [scrub string table, 0.0006284 secs][1 CMS-remark: 3744664K(4194304K)] 4939702K(6081792K), 0.6095136 secs] [Times: user=3.58 sys=0.03, real=0.61 secs] 
2020-09-10T15:45:11.364+0800: 491.102: Total time for which application threads were stopped: 0.6096721 seconds, Stopping threads took: 0.0000230 seconds
2020-09-10T15:45:11.364+0800: 491.102: [CMS-concurrent-sweep-start]
2020-09-10T15:45:12.337+0800: 492.075: [CMS-concurrent-sweep: 0.973/0.973 secs] [Times: user=0.97 sys=0.00, real=0.97 secs] 
2020-09-10T15:45:12.337+0800: 492.076: [CMS-concurrent-reset-start]
2020-09-10T15:45:12.341+0800: 492.079: [CMS-concurrent-reset: 0.003/0.003 secs] [Times: user=0.00 sys=0.00, real=0.00 secs] 
2020-09-10T15:45:14.341+0800: 494.079: Application time: 2.9764241 seconds
2020-09-10T15:45:14.341+0800: 494.079: [GC (CMS Initial Mark) [1 CMS-initial-mark: 3744664K(4194304K)] 4939702K(6081792K), 0.2833997 secs] [Times: user=0.59 sys=0.00, real=0.28 secs] 
2020-09-10T15:45:14.624+0800: 494.362: Total time for which application threads were stopped: 0.2835870 seconds, Stopping threads took: 0.0000223 seconds
2020-09-10T15:45:14.624+0800: 494.362: [CMS-concurrent-mark-start]
2020-09-10T15:45:17.121+0800: 496.860: [CMS-concurrent-mark: 2.497/2.497 secs] [Times: user=4.97 sys=0.00, real=2.50 secs] 
2020-09-10T15:45:17.122+0800: 496.860: [CMS-concurrent-preclean-start]
2020-09-10T15:45:17.127+0800: 496.865: [CMS-concurrent-preclean: 0.005/0.005 secs] [Times: user=0.02 sys=0.00, real=0.01 secs] 
2020-09-10T15:45:17.127+0800: 496.865: [CMS-concurrent-abortable-preclean-start]
2020-09-10T15:45:17.127+0800: 496.865: [CMS-concurrent-abortable-preclean: 0.000/0.000 secs] [Times: user=0.00 sys=0.00, real=0.00 secs] 
2020-09-10T15:45:17.127+0800: 496.865: Application time: 2.5029289 seconds
2020-09-10T15:45:17.127+0800: 496.865: [GC (CMS Final Remark) [YG occupancy: 1195037 K (1887488 K)]2020-09-10T15:45:17.127+0800: 496.865: [Rescan (parallel) , 0.5457227 secs]2020-09-10T15:45:17.673+0800: 497.411: [weak refs processing, 0.0003948 secs]2020-09-10T15:45:17.673+0800: 497.411: [class unloading, 0.0042365 secs]2020-09-10T15:45:17.677+0800: 497.416: [scrub symbol table, 0.0080584 secs]2020-09-10T15:45:17.686+0800: 497.424: [scrub string table, 0.0005139 secs][1 CMS-remark: 3744664K(4194304K)] 4939702K(6081792K), 0.5592732 secs] [Times: user=3.73 sys=0.02, real=0.56 secs] 
2020-09-10T15:45:17.686+0800: 497.424: Total time for which application threads were stopped: 0.5594168 seconds, Stopping threads took: 0.0000210 seconds
2020-09-10T15:45:17.686+0800: 497.424: [CMS-concurrent-sweep-start]
2020-09-10T15:45:18.568+0800: 498.306: [CMS-concurrent-sweep: 0.882/0.882 secs] [Times: user=0.89 sys=0.00, real=0.88 secs] 
2020-09-10T15:45:18.568+0800: 498.306: [CMS-concurrent-reset-start]
2020-09-10T15:45:18.572+0800: 498.310: [CMS-concurrent-reset: 0.004/0.004 secs] [Times: user=0.00 sys=0.00, real=0.00 secs] 
2020-09-10T15:45:20.573+0800: 500.311: Application time: 2.8864246 seconds
2020-09-10T15:45:20.573+0800: 500.311: [GC (CMS Initial Mark) [1 CMS-initial-mark: 3744664K(4194304K)] 4939702K(6081792K), 0.2830358 secs] [Times: user=0.58 sys=0.00, real=0.28 secs] 
2020-09-10T15:45:20.856+0800: 500.594: Total time for which application threads were stopped: 0.2832238 seconds, Stopping threads took: 0.0000277 seconds
2020-09-10T15:45:20.857+0800: 500.594: [CMS-concurrent-mark-start]
2020-09-10T15:45:23.485+0800: 503.223: [CMS-concurrent-mark: 2.629/2.629 secs] [Times: user=5.28 sys=0.00, real=2.63 secs] 
2020-09-10T15:45:23.485+0800: 503.223: [CMS-concurrent-preclean-start]
2020-09-10T15:45:23.490+0800: 503.228: [CMS-concurrent-preclean: 0.005/0.005 secs] [Times: user=0.00 sys=0.00, real=0.01 secs] 
2020-09-10T15:45:23.490+0800: 503.228: [CMS-concurrent-abortable-preclean-start]
2020-09-10T15:45:23.490+0800: 503.228: [CMS-concurrent-abortable-preclean: 0.000/0.000 secs] [Times: user=0.00 sys=0.00, real=0.00 secs] 
2020-09-10T15:45:23.490+0800: 503.228: Application time: 2.6341207 seconds
2020-09-10T15:45:23.490+0800: 503.228: [GC (CMS Final Remark) [YG occupancy: 1195037 K (1887488 K)]2020-09-10T15:45:23.490+0800: 503.228: [Rescan (parallel) , 0.5902754 secs]2020-09-10T15:45:24.081+0800: 503.819: [weak refs processing, 0.0005059 secs]2020-09-10T15:45:24.081+0800: 503.819: [class unloading, 0.0043811 secs]2020-09-10T15:45:24.086+0800: 503.824: [scrub symbol table, 0.0076543 secs]2020-09-10T15:45:24.093+0800: 503.831: [scrub string table, 0.0005809 secs][1 CMS-remark: 3744664K(4194304K)] 4939702K(6081792K), 0.6037750 secs] [Times: user=3.56 sys=0.09, real=0.60 secs] 
2020-09-10T15:45:24.094+0800: 503.832: Total time for which application threads were stopped: 0.6039253 seconds, Stopping threads took: 0.0000221 seconds
2020-09-10T15:45:24.094+0800: 503.832: [CMS-concurrent-sweep-start]
2020-09-10T15:45:25.059+0800: 504.797: [CMS-concurrent-sweep: 0.965/0.965 secs] [Times: user=0.95 sys=0.00, real=0.96 secs] 
2020-09-10T15:45:25.059+0800: 504.797: [CMS-concurrent-reset-start]
2020-09-10T15:45:25.064+0800: 504.802: [CMS-concurrent-reset: 0.005/0.005 secs] [Times: user=0.02 sys=0.00, real=0.00 secs] 
2020-09-10T15:45:27.065+0800: 506.803: Application time: 2.9704563 seconds
2020-09-10T15:45:27.065+0800: 506.803: [GC (CMS Initial Mark) [1 CMS-initial-mark: 3744664K(4194304K)] 4939702K(6081792K), 0.2856406 secs] [Times: user=0.55 sys=0.00, real=0.28 secs] 
2020-09-10T15:45:27.350+0800: 507.088: Total time for which application threads were stopped: 0.2858271 seconds, Stopping threads took: 0.0000221 seconds
2020-09-10T15:45:27.350+0800: 507.088: [CMS-concurrent-mark-start]
2020-09-10T15:45:29.887+0800: 509.626: [CMS-concurrent-mark: 2.537/2.537 secs] [Times: user=5.06 sys=0.00, real=2.54 secs] 
2020-09-10T15:45:29.888+0800: 509.626: [CMS-concurrent-preclean-start]
2020-09-10T15:45:29.892+0800: 509.631: [CMS-concurrent-preclean: 0.005/0.005 secs] [Times: user=0.02 sys=0.00, real=0.00 secs] 
2020-09-10T15:45:29.892+0800: 509.631: [CMS-concurrent-abortable-preclean-start]
2020-09-10T15:45:29.893+0800: 509.631: [CMS-concurrent-abortable-preclean: 0.000/0.000 secs] [Times: user=0.00 sys=0.00, real=0.00 secs] 
2020-09-10T15:45:29.893+0800: 509.631: Application time: 2.5422571 seconds
2020-09-10T15:45:29.893+0800: 509.631: [GC (CMS Final Remark) [YG occupancy: 1195037 K (1887488 K)]2020-09-10T15:45:29.893+0800: 509.631: [Rescan (parallel) , 0.5597132 secs]2020-09-10T15:45:30.453+0800: 510.191: [weak refs processing, 0.0004007 secs]2020-09-10T15:45:30.453+0800: 510.191: [class unloading, 0.0046277 secs]2020-09-10T15:45:30.457+0800: 510.196: [scrub symbol table, 0.0080731 secs]2020-09-10T15:45:30.465+0800: 510.204: [scrub string table, 0.0005095 secs][1 CMS-remark: 3744664K(4194304K)] 4939702K(6081792K), 0.5736616 secs] [Times: user=3.53 sys=0.02, real=0.57 secs] 
2020-09-10T15:45:30.466+0800: 510.205: Total time for which application threads were stopped: 0.5738780 seconds, Stopping threads took: 0.0000303 seconds
2020-09-10T15:45:30.466+0800: 510.205: [CMS-concurrent-sweep-start]
2020-09-10T15:45:31.389+0800: 511.127: [CMS-concurrent-sweep: 0.922/0.922 secs] [Times: user=0.92 sys=0.00, real=0.92 secs] 
2020-09-10T15:45:31.389+0800: 511.127: [CMS-concurrent-reset-start]
2020-09-10T15:45:31.392+0800: 511.130: [CMS-concurrent-reset: 0.004/0.004 secs] [Times: user=0.02 sys=0.00, real=0.00 secs] 
2020-09-10T15:45:33.392+0800: 513.130: Application time: 2.9256085 seconds
2020-09-10T15:45:33.392+0800: 513.130: [GC (CMS Initial Mark) [1 CMS-initial-mark: 3744664K(4194304K)] 4939702K(6081792K), 0.2851349 secs] [Times: user=0.52 sys=0.00, real=0.29 secs] 
2020-09-10T15:45:33.678+0800: 513.416: Total time for which application threads were stopped: 0.2853598 seconds, Stopping threads took: 0.0000303 seconds
2020-09-10T15:45:33.678+0800: 513.416: [CMS-concurrent-mark-start]
2020-09-10T15:45:36.285+0800: 516.023: [CMS-concurrent-mark: 2.608/2.608 secs] [Times: user=5.19 sys=0.00, real=2.61 secs] 
2020-09-10T15:45:36.285+0800: 516.023: [CMS-concurrent-preclean-start]
2020-09-10T15:45:36.290+0800: 516.028: [CMS-concurrent-preclean: 0.005/0.005 secs] [Times: user=0.00 sys=0.00, real=0.00 secs] 
2020-09-10T15:45:36.290+0800: 516.028: [CMS-concurrent-abortable-preclean-start]
2020-09-10T15:45:36.290+0800: 516.028: [CMS-concurrent-abortable-preclean: 0.000/0.000 secs] [Times: user=0.00 sys=0.00, real=0.00 secs] 
2020-09-10T15:45:36.290+0800: 516.028: Application time: 2.6128829 seconds
2020-09-10T15:45:36.290+0800: 516.029: [GC (CMS Final Remark) [YG occupancy: 1195037 K (1887488 K)]2020-09-10T15:45:36.290+0800: 516.029: [Rescan (parallel) , 0.5806081 secs]2020-09-10T15:45:36.872+0800: 516.609: [weak refs processing, 0.0005897 secs]2020-09-10T15:45:36.872+0800: 516.610: [class unloading, 0.0047751 secs]2020-09-10T15:45:36.876+0800: 516.615: [scrub symbol table, 0.0080654 secs]2020-09-10T15:45:36.884+0800: 516.623: [scrub string table, 0.0005423 secs][1 CMS-remark: 3744664K(4194304K)] 4939702K(6081792K), 0.5949744 secs] [Times: user=3.80 sys=0.06, real=0.60 secs] 
2020-09-10T15:45:36.885+0800: 516.624: Total time for which application threads were stopped: 0.5951232 seconds, Stopping threads took: 0.0000230 seconds
2020-09-10T15:45:36.885+0800: 516.624: [CMS-concurrent-sweep-start]
2020-09-10T15:45:37.818+0800: 517.556: [CMS-concurrent-sweep: 0.932/0.932 secs] [Times: user=0.94 sys=0.00, real=0.93 secs] 
2020-09-10T15:45:37.818+0800: 517.556: [CMS-concurrent-reset-start]
2020-09-10T15:45:37.822+0800: 517.560: [CMS-concurrent-reset: 0.004/0.004 secs] [Times: user=0.00 sys=0.00, real=0.00 secs] 
2020-09-10T15:45:39.822+0800: 519.559: Application time: 2.9359102 seconds
2020-09-10T15:45:39.822+0800: 519.560: [GC (CMS Initial Mark) [1 CMS-initial-mark: 3744664K(4194304K)] 4939702K(6081792K), 0.2769096 secs] [Times: user=0.58 sys=0.00, real=0.28 secs] 
2020-09-10T15:45:40.099+0800: 519.837: Total time for which application threads were stopped: 0.2771585 seconds, Stopping threads took: 0.0000276 seconds
2020-09-10T15:45:40.099+0800: 519.837: [CMS-concurrent-mark-start]
2020-09-10T15:45:42.628+0800: 522.366: [CMS-concurrent-mark: 2.529/2.529 secs] [Times: user=5.06 sys=0.00, real=2.53 secs] 
2020-09-10T15:45:42.628+0800: 522.366: [CMS-concurrent-preclean-start]
2020-09-10T15:45:42.633+0800: 522.371: [CMS-concurrent-preclean: 0.005/0.005 secs] [Times: user=0.00 sys=0.00, real=0.00 secs] 
2020-09-10T15:45:42.633+0800: 522.371: [CMS-concurrent-abortable-preclean-start]
2020-09-10T15:45:42.633+0800: 522.371: [CMS-concurrent-abortable-preclean: 0.000/0.000 secs] [Times: user=0.00 sys=0.00, real=0.00 secs] 
2020-09-10T15:45:42.633+0800: 522.371: Application time: 2.5340973 seconds
2020-09-10T15:45:42.633+0800: 522.371: [GC (CMS Final Remark) [YG occupancy: 1195037 K (1887488 K)]2020-09-10T15:45:42.633+0800: 522.371: [Rescan (parallel) , 0.5664514 secs]2020-09-10T15:45:43.200+0800: 522.937: [weak refs processing, 0.0003781 secs]2020-09-10T15:45:43.200+0800: 522.938: [class unloading, 0.0042495 secs]2020-09-10T15:45:43.204+0800: 522.942: [scrub symbol table, 0.0074257 secs]2020-09-10T15:45:43.212+0800: 522.950: [scrub string table, 0.0005945 secs][1 CMS-remark: 3744664K(4194304K)] 4939702K(6081792K), 0.5794771 secs] [Times: user=3.72 sys=0.06, real=0.58 secs] 
2020-09-10T15:45:43.213+0800: 522.950: Total time for which application threads were stopped: 0.5796260 seconds, Stopping threads took: 0.0000231 seconds
2020-09-10T15:45:43.213+0800: 522.950: [CMS-concurrent-sweep-start]
2020-09-10T15:45:44.142+0800: 523.880: [CMS-concurrent-sweep: 0.930/0.930 secs] [Times: user=0.94 sys=0.00, real=0.93 secs] 
2020-09-10T15:45:44.142+0800: 523.880: [CMS-concurrent-reset-start]
2020-09-10T15:45:44.146+0800: 523.884: [CMS-concurrent-reset: 0.004/0.004 secs] [Times: user=0.00 sys=0.00, real=0.00 secs] 
2020-09-10T15:45:46.147+0800: 525.885: Application time: 2.9347391 seconds
2020-09-10T15:45:46.147+0800: 525.885: [GC (CMS Initial Mark) [1 CMS-initial-mark: 3744664K(4194304K)] 4939702K(6081792K), 0.2995005 secs] [Times: user=0.61 sys=0.00, real=0.30 secs] 
2020-09-10T15:45:46.447+0800: 526.185: Total time for which application threads were stopped: 0.2996959 seconds, Stopping threads took: 0.0000232 seconds
2020-09-10T15:45:46.447+0800: 526.185: [CMS-concurrent-mark-start]
2020-09-10T15:45:49.061+0800: 528.800: [CMS-concurrent-mark: 2.615/2.615 secs] [Times: user=5.22 sys=0.00, real=2.61 secs] 
2020-09-10T15:45:49.061+0800: 528.800: [CMS-concurrent-preclean-start]
2020-09-10T15:45:49.066+0800: 528.805: [CMS-concurrent-preclean: 0.005/0.005 secs] [Times: user=0.01 sys=0.00, real=0.00 secs] 
2020-09-10T15:45:49.066+0800: 528.805: [CMS-concurrent-abortable-preclean-start]
2020-09-10T15:45:49.066+0800: 528.805: [CMS-concurrent-abortable-preclean: 0.000/0.000 secs] [Times: user=0.00 sys=0.00, real=0.00 secs] 
2020-09-10T15:45:49.067+0800: 528.805: Application time: 2.6199792 seconds
2020-09-10T15:45:49.067+0800: 528.805: [GC (CMS Final Remark) [YG occupancy: 1195037 K (1887488 K)]2020-09-10T15:45:49.067+0800: 528.805: [Rescan (parallel) , 0.5635540 secs]2020-09-10T15:45:49.630+0800: 529.369: [weak refs processing, 0.0004367 secs]2020-09-10T15:45:49.631+0800: 529.369: [class unloading, 0.0040662 secs]2020-09-10T15:45:49.635+0800: 529.373: [scrub symbol table, 0.0069730 secs]2020-09-10T15:45:49.642+0800: 529.380: [scrub string table, 0.0005598 secs][1 CMS-remark: 3744664K(4194304K)] 4939702K(6081792K), 0.5759831 secs] [Times: user=3.80 sys=0.02, real=0.58 secs] 
2020-09-10T15:45:49.643+0800: 529.381: Total time for which application threads were stopped: 0.5761335 seconds, Stopping threads took: 0.0000223 seconds
2020-09-10T15:45:49.643+0800: 529.381: [CMS-concurrent-sweep-start]
2020-09-10T15:45:50.584+0800: 530.322: [CMS-concurrent-sweep: 0.941/0.941 secs] [Times: user=0.94 sys=0.00, real=0.94 secs] 
2020-09-10T15:45:50.584+0800: 530.322: [CMS-concurrent-reset-start]
2020-09-10T15:45:50.588+0800: 530.326: [CMS-concurrent-reset: 0.004/0.004 secs] [Times: user=0.00 sys=0.00, real=0.00 secs] 
2020-09-10T15:45:52.587+0800: 532.325: Application time: 2.9441923 seconds
2020-09-10T15:45:52.587+0800: 532.325: [GC (CMS Initial Mark) [1 CMS-initial-mark: 3744664K(4194304K)] 4939702K(6081792K), 0.2882788 secs] [Times: user=0.59 sys=0.00, real=0.29 secs] 
2020-09-10T15:45:52.876+0800: 532.614: Total time for which application threads were stopped: 0.2884924 seconds, Stopping threads took: 0.0000210 seconds
2020-09-10T15:45:52.876+0800: 532.614: [CMS-concurrent-mark-start]
2020-09-10T15:45:55.450+0800: 535.187: [CMS-concurrent-mark: 2.574/2.574 secs] [Times: user=5.09 sys=0.00, real=2.57 secs] 
2020-09-10T15:45:55.450+0800: 535.187: [CMS-concurrent-preclean-start]
2020-09-10T15:45:55.455+0800: 535.192: [CMS-concurrent-preclean: 0.005/0.005 secs] [Times: user=0.02 sys=0.00, real=0.00 secs] 
2020-09-10T15:45:55.455+0800: 535.192: [CMS-concurrent-abortable-preclean-start]
2020-09-10T15:45:55.455+0800: 535.192: [CMS-concurrent-abortable-preclean: 0.000/0.000 secs] [Times: user=0.00 sys=0.00, real=0.00 secs] 
2020-09-10T15:45:55.455+0800: 535.193: Application time: 2.5790542 seconds
2020-09-10T15:45:55.455+0800: 535.193: [GC (CMS Final Remark) [YG occupancy: 1195037 K (1887488 K)]2020-09-10T15:45:55.455+0800: 535.193: [Rescan (parallel) , 0.5674802 secs]2020-09-10T15:45:56.022+0800: 535.760: [weak refs processing, 0.0007562 secs]2020-09-10T15:45:56.023+0800: 535.761: [class unloading, 0.0045847 secs]2020-09-10T15:45:56.028+0800: 535.766: [scrub symbol table, 0.0080814 secs]2020-09-10T15:45:56.036+0800: 535.774: [scrub string table, 0.0005185 secs][1 CMS-remark: 3744664K(4194304K)] 4939702K(6081792K), 0.5818521 secs] [Times: user=3.75 sys=0.05, real=0.58 secs] 
2020-09-10T15:45:56.036+0800: 535.775: Total time for which application threads were stopped: 0.5819960 seconds, Stopping threads took: 0.0000219 seconds
2020-09-10T15:45:56.036+0800: 535.775: [CMS-concurrent-sweep-start]
2020-09-10T15:45:56.975+0800: 536.713: [CMS-concurrent-sweep: 0.938/0.938 secs] [Times: user=0.94 sys=0.00, real=0.94 secs] 
2020-09-10T15:45:56.975+0800: 536.713: [CMS-concurrent-reset-start]
2020-09-10T15:45:56.978+0800: 536.717: [CMS-concurrent-reset: 0.004/0.004 secs] [Times: user=0.00 sys=0.00, real=0.00 secs] 
2020-09-10T15:45:58.979+0800: 538.717: Application time: 2.9418618 seconds
2020-09-10T15:45:58.979+0800: 538.717: [GC (CMS Initial Mark) [1 CMS-initial-mark: 3744664K(4194304K)] 4939702K(6081792K), 0.2995207 secs] [Times: user=0.59 sys=0.00, real=0.30 secs] 
2020-09-10T15:45:59.278+0800: 539.016: Total time for which application threads were stopped: 0.2997526 seconds, Stopping threads took: 0.0000277 seconds
2020-09-10T15:45:59.278+0800: 539.016: [CMS-concurrent-mark-start]
2020-09-10T15:46:01.844+0800: 541.583: [CMS-concurrent-mark: 2.566/2.566 secs] [Times: user=5.13 sys=0.00, real=2.57 secs] 
2020-09-10T15:46:01.844+0800: 541.583: [CMS-concurrent-preclean-start]
2020-09-10T15:46:01.849+0800: 541.588: [CMS-concurrent-preclean: 0.005/0.005 secs] [Times: user=0.00 sys=0.00, real=0.00 secs] 
2020-09-10T15:46:01.849+0800: 541.588: [CMS-concurrent-abortable-preclean-start]
2020-09-10T15:46:01.849+0800: 541.588: [CMS-concurrent-abortable-preclean: 0.000/0.000 secs] [Times: user=0.00 sys=0.00, real=0.00 secs] 
2020-09-10T15:46:01.849+0800: 541.588: Application time: 2.5716219 seconds
2020-09-10T15:46:01.850+0800: 541.588: [GC (CMS Final Remark) [YG occupancy: 1195037 K (1887488 K)]2020-09-10T15:46:01.850+0800: 541.588: [Rescan (parallel) , 0.5485537 secs]2020-09-10T15:46:02.399+0800: 542.137: [weak refs processing, 0.0004015 secs]2020-09-10T15:46:02.399+0800: 542.137: [class unloading, 0.0042947 secs]2020-09-10T15:46:02.403+0800: 542.141: [scrub symbol table, 0.0077598 secs]2020-09-10T15:46:02.411+0800: 542.149: [scrub string table, 0.0006186 secs][1 CMS-remark: 3744664K(4194304K)] 4939702K(6081792K), 0.5620267 secs] [Times: user=3.44 sys=0.03, real=0.56 secs] 
2020-09-10T15:46:02.412+0800: 542.150: Total time for which application threads were stopped: 0.5622205 seconds, Stopping threads took: 0.0000228 seconds
2020-09-10T15:46:02.412+0800: 542.150: [CMS-concurrent-sweep-start]
2020-09-10T15:46:03.410+0800: 543.148: [CMS-concurrent-sweep: 0.998/0.998 secs] [Times: user=1.00 sys=0.00, real=1.00 secs] 
2020-09-10T15:46:03.410+0800: 543.149: [CMS-concurrent-reset-start]
2020-09-10T15:46:03.414+0800: 543.153: [CMS-concurrent-reset: 0.004/0.004 secs] [Times: user=0.00 sys=0.00, real=0.00 secs] 
2020-09-10T15:46:05.415+0800: 545.153: Application time: 3.0028307 seconds
2020-09-10T15:46:05.415+0800: 545.153: [GC (CMS Initial Mark) [1 CMS-initial-mark: 3744664K(4194304K)] 4939702K(6081792K), 0.2901040 secs] [Times: user=0.56 sys=0.00, real=0.29 secs] 
2020-09-10T15:46:05.705+0800: 545.443: Total time for which application threads were stopped: 0.2903109 seconds, Stopping threads took: 0.0000291 seconds
2020-09-10T15:46:05.705+0800: 545.443: [CMS-concurrent-mark-start]
2020-09-10T15:46:08.294+0800: 548.032: [CMS-concurrent-mark: 2.588/2.588 secs] [Times: user=5.14 sys=0.00, real=2.59 secs] 
2020-09-10T15:46:08.294+0800: 548.032: [CMS-concurrent-preclean-start]
2020-09-10T15:46:08.299+0800: 548.037: [CMS-concurrent-preclean: 0.005/0.005 secs] [Times: user=0.01 sys=0.00, real=0.01 secs] 
2020-09-10T15:46:08.299+0800: 548.037: [CMS-concurrent-abortable-preclean-start]
2020-09-10T15:46:08.299+0800: 548.037: [CMS-concurrent-abortable-preclean: 0.000/0.000 secs] [Times: user=0.00 sys=0.00, real=0.00 secs] 
2020-09-10T15:46:08.299+0800: 548.037: Application time: 2.5935820 seconds
2020-09-10T15:46:08.299+0800: 548.037: [GC (CMS Final Remark) [YG occupancy: 1195037 K (1887488 K)]2020-09-10T15:46:08.299+0800: 548.037: [Rescan (parallel) , 0.5615096 secs]2020-09-10T15:46:08.861+0800: 548.599: [weak refs processing, 0.0005119 secs]2020-09-10T15:46:08.861+0800: 548.599: [class unloading, 0.0046667 secs]2020-09-10T15:46:08.866+0800: 548.604: [scrub symbol table, 0.0076078 secs]2020-09-10T15:46:08.874+0800: 548.612: [scrub string table, 0.0005111 secs][1 CMS-remark: 3744664K(4194304K)] 4939702K(6081792K), 0.5752623 secs] [Times: user=3.39 sys=0.03, real=0.58 secs] 
2020-09-10T15:46:08.874+0800: 548.612: Total time for which application threads were stopped: 0.5754070 seconds, Stopping threads took: 0.0000219 seconds
2020-09-10T15:46:08.874+0800: 548.612: [CMS-concurrent-sweep-start]
2020-09-10T15:46:09.789+0800: 549.527: [CMS-concurrent-sweep: 0.915/0.915 secs] [Times: user=0.92 sys=0.00, real=0.91 secs] 
2020-09-10T15:46:09.789+0800: 549.528: [CMS-concurrent-reset-start]
2020-09-10T15:46:09.794+0800: 549.532: [CMS-concurrent-reset: 0.005/0.005 secs] [Times: user=0.00 sys=0.00, real=0.00 secs] 
2020-09-10T15:46:11.794+0800: 551.532: Application time: 2.9195350 seconds
2020-09-10T15:46:11.794+0800: 551.532: [GC (CMS Initial Mark) [1 CMS-initial-mark: 3744664K(4194304K)] 4939702K(6081792K), 0.2940002 secs] [Times: user=0.61 sys=0.00, real=0.29 secs] 
2020-09-10T15:46:12.088+0800: 551.826: Total time for which application threads were stopped: 0.2942291 seconds, Stopping threads took: 0.0000330 seconds
2020-09-10T15:46:12.088+0800: 551.826: [CMS-concurrent-mark-start]
2020-09-10T15:46:14.636+0800: 554.375: [CMS-concurrent-mark: 2.549/2.549 secs] [Times: user=5.09 sys=0.00, real=2.55 secs] 
2020-09-10T15:46:14.636+0800: 554.375: [CMS-concurrent-preclean-start]
2020-09-10T15:46:14.641+0800: 554.379: [CMS-concurrent-preclean: 0.005/0.005 secs] [Times: user=0.02 sys=0.00, real=0.01 secs] 
2020-09-10T15:46:14.641+0800: 554.380: [CMS-concurrent-abortable-preclean-start]
2020-09-10T15:46:14.641+0800: 554.380: [CMS-concurrent-abortable-preclean: 0.000/0.000 secs] [Times: user=0.00 sys=0.00, real=0.00 secs] 
2020-09-10T15:46:14.641+0800: 554.380: Application time: 2.5535814 seconds
2020-09-10T15:46:14.641+0800: 554.380: [GC (CMS Final Remark) [YG occupancy: 1195037 K (1887488 K)]2020-09-10T15:46:14.641+0800: 554.380: [Rescan (parallel) , 0.5488290 secs]2020-09-10T15:46:15.191+0800: 554.929: [weak refs processing, 0.0006238 secs]2020-09-10T15:46:15.191+0800: 554.929: [class unloading, 0.0047545 secs]2020-09-10T15:46:15.196+0800: 554.934: [scrub symbol table, 0.0077587 secs]2020-09-10T15:46:15.204+0800: 554.942: [scrub string table, 0.0005065 secs][1 CMS-remark: 3744664K(4194304K)] 4939702K(6081792K), 0.5629154 secs] [Times: user=3.56 sys=0.03, real=0.56 secs] 
2020-09-10T15:46:15.205+0800: 554.943: Total time for which application threads were stopped: 0.5631449 seconds, Stopping threads took: 0.0000395 seconds
2020-09-10T15:46:15.205+0800: 554.943: [CMS-concurrent-sweep-start]
2020-09-10T15:46:16.141+0800: 555.879: [CMS-concurrent-sweep: 0.936/0.936 secs] [Times: user=0.94 sys=0.00, real=0.94 secs] 
2020-09-10T15:46:16.141+0800: 555.879: [CMS-concurrent-reset-start]
2020-09-10T15:46:16.146+0800: 555.884: [CMS-concurrent-reset: 0.005/0.005 secs] [Times: user=0.00 sys=0.00, real=0.00 secs] 
2020-09-10T15:46:18.147+0800: 557.885: Application time: 2.9419626 seconds
2020-09-10T15:46:18.147+0800: 557.885: [GC (CMS Initial Mark) [1 CMS-initial-mark: 3744664K(4194304K)] 4939702K(6081792K), 0.2984911 secs] [Times: user=0.59 sys=0.00, real=0.30 secs] 
2020-09-10T15:46:18.445+0800: 558.183: Total time for which application threads were stopped: 0.2986807 seconds, Stopping threads took: 0.0000226 seconds
2020-09-10T15:46:18.445+0800: 558.183: [CMS-concurrent-mark-start]
2020-09-10T15:46:20.953+0800: 560.691: [CMS-concurrent-mark: 2.508/2.508 secs] [Times: user=5.02 sys=0.01, real=2.51 secs] 
2020-09-10T15:46:20.953+0800: 560.691: [CMS-concurrent-preclean-start]
2020-09-10T15:46:20.958+0800: 560.696: [CMS-concurrent-preclean: 0.005/0.005 secs] [Times: user=0.00 sys=0.00, real=0.00 secs] 
2020-09-10T15:46:20.958+0800: 560.696: [CMS-concurrent-abortable-preclean-start]
2020-09-10T15:46:20.958+0800: 560.696: [CMS-concurrent-abortable-preclean: 0.000/0.000 secs] [Times: user=0.00 sys=0.00, real=0.00 secs] 
2020-09-10T15:46:20.958+0800: 560.696: Application time: 2.5126913 seconds
2020-09-10T15:46:20.958+0800: 560.696: [GC (CMS Final Remark) [YG occupancy: 1195037 K (1887488 K)]2020-09-10T15:46:20.958+0800: 560.696: [Rescan (parallel) , 0.5477758 secs]2020-09-10T15:46:21.506+0800: 561.244: [weak refs processing, 0.0004018 secs]2020-09-10T15:46:21.506+0800: 561.245: [class unloading, 0.0047526 secs]2020-09-10T15:46:21.511+0800: 561.249: [scrub symbol table, 0.0071953 secs]2020-09-10T15:46:21.518+0800: 561.257: [scrub string table, 0.0005163 secs][1 CMS-remark: 3744664K(4194304K)] 4939702K(6081792K), 0.5610343 secs] [Times: user=3.61 sys=0.03, real=0.56 secs] 
2020-09-10T15:46:21.519+0800: 561.257: Total time for which application threads were stopped: 0.5611771 seconds, Stopping threads took: 0.0000227 seconds
2020-09-10T15:46:21.519+0800: 561.257: [CMS-concurrent-sweep-start]
2020-09-10T15:46:22.432+0800: 562.170: [CMS-concurrent-sweep: 0.913/0.913 secs] [Times: user=0.91 sys=0.00, real=0.91 secs] 
2020-09-10T15:46:22.432+0800: 562.170: [CMS-concurrent-reset-start]
2020-09-10T15:46:22.436+0800: 562.174: [CMS-concurrent-reset: 0.004/0.004 secs] [Times: user=0.00 sys=0.00, real=0.00 secs] 
2020-09-10T15:46:24.437+0800: 564.175: Application time: 2.9174790 seconds
2020-09-10T15:46:24.437+0800: 564.175: [GC (CMS Initial Mark) [1 CMS-initial-mark: 3744664K(4194304K)] 4939702K(6081792K), 0.2955896 secs] [Times: user=0.63 sys=0.00, real=0.30 secs] 
2020-09-10T15:46:24.732+0800: 564.471: Total time for which application threads were stopped: 0.2957811 seconds, Stopping threads took: 0.0000245 seconds
2020-09-10T15:46:24.732+0800: 564.471: [CMS-concurrent-mark-start]
2020-09-10T15:46:27.265+0800: 567.004: [CMS-concurrent-mark: 2.533/2.533 secs] [Times: user=5.06 sys=0.00, real=2.53 secs] 
2020-09-10T15:46:27.265+0800: 567.004: [CMS-concurrent-preclean-start]
2020-09-10T15:46:27.270+0800: 567.009: [CMS-concurrent-preclean: 0.005/0.005 secs] [Times: user=0.02 sys=0.00, real=0.00 secs] 
2020-09-10T15:46:27.270+0800: 567.009: [CMS-concurrent-abortable-preclean-start]
2020-09-10T15:46:27.270+0800: 567.009: [CMS-concurrent-abortable-preclean: 0.000/0.000 secs] [Times: user=0.00 sys=0.00, real=0.00 secs] 
2020-09-10T15:46:27.270+0800: 567.009: Application time: 2.5383902 seconds
2020-09-10T15:46:27.270+0800: 567.009: [GC (CMS Final Remark) [YG occupancy: 1195037 K (1887488 K)]2020-09-10T15:46:27.271+0800: 567.009: [Rescan (parallel) , 0.5622575 secs]2020-09-10T15:46:27.833+0800: 567.572: [weak refs processing, 0.0005538 secs]2020-09-10T15:46:27.834+0800: 567.572: [class unloading, 0.0044815 secs]2020-09-10T15:46:27.839+0800: 567.577: [scrub symbol table, 0.0085281 secs]2020-09-10T15:46:27.847+0800: 567.585: [scrub string table, 0.0005174 secs][1 CMS-remark: 3744664K(4194304K)] 4939702K(6081792K), 0.5767766 secs] [Times: user=3.66 sys=0.05, real=0.58 secs] 
2020-09-10T15:46:27.848+0800: 567.586: Total time for which application threads were stopped: 0.5769345 seconds, Stopping threads took: 0.0000248 seconds
2020-09-10T15:46:27.848+0800: 567.586: [CMS-concurrent-sweep-start]
2020-09-10T15:46:28.771+0800: 568.510: [CMS-concurrent-sweep: 0.924/0.924 secs] [Times: user=0.92 sys=0.00, real=0.92 secs] 
2020-09-10T15:46:28.771+0800: 568.510: [CMS-concurrent-reset-start]
2020-09-10T15:46:28.775+0800: 568.514: [CMS-concurrent-reset: 0.004/0.004 secs] [Times: user=0.00 sys=0.00, real=0.00 secs] 
2020-09-10T15:46:30.776+0800: 570.514: Application time: 2.9282859 seconds
2020-09-10T15:46:30.776+0800: 570.514: [GC (CMS Initial Mark) [1 CMS-initial-mark: 3744664K(4194304K)] 4939702K(6081792K), 0.2789992 secs] [Times: user=0.55 sys=0.00, real=0.28 secs] 
2020-09-10T15:46:31.055+0800: 570.793: Total time for which application threads were stopped: 0.2791870 seconds, Stopping threads took: 0.0000218 seconds
2020-09-10T15:46:31.055+0800: 570.793: [CMS-concurrent-mark-start]
2020-09-10T15:46:33.567+0800: 573.305: [CMS-concurrent-mark: 2.512/2.512 secs] [Times: user=5.00 sys=0.00, real=2.51 secs] 
2020-09-10T15:46:33.567+0800: 573.305: [CMS-concurrent-preclean-start]
2020-09-10T15:46:33.571+0800: 573.310: [CMS-concurrent-preclean: 0.005/0.005 secs] [Times: user=0.00 sys=0.00, real=0.00 secs] 
2020-09-10T15:46:33.571+0800: 573.310: [CMS-concurrent-abortable-preclean-start]
2020-09-10T15:46:33.571+0800: 573.310: [CMS-concurrent-abortable-preclean: 0.000/0.000 secs] [Times: user=0.00 sys=0.00, real=0.00 secs] 
2020-09-10T15:46:33.571+0800: 573.310: Application time: 2.5165643 seconds
2020-09-10T15:46:33.572+0800: 573.310: [GC (CMS Final Remark) [YG occupancy: 1195037 K (1887488 K)]2020-09-10T15:46:33.572+0800: 573.310: [Rescan (parallel) , 0.5554482 secs]2020-09-10T15:46:34.128+0800: 573.866: [weak refs processing, 0.0004519 secs]2020-09-10T15:46:34.128+0800: 573.866: [class unloading, 0.0044898 secs]2020-09-10T15:46:34.133+0800: 573.871: [scrub symbol table, 0.0068422 secs]2020-09-10T15:46:34.140+0800: 573.878: [scrub string table, 0.0005311 secs][1 CMS-remark: 3744664K(4194304K)] 4939702K(6081792K), 0.5681293 secs] [Times: user=3.72 sys=0.00, real=0.57 secs] 
2020-09-10T15:46:34.140+0800: 573.878: Total time for which application threads were stopped: 0.5682916 seconds, Stopping threads took: 0.0000215 seconds
2020-09-10T15:46:34.140+0800: 573.878: [CMS-concurrent-sweep-start]
2020-09-10T15:46:35.059+0800: 574.797: [CMS-concurrent-sweep: 0.919/0.919 secs] [Times: user=0.92 sys=0.00, real=0.92 secs] 
2020-09-10T15:46:35.059+0800: 574.798: [CMS-concurrent-reset-start]
2020-09-10T15:46:35.063+0800: 574.802: [CMS-concurrent-reset: 0.004/0.004 secs] [Times: user=0.02 sys=0.00, real=0.00 secs] 
2020-09-10T15:46:37.064+0800: 576.802: Application time: 2.9235685 seconds
2020-09-10T15:46:37.064+0800: 576.802: [GC (CMS Initial Mark) [1 CMS-initial-mark: 3744664K(4194304K)] 4939702K(6081792K), 0.2883881 secs] [Times: user=0.55 sys=0.00, real=0.29 secs] 
2020-09-10T15:46:37.352+0800: 577.090: Total time for which application threads were stopped: 0.2885978 seconds, Stopping threads took: 0.0000291 seconds
2020-09-10T15:46:37.352+0800: 577.090: [CMS-concurrent-mark-start]
2020-09-10T15:46:39.881+0800: 579.620: [CMS-concurrent-mark: 2.529/2.529 secs] [Times: user=5.06 sys=0.00, real=2.53 secs] 
2020-09-10T15:46:39.881+0800: 579.620: [CMS-concurrent-preclean-start]
2020-09-10T15:46:39.886+0800: 579.624: [CMS-concurrent-preclean: 0.005/0.005 secs] [Times: user=0.00 sys=0.00, real=0.00 secs] 
2020-09-10T15:46:39.886+0800: 579.624: [CMS-concurrent-abortable-preclean-start]
2020-09-10T15:46:39.886+0800: 579.624: [CMS-concurrent-abortable-preclean: 0.000/0.000 secs] [Times: user=0.00 sys=0.00, real=0.00 secs] 
2020-09-10T15:46:39.886+0800: 579.625: Application time: 2.5341564 seconds
2020-09-10T15:46:39.886+0800: 579.625: [GC (CMS Final Remark) [YG occupancy: 1195037 K (1887488 K)]2020-09-10T15:46:39.886+0800: 579.625: [Rescan (parallel) , 0.5501807 secs]2020-09-10T15:46:40.437+0800: 580.175: [weak refs processing, 0.0004003 secs]2020-09-10T15:46:40.437+0800: 580.175: [class unloading, 0.0054717 secs]2020-09-10T15:46:40.443+0800: 580.181: [scrub symbol table, 0.0071289 secs]2020-09-10T15:46:40.450+0800: 580.188: [scrub string table, 0.0005901 secs][1 CMS-remark: 3744664K(4194304K)] 4939702K(6081792K), 0.5641158 secs] [Times: user=3.59 sys=0.00, real=0.57 secs] 
2020-09-10T15:46:40.451+0800: 580.189: Total time for which application threads were stopped: 0.5642607 seconds, Stopping threads took: 0.0000207 seconds
2020-09-10T15:46:40.451+0800: 580.189: [CMS-concurrent-sweep-start]
2020-09-10T15:46:41.373+0800: 581.111: [CMS-concurrent-sweep: 0.922/0.922 secs] [Times: user=0.92 sys=0.00, real=0.92 secs] 
2020-09-10T15:46:41.373+0800: 581.111: [CMS-concurrent-reset-start]
2020-09-10T15:46:41.377+0800: 581.115: [CMS-concurrent-reset: 0.004/0.004 secs] [Times: user=0.02 sys=0.00, real=0.00 secs] 
2020-09-10T15:46:43.376+0800: 583.114: Application time: 2.9255964 seconds
2020-09-10T15:46:43.376+0800: 583.115: [GC (CMS Initial Mark) [1 CMS-initial-mark: 3744664K(4194304K)] 4939702K(6081792K), 0.2940231 secs] [Times: user=0.55 sys=0.00, real=0.30 secs] 
2020-09-10T15:46:43.671+0800: 583.409: Total time for which application threads were stopped: 0.2942247 seconds, Stopping threads took: 0.0000241 seconds
2020-09-10T15:46:43.671+0800: 583.409: [CMS-concurrent-mark-start]
2020-09-10T15:46:46.268+0800: 586.007: [CMS-concurrent-mark: 2.598/2.598 secs] [Times: user=5.22 sys=0.00, real=2.60 secs] 
2020-09-10T15:46:46.268+0800: 586.007: [CMS-concurrent-preclean-start]
2020-09-10T15:46:46.273+0800: 586.012: [CMS-concurrent-preclean: 0.005/0.005 secs] [Times: user=0.00 sys=0.00, real=0.01 secs] 
2020-09-10T15:46:46.273+0800: 586.012: [CMS-concurrent-abortable-preclean-start]
2020-09-10T15:46:46.273+0800: 586.012: [CMS-concurrent-abortable-preclean: 0.000/0.000 secs] [Times: user=0.00 sys=0.00, real=0.00 secs] 
2020-09-10T15:46:46.273+0800: 586.012: Application time: 2.6033969 seconds
2020-09-10T15:46:46.273+0800: 586.012: [GC (CMS Final Remark) [YG occupancy: 1195037 K (1887488 K)]2020-09-10T15:46:46.273+0800: 586.012: [Rescan (parallel) , 0.5422367 secs]2020-09-10T15:46:46.816+0800: 586.554: [weak refs processing, 0.0003965 secs]2020-09-10T15:46:46.817+0800: 586.555: [class unloading, 0.0042291 secs]2020-09-10T15:46:46.821+0800: 586.559: [scrub symbol table, 0.0084165 secs]2020-09-10T15:46:46.829+0800: 586.568: [scrub string table, 0.0005276 secs][1 CMS-remark: 3744664K(4194304K)] 4939702K(6081792K), 0.5561315 secs] [Times: user=3.42 sys=0.03, real=0.56 secs] 
2020-09-10T15:46:46.830+0800: 586.568: Total time for which application threads were stopped: 0.5562746 seconds, Stopping threads took: 0.0000225 seconds
2020-09-10T15:46:46.830+0800: 586.568: [CMS-concurrent-sweep-start]
2020-09-10T15:46:47.765+0800: 587.503: [CMS-concurrent-sweep: 0.935/0.935 secs] [Times: user=0.92 sys=0.00, real=0.94 secs] 
2020-09-10T15:46:47.765+0800: 587.503: [CMS-concurrent-reset-start]
2020-09-10T15:46:47.769+0800: 587.507: [CMS-concurrent-reset: 0.004/0.004 secs] [Times: user=0.02 sys=0.00, real=0.00 secs] 
2020-09-10T15:46:49.769+0800: 589.507: Application time: 2.9384397 seconds
2020-09-10T15:46:49.769+0800: 589.507: [GC (CMS Initial Mark) [1 CMS-initial-mark: 3744664K(4194304K)] 4939702K(6081792K), 0.2862362 secs] [Times: user=0.53 sys=0.00, real=0.29 secs] 
2020-09-10T15:46:50.055+0800: 589.793: Total time for which application threads were stopped: 0.2864887 seconds, Stopping threads took: 0.0000413 seconds
2020-09-10T15:46:50.055+0800: 589.793: [CMS-concurrent-mark-start]
2020-09-10T15:46:52.586+0800: 592.324: [CMS-concurrent-mark: 2.531/2.531 secs] [Times: user=5.06 sys=0.00, real=2.53 secs] 
2020-09-10T15:46:52.586+0800: 592.324: [CMS-concurrent-preclean-start]
2020-09-10T15:46:52.590+0800: 592.329: [CMS-concurrent-preclean: 0.005/0.005 secs] [Times: user=0.00 sys=0.00, real=0.01 secs] 
2020-09-10T15:46:52.591+0800: 592.329: [CMS-concurrent-abortable-preclean-start]
2020-09-10T15:46:52.591+0800: 592.329: [CMS-concurrent-abortable-preclean: 0.000/0.000 secs] [Times: user=0.00 sys=0.00, real=0.00 secs] 
2020-09-10T15:46:52.591+0800: 592.329: Application time: 2.5360470 seconds
2020-09-10T15:46:52.591+0800: 592.329: [GC (CMS Final Remark) [YG occupancy: 1195037 K (1887488 K)]2020-09-10T15:46:52.591+0800: 592.330: [Rescan (parallel) , 0.5575359 secs]2020-09-10T15:46:53.149+0800: 592.887: [weak refs processing, 0.0004346 secs]2020-09-10T15:46:53.149+0800: 592.888: [class unloading, 0.0042643 secs]2020-09-10T15:46:53.154+0800: 592.892: [scrub symbol table, 0.0081876 secs]2020-09-10T15:46:53.162+0800: 592.900: [scrub string table, 0.0005489 secs][1 CMS-remark: 3744664K(4194304K)] 4939702K(6081792K), 0.5713929 secs] [Times: user=3.74 sys=0.06, real=0.57 secs] 
2020-09-10T15:46:53.163+0800: 592.901: Total time for which application threads were stopped: 0.5715591 seconds, Stopping threads took: 0.0000251 seconds
2020-09-10T15:46:53.163+0800: 592.901: [CMS-concurrent-sweep-start]
2020-09-10T15:46:54.087+0800: 593.825: [CMS-concurrent-sweep: 0.924/0.924 secs] [Times: user=0.92 sys=0.00, real=0.92 secs] 
2020-09-10T15:46:54.087+0800: 593.825: [CMS-concurrent-reset-start]
2020-09-10T15:46:54.091+0800: 593.829: [CMS-concurrent-reset: 0.004/0.004 secs] [Times: user=0.00 sys=0.00, real=0.00 secs] 
2020-09-10T15:46:56.091+0800: 595.829: Application time: 2.9281917 seconds
2020-09-10T15:46:56.091+0800: 595.829: [GC (CMS Initial Mark) [1 CMS-initial-mark: 3744664K(4194304K)] 4939702K(6081792K), 0.3109553 secs] [Times: user=0.66 sys=0.00, real=0.31 secs] 
2020-09-10T15:46:56.401+0800: 596.140: Total time for which application threads were stopped: 0.3111473 seconds, Stopping threads took: 0.0000227 seconds
2020-09-10T15:46:56.402+0800: 596.140: [CMS-concurrent-mark-start]
2020-09-10T15:46:59.025+0800: 598.763: [CMS-concurrent-mark: 2.623/2.623 secs] [Times: user=5.23 sys=0.00, real=2.62 secs] 
2020-09-10T15:46:59.025+0800: 598.763: [CMS-concurrent-preclean-start]
2020-09-10T15:46:59.030+0800: 598.768: [CMS-concurrent-preclean: 0.005/0.005 secs] [Times: user=0.00 sys=0.00, real=0.00 secs] 
2020-09-10T15:46:59.030+0800: 598.768: [CMS-concurrent-abortable-preclean-start]
2020-09-10T15:46:59.030+0800: 598.768: [CMS-concurrent-abortable-preclean: 0.000/0.000 secs] [Times: user=0.00 sys=0.00, real=0.00 secs] 
2020-09-10T15:46:59.030+0800: 598.768: Application time: 2.6281997 seconds
2020-09-10T15:46:59.030+0800: 598.768: [GC (CMS Final Remark) [YG occupancy: 1195037 K (1887488 K)]2020-09-10T15:46:59.030+0800: 598.769: [Rescan (parallel) , 0.5593271 secs]2020-09-10T15:46:59.590+0800: 599.328: [weak refs processing, 0.0004184 secs]2020-09-10T15:46:59.591+0800: 599.328: [class unloading, 0.0048508 secs]2020-09-10T15:46:59.595+0800: 599.333: [scrub symbol table, 0.0075560 secs]2020-09-10T15:46:59.602+0800: 599.341: [scrub string table, 0.0005266 secs][1 CMS-remark: 3744664K(4194304K)] 4939702K(6081792K), 0.5730774 secs] [Times: user=3.78 sys=0.00, real=0.57 secs] 
2020-09-10T15:46:59.603+0800: 599.342: Total time for which application threads were stopped: 0.5732213 seconds, Stopping threads took: 0.0000209 seconds
2020-09-10T15:46:59.603+0800: 599.342: [CMS-concurrent-sweep-start]
2020-09-10T15:47:00.532+0800: 600.271: [CMS-concurrent-sweep: 0.929/0.929 secs] [Times: user=0.94 sys=0.00, real=0.93 secs] 
2020-09-10T15:47:00.532+0800: 600.271: [CMS-concurrent-reset-start]
2020-09-10T15:47:00.536+0800: 600.275: [CMS-concurrent-reset: 0.004/0.004 secs] [Times: user=0.00 sys=0.00, real=0.00 secs] 
2020-09-10T15:47:02.536+0800: 602.274: Application time: 2.9322775 seconds
2020-09-10T15:47:02.536+0800: 602.274: [GC (CMS Initial Mark) [1 CMS-initial-mark: 3744664K(4194304K)] 4939702K(6081792K), 0.3040142 secs] [Times: user=0.61 sys=0.00, real=0.30 secs] 
2020-09-10T15:47:02.839+0800: 602.578: Total time for which application threads were stopped: 0.3042147 seconds, Stopping threads took: 0.0000226 seconds
2020-09-10T15:47:02.840+0800: 602.578: [CMS-concurrent-mark-start]
2020-09-10T15:47:05.461+0800: 605.199: [CMS-concurrent-mark: 2.621/2.621 secs] [Times: user=5.25 sys=0.00, real=2.62 secs] 
2020-09-10T15:47:05.461+0800: 605.199: [CMS-concurrent-preclean-start]
2020-09-10T15:47:05.466+0800: 605.204: [CMS-concurrent-preclean: 0.005/0.005 secs] [Times: user=0.00 sys=0.00, real=0.01 secs] 
2020-09-10T15:47:05.466+0800: 605.204: [CMS-concurrent-abortable-preclean-start]
2020-09-10T15:47:05.466+0800: 605.204: [CMS-concurrent-abortable-preclean: 0.000/0.000 secs] [Times: user=0.00 sys=0.00, real=0.00 secs] 
2020-09-10T15:47:05.466+0800: 605.204: Application time: 2.6262164 seconds
2020-09-10T15:47:05.466+0800: 605.204: [GC (CMS Final Remark) [YG occupancy: 1195037 K (1887488 K)]2020-09-10T15:47:05.466+0800: 605.204: [Rescan (parallel) , 0.6108562 secs]2020-09-10T15:47:06.077+0800: 605.815: [weak refs processing, 0.0007735 secs]2020-09-10T15:47:06.078+0800: 605.816: [class unloading, 0.0052993 secs]2020-09-10T15:47:06.083+0800: 605.822: [scrub symbol table, 0.0089305 secs]2020-09-10T15:47:06.092+0800: 605.831: [scrub string table, 0.0006998 secs][1 CMS-remark: 3744664K(4194304K)] 4939702K(6081792K), 0.6269991 secs] [Times: user=3.63 sys=0.08, real=0.63 secs] 
2020-09-10T15:47:06.093+0800: 605.832: Total time for which application threads were stopped: 0.6271633 seconds, Stopping threads took: 0.0000218 seconds
2020-09-10T15:47:06.093+0800: 605.832: [CMS-concurrent-sweep-start]
2020-09-10T15:47:07.007+0800: 606.745: [CMS-concurrent-sweep: 0.913/0.913 secs] [Times: user=0.92 sys=0.00, real=0.91 secs] 
2020-09-10T15:47:07.007+0800: 606.745: [CMS-concurrent-reset-start]
2020-09-10T15:47:07.011+0800: 606.749: [CMS-concurrent-reset: 0.004/0.004 secs] [Times: user=0.00 sys=0.00, real=0.00 secs] 
2020-09-10T15:47:09.012+0800: 608.750: Application time: 2.9187484 seconds
2020-09-10T15:47:09.012+0800: 608.750: [GC (CMS Initial Mark) [1 CMS-initial-mark: 3744664K(4194304K)] 4939702K(6081792K), 0.2833656 secs] [Times: user=0.58 sys=0.00, real=0.28 secs] 
2020-09-10T15:47:09.296+0800: 609.034: Total time for which application threads were stopped: 0.2835636 seconds, Stopping threads took: 0.0000266 seconds
2020-09-10T15:47:09.296+0800: 609.034: [CMS-concurrent-mark-start]
2020-09-10T15:47:11.830+0800: 611.569: [CMS-concurrent-mark: 2.535/2.535 secs] [Times: user=5.06 sys=0.00, real=2.53 secs] 
2020-09-10T15:47:11.831+0800: 611.569: [CMS-concurrent-preclean-start]
2020-09-10T15:47:11.838+0800: 611.576: [CMS-concurrent-preclean: 0.007/0.007 secs] [Times: user=0.00 sys=0.00, real=0.01 secs] 
2020-09-10T15:47:11.838+0800: 611.576: [CMS-concurrent-abortable-preclean-start]
2020-09-10T15:47:11.838+0800: 611.576: [CMS-concurrent-abortable-preclean: 0.000/0.000 secs] [Times: user=0.00 sys=0.00, real=0.00 secs] 
2020-09-10T15:47:11.838+0800: 611.576: Application time: 2.5422779 seconds
2020-09-10T15:47:11.838+0800: 611.576: [GC (CMS Final Remark) [YG occupancy: 1195037 K (1887488 K)]2020-09-10T15:47:11.838+0800: 611.576: [Rescan (parallel) , 0.5645218 secs]2020-09-10T15:47:12.403+0800: 612.141: [weak refs processing, 0.0005454 secs]2020-09-10T15:47:12.403+0800: 612.141: [class unloading, 0.0042980 secs]2020-09-10T15:47:12.408+0800: 612.146: [scrub symbol table, 0.0080613 secs]2020-09-10T15:47:12.416+0800: 612.154: [scrub string table, 0.0004973 secs][1 CMS-remark: 3744664K(4194304K)] 4939702K(6081792K), 0.5783012 secs] [Times: user=3.73 sys=0.03, real=0.58 secs] 
2020-09-10T15:47:12.417+0800: 612.155: Total time for which application threads were stopped: 0.5784509 seconds, Stopping threads took: 0.0000224 seconds
2020-09-10T15:47:12.417+0800: 612.155: [CMS-concurrent-sweep-start]
2020-09-10T15:47:13.399+0800: 613.137: [CMS-concurrent-sweep: 0.983/0.983 secs] [Times: user=0.98 sys=0.00, real=0.98 secs] 
2020-09-10T15:47:13.399+0800: 613.137: [CMS-concurrent-reset-start]
2020-09-10T15:47:13.402+0800: 613.141: [CMS-concurrent-reset: 0.004/0.004 secs] [Times: user=0.00 sys=0.00, real=0.00 secs] 
2020-09-10T15:47:15.402+0800: 615.140: Application time: 2.9858051 seconds
2020-09-10T15:47:15.402+0800: 615.140: [GC (CMS Initial Mark) [1 CMS-initial-mark: 3744664K(4194304K)] 4939702K(6081792K), 0.3019647 secs] [Times: user=0.63 sys=0.00, real=0.30 secs] 
2020-09-10T15:47:15.705+0800: 615.443: Total time for which application threads were stopped: 0.3021720 seconds, Stopping threads took: 0.0000244 seconds
2020-09-10T15:47:15.705+0800: 615.443: [CMS-concurrent-mark-start]
2020-09-10T15:47:18.374+0800: 618.112: [CMS-concurrent-mark: 2.670/2.670 secs] [Times: user=5.30 sys=0.00, real=2.67 secs] 
2020-09-10T15:47:18.374+0800: 618.112: [CMS-concurrent-preclean-start]
2020-09-10T15:47:18.379+0800: 618.118: [CMS-concurrent-preclean: 0.005/0.005 secs] [Times: user=0.01 sys=0.00, real=0.00 secs] 
2020-09-10T15:47:18.379+0800: 618.118: [CMS-concurrent-abortable-preclean-start]
2020-09-10T15:47:18.379+0800: 618.118: [CMS-concurrent-abortable-preclean: 0.000/0.000 secs] [Times: user=0.00 sys=0.00, real=0.00 secs] 
2020-09-10T15:47:18.379+0800: 618.118: Application time: 2.6752256 seconds
2020-09-10T15:47:18.379+0800: 618.118: [GC (CMS Final Remark) [YG occupancy: 1195037 K (1887488 K)]2020-09-10T15:47:18.379+0800: 618.118: [Rescan (parallel) , 0.5698429 secs]2020-09-10T15:47:18.950+0800: 618.688: [weak refs processing, 0.0003984 secs]2020-09-10T15:47:18.950+0800: 618.688: [class unloading, 0.0046054 secs]2020-09-10T15:47:18.955+0800: 618.693: [scrub symbol table, 0.0080915 secs]2020-09-10T15:47:18.963+0800: 618.701: [scrub string table, 0.0005207 secs][1 CMS-remark: 3744664K(4194304K)] 4939702K(6081792K), 0.5837941 secs] [Times: user=3.47 sys=0.05, real=0.59 secs] 
2020-09-10T15:47:18.964+0800: 618.702: Total time for which application threads were stopped: 0.5839366 seconds, Stopping threads took: 0.0000223 seconds
2020-09-10T15:47:18.964+0800: 618.702: [CMS-concurrent-sweep-start]
2020-09-10T15:47:19.889+0800: 619.627: [CMS-concurrent-sweep: 0.926/0.926 secs] [Times: user=0.92 sys=0.00, real=0.92 secs] 
2020-09-10T15:47:19.889+0800: 619.628: [CMS-concurrent-reset-start]
2020-09-10T15:47:19.893+0800: 619.632: [CMS-concurrent-reset: 0.004/0.004 secs] [Times: user=0.01 sys=0.00, real=0.00 secs] 
2020-09-10T15:47:21.893+0800: 621.631: Application time: 2.9294020 seconds
2020-09-10T15:47:21.893+0800: 621.631: [GC (CMS Initial Mark) [1 CMS-initial-mark: 3744664K(4194304K)] 4939702K(6081792K), 0.2947252 secs] [Times: user=0.55 sys=0.00, real=0.29 secs] 
2020-09-10T15:47:22.187+0800: 621.926: Total time for which application threads were stopped: 0.2949255 seconds, Stopping threads took: 0.0000220 seconds
2020-09-10T15:47:22.187+0800: 621.926: [CMS-concurrent-mark-start]
2020-09-10T15:47:24.935+0800: 624.673: [CMS-concurrent-mark: 2.747/2.747 secs] [Times: user=5.45 sys=0.00, real=2.75 secs] 
2020-09-10T15:47:24.935+0800: 624.673: [CMS-concurrent-preclean-start]
2020-09-10T15:47:24.940+0800: 624.678: [CMS-concurrent-preclean: 0.005/0.005 secs] [Times: user=0.02 sys=0.00, real=0.01 secs] 
2020-09-10T15:47:24.940+0800: 624.679: [CMS-concurrent-abortable-preclean-start]
2020-09-10T15:47:24.940+0800: 624.679: [CMS-concurrent-abortable-preclean: 0.000/0.000 secs] [Times: user=0.00 sys=0.00, real=0.00 secs] 
2020-09-10T15:47:24.940+0800: 624.679: Application time: 2.7526193 seconds
2020-09-10T15:47:24.941+0800: 624.679: [GC (CMS Final Remark) [YG occupancy: 1195037 K (1887488 K)]2020-09-10T15:47:24.941+0800: 624.679: [Rescan (parallel) , 0.5706600 secs]2020-09-10T15:47:25.512+0800: 625.250: [weak refs processing, 0.0006220 secs]2020-09-10T15:47:25.512+0800: 625.250: [class unloading, 0.0042034 secs]2020-09-10T15:47:25.517+0800: 625.255: [scrub symbol table, 0.0082967 secs]2020-09-10T15:47:25.525+0800: 625.263: [scrub string table, 0.0005608 secs][1 CMS-remark: 3744664K(4194304K)] 4939702K(6081792K), 0.5849304 secs] [Times: user=3.59 sys=0.05, real=0.59 secs] 
2020-09-10T15:47:25.526+0800: 625.264: Total time for which application threads were stopped: 0.5850901 seconds, Stopping threads took: 0.0000230 seconds
2020-09-10T15:47:25.526+0800: 625.264: [CMS-concurrent-sweep-start]
2020-09-10T15:47:26.494+0800: 626.233: [CMS-concurrent-sweep: 0.969/0.969 secs] [Times: user=0.97 sys=0.00, real=0.97 secs] 
2020-09-10T15:47:26.494+0800: 626.233: [CMS-concurrent-reset-start]
2020-09-10T15:47:26.498+0800: 626.236: [CMS-concurrent-reset: 0.004/0.004 secs] [Times: user=0.00 sys=0.00, real=0.00 secs] 
2020-09-10T15:47:28.498+0800: 628.236: Application time: 2.9721893 seconds
2020-09-10T15:47:28.498+0800: 628.236: [GC (CMS Initial Mark) [1 CMS-initial-mark: 3744664K(4194304K)] 4939702K(6081792K), 0.2932277 secs] [Times: user=0.59 sys=0.00, real=0.29 secs] 
2020-09-10T15:47:28.791+0800: 628.529: Total time for which application threads were stopped: 0.2934403 seconds, Stopping threads took: 0.0000241 seconds
2020-09-10T15:47:28.791+0800: 628.529: [CMS-concurrent-mark-start]
2020-09-10T15:47:31.636+0800: 631.375: [CMS-concurrent-mark: 2.845/2.845 secs] [Times: user=5.67 sys=0.00, real=2.85 secs] 
2020-09-10T15:47:31.636+0800: 631.375: [CMS-concurrent-preclean-start]
2020-09-10T15:47:31.641+0800: 631.380: [CMS-concurrent-preclean: 0.005/0.005 secs] [Times: user=0.02 sys=0.00, real=0.01 secs] 
2020-09-10T15:47:31.641+0800: 631.380: [CMS-concurrent-abortable-preclean-start]
2020-09-10T15:47:31.641+0800: 631.380: [CMS-concurrent-abortable-preclean: 0.000/0.000 secs] [Times: user=0.00 sys=0.00, real=0.00 secs] 
2020-09-10T15:47:31.641+0800: 631.380: Application time: 2.8506387 seconds
2020-09-10T15:47:31.641+0800: 631.380: [GC (CMS Final Remark) [YG occupancy: 1195037 K (1887488 K)]2020-09-10T15:47:31.641+0800: 631.380: [Rescan (parallel) , 0.5767554 secs]2020-09-10T15:47:32.219+0800: 631.957: [weak refs processing, 0.0004076 secs]2020-09-10T15:47:32.219+0800: 631.957: [class unloading, 0.0049996 secs]2020-09-10T15:47:32.224+0800: 631.963: [scrub symbol table, 0.0080122 secs]2020-09-10T15:47:32.232+0800: 631.971: [scrub string table, 0.0005579 secs][1 CMS-remark: 3744664K(4194304K)] 4939702K(6081792K), 0.5910925 secs] [Times: user=3.83 sys=0.00, real=0.59 secs] 
2020-09-10T15:47:32.233+0800: 631.971: Total time for which application threads were stopped: 0.5912554 seconds, Stopping threads took: 0.0000276 seconds
2020-09-10T15:47:32.233+0800: 631.971: [CMS-concurrent-sweep-start]
2020-09-10T15:47:33.162+0800: 632.900: [CMS-concurrent-sweep: 0.928/0.928 secs] [Times: user=0.94 sys=0.00, real=0.93 secs] 
2020-09-10T15:47:33.162+0800: 632.900: [CMS-concurrent-reset-start]
2020-09-10T15:47:33.166+0800: 632.904: [CMS-concurrent-reset: 0.004/0.004 secs] [Times: user=0.00 sys=0.00, real=0.00 secs] 
2020-09-10T15:47:35.165+0800: 634.903: Application time: 2.9320064 seconds
2020-09-10T15:47:35.165+0800: 634.903: [GC (CMS Initial Mark) [1 CMS-initial-mark: 3744664K(4194304K)] 4939702K(6081792K), 0.3294723 secs] [Times: user=0.66 sys=0.00, real=0.33 secs] 
2020-09-10T15:47:35.494+0800: 635.233: Total time for which application threads were stopped: 0.3297015 seconds, Stopping threads took: 0.0000257 seconds
2020-09-10T15:47:35.494+0800: 635.233: [CMS-concurrent-mark-start]
2020-09-10T15:47:38.129+0800: 637.868: [CMS-concurrent-mark: 2.635/2.635 secs] [Times: user=5.27 sys=0.00, real=2.63 secs] 
2020-09-10T15:47:38.129+0800: 637.868: [CMS-concurrent-preclean-start]
2020-09-10T15:47:38.136+0800: 637.875: [CMS-concurrent-preclean: 0.007/0.007 secs] [Times: user=0.00 sys=0.00, real=0.01 secs] 
2020-09-10T15:47:38.136+0800: 637.875: [CMS-concurrent-abortable-preclean-start]
2020-09-10T15:47:38.136+0800: 637.875: [CMS-concurrent-abortable-preclean: 0.000/0.000 secs] [Times: user=0.00 sys=0.00, real=0.00 secs] 
2020-09-10T15:47:38.136+0800: 637.875: Application time: 2.6419799 seconds
2020-09-10T15:47:38.137+0800: 637.875: [GC (CMS Final Remark) [YG occupancy: 1195037 K (1887488 K)]2020-09-10T15:47:38.137+0800: 637.875: [Rescan (parallel) , 0.5860665 secs]2020-09-10T15:47:38.723+0800: 638.461: [weak refs processing, 0.0007140 secs]2020-09-10T15:47:38.724+0800: 638.462: [class unloading, 0.0063115 secs]2020-09-10T15:47:38.730+0800: 638.468: [scrub symbol table, 0.0103016 secs]2020-09-10T15:47:38.741+0800: 638.479: [scrub string table, 0.0006193 secs][1 CMS-remark: 3744664K(4194304K)] 4939702K(6081792K), 0.6045096 secs] [Times: user=3.73 sys=0.05, real=0.61 secs] 
2020-09-10T15:47:38.742+0800: 638.480: Total time for which application threads were stopped: 0.6047314 seconds, Stopping threads took: 0.0000222 seconds
2020-09-10T15:47:38.742+0800: 638.480: [CMS-concurrent-sweep-start]
2020-09-10T15:47:39.672+0800: 639.410: [CMS-concurrent-sweep: 0.930/0.930 secs] [Times: user=0.94 sys=0.00, real=0.93 secs] 
2020-09-10T15:47:39.672+0800: 639.410: [CMS-concurrent-reset-start]
2020-09-10T15:47:39.676+0800: 639.414: [CMS-concurrent-reset: 0.004/0.004 secs] [Times: user=0.00 sys=0.00, real=0.00 secs] 
2020-09-10T15:47:41.677+0800: 641.415: Application time: 2.9349830 seconds
2020-09-10T15:47:41.677+0800: 641.415: [GC (CMS Initial Mark) [1 CMS-initial-mark: 3744664K(4194304K)] 4939702K(6081792K), 0.3144961 secs] [Times: user=0.59 sys=0.00, real=0.31 secs] 
2020-09-10T15:47:41.991+0800: 641.729: Total time for which application threads were stopped: 0.3147064 seconds, Stopping threads took: 0.0000209 seconds
2020-09-10T15:47:41.991+0800: 641.729: [CMS-concurrent-mark-start]
2020-09-10T15:47:44.820+0800: 644.558: [CMS-concurrent-mark: 2.829/2.829 secs] [Times: user=5.59 sys=0.00, real=2.83 secs] 
2020-09-10T15:47:44.820+0800: 644.558: [CMS-concurrent-preclean-start]
2020-09-10T15:47:44.825+0800: 644.563: [CMS-concurrent-preclean: 0.005/0.005 secs] [Times: user=0.00 sys=0.00, real=0.01 secs] 
2020-09-10T15:47:44.825+0800: 644.563: [CMS-concurrent-abortable-preclean-start]
2020-09-10T15:47:44.825+0800: 644.563: [CMS-concurrent-abortable-preclean: 0.000/0.000 secs] [Times: user=0.00 sys=0.00, real=0.00 secs] 
2020-09-10T15:47:44.825+0800: 644.563: Application time: 2.8340705 seconds
2020-09-10T15:47:44.825+0800: 644.564: [GC (CMS Final Remark) [YG occupancy: 1195037 K (1887488 K)]2020-09-10T15:47:44.825+0800: 644.564: [Rescan (parallel) , 0.5756800 secs]2020-09-10T15:47:45.401+0800: 645.139: [weak refs processing, 0.0005364 secs]2020-09-10T15:47:45.402+0800: 645.140: [class unloading, 0.0040811 secs]2020-09-10T15:47:45.406+0800: 645.144: [scrub symbol table, 0.0085952 secs]2020-09-10T15:47:45.414+0800: 645.153: [scrub string table, 0.0005211 secs][1 CMS-remark: 3744664K(4194304K)] 4939702K(6081792K), 0.5897666 secs] [Times: user=3.59 sys=0.06, real=0.59 secs] 
2020-09-10T15:47:45.414+0800: 645.153: Total time for which application threads were stopped: 0.5899140 seconds, Stopping threads took: 0.0000229 seconds
2020-09-10T15:47:45.415+0800: 645.153: [CMS-concurrent-sweep-start]
2020-09-10T15:47:46.357+0800: 646.096: [CMS-concurrent-sweep: 0.942/0.942 secs] [Times: user=0.94 sys=0.00, real=0.94 secs] 
2020-09-10T15:47:46.357+0800: 646.096: [CMS-concurrent-reset-start]
2020-09-10T15:47:46.362+0800: 646.100: [CMS-concurrent-reset: 0.004/0.004 secs] [Times: user=0.02 sys=0.00, real=0.00 secs] 
2020-09-10T15:47:48.362+0800: 648.100: Application time: 2.9463035 seconds
2020-09-10T15:47:48.362+0800: 648.100: [GC (CMS Initial Mark) [1 CMS-initial-mark: 3744664K(4194304K)] 4939702K(6081792K), 0.2853538 secs] [Times: user=0.51 sys=0.00, real=0.29 secs] 
2020-09-10T15:47:48.647+0800: 648.385: Total time for which application threads were stopped: 0.2855376 seconds, Stopping threads took: 0.0000212 seconds
2020-09-10T15:47:48.647+0800: 648.385: [CMS-concurrent-mark-start]
2020-09-10T15:47:51.217+0800: 650.956: [CMS-concurrent-mark: 2.571/2.571 secs] [Times: user=5.13 sys=0.00, real=2.57 secs] 
2020-09-10T15:47:51.217+0800: 650.956: [CMS-concurrent-preclean-start]
2020-09-10T15:47:51.223+0800: 650.961: [CMS-concurrent-preclean: 0.005/0.005 secs] [Times: user=0.02 sys=0.00, real=0.01 secs] 
2020-09-10T15:47:51.223+0800: 650.962: [CMS-concurrent-abortable-preclean-start]
2020-09-10T15:47:51.223+0800: 650.962: [CMS-concurrent-abortable-preclean: 0.000/0.000 secs] [Times: user=0.00 sys=0.00, real=0.00 secs] 
2020-09-10T15:47:51.223+0800: 650.962: Application time: 2.5763122 seconds
2020-09-10T15:47:51.223+0800: 650.962: [GC (CMS Final Remark) [YG occupancy: 1195037 K (1887488 K)]2020-09-10T15:47:51.223+0800: 650.962: [Rescan (parallel) , 0.5611927 secs]2020-09-10T15:47:51.785+0800: 651.523: [weak refs processing, 0.0005756 secs]2020-09-10T15:47:51.785+0800: 651.524: [class unloading, 0.0059909 secs]2020-09-10T15:47:51.791+0800: 651.530: [scrub symbol table, 0.0082885 secs]2020-09-10T15:47:51.800+0800: 651.538: [scrub string table, 0.0005210 secs][1 CMS-remark: 3744664K(4194304K)] 4939702K(6081792K), 0.5769839 secs] [Times: user=3.76 sys=0.00, real=0.58 secs] 
2020-09-10T15:47:51.800+0800: 651.539: Total time for which application threads were stopped: 0.5771305 seconds, Stopping threads took: 0.0000227 seconds
2020-09-10T15:47:51.800+0800: 651.539: [CMS-concurrent-sweep-start]
2020-09-10T15:47:52.708+0800: 652.446: [CMS-concurrent-sweep: 0.907/0.907 secs] [Times: user=0.91 sys=0.00, real=0.91 secs] 
2020-09-10T15:47:52.708+0800: 652.446: [CMS-concurrent-reset-start]
2020-09-10T15:47:52.712+0800: 652.450: [CMS-concurrent-reset: 0.004/0.004 secs] [Times: user=0.00 sys=0.00, real=0.00 secs] 
2020-09-10T15:47:54.711+0800: 654.449: Application time: 2.9102213 seconds
2020-09-10T15:47:54.711+0800: 654.449: [GC (CMS Initial Mark) [1 CMS-initial-mark: 3744664K(4194304K)] 4939702K(6081792K), 0.2860635 secs] [Times: user=0.58 sys=0.00, real=0.29 secs] 
2020-09-10T15:47:54.997+0800: 654.735: Total time for which application threads were stopped: 0.2863058 seconds, Stopping threads took: 0.0000312 seconds
2020-09-10T15:47:54.997+0800: 654.735: [CMS-concurrent-mark-start]
2020-09-10T15:47:57.545+0800: 657.283: [CMS-concurrent-mark: 2.548/2.548 secs] [Times: user=5.08 sys=0.00, real=2.55 secs] 
2020-09-10T15:47:57.545+0800: 657.284: [CMS-concurrent-preclean-start]
2020-09-10T15:47:57.550+0800: 657.288: [CMS-concurrent-preclean: 0.005/0.005 secs] [Times: user=0.02 sys=0.00, real=0.00 secs] 
2020-09-10T15:47:57.550+0800: 657.289: [CMS-concurrent-abortable-preclean-start]
2020-09-10T15:47:57.550+0800: 657.289: [CMS-concurrent-abortable-preclean: 0.000/0.000 secs] [Times: user=0.00 sys=0.00, real=0.00 secs] 
2020-09-10T15:47:57.550+0800: 657.289: Application time: 2.5533831 seconds
2020-09-10T15:47:57.550+0800: 657.289: [GC (CMS Final Remark) [YG occupancy: 1195037 K (1887488 K)]2020-09-10T15:47:57.551+0800: 657.289: [Rescan (parallel) , 0.5630482 secs]2020-09-10T15:47:58.114+0800: 657.852: [weak refs processing, 0.0006633 secs]2020-09-10T15:47:58.114+0800: 657.853: [class unloading, 0.0054925 secs]2020-09-10T15:47:58.120+0800: 657.858: [scrub symbol table, 0.0081882 secs]2020-09-10T15:47:58.128+0800: 657.866: [scrub string table, 0.0005068 secs][1 CMS-remark: 3744664K(4194304K)] 4939702K(6081792K), 0.5782510 secs] [Times: user=3.76 sys=0.01, real=0.58 secs] 
2020-09-10T15:47:58.129+0800: 657.867: Total time for which application threads were stopped: 0.5783974 seconds, Stopping threads took: 0.0000251 seconds
2020-09-10T15:47:58.129+0800: 657.867: [CMS-concurrent-sweep-start]
2020-09-10T15:47:59.049+0800: 658.788: [CMS-concurrent-sweep: 0.921/0.921 secs] [Times: user=0.92 sys=0.00, real=0.92 secs] 
2020-09-10T15:47:59.050+0800: 658.788: [CMS-concurrent-reset-start]
2020-09-10T15:47:59.054+0800: 658.792: [CMS-concurrent-reset: 0.004/0.004 secs] [Times: user=0.00 sys=0.00, real=0.00 secs] 
2020-09-10T15:48:01.054+0800: 660.792: Application time: 2.9249126 seconds
2020-09-10T15:48:01.054+0800: 660.792: [GC (CMS Initial Mark) [1 CMS-initial-mark: 3744664K(4194304K)] 4939702K(6081792K), 0.2906240 secs] [Times: user=0.59 sys=0.00, real=0.29 secs] 
2020-09-10T15:48:01.344+0800: 661.083: Total time for which application threads were stopped: 0.2908387 seconds, Stopping threads took: 0.0000354 seconds
2020-09-10T15:48:01.344+0800: 661.083: [CMS-concurrent-mark-start]
2020-09-10T15:48:03.840+0800: 663.578: [CMS-concurrent-mark: 2.495/2.495 secs] [Times: user=4.97 sys=0.00, real=2.50 secs] 
2020-09-10T15:48:03.840+0800: 663.578: [CMS-concurrent-preclean-start]
2020-09-10T15:48:03.845+0800: 663.583: [CMS-concurrent-preclean: 0.005/0.005 secs] [Times: user=0.01 sys=0.00, real=0.01 secs] 
2020-09-10T15:48:03.845+0800: 663.583: [CMS-concurrent-abortable-preclean-start]
2020-09-10T15:48:03.845+0800: 663.583: [CMS-concurrent-abortable-preclean: 0.000/0.000 secs] [Times: user=0.00 sys=0.00, real=0.00 secs] 
2020-09-10T15:48:03.845+0800: 663.583: Application time: 2.5006625 seconds
2020-09-10T15:48:03.845+0800: 663.584: [GC (CMS Final Remark) [YG occupancy: 1195037 K (1887488 K)]2020-09-10T15:48:03.845+0800: 663.584: [Rescan (parallel) , 0.5844340 secs]2020-09-10T15:48:04.430+0800: 664.168: [weak refs processing, 0.0004247 secs]2020-09-10T15:48:04.430+0800: 664.169: [class unloading, 0.0042261 secs]2020-09-10T15:48:04.434+0800: 664.173: [scrub symbol table, 0.0083134 secs]2020-09-10T15:48:04.443+0800: 664.181: [scrub string table, 0.0005340 secs][1 CMS-remark: 3744664K(4194304K)] 4939702K(6081792K), 0.5983239 secs] [Times: user=3.56 sys=0.05, real=0.60 secs] 
2020-09-10T15:48:04.444+0800: 664.182: Total time for which application threads were stopped: 0.5984795 seconds, Stopping threads took: 0.0000282 seconds
2020-09-10T15:48:04.444+0800: 664.182: [CMS-concurrent-sweep-start]
2020-09-10T15:48:05.394+0800: 665.133: [CMS-concurrent-sweep: 0.951/0.951 secs] [Times: user=0.95 sys=0.00, real=0.95 secs] 
2020-09-10T15:48:05.394+0800: 665.133: [CMS-concurrent-reset-start]
2020-09-10T15:48:05.398+0800: 665.136: [CMS-concurrent-reset: 0.003/0.003 secs] [Times: user=0.00 sys=0.00, real=0.00 secs] 
2020-09-10T15:48:07.398+0800: 667.136: Application time: 2.9542995 seconds
2020-09-10T15:48:07.398+0800: 667.136: [GC (CMS Initial Mark) [1 CMS-initial-mark: 3744664K(4194304K)] 4939702K(6081792K), 0.2869763 secs] [Times: user=0.58 sys=0.00, real=0.29 secs] 
2020-09-10T15:48:07.685+0800: 667.423: Total time for which application threads were stopped: 0.2871842 seconds, Stopping threads took: 0.0000260 seconds
2020-09-10T15:48:07.685+0800: 667.423: [CMS-concurrent-mark-start]
2020-09-10T15:48:10.262+0800: 670.001: [CMS-concurrent-mark: 2.577/2.577 secs] [Times: user=5.16 sys=0.00, real=2.58 secs] 
2020-09-10T15:48:10.262+0800: 670.001: [CMS-concurrent-preclean-start]
2020-09-10T15:48:10.267+0800: 670.006: [CMS-concurrent-preclean: 0.005/0.005 secs] [Times: user=0.02 sys=0.00, real=0.00 secs] 
2020-09-10T15:48:10.267+0800: 670.006: [CMS-concurrent-abortable-preclean-start]
2020-09-10T15:48:10.267+0800: 670.006: [CMS-concurrent-abortable-preclean: 0.000/0.000 secs] [Times: user=0.00 sys=0.00, real=0.00 secs] 
2020-09-10T15:48:10.268+0800: 670.006: Application time: 2.5829887 seconds
2020-09-10T15:48:10.268+0800: 670.007: [GC (CMS Final Remark) [YG occupancy: 1195037 K (1887488 K)]2020-09-10T15:48:10.268+0800: 670.007: [Rescan (parallel) , 0.5727780 secs]2020-09-10T15:48:10.841+0800: 670.579: [weak refs processing, 0.0004210 secs]2020-09-10T15:48:10.842+0800: 670.580: [class unloading, 0.0044362 secs]2020-09-10T15:48:10.846+0800: 670.584: [scrub symbol table, 0.0074810 secs]2020-09-10T15:48:10.854+0800: 670.592: [scrub string table, 0.0005346 secs][1 CMS-remark: 3744664K(4194304K)] 4939702K(6081792K), 0.5860347 secs] [Times: user=3.61 sys=0.02, real=0.59 secs] 
2020-09-10T15:48:10.854+0800: 670.593: Total time for which application threads were stopped: 0.5862016 seconds, Stopping threads took: 0.0000293 seconds
2020-09-10T15:48:10.854+0800: 670.593: [CMS-concurrent-sweep-start]
2020-09-10T15:48:11.793+0800: 671.532: [CMS-concurrent-sweep: 0.939/0.939 secs] [Times: user=0.94 sys=0.00, real=0.94 secs] 
2020-09-10T15:48:11.793+0800: 671.532: [CMS-concurrent-reset-start]
2020-09-10T15:48:11.798+0800: 671.536: [CMS-concurrent-reset: 0.004/0.004 secs] [Times: user=0.02 sys=0.00, real=0.01 secs] 
2020-09-10T15:48:13.798+0800: 673.536: Application time: 2.9434978 seconds
2020-09-10T15:48:13.798+0800: 673.536: [GC (CMS Initial Mark) [1 CMS-initial-mark: 3744664K(4194304K)] 4939702K(6081792K), 0.2854369 secs] [Times: user=0.52 sys=0.00, real=0.28 secs] 
2020-09-10T15:48:14.083+0800: 673.822: Total time for which application threads were stopped: 0.2856414 seconds, Stopping threads took: 0.0000259 seconds
2020-09-10T15:48:14.083+0800: 673.822: [CMS-concurrent-mark-start]
2020-09-10T15:48:16.704+0800: 676.442: [CMS-concurrent-mark: 2.620/2.620 secs] [Times: user=5.23 sys=0.00, real=2.62 secs] 
2020-09-10T15:48:16.704+0800: 676.442: [CMS-concurrent-preclean-start]
2020-09-10T15:48:16.709+0800: 676.447: [CMS-concurrent-preclean: 0.005/0.005 secs] [Times: user=0.00 sys=0.00, real=0.01 secs] 
2020-09-10T15:48:16.709+0800: 676.447: [CMS-concurrent-abortable-preclean-start]
2020-09-10T15:48:16.709+0800: 676.447: [CMS-concurrent-abortable-preclean: 0.000/0.000 secs] [Times: user=0.00 sys=0.00, real=0.00 secs] 
2020-09-10T15:48:16.709+0800: 676.448: Application time: 2.6257844 seconds
2020-09-10T15:48:16.709+0800: 676.448: [GC (CMS Final Remark) [YG occupancy: 1195037 K (1887488 K)]2020-09-10T15:48:16.709+0800: 676.448: [Rescan (parallel) , 0.5646311 secs]2020-09-10T15:48:17.274+0800: 677.012: [weak refs processing, 0.0003934 secs]2020-09-10T15:48:17.274+0800: 677.013: [class unloading, 0.0045191 secs]2020-09-10T15:48:17.279+0800: 677.017: [scrub symbol table, 0.0083341 secs]2020-09-10T15:48:17.287+0800: 677.026: [scrub string table, 0.0005714 secs][1 CMS-remark: 3744664K(4194304K)] 4939702K(6081792K), 0.5788095 secs] [Times: user=3.64 sys=0.02, real=0.58 secs] 
2020-09-10T15:48:17.288+0800: 677.026: Total time for which application threads were stopped: 0.5789561 seconds, Stopping threads took: 0.0000204 seconds
2020-09-10T15:48:17.288+0800: 677.027: [CMS-concurrent-sweep-start]
2020-09-10T15:48:18.271+0800: 678.010: [CMS-concurrent-sweep: 0.983/0.983 secs] [Times: user=0.98 sys=0.00, real=0.98 secs] 
2020-09-10T15:48:18.271+0800: 678.010: [CMS-concurrent-reset-start]
2020-09-10T15:48:18.275+0800: 678.014: [CMS-concurrent-reset: 0.004/0.004 secs] [Times: user=0.00 sys=0.00, real=0.00 secs] 
2020-09-10T15:48:20.276+0800: 680.014: Application time: 2.9872104 seconds
2020-09-10T15:48:20.276+0800: 680.014: [GC (CMS Initial Mark) [1 CMS-initial-mark: 3744664K(4194304K)] 4939702K(6081792K), 0.2926785 secs] [Times: user=0.58 sys=0.00, real=0.29 secs] 
2020-09-10T15:48:20.568+0800: 680.307: Total time for which application threads were stopped: 0.2928654 seconds, Stopping threads took: 0.0000225 seconds
2020-09-10T15:48:20.568+0800: 680.307: [CMS-concurrent-mark-start]
2020-09-10T15:48:23.166+0800: 682.905: [CMS-concurrent-mark: 2.599/2.599 secs] [Times: user=5.19 sys=0.00, real=2.60 secs] 
2020-09-10T15:48:23.166+0800: 682.905: [CMS-concurrent-preclean-start]
2020-09-10T15:48:23.172+0800: 682.911: [CMS-concurrent-preclean: 0.005/0.005 secs] [Times: user=0.02 sys=0.00, real=0.01 secs] 
2020-09-10T15:48:23.172+0800: 682.911: [CMS-concurrent-abortable-preclean-start]
2020-09-10T15:48:23.172+0800: 682.911: [CMS-concurrent-abortable-preclean: 0.000/0.000 secs] [Times: user=0.00 sys=0.00, real=0.00 secs] 
2020-09-10T15:48:23.172+0800: 682.911: Application time: 2.6042300 seconds
2020-09-10T15:48:23.172+0800: 682.911: [GC (CMS Final Remark) [YG occupancy: 1195037 K (1887488 K)]2020-09-10T15:48:23.172+0800: 682.911: [Rescan (parallel) , 0.5605392 secs]2020-09-10T15:48:23.733+0800: 683.472: [weak refs processing, 0.0004182 secs]2020-09-10T15:48:23.734+0800: 683.472: [class unloading, 0.0054906 secs]2020-09-10T15:48:23.739+0800: 683.478: [scrub symbol table, 0.0074919 secs]2020-09-10T15:48:23.747+0800: 683.485: [scrub string table, 0.0005031 secs][1 CMS-remark: 3744664K(4194304K)] 4939702K(6081792K), 0.5748104 secs] [Times: user=3.59 sys=0.02, real=0.58 secs] 
2020-09-10T15:48:23.748+0800: 683.486: Total time for which application threads were stopped: 0.5749762 seconds, Stopping threads took: 0.0000256 seconds
2020-09-10T15:48:23.748+0800: 683.486: [CMS-concurrent-sweep-start]
2020-09-10T15:48:24.698+0800: 684.436: [CMS-concurrent-sweep: 0.951/0.951 secs] [Times: user=0.95 sys=0.00, real=0.95 secs] 
2020-09-10T15:48:24.698+0800: 684.436: [CMS-concurrent-reset-start]
2020-09-10T15:48:24.701+0800: 684.440: [CMS-concurrent-reset: 0.004/0.004 secs] [Times: user=0.00 sys=0.00, real=0.00 secs] 
2020-09-10T15:48:26.703+0800: 686.441: Application time: 2.9549902 seconds
2020-09-10T15:48:26.703+0800: 686.441: [GC (CMS Initial Mark) [1 CMS-initial-mark: 3744664K(4194304K)] 4939702K(6081792K), 0.2820023 secs] [Times: user=0.61 sys=0.00, real=0.28 secs] 
2020-09-10T15:48:26.985+0800: 686.723: Total time for which application threads were stopped: 0.2822042 seconds, Stopping threads took: 0.0000222 seconds
2020-09-10T15:48:26.985+0800: 686.723: [CMS-concurrent-mark-start]
2020-09-10T15:48:29.549+0800: 689.288: [CMS-concurrent-mark: 2.565/2.565 secs] [Times: user=5.13 sys=0.00, real=2.56 secs] 
2020-09-10T15:48:29.549+0800: 689.288: [CMS-concurrent-preclean-start]
2020-09-10T15:48:29.555+0800: 689.293: [CMS-concurrent-preclean: 0.005/0.005 secs] [Times: user=0.00 sys=0.00, real=0.01 secs] 
2020-09-10T15:48:29.555+0800: 689.293: [CMS-concurrent-abortable-preclean-start]
2020-09-10T15:48:29.555+0800: 689.293: [CMS-concurrent-abortable-preclean: 0.000/0.000 secs] [Times: user=0.00 sys=0.00, real=0.00 secs] 
2020-09-10T15:48:29.555+0800: 689.294: Application time: 2.5705666 seconds
2020-09-10T15:48:29.556+0800: 689.294: [GC (CMS Final Remark) [YG occupancy: 1195037 K (1887488 K)]2020-09-10T15:48:29.556+0800: 689.294: [Rescan (parallel) , 0.5570117 secs]2020-09-10T15:48:30.113+0800: 689.851: [weak refs processing, 0.0004046 secs]2020-09-10T15:48:30.113+0800: 689.851: [class unloading, 0.0047751 secs]2020-09-10T15:48:30.118+0800: 689.856: [scrub symbol table, 0.0081349 secs]2020-09-10T15:48:30.126+0800: 689.864: [scrub string table, 0.0005162 secs][1 CMS-remark: 3744664K(4194304K)] 4939702K(6081792K), 0.5712007 secs] [Times: user=3.66 sys=0.03, real=0.57 secs] 
2020-09-10T15:48:30.127+0800: 689.865: Total time for which application threads were stopped: 0.5713484 seconds, Stopping threads took: 0.0000219 seconds
2020-09-10T15:48:30.127+0800: 689.865: [CMS-concurrent-sweep-start]
2020-09-10T15:48:31.051+0800: 690.789: [CMS-concurrent-sweep: 0.924/0.924 secs] [Times: user=0.92 sys=0.00, real=0.92 secs] 
2020-09-10T15:48:31.051+0800: 690.790: [CMS-concurrent-reset-start]
2020-09-10T15:48:31.056+0800: 690.794: [CMS-concurrent-reset: 0.005/0.005 secs] [Times: user=0.00 sys=0.00, real=0.00 secs] 
2020-09-10T15:48:33.056+0800: 692.794: Application time: 2.9290399 seconds
2020-09-10T15:48:33.056+0800: 692.794: [GC (CMS Initial Mark) [1 CMS-initial-mark: 3744664K(4194304K)] 4939702K(6081792K), 0.2817041 secs] [Times: user=0.59 sys=0.00, real=0.28 secs] 
2020-09-10T15:48:33.337+0800: 693.076: Total time for which application threads were stopped: 0.2819320 seconds, Stopping threads took: 0.0000309 seconds
2020-09-10T15:48:33.337+0800: 693.076: [CMS-concurrent-mark-start]
2020-09-10T15:48:35.888+0800: 695.626: [CMS-concurrent-mark: 2.550/2.550 secs] [Times: user=5.09 sys=0.00, real=2.55 secs] 
2020-09-10T15:48:35.888+0800: 695.626: [CMS-concurrent-preclean-start]
2020-09-10T15:48:35.893+0800: 695.631: [CMS-concurrent-preclean: 0.005/0.005 secs] [Times: user=0.02 sys=0.00, real=0.00 secs] 
2020-09-10T15:48:35.893+0800: 695.631: [CMS-concurrent-abortable-preclean-start]
2020-09-10T15:48:35.893+0800: 695.631: [CMS-concurrent-abortable-preclean: 0.000/0.000 secs] [Times: user=0.00 sys=0.00, real=0.00 secs] 
2020-09-10T15:48:35.893+0800: 695.631: Application time: 2.5556081 seconds
2020-09-10T15:48:35.893+0800: 695.632: [GC (CMS Final Remark) [YG occupancy: 1195037 K (1887488 K)]2020-09-10T15:48:35.893+0800: 695.632: [Rescan (parallel) , 0.5547441 secs]2020-09-10T15:48:36.448+0800: 696.186: [weak refs processing, 0.0004533 secs]2020-09-10T15:48:36.449+0800: 696.187: [class unloading, 0.0066782 secs]2020-09-10T15:48:36.455+0800: 696.194: [scrub symbol table, 0.0090385 secs]2020-09-10T15:48:36.464+0800: 696.203: [scrub string table, 0.0005495 secs][1 CMS-remark: 3744664K(4194304K)] 4939702K(6081792K), 0.5718355 secs] [Times: user=3.55 sys=0.08, real=0.57 secs] 
2020-09-10T15:48:36.465+0800: 696.203: Total time for which application threads were stopped: 0.5719895 seconds, Stopping threads took: 0.0000264 seconds
2020-09-10T15:48:36.465+0800: 696.204: [CMS-concurrent-sweep-start]
2020-09-10T15:48:37.373+0800: 697.112: [CMS-concurrent-sweep: 0.908/0.908 secs] [Times: user=0.91 sys=0.00, real=0.91 secs] 
2020-09-10T15:48:37.373+0800: 697.112: [CMS-concurrent-reset-start]
2020-09-10T15:48:37.377+0800: 697.116: [CMS-concurrent-reset: 0.004/0.004 secs] [Times: user=0.02 sys=0.00, real=0.00 secs] 
2020-09-10T15:48:39.378+0800: 699.117: Application time: 2.9131323 seconds
2020-09-10T15:48:39.378+0800: 699.117: [GC (CMS Initial Mark) [1 CMS-initial-mark: 3744664K(4194304K)] 4939702K(6081792K), 0.2838704 secs] [Times: user=0.55 sys=0.00, real=0.29 secs] 
2020-09-10T15:48:39.663+0800: 699.401: Total time for which application threads were stopped: 0.2841320 seconds, Stopping threads took: 0.0000428 seconds
2020-09-10T15:48:39.663+0800: 699.401: [CMS-concurrent-mark-start]
2020-09-10T15:48:42.211+0800: 701.950: [CMS-concurrent-mark: 2.549/2.549 secs] [Times: user=5.09 sys=0.00, real=2.55 secs] 
2020-09-10T15:48:42.211+0800: 701.950: [CMS-concurrent-preclean-start]
2020-09-10T15:48:42.216+0800: 701.955: [CMS-concurrent-preclean: 0.005/0.005 secs] [Times: user=0.00 sys=0.00, real=0.01 secs] 
2020-09-10T15:48:42.217+0800: 701.955: [CMS-concurrent-abortable-preclean-start]
2020-09-10T15:48:42.217+0800: 701.955: [CMS-concurrent-abortable-preclean: 0.000/0.000 secs] [Times: user=0.00 sys=0.00, real=0.00 secs] 
2020-09-10T15:48:42.217+0800: 701.955: Application time: 2.5540673 seconds
2020-09-10T15:48:42.217+0800: 701.955: [GC (CMS Final Remark) [YG occupancy: 1195037 K (1887488 K)]2020-09-10T15:48:42.217+0800: 701.955: [Rescan (parallel) , 0.5665632 secs]2020-09-10T15:48:42.783+0800: 702.522: [weak refs processing, 0.0004049 secs]2020-09-10T15:48:42.783+0800: 702.522: [class unloading, 0.0044440 secs]2020-09-10T15:48:42.788+0800: 702.527: [scrub symbol table, 0.0082565 secs]2020-09-10T15:48:42.796+0800: 702.535: [scrub string table, 0.0005424 secs][1 CMS-remark: 3744664K(4194304K)] 4939702K(6081792K), 0.5805604 secs] [Times: user=3.83 sys=0.03, real=0.58 secs] 
2020-09-10T15:48:42.797+0800: 702.536: Total time for which application threads were stopped: 0.5807137 seconds, Stopping threads took: 0.0000293 seconds
2020-09-10T15:48:42.797+0800: 702.536: [CMS-concurrent-sweep-start]
2020-09-10T15:48:43.750+0800: 703.488: [CMS-concurrent-sweep: 0.953/0.953 secs] [Times: user=0.94 sys=0.00, real=0.95 secs] 
2020-09-10T15:48:43.750+0800: 703.488: [CMS-concurrent-reset-start]
2020-09-10T15:48:43.754+0800: 703.493: [CMS-concurrent-reset: 0.004/0.004 secs] [Times: user=0.00 sys=0.00, real=0.00 secs] 
2020-09-10T15:48:45.754+0800: 705.492: Application time: 2.9565338 seconds
2020-09-10T15:48:45.754+0800: 705.492: [GC (CMS Initial Mark) [1 CMS-initial-mark: 3744664K(4194304K)] 4939702K(6081792K), 0.2814717 secs] [Times: user=0.55 sys=0.00, real=0.28 secs] 
2020-09-10T15:48:46.035+0800: 705.774: Total time for which application threads were stopped: 0.2816592 seconds, Stopping threads took: 0.0000214 seconds
2020-09-10T15:48:46.035+0800: 705.774: [CMS-concurrent-mark-start]
2020-09-10T15:48:48.586+0800: 708.325: [CMS-concurrent-mark: 2.551/2.551 secs] [Times: user=5.08 sys=0.00, real=2.55 secs] 
2020-09-10T15:48:48.586+0800: 708.325: [CMS-concurrent-preclean-start]
2020-09-10T15:48:48.591+0800: 708.330: [CMS-concurrent-preclean: 0.005/0.005 secs] [Times: user=0.00 sys=0.00, real=0.01 secs] 
2020-09-10T15:48:48.591+0800: 708.330: [CMS-concurrent-abortable-preclean-start]
2020-09-10T15:48:48.591+0800: 708.330: [CMS-concurrent-abortable-preclean: 0.000/0.000 secs] [Times: user=0.00 sys=0.00, real=0.00 secs] 
2020-09-10T15:48:48.592+0800: 708.330: Application time: 2.5563907 seconds
2020-09-10T15:48:48.592+0800: 708.330: [GC (CMS Final Remark) [YG occupancy: 1195037 K (1887488 K)]2020-09-10T15:48:48.592+0800: 708.330: [Rescan (parallel) , 0.5594133 secs]2020-09-10T15:48:49.152+0800: 708.890: [weak refs processing, 0.0006147 secs]2020-09-10T15:48:49.152+0800: 708.891: [class unloading, 0.0042884 secs]2020-09-10T15:48:49.157+0800: 708.895: [scrub symbol table, 0.0080571 secs]2020-09-10T15:48:49.165+0800: 708.903: [scrub string table, 0.0005153 secs][1 CMS-remark: 3744664K(4194304K)] 4939702K(6081792K), 0.5733702 secs] [Times: user=3.78 sys=0.00, real=0.57 secs] 
2020-09-10T15:48:49.165+0800: 708.904: Total time for which application threads were stopped: 0.5735160 seconds, Stopping threads took: 0.0000265 seconds
2020-09-10T15:48:49.166+0800: 708.904: [CMS-concurrent-sweep-start]
2020-09-10T15:48:50.083+0800: 709.821: [CMS-concurrent-sweep: 0.918/0.918 secs] [Times: user=0.92 sys=0.00, real=0.92 secs] 
2020-09-10T15:48:50.083+0800: 709.821: [CMS-concurrent-reset-start]
2020-09-10T15:48:50.086+0800: 709.825: [CMS-concurrent-reset: 0.004/0.004 secs] [Times: user=0.00 sys=0.00, real=0.00 secs] 
2020-09-10T15:48:52.086+0800: 711.824: Application time: 2.9207060 seconds
2020-09-10T15:48:52.086+0800: 711.824: [GC (CMS Initial Mark) [1 CMS-initial-mark: 3744664K(4194304K)] 4939702K(6081792K), 0.2905685 secs] [Times: user=0.59 sys=0.00, real=0.29 secs] 
2020-09-10T15:48:52.376+0800: 712.115: Total time for which application threads were stopped: 0.2907682 seconds, Stopping threads took: 0.0000273 seconds
2020-09-10T15:48:52.376+0800: 712.115: [CMS-concurrent-mark-start]
2020-09-10T15:48:54.925+0800: 714.663: [CMS-concurrent-mark: 2.548/2.548 secs] [Times: user=5.05 sys=0.01, real=2.55 secs] 
2020-09-10T15:48:54.925+0800: 714.664: [CMS-concurrent-preclean-start]
2020-09-10T15:48:54.930+0800: 714.668: [CMS-concurrent-preclean: 0.005/0.005 secs] [Times: user=0.00 sys=0.00, real=0.01 secs] 
2020-09-10T15:48:54.930+0800: 714.668: [CMS-concurrent-abortable-preclean-start]
2020-09-10T15:48:54.930+0800: 714.668: [CMS-concurrent-abortable-preclean: 0.000/0.000 secs] [Times: user=0.00 sys=0.00, real=0.00 secs] 
2020-09-10T15:48:54.930+0800: 714.669: Application time: 2.5534355 seconds
2020-09-10T15:48:54.930+0800: 714.669: [GC (CMS Final Remark) [YG occupancy: 1195037 K (1887488 K)]2020-09-10T15:48:54.930+0800: 714.669: [Rescan (parallel) , 0.5670115 secs]2020-09-10T15:48:55.497+0800: 715.236: [weak refs processing, 0.0004016 secs]2020-09-10T15:48:55.497+0800: 715.236: [class unloading, 0.0055347 secs]2020-09-10T15:48:55.503+0800: 715.242: [scrub symbol table, 0.0071832 secs]2020-09-10T15:48:55.510+0800: 715.249: [scrub string table, 0.0005323 secs][1 CMS-remark: 3744664K(4194304K)] 4939702K(6081792K), 0.5810231 secs] [Times: user=3.58 sys=0.06, real=0.58 secs] 
2020-09-10T15:48:55.511+0800: 715.250: Total time for which application threads were stopped: 0.5811784 seconds, Stopping threads took: 0.0000212 seconds
2020-09-10T15:48:55.511+0800: 715.250: [CMS-concurrent-sweep-start]
2020-09-10T15:48:56.470+0800: 716.208: [CMS-concurrent-sweep: 0.958/0.958 secs] [Times: user=0.97 sys=0.00, real=0.96 secs] 
2020-09-10T15:48:56.470+0800: 716.208: [CMS-concurrent-reset-start]
2020-09-10T15:48:56.474+0800: 716.212: [CMS-concurrent-reset: 0.004/0.004 secs] [Times: user=0.00 sys=0.00, real=0.00 secs] 
2020-09-10T15:48:58.475+0800: 718.213: Application time: 2.9632262 seconds
2020-09-10T15:48:58.475+0800: 718.213: [GC (CMS Initial Mark) [1 CMS-initial-mark: 3744664K(4194304K)] 4939702K(6081792K), 0.2870871 secs] [Times: user=0.58 sys=0.00, real=0.29 secs] 
2020-09-10T15:48:58.762+0800: 718.500: Total time for which application threads were stopped: 0.2873021 seconds, Stopping threads took: 0.0000274 seconds
2020-09-10T15:48:58.762+0800: 718.500: [CMS-concurrent-mark-start]
2020-09-10T15:49:01.347+0800: 721.086: [CMS-concurrent-mark: 2.586/2.586 secs] [Times: user=5.19 sys=0.00, real=2.58 secs] 
2020-09-10T15:49:01.347+0800: 721.086: [CMS-concurrent-preclean-start]
2020-09-10T15:49:01.353+0800: 721.091: [CMS-concurrent-preclean: 0.005/0.005 secs] [Times: user=0.00 sys=0.00, real=0.01 secs] 
2020-09-10T15:49:01.353+0800: 721.091: [CMS-concurrent-abortable-preclean-start]
2020-09-10T15:49:01.353+0800: 721.091: [CMS-concurrent-abortable-preclean: 0.000/0.000 secs] [Times: user=0.00 sys=0.00, real=0.00 secs] 
2020-09-10T15:49:01.353+0800: 721.091: Application time: 2.5909973 seconds
2020-09-10T15:49:01.353+0800: 721.091: [GC (CMS Final Remark) [YG occupancy: 1195037 K (1887488 K)]2020-09-10T15:49:01.353+0800: 721.091: [Rescan (parallel) , 0.5617317 secs]2020-09-10T15:49:01.915+0800: 721.653: [weak refs processing, 0.0006290 secs]2020-09-10T15:49:01.915+0800: 721.654: [class unloading, 0.0043774 secs]2020-09-10T15:49:01.920+0800: 721.658: [scrub symbol table, 0.0084359 secs]2020-09-10T15:49:01.928+0800: 721.667: [scrub string table, 0.0005302 secs][1 CMS-remark: 3744664K(4194304K)] 4939702K(6081792K), 0.5760702 secs] [Times: user=3.66 sys=0.00, real=0.58 secs] 
2020-09-10T15:49:01.929+0800: 721.667: Total time for which application threads were stopped: 0.5762125 seconds, Stopping threads took: 0.0000215 seconds
2020-09-10T15:49:01.929+0800: 721.668: [CMS-concurrent-sweep-start]
2020-09-10T15:49:02.848+0800: 722.587: [CMS-concurrent-sweep: 0.920/0.920 secs] [Times: user=0.92 sys=0.00, real=0.92 secs] 
2020-09-10T15:49:02.848+0800: 722.587: [CMS-concurrent-reset-start]
2020-09-10T15:49:02.853+0800: 722.592: [CMS-concurrent-reset: 0.004/0.004 secs] [Times: user=0.00 sys=0.00, real=0.00 secs] 
2020-09-10T15:49:04.853+0800: 724.591: Application time: 2.9236646 seconds
2020-09-10T15:49:04.853+0800: 724.591: [GC (CMS Initial Mark) [1 CMS-initial-mark: 3744664K(4194304K)] 4939702K(6081792K), 0.2868478 secs] [Times: user=0.58 sys=0.00, real=0.29 secs] 
2020-09-10T15:49:05.140+0800: 724.878: Total time for which application threads were stopped: 0.2870301 seconds, Stopping threads took: 0.0000209 seconds
2020-09-10T15:49:05.140+0800: 724.878: [CMS-concurrent-mark-start]
2020-09-10T15:49:07.827+0800: 727.566: [CMS-concurrent-mark: 2.688/2.688 secs] [Times: user=5.36 sys=0.00, real=2.69 secs] 
2020-09-10T15:49:07.827+0800: 727.566: [CMS-concurrent-preclean-start]
2020-09-10T15:49:07.832+0800: 727.571: [CMS-concurrent-preclean: 0.005/0.005 secs] [Times: user=0.02 sys=0.00, real=0.01 secs] 
2020-09-10T15:49:07.832+0800: 727.571: [CMS-concurrent-abortable-preclean-start]
2020-09-10T15:49:07.832+0800: 727.571: [CMS-concurrent-abortable-preclean: 0.000/0.000 secs] [Times: user=0.00 sys=0.00, real=0.00 secs] 
2020-09-10T15:49:07.832+0800: 727.571: Application time: 2.6929461 seconds
2020-09-10T15:49:07.832+0800: 727.571: [GC (CMS Final Remark) [YG occupancy: 1195037 K (1887488 K)]2020-09-10T15:49:07.832+0800: 727.571: [Rescan (parallel) , 0.5702278 secs]2020-09-10T15:49:08.403+0800: 728.142: [weak refs processing, 0.0003890 secs]2020-09-10T15:49:08.403+0800: 728.142: [class unloading, 0.0043854 secs]2020-09-10T15:49:08.408+0800: 728.146: [scrub symbol table, 0.0078316 secs]2020-09-10T15:49:08.416+0800: 728.154: [scrub string table, 0.0005158 secs][1 CMS-remark: 3744664K(4194304K)] 4939702K(6081792K), 0.5836957 secs] [Times: user=3.63 sys=0.02, real=0.58 secs] 
2020-09-10T15:49:08.416+0800: 728.155: Total time for which application threads were stopped: 0.5838442 seconds, Stopping threads took: 0.0000224 seconds
2020-09-10T15:49:08.416+0800: 728.155: [CMS-concurrent-sweep-start]
2020-09-10T15:49:09.481+0800: 729.219: [CMS-concurrent-sweep: 1.064/1.064 secs] [Times: user=1.05 sys=0.00, real=1.07 secs] 
2020-09-10T15:49:09.481+0800: 729.219: [CMS-concurrent-reset-start]
2020-09-10T15:49:09.485+0800: 729.224: [CMS-concurrent-reset: 0.004/0.004 secs] [Times: user=0.02 sys=0.00, real=0.00 secs] 
2020-09-10T15:49:11.485+0800: 731.223: Application time: 3.0680145 seconds
2020-09-10T15:49:11.485+0800: 731.223: [GC (CMS Initial Mark) [1 CMS-initial-mark: 3744664K(4194304K)] 4939702K(6081792K), 0.3014165 secs] [Times: user=0.55 sys=0.00, real=0.30 secs] 
2020-09-10T15:49:11.786+0800: 731.525: Total time for which application threads were stopped: 0.3016309 seconds, Stopping threads took: 0.0000346 seconds
2020-09-10T15:49:11.786+0800: 731.525: [CMS-concurrent-mark-start]
2020-09-10T15:49:14.407+0800: 734.146: [CMS-concurrent-mark: 2.621/2.621 secs] [Times: user=5.25 sys=0.00, real=2.62 secs] 
2020-09-10T15:49:14.407+0800: 734.146: [CMS-concurrent-preclean-start]
2020-09-10T15:49:14.413+0800: 734.152: [CMS-concurrent-preclean: 0.006/0.006 secs] [Times: user=0.00 sys=0.00, real=0.01 secs] 
2020-09-10T15:49:14.413+0800: 734.152: [CMS-concurrent-abortable-preclean-start]
2020-09-10T15:49:14.413+0800: 734.152: [CMS-concurrent-abortable-preclean: 0.000/0.000 secs] [Times: user=0.00 sys=0.00, real=0.00 secs] 
2020-09-10T15:49:14.413+0800: 734.152: Application time: 2.6273168 seconds
2020-09-10T15:49:14.413+0800: 734.152: [GC (CMS Final Remark) [YG occupancy: 1195037 K (1887488 K)]2020-09-10T15:49:14.414+0800: 734.152: [Rescan (parallel) , 0.5726259 secs]2020-09-10T15:49:14.986+0800: 734.725: [weak refs processing, 0.0004056 secs]2020-09-10T15:49:14.986+0800: 734.725: [class unloading, 0.0046904 secs]2020-09-10T15:49:14.991+0800: 734.730: [scrub symbol table, 0.0068002 secs]2020-09-10T15:49:14.998+0800: 734.737: [scrub string table, 0.0005124 secs][1 CMS-remark: 3744664K(4194304K)] 4939702K(6081792K), 0.5854453 secs] [Times: user=3.61 sys=0.06, real=0.59 secs] 
2020-09-10T15:49:14.999+0800: 734.738: Total time for which application threads were stopped: 0.5856085 seconds, Stopping threads took: 0.0000224 seconds
2020-09-10T15:49:14.999+0800: 734.738: [CMS-concurrent-sweep-start]
2020-09-10T15:49:15.946+0800: 735.684: [CMS-concurrent-sweep: 0.946/0.946 secs] [Times: user=0.95 sys=0.00, real=0.95 secs] 
2020-09-10T15:49:15.946+0800: 735.684: [CMS-concurrent-reset-start]
2020-09-10T15:49:15.949+0800: 735.688: [CMS-concurrent-reset: 0.003/0.003 secs] [Times: user=0.00 sys=0.00, real=0.00 secs] 
2020-09-10T15:49:17.949+0800: 737.687: Application time: 2.9497545 seconds
2020-09-10T15:49:17.949+0800: 737.687: [GC (CMS Initial Mark) [1 CMS-initial-mark: 3744664K(4194304K)] 4939702K(6081792K), 0.2954039 secs] [Times: user=0.63 sys=0.00, real=0.30 secs] 
2020-09-10T15:49:18.244+0800: 737.983: Total time for which application threads were stopped: 0.2955906 seconds, Stopping threads took: 0.0000218 seconds
2020-09-10T15:49:18.244+0800: 737.983: [CMS-concurrent-mark-start]
2020-09-10T15:49:20.857+0800: 740.595: [CMS-concurrent-mark: 2.612/2.612 secs] [Times: user=5.17 sys=0.01, real=2.61 secs] 
2020-09-10T15:49:20.857+0800: 740.595: [CMS-concurrent-preclean-start]
2020-09-10T15:49:20.862+0800: 740.600: [CMS-concurrent-preclean: 0.005/0.005 secs] [Times: user=0.02 sys=0.00, real=0.00 secs] 
2020-09-10T15:49:20.862+0800: 740.600: [CMS-concurrent-abortable-preclean-start]
2020-09-10T15:49:20.862+0800: 740.600: [CMS-concurrent-abortable-preclean: 0.000/0.000 secs] [Times: user=0.00 sys=0.00, real=0.00 secs] 
2020-09-10T15:49:20.862+0800: 740.601: Application time: 2.6176341 seconds
2020-09-10T15:49:20.862+0800: 740.601: [GC (CMS Final Remark) [YG occupancy: 1195037 K (1887488 K)]2020-09-10T15:49:20.862+0800: 740.601: [Rescan (parallel) , 0.5720266 secs]2020-09-10T15:49:21.434+0800: 741.173: [weak refs processing, 0.0004124 secs]2020-09-10T15:49:21.434+0800: 741.173: [class unloading, 0.0058707 secs]2020-09-10T15:49:21.440+0800: 741.179: [scrub symbol table, 0.0106843 secs]2020-09-10T15:49:21.451+0800: 741.190: [scrub string table, 0.0008848 secs][1 CMS-remark: 3744664K(4194304K)] 4939702K(6081792K), 0.5903196 secs] [Times: user=3.69 sys=0.00, real=0.59 secs] 
2020-09-10T15:49:21.452+0800: 741.191: Total time for which application threads were stopped: 0.5904967 seconds, Stopping threads took: 0.0000228 seconds
2020-09-10T15:49:21.452+0800: 741.191: [CMS-concurrent-sweep-start]
2020-09-10T15:49:22.408+0800: 742.146: [CMS-concurrent-sweep: 0.955/0.955 secs] [Times: user=0.97 sys=0.00, real=0.96 secs] 
2020-09-10T15:49:22.408+0800: 742.147: [CMS-concurrent-reset-start]
2020-09-10T15:49:22.412+0800: 742.151: [CMS-concurrent-reset: 0.004/0.004 secs] [Times: user=0.00 sys=0.00, real=0.00 secs] 
2020-09-10T15:49:23.454+0800: 743.192: Application time: 2.0009438 seconds
2020-09-10T15:49:23.454+0800: 743.192: Total time for which application threads were stopped: 0.0001706 seconds, Stopping threads took: 0.0000419 seconds
2020-09-10T15:49:24.412+0800: 744.150: Application time: 0.9582707 seconds
2020-09-10T15:49:24.412+0800: 744.151: [GC (CMS Initial Mark) [1 CMS-initial-mark: 3744664K(4194304K)] 4939702K(6081792K), 0.3146382 secs] [Times: user=0.61 sys=0.00, real=0.31 secs] 
2020-09-10T15:49:24.726+0800: 744.465: Total time for which application threads were stopped: 0.3148895 seconds, Stopping threads took: 0.0000292 seconds
2020-09-10T15:49:24.726+0800: 744.465: [CMS-concurrent-mark-start]
2020-09-10T15:49:27.479+0800: 747.217: [CMS-concurrent-mark: 2.752/2.752 secs] [Times: user=5.48 sys=0.00, real=2.75 secs] 
2020-09-10T15:49:27.479+0800: 747.217: [CMS-concurrent-preclean-start]
2020-09-10T15:49:27.484+0800: 747.222: [CMS-concurrent-preclean: 0.005/0.005 secs] [Times: user=0.00 sys=0.00, real=0.00 secs] 
2020-09-10T15:49:27.484+0800: 747.222: [CMS-concurrent-abortable-preclean-start]
2020-09-10T15:49:27.484+0800: 747.222: [CMS-concurrent-abortable-preclean: 0.000/0.000 secs] [Times: user=0.00 sys=0.00, real=0.00 secs] 
2020-09-10T15:49:27.484+0800: 747.223: Application time: 2.7572268 seconds
2020-09-10T15:49:27.484+0800: 747.223: [GC (CMS Final Remark) [YG occupancy: 1195037 K (1887488 K)]2020-09-10T15:49:27.484+0800: 747.223: [Rescan (parallel) , 0.5839069 secs]2020-09-10T15:49:28.068+0800: 747.807: [weak refs processing, 0.0004207 secs]2020-09-10T15:49:28.068+0800: 747.807: [class unloading, 0.0051546 secs]2020-09-10T15:49:28.074+0800: 747.812: [scrub symbol table, 0.0097449 secs]2020-09-10T15:49:28.083+0800: 747.822: [scrub string table, 0.0006047 secs][1 CMS-remark: 3744664K(4194304K)] 4939702K(6081792K), 0.6002558 secs] [Times: user=3.86 sys=0.00, real=0.60 secs] 
2020-09-10T15:49:28.084+0800: 747.823: Total time for which application threads were stopped: 0.6004042 seconds, Stopping threads took: 0.0000209 seconds
2020-09-10T15:49:28.084+0800: 747.823: [CMS-concurrent-sweep-start]
2020-09-10T15:49:29.084+0800: 748.823: [CMS-concurrent-sweep: 1.000/1.000 secs] [Times: user=1.00 sys=0.00, real=1.00 secs] 
2020-09-10T15:49:29.084+0800: 748.823: [CMS-concurrent-reset-start]
2020-09-10T15:49:29.088+0800: 748.827: [CMS-concurrent-reset: 0.004/0.004 secs] [Times: user=0.00 sys=0.00, real=0.00 secs] 
2020-09-10T15:49:31.088+0800: 750.827: Application time: 3.0037967 seconds
2020-09-10T15:49:31.088+0800: 750.827: [GC (CMS Initial Mark) [1 CMS-initial-mark: 3744664K(4194304K)] 4939702K(6081792K), 0.3051689 secs] [Times: user=0.63 sys=0.00, real=0.31 secs] 
2020-09-10T15:49:31.394+0800: 751.132: Total time for which application threads were stopped: 0.3053563 seconds, Stopping threads took: 0.0000202 seconds
2020-09-10T15:49:31.394+0800: 751.132: [CMS-concurrent-mark-start]
2020-09-10T15:49:34.144+0800: 753.882: [CMS-concurrent-mark: 2.750/2.750 secs] [Times: user=5.50 sys=0.00, real=2.75 secs] 
2020-09-10T15:49:34.144+0800: 753.882: [CMS-concurrent-preclean-start]
2020-09-10T15:49:34.149+0800: 753.887: [CMS-concurrent-preclean: 0.005/0.005 secs] [Times: user=0.00 sys=0.00, real=0.00 secs] 
2020-09-10T15:49:34.149+0800: 753.887: [CMS-concurrent-abortable-preclean-start]
2020-09-10T15:49:34.149+0800: 753.887: [CMS-concurrent-abortable-preclean: 0.000/0.000 secs] [Times: user=0.00 sys=0.00, real=0.00 secs] 
2020-09-10T15:49:34.149+0800: 753.887: Application time: 2.7549071 seconds
2020-09-10T15:49:34.149+0800: 753.887: [GC (CMS Final Remark) [YG occupancy: 1195037 K (1887488 K)]2020-09-10T15:49:34.149+0800: 753.887: [Rescan (parallel) , 0.5561127 secs]2020-09-10T15:49:34.705+0800: 754.443: [weak refs processing, 0.0003835 secs]2020-09-10T15:49:34.705+0800: 754.444: [class unloading, 0.0041201 secs]2020-09-10T15:49:34.710+0800: 754.448: [scrub symbol table, 0.0070598 secs]2020-09-10T15:49:34.717+0800: 754.455: [scrub string table, 0.0005259 secs][1 CMS-remark: 3744664K(4194304K)] 4939702K(6081792K), 0.5685896 secs] [Times: user=3.69 sys=0.03, real=0.57 secs] 
2020-09-10T15:49:34.717+0800: 754.456: Total time for which application threads were stopped: 0.5687437 seconds, Stopping threads took: 0.0000227 seconds
2020-09-10T15:49:34.717+0800: 754.456: [CMS-concurrent-sweep-start]
2020-09-10T15:49:35.630+0800: 755.368: [CMS-concurrent-sweep: 0.912/0.912 secs] [Times: user=0.92 sys=0.00, real=0.91 secs] 
2020-09-10T15:49:35.630+0800: 755.368: [CMS-concurrent-reset-start]
2020-09-10T15:49:35.634+0800: 755.372: [CMS-concurrent-reset: 0.004/0.004 secs] [Times: user=0.00 sys=0.00, real=0.00 secs] 
2020-09-10T15:49:37.635+0800: 757.373: Application time: 2.9176241 seconds
2020-09-10T15:49:37.635+0800: 757.374: [GC (CMS Initial Mark) [1 CMS-initial-mark: 3744664K(4194304K)] 4939702K(6081792K), 0.2913758 secs] [Times: user=0.61 sys=0.00, real=0.29 secs] 
2020-09-10T15:49:37.926+0800: 757.665: Total time for which application threads were stopped: 0.2915827 seconds, Stopping threads took: 0.0000289 seconds
2020-09-10T15:49:37.926+0800: 757.665: [CMS-concurrent-mark-start]
2020-09-10T15:49:40.526+0800: 760.264: [CMS-concurrent-mark: 2.599/2.599 secs] [Times: user=5.19 sys=0.00, real=2.60 secs] 
2020-09-10T15:49:40.526+0800: 760.265: [CMS-concurrent-preclean-start]
2020-09-10T15:49:40.531+0800: 760.270: [CMS-concurrent-preclean: 0.005/0.005 secs] [Times: user=0.01 sys=0.00, real=0.00 secs] 
2020-09-10T15:49:40.531+0800: 760.270: [CMS-concurrent-abortable-preclean-start]
2020-09-10T15:49:40.531+0800: 760.270: [CMS-concurrent-abortable-preclean: 0.000/0.000 secs] [Times: user=0.00 sys=0.00, real=0.00 secs] 
2020-09-10T15:49:40.531+0800: 760.270: Application time: 2.6048927 seconds
2020-09-10T15:49:40.532+0800: 760.270: [GC (CMS Final Remark) [YG occupancy: 1195037 K (1887488 K)]2020-09-10T15:49:40.532+0800: 760.270: [Rescan (parallel) , 0.5729575 secs]2020-09-10T15:49:41.105+0800: 760.843: [weak refs processing, 0.0003855 secs]2020-09-10T15:49:41.105+0800: 760.843: [class unloading, 0.0042238 secs]2020-09-10T15:49:41.109+0800: 760.848: [scrub symbol table, 0.0080867 secs]2020-09-10T15:49:41.117+0800: 760.856: [scrub string table, 0.0005429 secs][1 CMS-remark: 3744664K(4194304K)] 4939702K(6081792K), 0.5865299 secs] [Times: user=3.58 sys=0.05, real=0.59 secs] 
2020-09-10T15:49:41.118+0800: 760.857: Total time for which application threads were stopped: 0.5866934 seconds, Stopping threads took: 0.0000275 seconds
2020-09-10T15:49:41.118+0800: 760.857: [CMS-concurrent-sweep-start]
2020-09-10T15:49:42.081+0800: 761.820: [CMS-concurrent-sweep: 0.963/0.963 secs] [Times: user=0.97 sys=0.00, real=0.96 secs] 
2020-09-10T15:49:42.081+0800: 761.820: [CMS-concurrent-reset-start]
2020-09-10T15:49:42.085+0800: 761.824: [CMS-concurrent-reset: 0.004/0.004 secs] [Times: user=0.00 sys=0.00, real=0.00 secs] 
2020-09-10T15:49:44.087+0800: 763.825: Application time: 2.9682312 seconds
2020-09-10T15:49:44.087+0800: 763.825: [GC (CMS Initial Mark) [1 CMS-initial-mark: 3744664K(4194304K)] 4939702K(6081792K), 0.3009776 secs] [Times: user=0.59 sys=0.00, real=0.30 secs] 
2020-09-10T15:49:44.387+0800: 764.126: Total time for which application threads were stopped: 0.3011748 seconds, Stopping threads took: 0.0000236 seconds
2020-09-10T15:49:44.387+0800: 764.126: [CMS-concurrent-mark-start]
2020-09-10T15:49:47.073+0800: 766.811: [CMS-concurrent-mark: 2.685/2.685 secs] [Times: user=5.38 sys=0.00, real=2.69 secs] 
2020-09-10T15:49:47.073+0800: 766.811: [CMS-concurrent-preclean-start]
2020-09-10T15:49:47.078+0800: 766.816: [CMS-concurrent-preclean: 0.005/0.005 secs] [Times: user=0.01 sys=0.00, real=0.01 secs] 
2020-09-10T15:49:47.078+0800: 766.816: [CMS-concurrent-abortable-preclean-start]
2020-09-10T15:49:47.078+0800: 766.816: [CMS-concurrent-abortable-preclean: 0.000/0.000 secs] [Times: user=0.00 sys=0.00, real=0.00 secs] 
2020-09-10T15:49:47.078+0800: 766.816: Application time: 2.6903881 seconds
2020-09-10T15:49:47.078+0800: 766.816: [GC (CMS Final Remark) [YG occupancy: 1195037 K (1887488 K)]2020-09-10T15:49:47.078+0800: 766.817: [Rescan (parallel) , 0.5887066 secs]2020-09-10T15:49:47.667+0800: 767.405: [weak refs processing, 0.0006305 secs]2020-09-10T15:49:47.667+0800: 767.406: [class unloading, 0.0056795 secs]2020-09-10T15:49:47.673+0800: 767.412: [scrub symbol table, 0.0097146 secs]2020-09-10T15:49:47.683+0800: 767.422: [scrub string table, 0.0005554 secs][1 CMS-remark: 3744664K(4194304K)] 4939702K(6081792K), 0.6057021 secs] [Times: user=3.25 sys=0.03, real=0.61 secs] 
2020-09-10T15:49:47.683+0800: 767.422: Total time for which application threads were stopped: 0.6058498 seconds, Stopping threads took: 0.0000227 seconds
2020-09-10T15:49:47.684+0800: 767.422: [CMS-concurrent-sweep-start]
2020-09-10T15:49:48.778+0800: 768.516: [CMS-concurrent-sweep: 1.094/1.094 secs] [Times: user=1.09 sys=0.00, real=1.09 secs] 
2020-09-10T15:49:48.778+0800: 768.516: [CMS-concurrent-reset-start]
2020-09-10T15:49:48.782+0800: 768.520: [CMS-concurrent-reset: 0.004/0.004 secs] [Times: user=0.02 sys=0.00, real=0.00 secs] 
2020-09-10T15:49:50.781+0800: 770.519: Application time: 3.0971508 seconds
2020-09-10T15:49:50.781+0800: 770.520: [GC (CMS Initial Mark) [1 CMS-initial-mark: 3744664K(4194304K)] 4939702K(6081792K), 0.2885733 secs] [Times: user=0.51 sys=0.00, real=0.29 secs] 
2020-09-10T15:49:51.069+0800: 770.808: Total time for which application threads were stopped: 0.2888365 seconds, Stopping threads took: 0.0000300 seconds
2020-09-10T15:49:51.069+0800: 770.808: [CMS-concurrent-mark-start]
2020-09-10T15:49:53.750+0800: 773.489: [CMS-concurrent-mark: 2.681/2.681 secs] [Times: user=5.36 sys=0.01, real=2.68 secs] 
2020-09-10T15:49:53.750+0800: 773.489: [CMS-concurrent-preclean-start]
2020-09-10T15:49:53.755+0800: 773.494: [CMS-concurrent-preclean: 0.005/0.005 secs] [Times: user=0.00 sys=0.00, real=0.01 secs] 
2020-09-10T15:49:53.755+0800: 773.494: [CMS-concurrent-abortable-preclean-start]
2020-09-10T15:49:53.755+0800: 773.494: [CMS-concurrent-abortable-preclean: 0.000/0.000 secs] [Times: user=0.00 sys=0.00, real=0.00 secs] 
2020-09-10T15:49:53.756+0800: 773.494: Application time: 2.6860848 seconds
2020-09-10T15:49:53.756+0800: 773.494: [GC (CMS Final Remark) [YG occupancy: 1195037 K (1887488 K)]2020-09-10T15:49:53.756+0800: 773.494: [Rescan (parallel) , 0.5674603 secs]2020-09-10T15:49:54.324+0800: 774.062: [weak refs processing, 0.0003759 secs]2020-09-10T15:49:54.324+0800: 774.062: [class unloading, 0.0039815 secs]2020-09-10T15:49:54.328+0800: 774.066: [scrub symbol table, 0.0077024 secs]2020-09-10T15:49:54.336+0800: 774.074: [scrub string table, 0.0005251 secs][1 CMS-remark: 3744664K(4194304K)] 4939702K(6081792K), 0.5803718 secs] [Times: user=3.59 sys=0.05, real=0.58 secs] 
2020-09-10T15:49:54.337+0800: 774.075: Total time for which application threads were stopped: 0.5805334 seconds, Stopping threads took: 0.0000268 seconds
2020-09-10T15:49:54.337+0800: 774.075: [CMS-concurrent-sweep-start]
2020-09-10T15:49:55.256+0800: 774.995: [CMS-concurrent-sweep: 0.920/0.920 secs] [Times: user=0.92 sys=0.00, real=0.92 secs] 
2020-09-10T15:49:55.256+0800: 774.995: [CMS-concurrent-reset-start]
2020-09-10T15:49:55.260+0800: 774.999: [CMS-concurrent-reset: 0.004/0.004 secs] [Times: user=0.00 sys=0.00, real=0.00 secs] 
2020-09-10T15:49:57.261+0800: 776.999: Application time: 2.9241869 seconds
2020-09-10T15:49:57.261+0800: 776.999: [GC (CMS Initial Mark) [1 CMS-initial-mark: 3744664K(4194304K)] 4939702K(6081792K), 0.3000045 secs] [Times: user=0.59 sys=0.00, real=0.30 secs] 
2020-09-10T15:49:57.561+0800: 777.299: Total time for which application threads were stopped: 0.3002828 seconds, Stopping threads took: 0.0000250 seconds
2020-09-10T15:49:57.561+0800: 777.299: [CMS-concurrent-mark-start]
2020-09-10T15:50:00.101+0800: 779.840: [CMS-concurrent-mark: 2.541/2.541 secs] [Times: user=5.08 sys=0.00, real=2.54 secs] 
2020-09-10T15:50:00.101+0800: 779.840: [CMS-concurrent-preclean-start]
2020-09-10T15:50:00.106+0800: 779.846: [CMS-concurrent-preclean: 0.005/0.005 secs] [Times: user=0.00 sys=0.00, real=0.01 secs] 
2020-09-10T15:50:00.107+0800: 779.846: [CMS-concurrent-abortable-preclean-start]
2020-09-10T15:50:00.107+0800: 779.846: [CMS-concurrent-abortable-preclean: 0.000/0.000 secs] [Times: user=0.00 sys=0.00, real=0.00 secs] 
2020-09-10T15:50:00.107+0800: 779.846: Application time: 2.5463928 seconds
2020-09-10T15:50:00.107+0800: 779.846: [GC (CMS Final Remark) [YG occupancy: 1195037 K (1887488 K)]2020-09-10T15:50:00.107+0800: 779.846: [Rescan (parallel) , 0.5565834 secs]2020-09-10T15:50:00.664+0800: 780.403: [weak refs processing, 0.0004011 secs]2020-09-10T15:50:00.664+0800: 780.403: [class unloading, 0.0044039 secs]2020-09-10T15:50:00.668+0800: 780.407: [scrub symbol table, 0.0078616 secs]2020-09-10T15:50:00.676+0800: 780.415: [scrub string table, 0.0005239 secs][1 CMS-remark: 3744664K(4194304K)] 4939702K(6081792K), 0.5701290 secs] [Times: user=3.86 sys=0.00, real=0.57 secs] 
2020-09-10T15:50:00.677+0800: 780.416: Total time for which application threads were stopped: 0.5702712 seconds, Stopping threads took: 0.0000224 seconds
2020-09-10T15:50:00.677+0800: 780.416: [CMS-concurrent-sweep-start]
2020-09-10T15:50:01.584+0800: 781.323: [CMS-concurrent-sweep: 0.907/0.907 secs] [Times: user=0.91 sys=0.00, real=0.91 secs] 
2020-09-10T15:50:01.584+0800: 781.323: [CMS-concurrent-reset-start]
2020-09-10T15:50:01.588+0800: 781.327: [CMS-concurrent-reset: 0.004/0.004 secs] [Times: user=0.00 sys=0.00, real=0.00 secs] 
2020-09-10T15:50:03.588+0800: 783.327: Application time: 2.9106999 seconds
2020-09-10T15:50:03.588+0800: 783.327: [GC (CMS Initial Mark) [1 CMS-initial-mark: 3744664K(4194304K)] 4939702K(6081792K), 0.2985373 secs] [Times: user=0.63 sys=0.00, real=0.30 secs] 
2020-09-10T15:50:03.887+0800: 783.625: Total time for which application threads were stopped: 0.2987293 seconds, Stopping threads took: 0.0000267 seconds
2020-09-10T15:50:03.887+0800: 783.625: [CMS-concurrent-mark-start]
2020-09-10T15:50:06.390+0800: 786.129: [CMS-concurrent-mark: 2.503/2.503 secs] [Times: user=5.03 sys=0.00, real=2.50 secs] 
2020-09-10T15:50:06.390+0800: 786.129: [CMS-concurrent-preclean-start]
2020-09-10T15:50:06.395+0800: 786.134: [CMS-concurrent-preclean: 0.005/0.005 secs] [Times: user=0.00 sys=0.00, real=0.00 secs] 
2020-09-10T15:50:06.395+0800: 786.134: [CMS-concurrent-abortable-preclean-start]
2020-09-10T15:50:06.395+0800: 786.134: [CMS-concurrent-abortable-preclean: 0.000/0.000 secs] [Times: user=0.00 sys=0.00, real=0.00 secs] 
2020-09-10T15:50:06.395+0800: 786.134: Application time: 2.5086727 seconds
2020-09-10T15:50:06.395+0800: 786.134: [GC (CMS Final Remark) [YG occupancy: 1195037 K (1887488 K)]2020-09-10T15:50:06.395+0800: 786.134: [Rescan (parallel) , 0.5548484 secs]2020-09-10T15:50:06.950+0800: 786.689: [weak refs processing, 0.0004554 secs]2020-09-10T15:50:06.950+0800: 786.690: [class unloading, 0.0043864 secs]2020-09-10T15:50:06.955+0800: 786.694: [scrub symbol table, 0.0072446 secs]2020-09-10T15:50:06.962+0800: 786.701: [scrub string table, 0.0005103 secs][1 CMS-remark: 3744664K(4194304K)] 4939702K(6081792K), 0.5678056 secs] [Times: user=3.63 sys=0.05, real=0.57 secs] 
2020-09-10T15:50:06.963+0800: 786.702: Total time for which application threads were stopped: 0.5679509 seconds, Stopping threads took: 0.0000230 seconds
2020-09-10T15:50:06.963+0800: 786.702: [CMS-concurrent-sweep-start]
2020-09-10T15:50:07.868+0800: 787.607: [CMS-concurrent-sweep: 0.905/0.905 secs] [Times: user=0.91 sys=0.00, real=0.90 secs] 
2020-09-10T15:50:07.868+0800: 787.607: [CMS-concurrent-reset-start]
2020-09-10T15:50:07.872+0800: 787.611: [CMS-concurrent-reset: 0.004/0.004 secs] [Times: user=0.00 sys=0.00, real=0.00 secs] 
2020-09-10T15:50:09.874+0800: 789.612: Application time: 2.9101450 seconds
2020-09-10T15:50:09.874+0800: 789.612: [GC (CMS Initial Mark) [1 CMS-initial-mark: 3744664K(4194304K)] 4939702K(6081792K), 0.2966306 secs] [Times: user=0.61 sys=0.00, real=0.30 secs] 
2020-09-10T15:50:10.170+0800: 789.909: Total time for which application threads were stopped: 0.2968367 seconds, Stopping threads took: 0.0000268 seconds
2020-09-10T15:50:10.170+0800: 789.909: [CMS-concurrent-mark-start]
2020-09-10T15:50:12.925+0800: 792.664: [CMS-concurrent-mark: 2.755/2.755 secs] [Times: user=5.53 sys=0.00, real=2.75 secs] 
2020-09-10T15:50:12.925+0800: 792.664: [CMS-concurrent-preclean-start]
2020-09-10T15:50:12.930+0800: 792.669: [CMS-concurrent-preclean: 0.005/0.005 secs] [Times: user=0.00 sys=0.00, real=0.01 secs] 
2020-09-10T15:50:12.930+0800: 792.670: [CMS-concurrent-abortable-preclean-start]
2020-09-10T15:50:12.930+0800: 792.670: [CMS-concurrent-abortable-preclean: 0.000/0.000 secs] [Times: user=0.00 sys=0.00, real=0.00 secs] 
2020-09-10T15:50:12.930+0800: 792.670: Application time: 2.7605389 seconds
2020-09-10T15:50:12.931+0800: 792.670: [GC (CMS Final Remark) [YG occupancy: 1195037 K (1887488 K)]2020-09-10T15:50:12.931+0800: 792.670: [Rescan (parallel) , 0.5708551 secs]2020-09-10T15:50:13.502+0800: 793.241: [weak refs processing, 0.0004606 secs]2020-09-10T15:50:13.502+0800: 793.241: [class unloading, 0.0045193 secs]2020-09-10T15:50:13.507+0800: 793.246: [scrub symbol table, 0.0077872 secs]2020-09-10T15:50:13.515+0800: 793.254: [scrub string table, 0.0005248 secs][1 CMS-remark: 3744664K(4194304K)] 4939702K(6081792K), 0.5845322 secs] [Times: user=3.75 sys=0.05, real=0.58 secs] 
2020-09-10T15:50:13.515+0800: 793.254: Total time for which application threads were stopped: 0.5847308 seconds, Stopping threads took: 0.0000366 seconds
2020-09-10T15:50:13.515+0800: 793.254: [CMS-concurrent-sweep-start]
2020-09-10T15:50:14.512+0800: 794.250: [CMS-concurrent-sweep: 0.996/0.996 secs] [Times: user=0.98 sys=0.00, real=1.00 secs] 
2020-09-10T15:50:14.512+0800: 794.250: [CMS-concurrent-reset-start]
2020-09-10T15:50:14.516+0800: 794.254: [CMS-concurrent-reset: 0.004/0.004 secs] [Times: user=0.02 sys=0.00, real=0.00 secs] 
2020-09-10T15:50:16.517+0800: 796.255: Application time: 3.0005972 seconds
2020-09-10T15:50:16.517+0800: 796.255: [GC (CMS Initial Mark) [1 CMS-initial-mark: 3744664K(4194304K)] 4939702K(6081792K), 0.2830595 secs] [Times: user=0.50 sys=0.00, real=0.28 secs] 
2020-09-10T15:50:16.800+0800: 796.538: Total time for which application threads were stopped: 0.2832612 seconds, Stopping threads took: 0.0000223 seconds
2020-09-10T15:50:16.800+0800: 796.538: [CMS-concurrent-mark-start]
2020-09-10T15:50:19.436+0800: 799.174: [CMS-concurrent-mark: 2.636/2.636 secs] [Times: user=5.23 sys=0.00, real=2.64 secs] 
2020-09-10T15:50:19.436+0800: 799.174: [CMS-concurrent-preclean-start]
2020-09-10T15:50:19.441+0800: 799.179: [CMS-concurrent-preclean: 0.005/0.005 secs] [Times: user=0.02 sys=0.00, real=0.00 secs] 
2020-09-10T15:50:19.441+0800: 799.179: [CMS-concurrent-abortable-preclean-start]
2020-09-10T15:50:19.441+0800: 799.179: [CMS-concurrent-abortable-preclean: 0.000/0.000 secs] [Times: user=0.00 sys=0.00, real=0.00 secs] 
2020-09-10T15:50:19.441+0800: 799.179: Application time: 2.6410031 seconds
2020-09-10T15:50:19.441+0800: 799.179: [GC (CMS Final Remark) [YG occupancy: 1195037 K (1887488 K)]2020-09-10T15:50:19.441+0800: 799.179: [Rescan (parallel) , 0.5832544 secs]2020-09-10T15:50:20.024+0800: 799.763: [weak refs processing, 0.0006467 secs]2020-09-10T15:50:20.025+0800: 799.763: [class unloading, 0.0070215 secs]2020-09-10T15:50:20.032+0800: 799.771: [scrub symbol table, 0.0136750 secs]2020-09-10T15:50:20.045+0800: 799.784: [scrub string table, 0.0005789 secs][1 CMS-remark: 3744664K(4194304K)] 4939702K(6081792K), 0.6056270 secs] [Times: user=3.48 sys=0.06, real=0.61 secs] 
2020-09-10T15:50:20.046+0800: 799.785: Total time for which application threads were stopped: 0.6057987 seconds, Stopping threads took: 0.0000290 seconds
2020-09-10T15:50:20.046+0800: 799.785: [CMS-concurrent-sweep-start]
2020-09-10T15:50:21.020+0800: 800.759: [CMS-concurrent-sweep: 0.974/0.974 secs] [Times: user=0.99 sys=0.00, real=0.97 secs] 
2020-09-10T15:50:21.020+0800: 800.759: [CMS-concurrent-reset-start]
2020-09-10T15:50:21.024+0800: 800.763: [CMS-concurrent-reset: 0.004/0.004 secs] [Times: user=0.00 sys=0.00, real=0.00 secs] 
2020-09-10T15:50:23.026+0800: 802.764: Application time: 2.9789741 seconds
2020-09-10T15:50:23.026+0800: 802.764: [GC (CMS Initial Mark) [1 CMS-initial-mark: 3744664K(4194304K)] 4939702K(6081792K), 0.3018469 secs] [Times: user=0.61 sys=0.00, real=0.30 secs] 
2020-09-10T15:50:23.327+0800: 803.066: Total time for which application threads were stopped: 0.3020819 seconds, Stopping threads took: 0.0000270 seconds
2020-09-10T15:50:23.327+0800: 803.066: [CMS-concurrent-mark-start]
2020-09-10T15:50:26.223+0800: 805.962: [CMS-concurrent-mark: 2.896/2.896 secs] [Times: user=5.80 sys=0.05, real=2.90 secs] 
2020-09-10T15:50:26.223+0800: 805.962: [CMS-concurrent-preclean-start]
2020-09-10T15:50:26.228+0800: 805.967: [CMS-concurrent-preclean: 0.005/0.005 secs] [Times: user=0.00 sys=0.00, real=0.00 secs] 
2020-09-10T15:50:26.228+0800: 805.967: [CMS-concurrent-abortable-preclean-start]
2020-09-10T15:50:26.228+0800: 805.967: [CMS-concurrent-abortable-preclean: 0.000/0.000 secs] [Times: user=0.00 sys=0.00, real=0.00 secs] 
2020-09-10T15:50:26.228+0800: 805.967: Application time: 2.9012141 seconds
2020-09-10T15:50:26.228+0800: 805.967: [GC (CMS Final Remark) [YG occupancy: 1195037 K (1887488 K)]2020-09-10T15:50:26.228+0800: 805.967: [Rescan (parallel) , 0.5848498 secs]2020-09-10T15:50:26.814+0800: 806.552: [weak refs processing, 0.0006701 secs]2020-09-10T15:50:26.814+0800: 806.553: [class unloading, 0.0048944 secs]2020-09-10T15:50:26.819+0800: 806.558: [scrub symbol table, 0.0125402 secs]2020-09-10T15:50:26.832+0800: 806.571: [scrub string table, 0.0005427 secs][1 CMS-remark: 3744664K(4194304K)] 4939702K(6081792K), 0.6039292 secs] [Times: user=3.56 sys=0.06, real=0.61 secs] 
2020-09-10T15:50:26.833+0800: 806.571: Total time for which application threads were stopped: 0.6040877 seconds, Stopping threads took: 0.0000245 seconds
2020-09-10T15:50:26.833+0800: 806.571: [CMS-concurrent-sweep-start]
2020-09-10T15:50:27.892+0800: 807.631: [CMS-concurrent-sweep: 1.059/1.059 secs] [Times: user=1.06 sys=0.00, real=1.06 secs] 
2020-09-10T15:50:27.892+0800: 807.631: [CMS-concurrent-reset-start]
2020-09-10T15:50:27.904+0800: 807.643: [CMS-concurrent-reset: 0.013/0.013 secs] [Times: user=0.00 sys=0.00, real=0.01 secs] 
2020-09-10T15:50:29.906+0800: 809.644: Application time: 3.0727421 seconds
2020-09-10T15:50:29.906+0800: 809.644: [GC (CMS Initial Mark) [1 CMS-initial-mark: 3744664K(4194304K)] 4939702K(6081792K), 0.2947196 secs] [Times: user=0.52 sys=0.02, real=0.29 secs] 
2020-09-10T15:50:30.200+0800: 809.939: Total time for which application threads were stopped: 0.2949155 seconds, Stopping threads took: 0.0000286 seconds
2020-09-10T15:50:30.200+0800: 809.939: [CMS-concurrent-mark-start]
2020-09-10T15:50:32.769+0800: 812.508: [CMS-concurrent-mark: 2.569/2.569 secs] [Times: user=5.16 sys=0.00, real=2.57 secs] 
2020-09-10T15:50:32.769+0800: 812.508: [CMS-concurrent-preclean-start]
2020-09-10T15:50:32.774+0800: 812.513: [CMS-concurrent-preclean: 0.005/0.005 secs] [Times: user=0.00 sys=0.00, real=0.00 secs] 
2020-09-10T15:50:32.774+0800: 812.513: [CMS-concurrent-abortable-preclean-start]
2020-09-10T15:50:32.774+0800: 812.513: [CMS-concurrent-abortable-preclean: 0.000/0.000 secs] [Times: user=0.00 sys=0.00, real=0.00 secs] 
2020-09-10T15:50:32.774+0800: 812.513: Application time: 2.5739088 seconds
2020-09-10T15:50:32.774+0800: 812.513: [GC (CMS Final Remark) [YG occupancy: 1195037 K (1887488 K)]2020-09-10T15:50:32.774+0800: 812.513: [Rescan (parallel) , 0.5600190 secs]2020-09-10T15:50:33.334+0800: 813.073: [weak refs processing, 0.0006052 secs]2020-09-10T15:50:33.335+0800: 813.074: [class unloading, 0.0041250 secs]2020-09-10T15:50:33.339+0800: 813.078: [scrub symbol table, 0.0080973 secs]2020-09-10T15:50:33.347+0800: 813.086: [scrub string table, 0.0005190 secs][1 CMS-remark: 3744664K(4194304K)] 4939702K(6081792K), 0.5738342 secs] [Times: user=3.61 sys=0.05, real=0.57 secs] 
2020-09-10T15:50:33.348+0800: 813.087: Total time for which application threads were stopped: 0.5739790 seconds, Stopping threads took: 0.0000206 seconds
2020-09-10T15:50:33.348+0800: 813.087: [CMS-concurrent-sweep-start]
2020-09-10T15:50:34.293+0800: 814.032: [CMS-concurrent-sweep: 0.945/0.945 secs] [Times: user=0.94 sys=0.00, real=0.94 secs] 
2020-09-10T15:50:34.293+0800: 814.032: [CMS-concurrent-reset-start]
2020-09-10T15:50:34.297+0800: 814.035: [CMS-concurrent-reset: 0.004/0.004 secs] [Times: user=0.01 sys=0.00, real=0.00 secs] 
2020-09-10T15:50:36.296+0800: 816.035: Application time: 2.9476771 seconds
2020-09-10T15:50:36.296+0800: 816.035: [GC (CMS Initial Mark) [1 CMS-initial-mark: 3744664K(4194304K)] 4939702K(6081792K), 0.2900507 secs] [Times: user=0.52 sys=0.00, real=0.29 secs] 
2020-09-10T15:50:36.586+0800: 816.325: Total time for which application threads were stopped: 0.2902639 seconds, Stopping threads took: 0.0000289 seconds
2020-09-10T15:50:36.586+0800: 816.325: [CMS-concurrent-mark-start]
2020-09-10T15:50:39.103+0800: 818.842: [CMS-concurrent-mark: 2.517/2.517 secs] [Times: user=5.02 sys=0.02, real=2.52 secs] 
2020-09-10T15:50:39.103+0800: 818.842: [CMS-concurrent-preclean-start]
2020-09-10T15:50:39.107+0800: 818.846: [CMS-concurrent-preclean: 0.005/0.005 secs] [Times: user=0.00 sys=0.00, real=0.00 secs] 
2020-09-10T15:50:39.107+0800: 818.846: [CMS-concurrent-abortable-preclean-start]
2020-09-10T15:50:39.107+0800: 818.846: [CMS-concurrent-abortable-preclean: 0.000/0.000 secs] [Times: user=0.00 sys=0.00, real=0.00 secs] 
2020-09-10T15:50:39.107+0800: 818.846: Application time: 2.5215877 seconds
2020-09-10T15:50:39.108+0800: 818.847: [GC (CMS Final Remark) [YG occupancy: 1195037 K (1887488 K)]2020-09-10T15:50:39.108+0800: 818.847: [Rescan (parallel) , 0.5574404 secs]2020-09-10T15:50:39.666+0800: 819.404: [weak refs processing, 0.0004021 secs]2020-09-10T15:50:39.666+0800: 819.405: [class unloading, 0.0047721 secs]2020-09-10T15:50:39.671+0800: 819.409: [scrub symbol table, 0.0090422 secs]2020-09-10T15:50:39.680+0800: 819.418: [scrub string table, 0.0005128 secs][1 CMS-remark: 3744664K(4194304K)] 4939702K(6081792K), 0.5725230 secs] [Times: user=3.73 sys=0.02, real=0.57 secs] 
2020-09-10T15:50:39.681+0800: 819.419: Total time for which application threads were stopped: 0.5726924 seconds, Stopping threads took: 0.0000247 seconds
2020-09-10T15:50:39.681+0800: 819.419: [CMS-concurrent-sweep-start]
2020-09-10T15:50:40.626+0800: 820.365: [CMS-concurrent-sweep: 0.946/0.946 secs] [Times: user=0.95 sys=0.00, real=0.94 secs] 
2020-09-10T15:50:40.626+0800: 820.365: [CMS-concurrent-reset-start]
2020-09-10T15:50:40.630+0800: 820.369: [CMS-concurrent-reset: 0.004/0.004 secs] [Times: user=0.00 sys=0.00, real=0.00 secs] 
2020-09-10T15:50:42.630+0800: 822.369: Application time: 2.9494049 seconds
2020-09-10T15:50:42.630+0800: 822.369: [GC (CMS Initial Mark) [1 CMS-initial-mark: 3744664K(4194304K)] 4939702K(6081792K), 0.2796243 secs] [Times: user=0.55 sys=0.00, real=0.28 secs] 
2020-09-10T15:50:42.909+0800: 822.648: Total time for which application threads were stopped: 0.2798077 seconds, Stopping threads took: 0.0000213 seconds
2020-09-10T15:50:42.909+0800: 822.648: [CMS-concurrent-mark-start]
2020-09-10T15:50:45.565+0800: 825.304: [CMS-concurrent-mark: 2.656/2.656 secs] [Times: user=5.30 sys=0.00, real=2.66 secs] 
2020-09-10T15:50:45.565+0800: 825.305: [CMS-concurrent-preclean-start]
2020-09-10T15:50:45.570+0800: 825.310: [CMS-concurrent-preclean: 0.005/0.005 secs] [Times: user=0.00 sys=0.00, real=0.00 secs] 
2020-09-10T15:50:45.570+0800: 825.310: [CMS-concurrent-abortable-preclean-start]
2020-09-10T15:50:45.570+0800: 825.310: [CMS-concurrent-abortable-preclean: 0.000/0.000 secs] [Times: user=0.00 sys=0.00, real=0.00 secs] 
2020-09-10T15:50:45.571+0800: 825.310: Application time: 2.6614845 seconds
2020-09-10T15:50:45.571+0800: 825.310: [GC (CMS Final Remark) [YG occupancy: 1195037 K (1887488 K)]2020-09-10T15:50:45.571+0800: 825.310: [Rescan (parallel) , 0.5933460 secs]2020-09-10T15:50:46.165+0800: 825.903: [weak refs processing, 0.0005248 secs]2020-09-10T15:50:46.165+0800: 825.904: [class unloading, 0.0050455 secs]2020-09-10T15:50:46.170+0800: 825.909: [scrub symbol table, 0.0079125 secs]2020-09-10T15:50:46.178+0800: 825.917: [scrub string table, 0.0005503 secs][1 CMS-remark: 3744664K(4194304K)] 4939702K(6081792K), 0.6077554 secs] [Times: user=3.84 sys=0.02, real=0.61 secs] 
2020-09-10T15:50:46.179+0800: 825.918: Total time for which application threads were stopped: 0.6079059 seconds, Stopping threads took: 0.0000256 seconds
2020-09-10T15:50:46.179+0800: 825.918: [CMS-concurrent-sweep-start]
2020-09-10T15:50:47.292+0800: 827.031: [CMS-concurrent-sweep: 1.113/1.113 secs] [Times: user=1.11 sys=0.00, real=1.11 secs] 
2020-09-10T15:50:47.292+0800: 827.031: [CMS-concurrent-reset-start]
2020-09-10T15:50:47.296+0800: 827.035: [CMS-concurrent-reset: 0.004/0.004 secs] [Times: user=0.00 sys=0.00, real=0.00 secs] 
2020-09-10T15:50:49.297+0800: 829.036: Application time: 3.1181440 seconds
2020-09-10T15:50:49.297+0800: 829.036: [GC (CMS Initial Mark) [1 CMS-initial-mark: 3744664K(4194304K)] 4939702K(6081792K), 0.2888626 secs] [Times: user=0.52 sys=0.00, real=0.29 secs] 
2020-09-10T15:50:49.586+0800: 829.325: Total time for which application threads were stopped: 0.2891198 seconds, Stopping threads took: 0.0000540 seconds
2020-09-10T15:50:49.586+0800: 829.325: [CMS-concurrent-mark-start]
2020-09-10T15:50:52.577+0800: 832.316: [CMS-concurrent-mark: 2.991/2.991 secs] [Times: user=5.97 sys=0.00, real=2.99 secs] 
2020-09-10T15:50:52.578+0800: 832.317: [CMS-concurrent-preclean-start]
2020-09-10T15:50:52.583+0800: 832.322: [CMS-concurrent-preclean: 0.006/0.006 secs] [Times: user=0.00 sys=0.00, real=0.00 secs] 
2020-09-10T15:50:52.584+0800: 832.323: [CMS-concurrent-abortable-preclean-start]
2020-09-10T15:50:52.584+0800: 832.323: [CMS-concurrent-abortable-preclean: 0.000/0.000 secs] [Times: user=0.00 sys=0.00, real=0.00 secs] 
2020-09-10T15:50:52.584+0800: 832.323: Application time: 2.9976735 seconds
2020-09-10T15:50:52.584+0800: 832.323: [GC (CMS Final Remark) [YG occupancy: 1195037 K (1887488 K)]2020-09-10T15:50:52.584+0800: 832.323: [Rescan (parallel) , 0.6851113 secs]2020-09-10T15:50:53.269+0800: 833.008: [weak refs processing, 0.0005187 secs]2020-09-10T15:50:53.270+0800: 833.009: [class unloading, 0.0047938 secs]2020-09-10T15:50:53.275+0800: 833.013: [scrub symbol table, 0.0094675 secs]2020-09-10T15:50:53.284+0800: 833.023: [scrub string table, 0.0006685 secs][1 CMS-remark: 3744664K(4194304K)] 4939702K(6081792K), 0.7010134 secs] [Times: user=4.41 sys=0.03, real=0.70 secs] 
2020-09-10T15:50:53.285+0800: 833.024: Total time for which application threads were stopped: 0.7011818 seconds, Stopping threads took: 0.0000227 seconds
2020-09-10T15:50:53.285+0800: 833.024: [CMS-concurrent-sweep-start]
2020-09-10T15:50:54.400+0800: 834.139: [CMS-concurrent-sweep: 1.115/1.115 secs] [Times: user=1.11 sys=0.00, real=1.12 secs] 
2020-09-10T15:50:54.400+0800: 834.139: [CMS-concurrent-reset-start]
2020-09-10T15:50:54.404+0800: 834.143: [CMS-concurrent-reset: 0.004/0.004 secs] [Times: user=0.00 sys=0.00, real=0.00 secs] 
2020-09-10T15:50:56.404+0800: 836.142: Application time: 3.1182395 seconds
2020-09-10T15:50:56.404+0800: 836.142: [GC (CMS Initial Mark) [1 CMS-initial-mark: 3744664K(4194304K)] 4939702K(6081792K), 0.2845395 secs] [Times: user=0.61 sys=0.00, real=0.28 secs] 
2020-09-10T15:50:56.688+0800: 836.427: Total time for which application threads were stopped: 0.2847380 seconds, Stopping threads took: 0.0000256 seconds
2020-09-10T15:50:56.688+0800: 836.427: [CMS-concurrent-mark-start]
2020-09-10T15:50:59.813+0800: 839.551: [CMS-concurrent-mark: 3.125/3.125 secs] [Times: user=6.22 sys=0.00, real=3.13 secs] 
2020-09-10T15:50:59.813+0800: 839.552: [CMS-concurrent-preclean-start]
2020-09-10T15:50:59.819+0800: 839.558: [CMS-concurrent-preclean: 0.006/0.006 secs] [Times: user=0.00 sys=0.00, real=0.01 secs] 
2020-09-10T15:50:59.819+0800: 839.558: [CMS-concurrent-abortable-preclean-start]
2020-09-10T15:50:59.819+0800: 839.558: [CMS-concurrent-abortable-preclean: 0.000/0.000 secs] [Times: user=0.00 sys=0.00, real=0.00 secs] 
2020-09-10T15:50:59.819+0800: 839.558: Application time: 3.1312696 seconds
2020-09-10T15:50:59.819+0800: 839.558: [GC (CMS Final Remark) [YG occupancy: 1195037 K (1887488 K)]2020-09-10T15:50:59.819+0800: 839.558: [Rescan (parallel) , 0.6894612 secs]2020-09-10T15:51:00.509+0800: 840.248: [weak refs processing, 0.0004608 secs]2020-09-10T15:51:00.510+0800: 840.248: [class unloading, 0.0050855 secs]2020-09-10T15:51:00.515+0800: 840.253: [scrub symbol table, 0.0091670 secs]2020-09-10T15:51:00.524+0800: 840.263: [scrub string table, 0.0006139 secs][1 CMS-remark: 3744664K(4194304K)] 4939702K(6081792K), 0.7051893 secs] [Times: user=4.28 sys=0.00, real=0.71 secs] 
2020-09-10T15:51:00.525+0800: 840.263: Total time for which application threads were stopped: 0.7053538 seconds, Stopping threads took: 0.0000259 seconds
2020-09-10T15:51:00.525+0800: 840.264: [CMS-concurrent-sweep-start]
2020-09-10T15:51:01.590+0800: 841.329: [CMS-concurrent-sweep: 1.066/1.066 secs] [Times: user=1.06 sys=0.00, real=1.06 secs] 
2020-09-10T15:51:01.590+0800: 841.329: [CMS-concurrent-reset-start]
2020-09-10T15:51:01.595+0800: 841.334: [CMS-concurrent-reset: 0.005/0.005 secs] [Times: user=0.02 sys=0.00, real=0.01 secs] 
2020-09-10T15:51:03.597+0800: 843.335: Application time: 3.0715866 seconds
2020-09-10T15:51:03.597+0800: 843.335: [GC (CMS Initial Mark) [1 CMS-initial-mark: 3744664K(4194304K)] 4939702K(6081792K), 0.3316110 secs] [Times: user=0.63 sys=0.00, real=0.33 secs] 
2020-09-10T15:51:03.928+0800: 843.667: Total time for which application threads were stopped: 0.3318064 seconds, Stopping threads took: 0.0000220 seconds
2020-09-10T15:51:03.928+0800: 843.667: [CMS-concurrent-mark-start]
2020-09-10T15:51:07.070+0800: 846.809: [CMS-concurrent-mark: 3.142/3.142 secs] [Times: user=6.28 sys=0.00, real=3.14 secs] 
2020-09-10T15:51:07.070+0800: 846.809: [CMS-concurrent-preclean-start]
2020-09-10T15:51:07.075+0800: 846.815: [CMS-concurrent-preclean: 0.005/0.005 secs] [Times: user=0.00 sys=0.00, real=0.01 secs] 
2020-09-10T15:51:07.075+0800: 846.815: [CMS-concurrent-abortable-preclean-start]
2020-09-10T15:51:07.075+0800: 846.815: [CMS-concurrent-abortable-preclean: 0.000/0.000 secs] [Times: user=0.00 sys=0.00, real=0.00 secs] 
2020-09-10T15:51:07.076+0800: 846.815: Application time: 3.1480308 seconds
2020-09-10T15:51:07.076+0800: 846.815: [GC (CMS Final Remark) [YG occupancy: 1195037 K (1887488 K)]2020-09-10T15:51:07.076+0800: 846.815: [Rescan (parallel) , 0.6033133 secs]2020-09-10T15:51:07.680+0800: 847.418: [weak refs processing, 0.0004514 secs]2020-09-10T15:51:07.680+0800: 847.419: [class unloading, 0.0048533 secs]2020-09-10T15:51:07.685+0800: 847.424: [scrub symbol table, 0.0082664 secs]2020-09-10T15:51:07.693+0800: 847.432: [scrub string table, 0.0005726 secs][1 CMS-remark: 3744664K(4194304K)] 4939702K(6081792K), 0.6178326 secs] [Times: user=3.94 sys=0.02, real=0.62 secs] 
2020-09-10T15:51:07.694+0800: 847.433: Total time for which application threads were stopped: 0.6179839 seconds, Stopping threads took: 0.0000216 seconds
2020-09-10T15:51:07.694+0800: 847.433: [CMS-concurrent-sweep-start]
2020-09-10T15:51:08.684+0800: 848.423: [CMS-concurrent-sweep: 0.990/0.990 secs] [Times: user=0.98 sys=0.00, real=0.99 secs] 
2020-09-10T15:51:08.684+0800: 848.423: [CMS-concurrent-reset-start]
2020-09-10T15:51:08.688+0800: 848.427: [CMS-concurrent-reset: 0.004/0.004 secs] [Times: user=0.02 sys=0.00, real=0.00 secs] 
2020-09-10T15:51:10.688+0800: 850.426: Application time: 2.9933975 seconds
2020-09-10T15:51:10.688+0800: 850.427: [GC (CMS Initial Mark) [1 CMS-initial-mark: 3744664K(4194304K)] 4939702K(6081792K), 0.2918090 secs] [Times: user=0.53 sys=0.00, real=0.29 secs] 
2020-09-10T15:51:10.979+0800: 850.718: Total time for which application threads were stopped: 0.2921028 seconds, Stopping threads took: 0.0000461 seconds
2020-09-10T15:51:10.979+0800: 850.718: [CMS-concurrent-mark-start]
2020-09-10T15:51:13.799+0800: 853.538: [CMS-concurrent-mark: 2.820/2.820 secs] [Times: user=5.59 sys=0.01, real=2.82 secs] 
2020-09-10T15:51:13.799+0800: 853.538: [CMS-concurrent-preclean-start]
2020-09-10T15:51:13.805+0800: 853.544: [CMS-concurrent-preclean: 0.006/0.006 secs] [Times: user=0.00 sys=0.00, real=0.01 secs] 
2020-09-10T15:51:13.805+0800: 853.544: [CMS-concurrent-abortable-preclean-start]
2020-09-10T15:51:13.805+0800: 853.544: [CMS-concurrent-abortable-preclean: 0.000/0.000 secs] [Times: user=0.00 sys=0.00, real=0.00 secs] 
2020-09-10T15:51:13.805+0800: 853.544: Application time: 2.8255604 seconds
2020-09-10T15:51:13.805+0800: 853.544: [GC (CMS Final Remark) [YG occupancy: 1195037 K (1887488 K)]2020-09-10T15:51:13.806+0800: 853.544: [Rescan (parallel) , 0.6143694 secs]2020-09-10T15:51:14.420+0800: 854.159: [weak refs processing, 0.0005079 secs]2020-09-10T15:51:14.420+0800: 854.159: [class unloading, 0.0045353 secs]2020-09-10T15:51:14.425+0800: 854.164: [scrub symbol table, 0.0081818 secs]2020-09-10T15:51:14.433+0800: 854.172: [scrub string table, 0.0005769 secs][1 CMS-remark: 3744664K(4194304K)] 4939702K(6081792K), 0.6286179 secs] [Times: user=3.83 sys=0.03, real=0.63 secs] 
2020-09-10T15:51:14.434+0800: 854.173: Total time for which application threads were stopped: 0.6287707 seconds, Stopping threads took: 0.0000224 seconds
2020-09-10T15:51:14.434+0800: 854.173: [CMS-concurrent-sweep-start]
2020-09-10T15:51:15.460+0800: 855.199: [CMS-concurrent-sweep: 1.026/1.026 secs] [Times: user=1.03 sys=0.00, real=1.03 secs] 
2020-09-10T15:51:15.461+0800: 855.199: [CMS-concurrent-reset-start]
2020-09-10T15:51:15.465+0800: 855.203: [CMS-concurrent-reset: 0.004/0.004 secs] [Times: user=0.00 sys=0.00, real=0.00 secs] 
2020-09-10T15:51:17.465+0800: 857.203: Application time: 3.0303688 seconds
2020-09-10T15:51:17.465+0800: 857.203: [GC (CMS Initial Mark) [1 CMS-initial-mark: 3744664K(4194304K)] 4939702K(6081792K), 0.2917480 secs] [Times: user=0.63 sys=0.00, real=0.29 secs] 
2020-09-10T15:51:17.756+0800: 857.495: Total time for which application threads were stopped: 0.2919361 seconds, Stopping threads took: 0.0000236 seconds
2020-09-10T15:51:17.756+0800: 857.495: [CMS-concurrent-mark-start]
2020-09-10T15:51:20.705+0800: 860.444: [CMS-concurrent-mark: 2.949/2.949 secs] [Times: user=5.91 sys=0.00, real=2.95 secs] 
2020-09-10T15:51:20.705+0800: 860.444: [CMS-concurrent-preclean-start]
2020-09-10T15:51:20.710+0800: 860.449: [CMS-concurrent-preclean: 0.005/0.005 secs] [Times: user=0.00 sys=0.00, real=0.01 secs] 
2020-09-10T15:51:20.710+0800: 860.449: [CMS-concurrent-abortable-preclean-start]
2020-09-10T15:51:20.710+0800: 860.449: [CMS-concurrent-abortable-preclean: 0.000/0.000 secs] [Times: user=0.00 sys=0.00, real=0.00 secs] 
2020-09-10T15:51:20.710+0800: 860.449: Application time: 2.9539415 seconds
2020-09-10T15:51:20.710+0800: 860.449: [GC (CMS Final Remark) [YG occupancy: 1195037 K (1887488 K)]2020-09-10T15:51:20.710+0800: 860.449: [Rescan (parallel) , 0.5925200 secs]2020-09-10T15:51:21.303+0800: 861.042: [weak refs processing, 0.0004479 secs]2020-09-10T15:51:21.303+0800: 861.042: [class unloading, 0.0046208 secs]2020-09-10T15:51:21.308+0800: 861.047: [scrub symbol table, 0.0086820 secs]2020-09-10T15:51:21.317+0800: 861.056: [scrub string table, 0.0005513 secs][1 CMS-remark: 3744664K(4194304K)] 4939702K(6081792K), 0.6072672 secs] [Times: user=3.92 sys=0.02, real=0.61 secs] 
2020-09-10T15:51:21.318+0800: 861.056: Total time for which application threads were stopped: 0.6074155 seconds, Stopping threads took: 0.0000226 seconds
2020-09-10T15:51:21.318+0800: 861.056: [CMS-concurrent-sweep-start]
2020-09-10T15:51:22.276+0800: 862.015: [CMS-concurrent-sweep: 0.959/0.959 secs] [Times: user=0.95 sys=0.00, real=0.96 secs] 
2020-09-10T15:51:22.276+0800: 862.015: [CMS-concurrent-reset-start]
2020-09-10T15:51:22.280+0800: 862.019: [CMS-concurrent-reset: 0.004/0.004 secs] [Times: user=0.00 sys=0.00, real=0.00 secs] 
2020-09-10T15:51:24.281+0800: 864.020: Application time: 2.9633462 seconds
2020-09-10T15:51:24.281+0800: 864.020: [GC (CMS Initial Mark) [1 CMS-initial-mark: 3744664K(4194304K)] 4939702K(6081792K), 0.2885644 secs] [Times: user=0.50 sys=0.00, real=0.29 secs] 
2020-09-10T15:51:24.570+0800: 864.309: Total time for which application threads were stopped: 0.2887615 seconds, Stopping threads took: 0.0000265 seconds
2020-09-10T15:51:24.570+0800: 864.309: [CMS-concurrent-mark-start]
2020-09-10T15:51:27.148+0800: 866.887: [CMS-concurrent-mark: 2.578/2.578 secs] [Times: user=5.14 sys=0.00, real=2.58 secs] 
2020-09-10T15:51:27.148+0800: 866.887: [CMS-concurrent-preclean-start]
2020-09-10T15:51:27.153+0800: 866.892: [CMS-concurrent-preclean: 0.005/0.005 secs] [Times: user=0.00 sys=0.00, real=0.01 secs] 
2020-09-10T15:51:27.153+0800: 866.892: [CMS-concurrent-abortable-preclean-start]
2020-09-10T15:51:27.153+0800: 866.892: [CMS-concurrent-abortable-preclean: 0.000/0.000 secs] [Times: user=0.00 sys=0.00, real=0.00 secs] 
2020-09-10T15:51:27.153+0800: 866.892: Application time: 2.5836592 seconds
2020-09-10T15:51:27.153+0800: 866.892: [GC (CMS Final Remark) [YG occupancy: 1195037 K (1887488 K)]2020-09-10T15:51:27.153+0800: 866.892: [Rescan (parallel) , 0.5640568 secs]2020-09-10T15:51:27.718+0800: 867.456: [weak refs processing, 0.0004990 secs]2020-09-10T15:51:27.718+0800: 867.457: [class unloading, 0.0050002 secs]2020-09-10T15:51:27.723+0800: 867.462: [scrub symbol table, 0.0095490 secs]2020-09-10T15:51:27.733+0800: 867.472: [scrub string table, 0.0007928 secs][1 CMS-remark: 3744664K(4194304K)] 4939702K(6081792K), 0.5802944 secs] [Times: user=3.64 sys=0.00, real=0.58 secs] 
2020-09-10T15:51:27.734+0800: 867.473: Total time for which application threads were stopped: 0.5804520 seconds, Stopping threads took: 0.0000220 seconds
2020-09-10T15:51:27.734+0800: 867.473: [CMS-concurrent-sweep-start]
2020-09-10T15:51:28.649+0800: 868.388: [CMS-concurrent-sweep: 0.915/0.915 secs] [Times: user=0.91 sys=0.00, real=0.91 secs] 
2020-09-10T15:51:28.649+0800: 868.388: [CMS-concurrent-reset-start]
2020-09-10T15:51:28.654+0800: 868.392: [CMS-concurrent-reset: 0.004/0.004 secs] [Times: user=0.00 sys=0.00, real=0.01 secs] 
2020-09-10T15:51:30.653+0800: 870.392: Application time: 2.9194021 seconds
2020-09-10T15:51:30.653+0800: 870.392: [GC (CMS Initial Mark) [1 CMS-initial-mark: 3744664K(4194304K)] 4939702K(6081792K), 0.2857770 secs] [Times: user=0.64 sys=0.00, real=0.29 secs] 
2020-09-10T15:51:30.939+0800: 870.678: Total time for which application threads were stopped: 0.2859782 seconds, Stopping threads took: 0.0000226 seconds
2020-09-10T15:51:30.939+0800: 870.678: [CMS-concurrent-mark-start]
2020-09-10T15:51:33.730+0800: 873.469: [CMS-concurrent-mark: 2.790/2.790 secs] [Times: user=5.53 sys=0.02, real=2.79 secs] 
2020-09-10T15:51:33.730+0800: 873.469: [CMS-concurrent-preclean-start]
2020-09-10T15:51:33.735+0800: 873.474: [CMS-concurrent-preclean: 0.005/0.005 secs] [Times: user=0.02 sys=0.00, real=0.00 secs] 
2020-09-10T15:51:33.735+0800: 873.474: [CMS-concurrent-abortable-preclean-start]
2020-09-10T15:51:33.735+0800: 873.474: [CMS-concurrent-abortable-preclean: 0.000/0.000 secs] [Times: user=0.00 sys=0.00, real=0.00 secs] 
2020-09-10T15:51:33.735+0800: 873.474: Application time: 2.7959653 seconds
2020-09-10T15:51:33.735+0800: 873.474: [GC (CMS Final Remark) [YG occupancy: 1195037 K (1887488 K)]2020-09-10T15:51:33.735+0800: 873.474: [Rescan (parallel) , 0.5798992 secs]2020-09-10T15:51:34.316+0800: 874.054: [weak refs processing, 0.0003858 secs]2020-09-10T15:51:34.316+0800: 874.055: [class unloading, 0.0040588 secs]2020-09-10T15:51:34.319+0800: 874.059: [scrub symbol table, 0.0072707 secs]2020-09-10T15:51:34.327+0800: 874.066: [scrub string table, 0.0006210 secs][1 CMS-remark: 3744664K(4194304K)] 4939702K(6081792K), 0.5926166 secs] [Times: user=3.52 sys=0.05, real=0.59 secs] 
